BL51 BANKED LINKER/LOCATER V6.22                                                        10/17/2015  10:29:03  PAGE 1


BL51 BANKED LINKER/LOCATER V6.22, INVOKED BY:
C:\KEIL_V5\C51\BIN\BL51.EXE .\it.obj, startup.obj, .\main.obj, .\bsp_init.obj, .\aip1944.obj, .\display.obj, .\buzzer.ob
>> j, .\ir.obj, .\humidity.obj, .\dust.obj, .\motor.obj, .\system.obj, .\key.obj, .\fifo.obj, .\protocol.obj, .\uart.obj
>> , .\fsm.obj, .\state_test.obj, .\state_startup.obj, .\state_standby.obj, .\state_clockSetting.obj, .\state_echeck.obj
>> , .\state_timerSetting.obj, .\state_timerFnSetting.obj, .\state_timerLookup.obj, .\state_work.obj TO YTN-E608-WIFI-64
>> 32 RAMSIZE (256) DISABLEWARNING (16, 15, 13) CODE (0X0000-0X7FFF) XDATA (0X0000-0X02FF)




PROGRAM RECURSIONS REMOVED FROM CALL TREE
=========================================
+--> ?CO?STATE_STANDBY
|  | ?PR?_KEYACTIONDEAL?STATE_STANDBY
|  | ?CO?STATE_WORK
<--+ ?PR?_TIMETICK?STATE_WORK



MEMORY MODEL: LARGE WITH FLOATING POINT ARITHMETIC


INPUT MODULES INCLUDED:
  .\it.obj (IT)
  startup.obj (?C_STARTUP)
  .\main.obj (MAIN)
  .\bsp_init.obj (BSP_INIT)
  .\aip1944.obj (AIP1944)
  .\display.obj (DISPLAY)
  .\buzzer.obj (BUZZER)
  .\ir.obj (IR)
  .\humidity.obj (HUMIDITY)
  .\dust.obj (DUST)
  .\motor.obj (MOTOR)
  .\system.obj (SYSTEM)
  .\key.obj (KEY)
  .\fifo.obj (FIFO)
  .\protocol.obj (PROTOCOL)
  .\uart.obj (UART)
  .\fsm.obj (FSM)
  .\state_test.obj (STATE_TEST)
  .\state_startup.obj (STATE_STARTUP)
  .\state_standby.obj (STATE_STANDBY)
  .\state_clockSetting.obj (STATE_CLOCKSETTING)
  .\state_echeck.obj (STATE_ECHECK)
  .\state_timerSetting.obj (STATE_TIMERSETTING)
  .\state_timerFnSetting.obj (STATE_TIMERFNSETTING)
  .\state_timerLookup.obj (STATE_TIMERLOOKUP)
  .\state_work.obj (STATE_WORK)
  C:\KEIL_V5\C51\LIB\C51FPL.LIB (?C?FPMUL)
  C:\KEIL_V5\C51\LIB\C51FPL.LIB (?C?FCAST)
  C:\KEIL_V5\C51\LIB\C51FPL.LIB (?C?CASTF)
  C:\KEIL_V5\C51\LIB\C51FPL.LIB (?C?FPGETOPN)
  C:\KEIL_V5\C51\LIB\C51L.LIB (?C_INIT)
  C:\KEIL_V5\C51\LIB\C51L.LIB (?C?CLDPTR)
  C:\KEIL_V5\C51\LIB\C51L.LIB (?C?CLDOPTR)
  C:\KEIL_V5\C51\LIB\C51L.LIB (?C?CSTPTR)
  C:\KEIL_V5\C51\LIB\C51L.LIB (?C?CSTOPTR)
BL51 BANKED LINKER/LOCATER V6.22                                                      10/17/2015  10:29:03  PAGE 2


  C:\KEIL_V5\C51\LIB\C51L.LIB (?C?UIDIV)
  C:\KEIL_V5\C51\LIB\C51L.LIB (?C?ILDOPTR)
  C:\KEIL_V5\C51\LIB\C51L.LIB (?C?ULDIV)
  C:\KEIL_V5\C51\LIB\C51L.LIB (?C?LNEG)
  C:\KEIL_V5\C51\LIB\C51L.LIB (?C?ULCMP)
  C:\KEIL_V5\C51\LIB\C51L.LIB (?C?LSTXDATA)
  C:\KEIL_V5\C51\LIB\C51L.LIB (?C?LSTKXDATA)
  C:\KEIL_V5\C51\LIB\C51L.LIB (?C?OFFXADD)
  C:\KEIL_V5\C51\LIB\C51L.LIB (?C?ICALL)


LINK MAP OF MODULE:  YTN-E608-WIFI-6432 (IT)


            TYPE    BASE      LENGTH    RELOCATION   SEGMENT NAME
            -----------------------------------------------------

            * * * * * * *   D A T A   M E M O R Y   * * * * * * *
            REG     0000H     0008H     ABSOLUTE     "REG BANK 0"
            IDATA   0008H     000BH     UNIT         ?ID?IT
            IDATA   0013H     0003H     UNIT         ?ID?MAIN
            IDATA   0016H     0003H     UNIT         ?ID?HUMIDITY
                    0019H     0007H                  *** GAP ***
            BIT     0020H.0   0000H.7   UNIT         _BIT_GROUP_
            BIT     0020H.7   0000H.6   UNIT         ?BI?SYSTEM
            BIT     0021H.5   0000H.3   UNIT         ?BI?DISPLAY
            BIT     0022H.0   0000H.3   UNIT         ?BI?MOTOR
            BIT     0022H.3   0000H.2   UNIT         ?BI?HUMIDITY
            BIT     0022H.5   0000H.2   UNIT         ?BI?DUST
            BIT     0022H.7   0000H.2   UNIT         ?BI?UART
            BIT     0023H.1   0000H.1   UNIT         ?BI?BUZZER
            BIT     0023H.2   0000H.1   UNIT         ?BI?IR
            BIT     0023H.3   0000H.1   UNIT         ?BI?KEY
            BIT     0023H.4   0000H.1   UNIT         ?BI?PROTOCOL
            BIT     0023H.5   0000H.1   UNIT         ?BI?STATE_STANDBY
            BIT     0023H.6   0000H.1   UNIT         ?BI?STATE_ECHECK
            BIT     0023H.7   0000H.1   UNIT         ?BI?STATE_WORK
            IDATA   0024H     0001H     UNIT         ?STACK

            * * * * * * *  X D A T A   M E M O R Y  * * * * * * *
            XDATA   0000H     00D8H     UNIT         ?XD?UART
            XDATA   00D8H     007AH     UNIT         ?XD?SYSTEM
            XDATA   0152H     0042H     UNIT         ?XD?DISPLAY
            XDATA   0194H     0017H     UNIT         _XDATA_GROUP_
            XDATA   01ABH     0015H     UNIT         ?XD?DUST
            XDATA   01C0H     0012H     UNIT         ?XD?STATE_WORK
            XDATA   01D2H     0011H     UNIT         ?XD?HUMIDITY
            XDATA   01E3H     0008H     UNIT         ?XD?MOTOR
            XDATA   01EBH     0004H     UNIT         ?XD?IT
            XDATA   01EFH     0004H     UNIT         ?XD?BUZZER
            XDATA   01F3H     0004H     UNIT         ?XD?KEY
            XDATA   01F7H     0004H     UNIT         ?XD?PROTOCOL
            XDATA   01FBH     0002H     UNIT         ?XD?IR
            XDATA   01FDH     0002H     UNIT         ?XD?FSM
            XDATA   01FFH     0002H     UNIT         ?XD?STATE_STANDBY
            XDATA   0201H     0001H     UNIT         ?XD?AIP1944
            XDATA   0202H     0001H     UNIT         ?XD?STATE_CLOCKSETTING
BL51 BANKED LINKER/LOCATER V6.22                                                      10/17/2015  10:29:03  PAGE 3


            XDATA   0203H     0001H     UNIT         ?XD?STATE_TIMERSETTING
            XDATA   0204H     0001H     UNIT         ?XD?STATE_TIMERLOOKUP

            * * * * * * *   C O D E   M E M O R Y   * * * * * * *
            CODE    0000H     0003H     ABSOLUTE     
            CODE    0003H     0018H     UNIT         ?PR?TIMER1_INIT?BSP_INIT
            CODE    001BH     0003H     ABSOLUTE     
            CODE    001EH     0005H     UNIT         ?PR?CMD_GET_SYS_STA_DEAL?PROTOCOL
            CODE    0023H     0003H     ABSOLUTE     
            CODE    0026H     0044H     UNIT         ?PR?UART_SENDSTARTUP?UART
            CODE    006AH     0001H     UNIT         ?PR?CMD_DUMMY_DEAL?PROTOCOL
            CODE    006BH     0003H     ABSOLUTE     
            CODE    006EH     0034H     UNIT         ?PR?_DISPLAY_SPLEVEL?DISPLAY
            CODE    00A2H     0001H     UNIT         ?PR?TASK_DONOTHING?FSM
            CODE    00A3H     0003H     ABSOLUTE     
            CODE    00A6H     000DH     UNIT         ?PR?BIT_INIT?BSP_INIT
            CODE    00B3H     0003H     ABSOLUTE     
            CODE    00B6H     0AE7H     UNIT         ?CO?HUMIDITY
            CODE    0B9DH     0572H     UNIT         ?PR?_TIMETICK?STATE_WORK
            CODE    110FH     0417H     UNIT         ?PR?_PROTOCOL_STARESP?PROTOCOL
            CODE    1526H     0408H     UNIT         ?C?LIB_CODE
            CODE    192EH     02F3H     UNIT         ?PR?_DISPLAYCONTROL?STATE_WORK
            CODE    1C21H     01E1H     UNIT         ?PR?_IRDATADEAL?STATE_WORK
            CODE    1E02H     01B3H     UNIT         ?PR?_KEYACTIONDEAL?STATE_TIMERSETTING
            CODE    1FB5H     01ABH     UNIT         ?PR?CMD_GET_DEVICE_INFO_DEAL?PROTOCOL
            CODE    2160H     01A5H     UNIT         ?PR?MOTOR_CTR?MOTOR
            CODE    2305H     01A1H     UNIT         ?PR?PROTOCOL_TASK?PROTOCOL
            CODE    24A6H     019BH     UNIT         ?PR?INT_BIT?IT
            CODE    2641H     015FH     UNIT         ?PR?CMD_GET_PM_DATAS_DEAL?PROTOCOL
            CODE    27A0H     0148H     UNIT         ?PR?_DISPLAYCONTROL?STATE_TIMERSETTING
            CODE    28E8H     011EH     UNIT         ?PR?_DISPLAYCONTROL?STATE_TIMERLOOKUP
            CODE    2A06H     0117H     UNIT         ?CO?DISPLAY
            CODE    2B1DH     010FH     UNIT         ?PR?_IRDATADEAL?STATE_STANDBY
            CODE    2C2CH     010EH     UNIT         ?PR?_TIMETICK?STATE_STANDBY
            CODE    2D3AH     010DH     UNIT         ?PR?_KEYACTIONDEAL?STATE_WORK
            CODE    2E47H     0104H     UNIT         ?PR?INT_WT?IT
            CODE    2F4BH     0102H     UNIT         ?PR?_DISPLAY_DUSTDATA?DISPLAY
            CODE    304DH     0102H     UNIT         ?PR?_KEYACTIONDEAL?STATE_STANDBY
            CODE    314FH     0102H     UNIT         ?PR?_DISPLAYCONTROL?STATE_STANDBY
            CODE    3251H     00FEH     UNIT         ?PR?_DISPLAY_SHOWNUMINRTCAREA?DISPLAY
            CODE    334FH     00FEH     UNIT         ?PR?_HUMIDITY_AD2H?HUMIDITY
            CODE    344DH     00FAH     UNIT         ?PR?_DISPLAYCONTROL?STATE_TEST
            CODE    3547H     00F3H     UNIT         ?PR?SYS_UPDATETIMERONINDEX?SYSTEM
            CODE    363AH     00E3H     UNIT         ?PR?PROTOCOL_RESETWIFIMODE?PROTOCOL
            CODE    371DH     00D1H     UNIT         ?PR?MAIN?MAIN
            CODE    37EEH     00CEH     UNIT         ?PR?_DISPLAY_SHOWRT?DISPLAY
            CODE    38BCH     00CCH     UNIT         ?PR?KEY_ACTIONDETECT?KEY
            CODE    3988H     00B2H     UNIT         ?PR?DISPLAY_LEDDRIVE?DISPLAY
            CODE    3A3AH     00B1H     UNIT         ?PR?DUST_LEVELUPDATE?DUST
            CODE    3AEBH     00ADH     UNIT         ?PR?DUST_DATAUPDATE?DUST
            CODE    3B98H     00ADH     UNIT         ?PR?CMD_GET_ENE_DATAS_DEAL?PROTOCOL
            CODE    3C45H     00ACH     UNIT         ?PR?INT_USI1_RX?IT
            CODE    3CF1H     00A5H     UNIT         ?PR?_TASKEXE?STATE_WORK
            CODE    3D96H     00A3H     UNIT         ?PR?PROTOCOL_ENTERATMODE?PROTOCOL
            CODE    3E39H     00A0H     UNIT         ?PR?HUMIDITY_GETCURRENTH?HUMIDITY
            CODE    3ED9H     009BH     UNIT         ?PR?_ENTEREVENTDEAL?STATE_WORK
            CODE    3F74H     009AH     UNIT         ?C_C51STARTUP
BL51 BANKED LINKER/LOCATER V6.22                                                      10/17/2015  10:29:03  PAGE 4


            CODE    400EH     008FH     UNIT         ?PR?INT_USI1_TX?IT
            CODE    409DH     0089H     UNIT         ?PR?HUMIDITY_GETCURRENTT?HUMIDITY
            CODE    4126H     007EH     UNIT         ?PR?_KEYACTIONDEAL?STATE_CLOCKSETTING
            CODE    41A4H     007AH     UNIT         ?PR?CMD_TIMER_CTR_DEAL?PROTOCOL
            CODE    421EH     0079H     UNIT         ?PR?SYS_RESET?SYSTEM
            CODE    4297H     0075H     UNIT         ?PR?_HUMIDITY_GETH?HUMIDITY
            CODE    430CH     0064H     UNIT         ?PR?_MOTORCTR?STATE_WORK
            CODE    4370H     0061H     UNIT         ?PR?_ENQUEUE?FIFO
            CODE    43D1H     005FH     UNIT         ?PR?_DISPLAY_SHOWTEMPERATURE?DISPLAY
            CODE    4430H     005FH     UNIT         ?PR?_DISPLAY_SHOWHUMIDITY?DISPLAY
            CODE    448FH     005FH     UNIT         ?PR?CMD_FAN_CTR_DEAL?PROTOCOL
            CODE    44EEH     005DH     UNIT         ?PR?_DEQUEUE?FIFO
            CODE    454BH     0053H     UNIT         ?PR?SYS_LOADCTR?SYSTEM
            CODE    459EH     0053H     UNIT         ?PR?KEY_READ?KEY
            CODE    45F1H     0052H     UNIT         ?PR?_STATE_TRANSITIONTO?FSM
            CODE    4643H     0051H     UNIT         ?PR?PORT_INIT?BSP_INIT
            CODE    4694H     0050H     UNIT         ?PR?_AIP1944_WRITEDISPDATAS?AIP1944
            CODE    46E4H     004BH     UNIT         ?PR?DUST_GETRTLEVEL?DUST
            CODE    472FH     004BH     UNIT         ?CO?PROTOCOL
            CODE    477AH     004AH     UNIT         ?PR?_DISPLAY_CIRCLERUN?DISPLAY
            CODE    47C4H     0043H     UNIT         ?PR?BUZZ_CTR?BUZZER
            CODE    4807H     0043H     UNIT         ?PR?CMD_RT_SET_DEAL?PROTOCOL
            CODE    484AH     003EH     UNIT         ?PR?_DISPLAY_DUSTLEVEL?DISPLAY
            CODE    4888H     003CH     UNIT         ?PR?_KEYACTIONDEAL?STATE_ECHECK
            CODE    48C4H     003AH     UNIT         ?PR?_KEYACTIONDEAL?STATE_TIMERLOOKUP
            CODE    48FEH     0039H     UNIT         ?PR?_QUEUEISFULL?FIFO
            CODE    4937H     0036H     UNIT         ?PR?_ENTEREVENTDEAL?STATE_STANDBY
            CODE    496DH     0034H     UNIT         ?PR?UART_MEMORYINIT?UART
            CODE    49A1H     0034H     UNIT         ?PR?_DISPLAYCONTROL?STATE_TIMERFNSETTING
            CODE    49D5H     0033H     UNIT         ?PR?DISPLAY_CTR?DISPLAY
            CODE    4A08H     0033H     UNIT         ?PR?GETNEXTACTIVETIMERINDEX?STATE_TIMERLOOKUP
            CODE    4A3BH     0032H     UNIT         ?PR?INITALL?MAIN
            CODE    4A6DH     002EH     UNIT         ?PR?BSP_INIT?BSP_INIT
            CODE    4A9BH     002EH     UNIT         ?PR?SYS_ENTERSTOPMODE?SYSTEM
            CODE    4AC9H     002DH     UNIT         ?C_INITSEG
            CODE    4AF6H     002CH     UNIT         ?PR?_DISPLAYCONTROL?STATE_CLOCKSETTING
            CODE    4B22H     002BH     UNIT         ?PR?CMD_POWER_CTR_DEAL?PROTOCOL
            CODE    4B4DH     002BH     UNIT         ?PR?_DISPLAYCONTROL?STATE_ECHECK
            CODE    4B78H     0026H     UNIT         ?PR?_HUMIDITY_AD2T?HUMIDITY
            CODE    4B9EH     0020H     UNIT         ?PR?DISPLAY_SETLINE?DISPLAY
            CODE    4BBEH     001FH     UNIT         ?PR?_KEYACTIONDEAL?STATE_TIMERFNSETTING
            CODE    4BDDH     001EH     UNIT         ?CO?SYSTEM
            CODE    4BFBH     001DH     UNIT         ?PR?_MOTOR_RUN?MOTOR
            CODE    4C18H     001DH     UNIT         ?PR?CMD_AION_CTR_DEAL?PROTOCOL
            CODE    4C35H     001DH     UNIT         ?PR?CMD_UV_CTR_DEAL?PROTOCOL
            CODE    4C52H     001CH     UNIT         ?PR?CMD_REST_DEAL?PROTOCOL
            CODE    4C6EH     001BH     UNIT         ?PR?_BUZZ_SET?BUZZER
            CODE    4C89H     001BH     UNIT         ?PR?CMD_MEM_SET_DEAL?PROTOCOL
            CODE    4CA4H     001BH     UNIT         ?CO?FSM
            CODE    4CBFH     001BH     UNIT         ?CO?STATE_TEST
            CODE    4CDAH     001BH     UNIT         ?CO?STATE_STARTUP
            CODE    4CF5H     001BH     UNIT         ?CO?STATE_STANDBY
            CODE    4D10H     001BH     UNIT         ?CO?STATE_CLOCKSETTING
            CODE    4D2BH     001BH     UNIT         ?CO?STATE_ECHECK
            CODE    4D46H     001BH     UNIT         ?CO?STATE_TIMERSETTING
            CODE    4D61H     001BH     UNIT         ?CO?STATE_TIMERFNSETTING
            CODE    4D7CH     001BH     UNIT         ?PR?_ENTEREVENTDEAL?STATE_TIMERLOOKUP
BL51 BANKED LINKER/LOCATER V6.22                                                      10/17/2015  10:29:03  PAGE 5


            CODE    4D97H     001BH     UNIT         ?CO?STATE_TIMERLOOKUP
            CODE    4DB2H     001BH     UNIT         ?CO?STATE_WORK
            CODE    4DCDH     001AH     UNIT         ?PR?_AIP1944_WRITEBYTE?AIP1944
            CODE    4DE7H     001AH     UNIT         ?PR?_QUEUELEN?FIFO
            CODE    4E01H     0019H     UNIT         ?PR?CMD_WIFI_STA_CHANGE_DEAL?PROTOCOL
            CODE    4E1AH     0018H     UNIT         ?PR?_TIMETICK?STATE_STARTUP
            CODE    4E32H     0018H     UNIT         ?PR?_TIMETICK?STATE_CLOCKSETTING
            CODE    4E4AH     0018H     UNIT         ?PR?_TIMETICK?STATE_ECHECK
            CODE    4E62H     0018H     UNIT         ?PR?_TIMETICK?STATE_TIMERSETTING
            CODE    4E7AH     0018H     UNIT         ?PR?_TIMETICK?STATE_TIMERFNSETTING
            CODE    4E92H     0018H     UNIT         ?PR?_TIMETICK?STATE_TIMERLOOKUP
            CODE    4EAAH     0016H     UNIT         ?PR?UART_INIT?BSP_INIT
            CODE    4EC0H     0016H     UNIT         ?PR?_UTILS_GETADVALUE?HUMIDITY
            CODE    4ED6H     0016H     UNIT         ?PR?CMD_FIX_CTR_DEAL?PROTOCOL
            CODE    4EECH     0016H     UNIT         ?PR?CMD_CLEAN_CTR_DEAL?PROTOCOL
            CODE    4F02H     0015H     UNIT         ?PR?_QUEUEISEMPTY?FIFO
            CODE    4F17H     0014H     UNIT         ?PR?_DISPLAY_SETALL?DISPLAY
            CODE    4F2BH     0014H     UNIT         ?PR?DUST_DEVICEINIT?DUST
            CODE    4F3FH     0013H     UNIT         ?PR?INT_TIMER0?IT
            CODE    4F52H     0012H     UNIT         ?PR?_BUZ_ONOFF?BSP_INIT
            CODE    4F64H     0012H     UNIT         ?PR?BUZZ_DEVICEINIT?BUZZER
            CODE    4F76H     0010H     UNIT         ?PR?HUMIDITY_DEVICEINIT?HUMIDITY
            CODE    4F86H     0010H     UNIT         ?PR?HOURDEC?STATE_CLOCKSETTING
            CODE    4F96H     0010H     UNIT         ?PR?MINDEC?STATE_CLOCKSETTING
            CODE    4FA6H     000FH     UNIT         ?PR?_ADC_START?BSP_INIT
            CODE    4FB5H     000FH     UNIT         ?PR?HOURINC?STATE_CLOCKSETTING
            CODE    4FC4H     000FH     UNIT         ?PR?MININC?STATE_CLOCKSETTING
            CODE    4FD3H     000EH     UNIT         ?PR?_INITQUEUE?FIFO
            CODE    4FE1H     000EH     UNIT         ?PR?_ENTEREVENTDEAL?STATE_STARTUP
            CODE    4FEFH     000DH     UNIT         ?PR?TIMER0_INIT?BSP_INIT
            CODE    4FFCH     000DH     UNIT         ?PR?WT_INIT?BSP_INIT
            CODE    5009H     000AH     UNIT         ?PR?MOTOR_STOP?MOTOR
            CODE    5013H     000AH     UNIT         ?PR?_DISPLAYCONTROL?STATE_STARTUP
            CODE    501DH     000AH     UNIT         ?PR?_ENTEREVENTDEAL?STATE_CLOCKSETTING
            CODE    5027H     000AH     UNIT         ?PR?_ENTEREVENTDEAL?STATE_TIMERSETTING
            CODE    5031H     0009H     UNIT         ?PR?WDT_INIT?BSP_INIT
            CODE    503AH     0009H     UNIT         ?PR?UART_RXDATSDEAL?UART
            CODE    5043H     0008H     UNIT         ?PR?LCD_INIT?BSP_INIT
            CODE    504BH     0008H     UNIT         ?PR?PROTOCOL_INIT?PROTOCOL
            CODE    5053H     0008H     UNIT         ?PR?_ENTEREVENTDEAL?STATE_ECHECK
            CODE    505BH     0007H     UNIT         ?PR?ADC_INIT?BSP_INIT
            CODE    5062H     0007H     UNIT         ?PR?BUZ_INIT?BSP_INIT
            CODE    5069H     0007H     UNIT         ?PR?CLOCK_INIT?BSP_INIT
            CODE    5070H     0006H     UNIT         ?PR?_ENTEREVENTDEAL?STATE_TIMERFNSETTING
            CODE    5076H     0004H     UNIT         ?PR?WDT_CLEAR?BSP_INIT
            CODE    507AH     0003H     UNIT         ?PR?_MOTORCTR?STATE_STARTUP
            CODE    507DH     0003H     UNIT         ?PR?_MOTORCTR?STATE_STANDBY
            CODE    5080H     0003H     UNIT         ?PR?_MOTORCTR?STATE_CLOCKSETTING
            CODE    5083H     0003H     UNIT         ?PR?_MOTORCTR?STATE_ECHECK
            CODE    5086H     0003H     UNIT         ?PR?_MOTORCTR?STATE_TIMERSETTING
            CODE    5089H     0003H     UNIT         ?PR?_MOTORCTR?STATE_TIMERFNSETTING
            CODE    508CH     0003H     UNIT         ?PR?_MOTORCTR?STATE_TIMERLOOKUP
            CODE    508FH     0001H     UNIT         ?PR?_KEYACTIONDEAL?STATE_TEST
            CODE    5090H     0001H     UNIT         ?PR?_TASKEXE?STATE_TEST
            CODE    5091H     0001H     UNIT         ?PR?_TIMETICK?STATE_TEST
            CODE    5092H     0001H     UNIT         ?PR?_MOTORCTR?STATE_TEST
            CODE    5093H     0001H     UNIT         ?PR?_IRDATADEAL?STATE_TEST
BL51 BANKED LINKER/LOCATER V6.22                                                      10/17/2015  10:29:03  PAGE 6


            CODE    5094H     0001H     UNIT         ?PR?_RXDATADEAL?STATE_TEST
            CODE    5095H     0001H     UNIT         ?PR?_ENTEREVENTDEAL?STATE_TEST
            CODE    5096H     0001H     UNIT         ?PR?_EXITEVENTDEAL?STATE_TEST
            CODE    5097H     0001H     UNIT         ?PR?_KEYACTIONDEAL?STATE_STARTUP
            CODE    5098H     0001H     UNIT         ?PR?_TASKEXE?STATE_STARTUP
            CODE    5099H     0001H     UNIT         ?PR?_IRDATADEAL?STATE_STARTUP
            CODE    509AH     0001H     UNIT         ?PR?_RXDATADEAL?STATE_STARTUP
            CODE    509BH     0001H     UNIT         ?PR?_EXITEVENTDEAL?STATE_STARTUP
            CODE    509CH     0001H     UNIT         ?PR?_TASKEXE?STATE_STANDBY
            CODE    509DH     0001H     UNIT         ?PR?_RXDATADEAL?STATE_STANDBY
            CODE    509EH     0001H     UNIT         ?PR?_EXITEVENTDEAL?STATE_STANDBY
            CODE    509FH     0001H     UNIT         ?PR?_TASKEXE?STATE_CLOCKSETTING
            CODE    50A0H     0001H     UNIT         ?PR?_IRDATADEAL?STATE_CLOCKSETTING
            CODE    50A1H     0001H     UNIT         ?PR?_RXDATADEAL?STATE_CLOCKSETTING
            CODE    50A2H     0001H     UNIT         ?PR?_EXITEVENTDEAL?STATE_CLOCKSETTING
            CODE    50A3H     0001H     UNIT         ?PR?_TASKEXE?STATE_ECHECK
            CODE    50A4H     0001H     UNIT         ?PR?_IRDATADEAL?STATE_ECHECK
            CODE    50A5H     0001H     UNIT         ?PR?_RXDATADEAL?STATE_ECHECK
            CODE    50A6H     0001H     UNIT         ?PR?_EXITEVENTDEAL?STATE_ECHECK
            CODE    50A7H     0001H     UNIT         ?PR?_TASKEXE?STATE_TIMERSETTING
            CODE    50A8H     0001H     UNIT         ?PR?_IRDATADEAL?STATE_TIMERSETTING
            CODE    50A9H     0001H     UNIT         ?PR?_RXDATADEAL?STATE_TIMERSETTING
            CODE    50AAH     0001H     UNIT         ?PR?_EXITEVENTDEAL?STATE_TIMERSETTING
            CODE    50ABH     0001H     UNIT         ?PR?_TASKEXE?STATE_TIMERFNSETTING
            CODE    50ACH     0001H     UNIT         ?PR?_IRDATADEAL?STATE_TIMERFNSETTING
            CODE    50ADH     0001H     UNIT         ?PR?_RXDATADEAL?STATE_TIMERFNSETTING
            CODE    50AEH     0001H     UNIT         ?PR?_EXITEVENTDEAL?STATE_TIMERFNSETTING
            CODE    50AFH     0001H     UNIT         ?PR?_TASKEXE?STATE_TIMERLOOKUP
            CODE    50B0H     0001H     UNIT         ?PR?_IRDATADEAL?STATE_TIMERLOOKUP
            CODE    50B1H     0001H     UNIT         ?PR?_RXDATADEAL?STATE_TIMERLOOKUP
            CODE    50B2H     0001H     UNIT         ?PR?_EXITEVENTDEAL?STATE_TIMERLOOKUP
            CODE    50B3H     0001H     UNIT         ?PR?_RXDATADEAL?STATE_WORK
            CODE    50B4H     0001H     UNIT         ?PR?_EXITEVENTDEAL?STATE_WORK



OVERLAY MAP OF MODULE:   YTN-E608-WIFI-6432 (IT)


SEGMENT                                             BIT_GROUP          XDATA_GROUP
  +--> CALLED SEGMENT                            START    LENGTH     START    LENGTH
------------------------------------------------------------------------------------
?PR?INT_WT?IT                                    -----    -----      -----    -----
  +--> ?PR?INITALL?MAIN

?PR?INITALL?MAIN                                 -----    -----      -----    -----
  +--> ?PR?BSP_INIT?BSP_INIT
  +--> ?PR?BUZZ_DEVICEINIT?BUZZER
  +--> ?PR?UART_MEMORYINIT?UART
  +--> ?PR?PROTOCOL_INIT?PROTOCOL
  +--> ?PR?HUMIDITY_DEVICEINIT?HUMIDITY
  +--> ?PR?DUST_DEVICEINIT?DUST
  +--> ?CO?STATE_STANDBY
  +--> ?PR?_STATE_TRANSITIONTO?FSM
  +--> ?PR?_BUZZ_SET?BUZZER

?PR?BSP_INIT?BSP_INIT                            -----    -----      -----    -----
BL51 BANKED LINKER/LOCATER V6.22                                                      10/17/2015  10:29:03  PAGE 7


  +--> ?PR?PORT_INIT?BSP_INIT
  +--> ?PR?CLOCK_INIT?BSP_INIT
  +--> ?PR?WT_INIT?BSP_INIT
  +--> ?PR?ADC_INIT?BSP_INIT
  +--> ?PR?BIT_INIT?BSP_INIT
  +--> ?PR?BUZ_INIT?BSP_INIT
  +--> ?PR?LCD_INIT?BSP_INIT
  +--> ?PR?TIMER0_INIT?BSP_INIT
  +--> ?PR?TIMER1_INIT?BSP_INIT
  +--> ?PR?UART_INIT?BSP_INIT

?PR?UART_MEMORYINIT?UART                         -----    -----      -----    -----
  +--> ?PR?_INITQUEUE?FIFO

?PR?HUMIDITY_DEVICEINIT?HUMIDITY                 -----    -----      -----    -----
  +--> ?PR?_UTILS_GETADVALUE?HUMIDITY
  +--> ?PR?_HUMIDITY_AD2T?HUMIDITY
  +--> ?PR?_HUMIDITY_AD2H?HUMIDITY

?PR?_HUMIDITY_AD2T?HUMIDITY                      -----    -----      -----    -----
  +--> ?CO?HUMIDITY

?PR?_HUMIDITY_AD2H?HUMIDITY                      -----    -----      019CH    0003H
  +--> ?PR?_HUMIDITY_GETH?HUMIDITY

?PR?_HUMIDITY_GETH?HUMIDITY                      -----    -----      019FH    0003H
  +--> ?CO?HUMIDITY

?CO?STATE_STANDBY                                -----    -----      -----    -----
  +--> ?PR?_KEYACTIONDEAL?STATE_STANDBY
  +--> ?PR?_DISPLAYCONTROL?STATE_STANDBY
  +--> ?PR?_TASKEXE?STATE_STANDBY
  +--> ?PR?_TIMETICK?STATE_STANDBY
  +--> ?PR?_MOTORCTR?STATE_STANDBY
  +--> ?PR?_IRDATADEAL?STATE_STANDBY
  +--> ?PR?_RXDATADEAL?STATE_STANDBY
  +--> ?PR?_ENTEREVENTDEAL?STATE_STANDBY
  +--> ?PR?_EXITEVENTDEAL?STATE_STANDBY

?PR?_KEYACTIONDEAL?STATE_STANDBY                 -----    -----      -----    -----
  +--> ?PR?_BUZZ_SET?BUZZER
  +--> ?CO?STATE_WORK
  +--> ?CO?STATE_ECHECK
  +--> ?CO?STATE_TIMERLOOKUP
  +--> ?CO?STATE_CLOCKSETTING
  +--> ?CO?STATE_TIMERSETTING
  +--> ?CO?STATE_TIMERFNSETTING
  +--> ?PR?_STATE_TRANSITIONTO?FSM
  +--> ?PR?PROTOCOL_ENTERATMODE?PROTOCOL
  +--> ?PR?SYS_RESET?SYSTEM

?CO?STATE_WORK                                   -----    -----      -----    -----
  +--> ?PR?_KEYACTIONDEAL?STATE_WORK
  +--> ?PR?_DISPLAYCONTROL?STATE_WORK
  +--> ?PR?_TASKEXE?STATE_WORK
  +--> ?PR?_TIMETICK?STATE_WORK
  +--> ?PR?_MOTORCTR?STATE_WORK
BL51 BANKED LINKER/LOCATER V6.22                                                      10/17/2015  10:29:03  PAGE 8


  +--> ?PR?_IRDATADEAL?STATE_WORK
  +--> ?PR?_RXDATADEAL?STATE_WORK
  +--> ?PR?_ENTEREVENTDEAL?STATE_WORK
  +--> ?PR?_EXITEVENTDEAL?STATE_WORK

?PR?_KEYACTIONDEAL?STATE_WORK                    -----    -----      -----    -----
  +--> ?PR?_STATE_TRANSITIONTO?FSM
  +--> ?PR?_BUZZ_SET?BUZZER

?PR?_STATE_TRANSITIONTO?FSM                      0020H.4  0000H.2    01A0H    0002H

?PR?_DISPLAYCONTROL?STATE_WORK                   -----    -----      -----    -----
  +--> ?PR?_DISPLAY_SPLEVEL?DISPLAY
  +--> ?PR?DISPLAY_SETLINE?DISPLAY
  +--> ?PR?_DISPLAY_DUSTDATA?DISPLAY
  +--> ?PR?_DISPLAY_DUSTLEVEL?DISPLAY
  +--> ?PR?_DISPLAY_SHOWTEMPERATURE?DISPLAY
  +--> ?PR?_DISPLAY_SHOWHUMIDITY?DISPLAY
  +--> ?PR?_DISPLAY_SHOWRT?DISPLAY
  +--> ?PR?_DISPLAY_CIRCLERUN?DISPLAY
  +--> ?CO?SYSTEM

?PR?_DISPLAY_DUSTDATA?DISPLAY                    -----    -----      019FH    0003H
  +--> ?CO?DISPLAY

?PR?_DISPLAY_SHOWTEMPERATURE?DISPLAY             -----    -----      -----    -----
  +--> ?CO?DISPLAY

?PR?_DISPLAY_SHOWHUMIDITY?DISPLAY                -----    -----      -----    -----
  +--> ?CO?DISPLAY

?PR?_DISPLAY_SHOWRT?DISPLAY                      0020H.5  0000H.2    -----    -----
  +--> ?CO?DISPLAY

?PR?_TIMETICK?STATE_WORK                         -----    -----      019FH    0001H
  +--> ?PR?_STATE_TRANSITIONTO?FSM
  +--> ?PR?_BUZZ_SET?BUZZER
  +--> ?CO?SYSTEM

?PR?_MOTORCTR?STATE_WORK                         -----    -----      -----    -----
  +--> ?PR?MOTOR_STOP?MOTOR
  +--> ?PR?_MOTOR_RUN?MOTOR

?PR?_IRDATADEAL?STATE_WORK                       -----    -----      -----    -----
  +--> ?PR?_BUZZ_SET?BUZZER
  +--> ?PR?_STATE_TRANSITIONTO?FSM

?PR?_ENTEREVENTDEAL?STATE_WORK                   -----    -----      -----    -----
  +--> ?PR?DUST_DEVICEINIT?DUST

?CO?STATE_ECHECK                                 -----    -----      -----    -----
  +--> ?PR?_KEYACTIONDEAL?STATE_ECHECK
  +--> ?PR?_DISPLAYCONTROL?STATE_ECHECK
  +--> ?PR?_TASKEXE?STATE_ECHECK
  +--> ?PR?_TIMETICK?STATE_ECHECK
  +--> ?PR?_MOTORCTR?STATE_ECHECK
  +--> ?PR?_IRDATADEAL?STATE_ECHECK
BL51 BANKED LINKER/LOCATER V6.22                                                      10/17/2015  10:29:03  PAGE 9


  +--> ?PR?_RXDATADEAL?STATE_ECHECK
  +--> ?PR?_ENTEREVENTDEAL?STATE_ECHECK
  +--> ?PR?_EXITEVENTDEAL?STATE_ECHECK

?PR?_KEYACTIONDEAL?STATE_ECHECK                  -----    -----      -----    -----
  +--> ?PR?_BUZZ_SET?BUZZER

?PR?_DISPLAYCONTROL?STATE_ECHECK                 -----    -----      -----    -----
  +--> ?PR?_DISPLAY_SHOWNUMINRTCAREA?DISPLAY

?PR?_DISPLAY_SHOWNUMINRTCAREA?DISPLAY            -----    -----      019FH    0003H
  +--> ?CO?DISPLAY

?PR?_TIMETICK?STATE_ECHECK                       -----    -----      -----    -----
  +--> ?PR?_STATE_TRANSITIONTO?FSM

?PR?_MOTORCTR?STATE_ECHECK                       -----    -----      -----    -----
  +--> ?PR?MOTOR_STOP?MOTOR

?CO?STATE_TIMERLOOKUP                            -----    -----      -----    -----
  +--> ?PR?_KEYACTIONDEAL?STATE_TIMERLOOKUP
  +--> ?PR?_DISPLAYCONTROL?STATE_TIMERLOOKUP
  +--> ?PR?_TASKEXE?STATE_TIMERLOOKUP
  +--> ?PR?_TIMETICK?STATE_TIMERLOOKUP
  +--> ?PR?_MOTORCTR?STATE_TIMERLOOKUP
  +--> ?PR?_IRDATADEAL?STATE_TIMERLOOKUP
  +--> ?PR?_RXDATADEAL?STATE_TIMERLOOKUP
  +--> ?PR?_ENTEREVENTDEAL?STATE_TIMERLOOKUP
  +--> ?PR?_EXITEVENTDEAL?STATE_TIMERLOOKUP

?PR?_KEYACTIONDEAL?STATE_TIMERLOOKUP             -----    -----      -----    -----
  +--> ?PR?GETNEXTACTIVETIMERINDEX?STATE_TIM...
  +--> ?PR?_BUZZ_SET?BUZZER

?PR?GETNEXTACTIVETIMERINDEX?STATE_TIM...         -----    -----      -----    -----
  +--> ?CO?SYSTEM

?PR?_DISPLAYCONTROL?STATE_TIMERLOOKUP            -----    -----      -----    -----
  +--> ?PR?_DISPLAY_SHOWNUMINRTCAREA?DISPLAY
  +--> ?CO?SYSTEM
  +--> ?PR?_DISPLAY_SHOWRT?DISPLAY

?PR?_TIMETICK?STATE_TIMERLOOKUP                  -----    -----      -----    -----
  +--> ?PR?_STATE_TRANSITIONTO?FSM

?PR?_MOTORCTR?STATE_TIMERLOOKUP                  -----    -----      -----    -----
  +--> ?PR?MOTOR_STOP?MOTOR

?PR?_ENTEREVENTDEAL?STATE_TIMERLOOKUP            -----    -----      -----    -----
  +--> ?PR?GETNEXTACTIVETIMERINDEX?STATE_TIM...

?CO?STATE_CLOCKSETTING                           -----    -----      -----    -----
  +--> ?PR?_KEYACTIONDEAL?STATE_CLOCKSETTING
  +--> ?PR?_DISPLAYCONTROL?STATE_CLOCKSETTING
  +--> ?PR?_TASKEXE?STATE_CLOCKSETTING
  +--> ?PR?_TIMETICK?STATE_CLOCKSETTING
  +--> ?PR?_MOTORCTR?STATE_CLOCKSETTING
BL51 BANKED LINKER/LOCATER V6.22                                                      10/17/2015  10:29:03  PAGE 10


  +--> ?PR?_IRDATADEAL?STATE_CLOCKSETTING
  +--> ?PR?_RXDATADEAL?STATE_CLOCKSETTING
  +--> ?PR?_ENTEREVENTDEAL?STATE_CLOCKSETTING
  +--> ?PR?_EXITEVENTDEAL?STATE_CLOCKSETTING

?PR?_KEYACTIONDEAL?STATE_CLOCKSETTING            -----    -----      -----    -----
  +--> ?PR?HOURINC?STATE_CLOCKSETTING
  +--> ?PR?MININC?STATE_CLOCKSETTING
  +--> ?PR?HOURDEC?STATE_CLOCKSETTING
  +--> ?PR?MINDEC?STATE_CLOCKSETTING
  +--> ?PR?_BUZZ_SET?BUZZER

?PR?_DISPLAYCONTROL?STATE_CLOCKSETTING           -----    -----      -----    -----
  +--> ?PR?_DISPLAY_SHOWRT?DISPLAY

?PR?_TIMETICK?STATE_CLOCKSETTING                 -----    -----      -----    -----
  +--> ?PR?_STATE_TRANSITIONTO?FSM

?PR?_MOTORCTR?STATE_CLOCKSETTING                 -----    -----      -----    -----
  +--> ?PR?MOTOR_STOP?MOTOR

?CO?STATE_TIMERSETTING                           -----    -----      -----    -----
  +--> ?PR?_KEYACTIONDEAL?STATE_TIMERSETTING
  +--> ?PR?_DISPLAYCONTROL?STATE_TIMERSETTING
  +--> ?PR?_TASKEXE?STATE_TIMERSETTING
  +--> ?PR?_TIMETICK?STATE_TIMERSETTING
  +--> ?PR?_MOTORCTR?STATE_TIMERSETTING
  +--> ?PR?_IRDATADEAL?STATE_TIMERSETTING
  +--> ?PR?_RXDATADEAL?STATE_TIMERSETTING
  +--> ?PR?_ENTEREVENTDEAL?STATE_TIMERSETTING
  +--> ?PR?_EXITEVENTDEAL?STATE_TIMERSETTING

?PR?_KEYACTIONDEAL?STATE_TIMERSETTING            0020H.4  0000H.1    019FH    0003H
  +--> ?CO?SYSTEM
  +--> ?PR?_BUZZ_SET?BUZZER

?PR?_DISPLAYCONTROL?STATE_TIMERSETTING           0020H.4  0000H.1    -----    -----
  +--> ?PR?_DISPLAY_SHOWNUMINRTCAREA?DISPLAY
  +--> ?CO?SYSTEM
  +--> ?PR?_DISPLAY_SHOWRT?DISPLAY

?PR?_TIMETICK?STATE_TIMERSETTING                 -----    -----      -----    -----
  +--> ?PR?_STATE_TRANSITIONTO?FSM

?PR?_MOTORCTR?STATE_TIMERSETTING                 -----    -----      -----    -----
  +--> ?PR?MOTOR_STOP?MOTOR

?CO?STATE_TIMERFNSETTING                         -----    -----      -----    -----
  +--> ?PR?_KEYACTIONDEAL?STATE_TIMERFNSETTING
  +--> ?PR?_DISPLAYCONTROL?STATE_TIMERFNSETTING
  +--> ?PR?_TASKEXE?STATE_TIMERFNSETTING
  +--> ?PR?_TIMETICK?STATE_TIMERFNSETTING
  +--> ?PR?_MOTORCTR?STATE_TIMERFNSETTING
  +--> ?PR?_IRDATADEAL?STATE_TIMERFNSETTING
  +--> ?PR?_RXDATADEAL?STATE_TIMERFNSETTING
  +--> ?PR?_ENTEREVENTDEAL?STATE_TIMERFNSETTING
  +--> ?PR?_EXITEVENTDEAL?STATE_TIMERFNSETTING
BL51 BANKED LINKER/LOCATER V6.22                                                      10/17/2015  10:29:03  PAGE 11



?PR?_KEYACTIONDEAL?STATE_TIMERFNSETTING          -----    -----      -----    -----
  +--> ?PR?_BUZZ_SET?BUZZER

?PR?_TIMETICK?STATE_TIMERFNSETTING               -----    -----      -----    -----
  +--> ?PR?_STATE_TRANSITIONTO?FSM

?PR?_MOTORCTR?STATE_TIMERFNSETTING               -----    -----      -----    -----
  +--> ?PR?MOTOR_STOP?MOTOR

?PR?PROTOCOL_ENTERATMODE?PROTOCOL                -----    -----      -----    -----
  +--> ?PR?_ENQUEUE?FIFO
  +--> ?PR?UART_SENDSTARTUP?UART

?PR?_ENQUEUE?FIFO                                -----    -----      01A4H    0004H
  +--> ?PR?_QUEUEISFULL?FIFO

?PR?_QUEUEISFULL?FIFO                            -----    -----      01A8H    0003H

?PR?UART_SENDSTARTUP?UART                        -----    -----      -----    -----
  +--> ?PR?_QUEUELEN?FIFO
  +--> ?PR?_DEQUEUE?FIFO

?PR?_DEQUEUE?FIFO                                -----    -----      01A4H    0004H
  +--> ?PR?_QUEUEISEMPTY?FIFO

?PR?_DISPLAYCONTROL?STATE_STANDBY                -----    -----      -----    -----
  +--> ?PR?_DISPLAY_DUSTDATA?DISPLAY
  +--> ?PR?_DISPLAY_SHOWRT?DISPLAY

?PR?_TIMETICK?STATE_STANDBY                      -----    -----      -----    -----
  +--> ?PR?PROTOCOL_RESETWIFIMODE?PROTOCOL
  +--> ?CO?SYSTEM
  +--> ?PR?_BUZZ_SET?BUZZER
  +--> ?CO?STATE_WORK
  +--> ?PR?_STATE_TRANSITIONTO?FSM

?PR?PROTOCOL_RESETWIFIMODE?PROTOCOL              -----    -----      -----    -----
  +--> ?PR?_ENQUEUE?FIFO
  +--> ?PR?UART_SENDSTARTUP?UART

?PR?_MOTORCTR?STATE_STANDBY                      -----    -----      -----    -----
  +--> ?PR?MOTOR_STOP?MOTOR

?PR?_IRDATADEAL?STATE_STANDBY                    -----    -----      -----    -----
  +--> ?PR?_BUZZ_SET?BUZZER
  +--> ?CO?STATE_WORK
  +--> ?PR?_STATE_TRANSITIONTO?FSM

?PR?_ENTEREVENTDEAL?STATE_STANDBY                -----    -----      -----    -----
  +--> ?PR?SYS_UPDATETIMERONINDEX?SYSTEM

?PR?SYS_UPDATETIMERONINDEX?SYSTEM                -----    -----      019FH    0005H
  +--> ?CO?SYSTEM

*** NEW ROOT ***************************************************

BL51 BANKED LINKER/LOCATER V6.22                                                      10/17/2015  10:29:03  PAGE 12


?PR?INT_BIT?IT                                   -----    -----      -----    -----
  +--> ?PR?DISPLAY_LEDDRIVE?DISPLAY

?PR?DISPLAY_LEDDRIVE?DISPLAY                     0020H.4  0000H.1    -----    -----

*** NEW ROOT ***************************************************

?C_C51STARTUP                                    -----    -----      -----    -----
  +--> ?PR?MAIN?MAIN
  +--> ?C_INITSEG

?PR?MAIN?MAIN                                    -----    -----      -----    -----
  +--> ?PR?INITALL?MAIN
  +--> ?PR?UART_RXDATSDEAL?UART
  +--> ?PR?_UTILS_GETADVALUE?HUMIDITY
  +--> ?PR?KEY_ACTIONDETECT?KEY
  +--> ?PR?DISPLAY_LEDDRIVE?DISPLAY
  +--> ?PR?BUZZ_CTR?BUZZER
  +--> ?PR?DUST_DATAUPDATE?DUST
  +--> ?PR?MOTOR_CTR?MOTOR
  +--> ?PR?SYS_LOADCTR?SYSTEM
  +--> ?PR?SYS_ENTERSTOPMODE?SYSTEM
  +--> ?PR?DISPLAY_CTR?DISPLAY
  +--> ?PR?HUMIDITY_GETCURRENTT?HUMIDITY
  +--> ?PR?HUMIDITY_GETCURRENTH?HUMIDITY
  +--> ?PR?DUST_LEVELUPDATE?DUST

?PR?UART_RXDATSDEAL?UART                         -----    -----      -----    -----
  +--> ?PR?PROTOCOL_TASK?PROTOCOL

?PR?PROTOCOL_TASK?PROTOCOL                       -----    -----      019BH    0004H
  +--> ?PR?CMD_DUMMY_DEAL?PROTOCOL
  +--> ?CO?PROTOCOL

?CO?PROTOCOL                                     -----    -----      -----    -----
  +--> ?PR?CMD_GET_SYS_STA_DEAL?PROTOCOL
  +--> ?PR?CMD_POWER_CTR_DEAL?PROTOCOL
  +--> ?PR?CMD_FAN_CTR_DEAL?PROTOCOL
  +--> ?PR?CMD_FIX_CTR_DEAL?PROTOCOL
  +--> ?PR?CMD_CLEAN_CTR_DEAL?PROTOCOL
  +--> ?PR?CMD_AION_CTR_DEAL?PROTOCOL
  +--> ?PR?CMD_UV_CTR_DEAL?PROTOCOL
  +--> ?PR?CMD_TIMER_CTR_DEAL?PROTOCOL
  +--> ?PR?CMD_GET_PM_DATAS_DEAL?PROTOCOL
  +--> ?PR?CMD_GET_ENE_DATAS_DEAL?PROTOCOL
  +--> ?PR?CMD_RT_SET_DEAL?PROTOCOL
  +--> ?PR?CMD_MEM_SET_DEAL?PROTOCOL
  +--> ?PR?CMD_REST_DEAL?PROTOCOL
  +--> ?PR?CMD_GET_DEVICE_INFO_DEAL?PROTOCOL
  +--> ?PR?CMD_WIFI_STA_CHANGE_DEAL?PROTOCOL

?PR?CMD_GET_SYS_STA_DEAL?PROTOCOL                -----    -----      -----    -----
  +--> ?PR?_PROTOCOL_STARESP?PROTOCOL

?PR?_PROTOCOL_STARESP?PROTOCOL                   -----    -----      019FH    0002H
  +--> ?PR?_ENQUEUE?FIFO
  +--> ?PR?UART_SENDSTARTUP?UART
BL51 BANKED LINKER/LOCATER V6.22                                                      10/17/2015  10:29:03  PAGE 13



?PR?CMD_POWER_CTR_DEAL?PROTOCOL                  -----    -----      -----    -----
  +--> ?CO?STATE_WORK
  +--> ?CO?STATE_STANDBY
  +--> ?PR?_STATE_TRANSITIONTO?FSM
  +--> ?PR?_BUZZ_SET?BUZZER
  +--> ?PR?_PROTOCOL_STARESP?PROTOCOL

?PR?CMD_FAN_CTR_DEAL?PROTOCOL                    -----    -----      -----    -----
  +--> ?PR?_BUZZ_SET?BUZZER
  +--> ?PR?_PROTOCOL_STARESP?PROTOCOL

?PR?CMD_FIX_CTR_DEAL?PROTOCOL                    -----    -----      -----    -----
  +--> ?PR?_BUZZ_SET?BUZZER
  +--> ?PR?_PROTOCOL_STARESP?PROTOCOL

?PR?CMD_CLEAN_CTR_DEAL?PROTOCOL                  -----    -----      -----    -----
  +--> ?PR?_BUZZ_SET?BUZZER
  +--> ?PR?_PROTOCOL_STARESP?PROTOCOL

?PR?CMD_AION_CTR_DEAL?PROTOCOL                   -----    -----      -----    -----
  +--> ?PR?_BUZZ_SET?BUZZER
  +--> ?PR?_PROTOCOL_STARESP?PROTOCOL

?PR?CMD_UV_CTR_DEAL?PROTOCOL                     -----    -----      -----    -----
  +--> ?PR?_BUZZ_SET?BUZZER
  +--> ?PR?_PROTOCOL_STARESP?PROTOCOL

?PR?CMD_TIMER_CTR_DEAL?PROTOCOL                  -----    -----      -----    -----
  +--> ?PR?SYS_UPDATETIMERONINDEX?SYSTEM
  +--> ?PR?_BUZZ_SET?BUZZER
  +--> ?PR?_PROTOCOL_STARESP?PROTOCOL

?PR?CMD_GET_PM_DATAS_DEAL?PROTOCOL               -----    -----      019FH    0005H
  +--> ?PR?_ENQUEUE?FIFO
  +--> ?PR?_BUZZ_SET?BUZZER
  +--> ?PR?UART_SENDSTARTUP?UART

?PR?CMD_GET_ENE_DATAS_DEAL?PROTOCOL              -----    -----      019FH    0002H
  +--> ?PR?_ENQUEUE?FIFO
  +--> ?PR?_BUZZ_SET?BUZZER
  +--> ?PR?UART_SENDSTARTUP?UART

?PR?CMD_RT_SET_DEAL?PROTOCOL                     -----    -----      -----    -----
  +--> ?PR?_BUZZ_SET?BUZZER
  +--> ?PR?_PROTOCOL_STARESP?PROTOCOL

?PR?CMD_MEM_SET_DEAL?PROTOCOL                    -----    -----      -----    -----
  +--> ?CO?STATE_STANDBY
  +--> ?PR?_STATE_TRANSITIONTO?FSM
  +--> ?PR?_BUZZ_SET?BUZZER
  +--> ?PR?_PROTOCOL_STARESP?PROTOCOL

?PR?CMD_REST_DEAL?PROTOCOL                       -----    -----      -----    -----
  +--> ?PR?SYS_RESET?SYSTEM
  +--> ?CO?STATE_STANDBY
  +--> ?PR?_STATE_TRANSITIONTO?FSM
BL51 BANKED LINKER/LOCATER V6.22                                                      10/17/2015  10:29:03  PAGE 14


  +--> ?PR?_BUZZ_SET?BUZZER
  +--> ?PR?_PROTOCOL_STARESP?PROTOCOL

?PR?CMD_GET_DEVICE_INFO_DEAL?PROTOCOL            -----    -----      019FH    0001H
  +--> ?PR?_ENQUEUE?FIFO
  +--> ?PR?UART_SENDSTARTUP?UART

?PR?KEY_ACTIONDETECT?KEY                         -----    -----      019BH    0001H
  +--> ?PR?KEY_READ?KEY

?PR?DUST_DATAUPDATE?DUST                         -----    -----      -----    -----
  +--> ?PR?DUST_GETRTLEVEL?DUST

?PR?MOTOR_CTR?MOTOR                              -----    -----      019BH    0006H

?PR?DISPLAY_CTR?DISPLAY                          -----    -----      -----    -----
  +--> ?PR?_DISPLAY_SETALL?DISPLAY
  +--> ?PR?_AIP1944_WRITEDISPDATAS?AIP1944

?PR?_AIP1944_WRITEDISPDATAS?AIP1944              -----    -----      019BH    0005H
  +--> ?PR?_AIP1944_WRITEBYTE?AIP1944

?PR?HUMIDITY_GETCURRENTT?HUMIDITY                -----    -----      -----    -----
  +--> ?PR?_UTILS_GETADVALUE?HUMIDITY
  +--> ?PR?_HUMIDITY_AD2T?HUMIDITY

?PR?HUMIDITY_GETCURRENTH?HUMIDITY                -----    -----      019BH    0001H
  +--> ?PR?_HUMIDITY_AD2H?HUMIDITY

?PR?DUST_LEVELUPDATE?DUST                        -----    -----      -----    -----
  +--> ?PR?DUST_GETRTLEVEL?DUST

?C_INITSEG                                       -----    -----      -----    -----
  +--> ?CO?FSM

?CO?FSM                                          -----    -----      -----    -----
  +--> ?PR?TASK_DONOTHING?FSM



SYMBOL TABLE OF MODULE:  YTN-E608-WIFI-6432 (IT)

  VALUE           TYPE          NAME
  ----------------------------------

  -------         MODULE        IT
  C:0000H         SYMBOL        _ICE_DUMMY_
  D:0080H         PUBLIC        P0
  C:4F3FH         PUBLIC        INT_Timer0
  D:0088H         PUBLIC        P1
  D:0090H         PUBLIC        P2
  D:0098H         PUBLIC        P3
  D:00A0H         PUBLIC        P4
  D:00B0H         PUBLIC        P5
  D:008DH         PUBLIC        WDTCR
  D:00A8H         PUBLIC        IE
  D:00B2H         PUBLIC        T0CR
BL51 BANKED LINKER/LOCATER V6.22                                                      10/17/2015  10:29:03  PAGE 15


  C:3C45H         PUBLIC        INT_USI1_Rx
  C:400EH         PUBLIC        INT_USI1_Tx
  C:24A6H         PUBLIC        INT_BIT
  D:0087H         PUBLIC        PCON
  B:0090H.2       PUBLIC        P22
  B:0090H.3       PUBLIC        P23
  D:00F5H         PUBLIC        USI1DR
  D:00ABH         PUBLIC        IE3
  X:01EDH         PUBLIC        SysTick_4ms
  X:01EEH         SYMBOL        pgCntH
  I:0011H         PUBLIC        SquGen_Cnt
  D:00B3H         PUBLIC        T0CNT
  I:0012H         SYMBOL        IR_Flags
  D:00EAH         PUBLIC        USI1CR2
  C:2E47H         PUBLIC        INT_WT
  -------         PROC          INT_USI1_RX
  -------         DO            
  D:0007H         SYMBOL        len
  -------         ENDDO         
  C:3C45H         LINE#         7
  C:3C62H         LINE#         12
  C:3C68H         LINE#         15
  C:3C83H         LINE#         16
  C:3CAAH         LINE#         19
  C:3CCEH         LINE#         20
  C:3CD4H         LINE#         21
  C:3CD4H         LINE#         22
  C:3CD6H         LINE#         23
  C:3CD6H         LINE#         24
  -------         ENDPROC       INT_USI1_RX
  -------         PROC          INT_USI1_TX
  C:400EH         LINE#         26
  C:402BH         LINE#         31
  C:4046H         LINE#         32
  C:406DH         LINE#         35
  C:407DH         LINE#         36
  C:407DH         LINE#         37
  C:407FH         LINE#         38
  C:4082H         LINE#         39
  C:4082H         LINE#         40
  -------         ENDPROC       INT_USI1_TX
  -------         PROC          INT_TIMER0
  C:4F3FH         LINE#         43
  C:4F45H         LINE#         46
  C:4F4BH         LINE#         47
  -------         ENDPROC       INT_TIMER0
  -------         PROC          INT_WT
  -------         DO            
  X:01EBH         SYMBOL        rt_05sCnt
  X:01ECH         SYMBOL        clearMemoryDataCnt
  -------         ENDDO         
  C:2E47H         LINE#         51
  C:2E64H         LINE#         58
  C:2E79H         LINE#         59
  C:2E7CH         LINE#         60
  C:2E81H         LINE#         62
  C:2E8BH         LINE#         63
BL51 BANKED LINKER/LOCATER V6.22                                                      10/17/2015  10:29:03  PAGE 16


  C:2E8BH         LINE#         64
  C:2E8DH         LINE#         65
  C:2E8FH         LINE#         66
  C:2E9EH         LINE#         67
  C:2E9EH         LINE#         68
  C:2EA0H         LINE#         69
  C:2EA0H         LINE#         71
  C:2EA2H         LINE#         74
  C:2EA4H         LINE#         77
  C:2EAAH         LINE#         78
  C:2EB0H         LINE#         79
  C:2EB0H         LINE#         80
  C:2EB2H         LINE#         82
  C:2EB8H         LINE#         84
  C:2EBEH         LINE#         85
  C:2EC3H         LINE#         86
  C:2EC3H         LINE#         87
  C:2EC5H         LINE#         89
  C:2EC7H         LINE#         91
  C:2ECDH         LINE#         92
  C:2ED2H         LINE#         93
  C:2ED2H         LINE#         94
  C:2ED4H         LINE#         96
  C:2EDAH         LINE#         97
  C:2EDFH         LINE#         98
  C:2EDFH         LINE#         99
  C:2EE1H         LINE#         100
  C:2EE1H         LINE#         101
  C:2EE1H         LINE#         102
  C:2EE1H         LINE#         103
  C:2EE1H         LINE#         106
  C:2EE4H         LINE#         108
  C:2EE9H         LINE#         109
  C:2EE9H         LINE#         111
  C:2EECH         LINE#         112
  C:2EF0H         LINE#         113
  C:2EF4H         LINE#         115
  C:2EF7H         LINE#         116
  C:2EFAH         LINE#         117
  C:2EFDH         LINE#         119
  C:2F00H         LINE#         120
  C:2F03H         LINE#         121
  C:2F06H         LINE#         122
  C:2F09H         LINE#         123
  C:2F0CH         LINE#         124
  C:2F0FH         LINE#         128
  C:2F15H         LINE#         129
  C:2F1BH         LINE#         130
  C:2F1BH         LINE#         131
  C:2F1EH         LINE#         132
  C:2F20H         LINE#         133
  C:2F20H         LINE#         134
  C:2F22H         LINE#         136
  C:2F22H         LINE#         137
  C:2F28H         LINE#         138
  C:2F28H         LINE#         139
  C:2F2BH         LINE#         140
BL51 BANKED LINKER/LOCATER V6.22                                                      10/17/2015  10:29:03  PAGE 17


  C:2F2BH         LINE#         142
  C:2F30H         LINE#         143
  C:2F30H         LINE#         144
  -------         ENDPROC       INT_WT
  -------         PROC          INT_BIT
  -------         DO            
  I:0008H         SYMBOL        t_128usCnt
  I:0009H         SYMBOL        rx_mode
  I:000AH         SYMBOL        rxCount
  I:000CH         SYMBOL        dataCount
  I:000DH         SYMBOL        rxData
  I:000FH         SYMBOL        Dust_SignalLowHoldCnt
  -------         ENDDO         
  C:24A6H         LINE#         172
  C:24C3H         LINE#         185
  C:24C8H         LINE#         186
  C:24C8H         LINE#         187
  C:24CEH         LINE#         188
  C:24D1H         LINE#         190
  C:24DAH         LINE#         191
  C:24DAH         LINE#         192
  C:24DDH         LINE#         193
  C:24E0H         LINE#         196
  C:24E6H         LINE#         197
  C:24E6H         LINE#         199
  C:24F5H         LINE#         200
  C:24F5H         LINE#         201
  C:24F8H         LINE#         202
  C:24FCH         LINE#         203
  C:2502H         LINE#         204
  C:2509H         LINE#         205
  C:2509H         LINE#         206
  C:250BH         LINE#         208
  C:2510H         LINE#         209
  C:2510H         LINE#         210
  C:251DH         LINE#         212
  C:2529H         LINE#         213
  C:2529H         LINE#         214
  C:252FH         LINE#         215
  C:252FH         LINE#         216
  C:2536H         LINE#         218
  C:2538H         LINE#         220
  C:253EH         LINE#         221
  C:253EH         LINE#         222
  C:254BH         LINE#         224
  C:254FH         LINE#         225
  C:2555H         LINE#         226
  C:2558H         LINE#         228
  C:255AH         LINE#         229
  C:255AH         LINE#         230
  C:255CH         LINE#         232
  C:2562H         LINE#         233
  C:2562H         LINE#         234
  C:256EH         LINE#         235
  C:256EH         LINE#         236
  C:2571H         LINE#         237
  C:2577H         LINE#         238
BL51 BANKED LINKER/LOCATER V6.22                                                      10/17/2015  10:29:03  PAGE 18


  C:257AH         LINE#         239
  C:257AH         LINE#         240
  C:257AH         LINE#         241
  C:257AH         LINE#         243
  C:2581H         LINE#         244
  C:2581H         LINE#         245
  C:2589H         LINE#         247
  C:2595H         LINE#         248
  C:2595H         LINE#         249
  C:259AH         LINE#         250
  C:25A0H         LINE#         251
  C:25A4H         LINE#         252
  C:25A9H         LINE#         253
  C:25A9H         LINE#         254
  C:25A9H         LINE#         257
  C:25ACH         LINE#         258
  C:25B2H         LINE#         259
  C:25B2H         LINE#         260
  C:25B4H         LINE#         261
  C:25B6H         LINE#         262
  C:25B8H         LINE#         263
  C:25C0H         LINE#         264
  C:25C0H         LINE#         265
  C:25C2H         LINE#         266
  C:25C4H         LINE#         267
  C:25C8H         LINE#         268
  C:25C8H         LINE#         269
  C:25CAH         LINE#         270
  C:25CAH         LINE#         271
  C:25CAH         LINE#         274
  C:25CFH         LINE#         275
  C:25CFH         LINE#         276
  C:25D9H         LINE#         277
  C:25D9H         LINE#         278
  C:25E1H         LINE#         279
  C:25E3H         LINE#         280
  C:25E3H         LINE#         281
  C:25EAH         LINE#         282
  C:25ECH         LINE#         284
  C:25ECH         LINE#         285
  C:25F4H         LINE#         286
  C:25F4H         LINE#         291
  C:25F7H         LINE#         292
  C:25FDH         LINE#         293
  C:25FDH         LINE#         294
  C:25FFH         LINE#         296
  C:2605H         LINE#         298
  C:260AH         LINE#         300
  C:2610H         LINE#         301
  C:2610H         LINE#         302
  C:2613H         LINE#         303
  C:2616H         LINE#         304
  C:2616H         LINE#         305
  C:2618H         LINE#         306
  C:2618H         LINE#         307
  C:2618H         LINE#         308
  C:2618H         LINE#         310
BL51 BANKED LINKER/LOCATER V6.22                                                      10/17/2015  10:29:03  PAGE 19


  C:261BH         LINE#         311
  C:261BH         LINE#         312
  C:2623H         LINE#         313
  C:2623H         LINE#         314
  C:2626H         LINE#         315
  C:2626H         LINE#         316
  C:2626H         LINE#         317
  -------         ENDPROC       INT_BIT
  -------         ENDMOD        IT

  -------         MODULE        ?C_STARTUP
  C:3F74H         SEGMENT       ?C_C51STARTUP
  I:0024H         SEGMENT       ?STACK
  C:0000H         PUBLIC        ?C_STARTUP
  D:00E0H         SYMBOL        ACC
  D:00F0H         SYMBOL        B
  D:0083H         SYMBOL        DPH
  D:0082H         SYMBOL        DPL
  N:0000H         SYMBOL        IBPSTACK
  N:0100H         SYMBOL        IBPSTACKTOP
  N:0100H         SYMBOL        IDATALEN
  C:3F77H         SYMBOL        IDATALOOP
  N:0000H         SYMBOL        PBPSTACK
  N:0000H         SYMBOL        PBPSTACKTOP
  N:0000H         SYMBOL        PDATALEN
  N:0000H         SYMBOL        PDATASTART
  N:0000H         SYMBOL        PPAGE
  N:0000H         SYMBOL        PPAGEENABLE
  D:00A0H         SYMBOL        PPAGE_SFR
  D:0081H         SYMBOL        SP
  C:3F74H         SYMBOL        STARTUP1
  N:0000H         SYMBOL        XBPSTACK
  N:0000H         SYMBOL        XBPSTACKTOP
  N:02E5H         SYMBOL        XDATALEN
  C:3F82H         SYMBOL        XDATALOOP
  N:001BH         SYMBOL        XDATASTART
  C:0000H         LINE#         94
  C:3F74H         LINE#         101
  C:3F76H         LINE#         102
  C:3F77H         LINE#         103
  C:3F78H         LINE#         104
  C:3F7AH         LINE#         108
  C:3F7DH         LINE#         109
  C:3F7FH         LINE#         111
  C:3F81H         LINE#         115
  C:3F82H         LINE#         116
  C:3F83H         LINE#         117
  C:3F84H         LINE#         118
  C:3F86H         LINE#         119
  C:3F88H         LINE#         153
  C:3F8BH         LINE#         157
  -------         ENDMOD        ?C_STARTUP

  -------         MODULE        MAIN
  C:0000H         SYMBOL        _ICE_DUMMY_
  D:008DH         PUBLIC        WDTCR
  D:00A8H         PUBLIC        IE
BL51 BANKED LINKER/LOCATER V6.22                                                      10/17/2015  10:29:03  PAGE 20


  C:371DH         PUBLIC        main
  C:4A3BH         PUBLIC        initAll
  -------         PROC          INITALL
  C:4A3BH         LINE#         3
  C:4A3BH         LINE#         4
  C:4A3BH         LINE#         5
  C:4A3EH         LINE#         6
  C:4A41H         LINE#         7
  C:4A44H         LINE#         8
  C:4A47H         LINE#         9
  C:4A4AH         LINE#         10
  C:4A4DH         LINE#         12
  C:4A53H         LINE#         13
  C:4A55H         LINE#         17
  C:4A60H         LINE#         21
  C:4A69H         LINE#         23
  C:4A6CH         LINE#         24
  -------         ENDPROC       INITALL
  -------         PROC          MAIN
  -------         DO            
  I:0013H         SYMBOL        taskIndex
  I:0014H         SYMBOL        taskIndexExt
  I:0015H         SYMBOL        HSampleT_Cnt
  -------         ENDDO         
  C:371DH         LINE#         26
  C:371DH         LINE#         27
  C:371DH         LINE#         33
  C:3720H         LINE#         35
  C:3720H         LINE#         36
  C:3720H         LINE#         37
  C:3723H         LINE#         39
  C:3726H         LINE#         41
  C:372EH         LINE#         42
  C:372EH         LINE#         43
  C:3735H         LINE#         44
  C:3735H         LINE#         45
  C:373EH         LINE#         46
  C:3742H         LINE#         47
  C:3742H         LINE#         48
  C:3742H         LINE#         50
  C:3748H         LINE#         51
  C:3748H         LINE#         52
  C:374AH         LINE#         54
  C:374DH         LINE#         55
  C:374DH         LINE#         56
  C:374FH         LINE#         58
  C:3769H         LINE#         59
  C:3769H         LINE#         61
  C:376CH         LINE#         62
  C:376EH         LINE#         64
  C:3770H         LINE#         66
  C:3784H         LINE#         67
  C:3784H         LINE#         68
  C:3784H         LINE#         69
  C:3787H         LINE#         70
  C:378CH         LINE#         71
  C:378EH         LINE#         72
BL51 BANKED LINKER/LOCATER V6.22                                                      10/17/2015  10:29:03  PAGE 21


  C:378EH         LINE#         73
  C:3791H         LINE#         74
  C:3793H         LINE#         75
  C:3793H         LINE#         76
  C:3796H         LINE#         77
  C:3798H         LINE#         78
  C:3798H         LINE#         79
  C:379BH         LINE#         80
  C:379DH         LINE#         81
  C:379DH         LINE#         82
  C:37A0H         LINE#         83
  C:37A3H         LINE#         84
  C:37A3H         LINE#         85
  C:37A7H         LINE#         87
  C:37A7H         LINE#         88
  C:37A7H         LINE#         90
  C:37B2H         LINE#         91
  C:37B2H         LINE#         92
  C:37B4H         LINE#         94
  C:37B7H         LINE#         96
  C:37BAH         LINE#         97
  C:37BDH         LINE#         98
  C:37C0H         LINE#         100
  C:37DAH         LINE#         102
  C:37E0H         LINE#         103
  C:37E0H         LINE#         104
  C:37E3H         LINE#         105
  C:37E3H         LINE#         107
  C:37E9H         LINE#         108
  C:37E9H         LINE#         109
  C:37EBH         LINE#         110
  C:37EBH         LINE#         111
  C:37EBH         LINE#         112
  C:37EBH         LINE#         113
  -------         ENDPROC       MAIN
  -------         ENDMOD        MAIN

  -------         MODULE        BSP_INIT
  C:0000H         SYMBOL        _ICE_DUMMY_
  D:0080H         PUBLIC        P0
  D:0088H         PUBLIC        P1
  D:0090H         PUBLIC        P2
  D:0098H         PUBLIC        P3
  D:00A0H         PUBLIC        P4
  D:00B0H         PUBLIC        P5
  D:008DH         PUBLIC        WDTCR
  C:5031H         SYMBOL        WDT_init
  D:008EH         PUBLIC        WDTDR
  D:00DEH         PUBLIC        P0DB
  D:0097H         PUBLIC        BUZCR
  C:5062H         SYMBOL        BUZ_init
  D:008FH         PUBLIC        BUZDR
  D:00D8H         PUBLIC        LVRCR
  D:00A8H         PUBLIC        IE
  D:0091H         PUBLIC        P0OD
  D:0092H         PUBLIC        P1OD
  D:0093H         PUBLIC        P2OD
BL51 BANKED LINKER/LOCATER V6.22                                                      10/17/2015  10:29:03  PAGE 22


  D:0094H         PUBLIC        P4OD
  D:00A1H         PUBLIC        P0IO
  D:00B2H         PUBLIC        T0CR
  D:00B1H         PUBLIC        P1IO
  D:00B4H         PUBLIC        T0DR
  D:00B9H         PUBLIC        P2IO
  D:00C1H         PUBLIC        P3IO
  D:00C9H         PUBLIC        P4IO
  D:00D1H         PUBLIC        P5IO
  C:5069H         SYMBOL        clock_init
  D:00BDH         PUBLIC        T1ADRH
  D:00ACH         PUBLIC        P0PU
  D:009DH         PUBLIC        ADCCRH
  D:00BFH         PUBLIC        T1BDRH
  D:00ADH         PUBLIC        P1PU
  D:00AEH         PUBLIC        P2PU
  D:00AFH         PUBLIC        P3PU
  D:00F3H         PUBLIC        USI1BD
  D:00BCH         PUBLIC        T1ADRL
  D:00A3H         PUBLIC        P4PU
  D:009CH         PUBLIC        ADCCRL
  D:00BEH         PUBLIC        T1BDRL
  D:0095H         PUBLIC        P5PU
  D:008AH         PUBLIC        SCCR
  C:4F52H         SYMBOL        _BUZ_OnOff
  D:009BH         PUBLIC        LCDCCR
  D:009AH         PUBLIC        LCDCRH
  D:00D3H         PUBLIC        P0FSRH
  D:0099H         PUBLIC        LCDCRL
  D:00D5H         PUBLIC        P1FSRH
  D:00D7H         PUBLIC        P2FSRH
  D:00D2H         PUBLIC        P0FSRL
  D:00D4H         PUBLIC        P1FSRL
  D:00D6H         PUBLIC        P2FSRL
  D:00DFH         PUBLIC        P15DB
  D:00AAH         PUBLIC        IE2
  D:00ABH         PUBLIC        IE3
  D:0096H         PUBLIC        WTCR
  C:4FFCH         SYMBOL        WT_init
  D:0089H         PUBLIC        WTDR
  C:4FEFH         SYMBOL        Timer0_init
  C:0003H         SYMBOL        Timer1_init
  C:4EAAH         SYMBOL        UART_init
  C:5076H         SYMBOL        WDT_clear
  C:4FA6H         SYMBOL        _ADC_start
  C:4A6DH         PUBLIC        BSP_Init
  C:4643H         SYMBOL        port_init
  C:505BH         SYMBOL        ADC_init
  D:00BBH         PUBLIC        T1CRH
  D:00BAH         PUBLIC        T1CRL
  C:5043H         SYMBOL        LCD_init
  D:00E9H         PUBLIC        USI1CR1
  D:00EAH         PUBLIC        USI1CR2
  D:00EBH         PUBLIC        USI1CR3
  D:00EEH         PUBLIC        P3FSR
  D:00EFH         PUBLIC        P4FSR
  D:00FFH         PUBLIC        P5FSR
BL51 BANKED LINKER/LOCATER V6.22                                                      10/17/2015  10:29:03  PAGE 23


  D:008BH         PUBLIC        BITCR
  C:00A6H         SYMBOL        BIT_init
  D:00C8H         PUBLIC        OSCCR
  -------         PROC          ADC_INIT
  C:505BH         LINE#         4
  C:505BH         LINE#         5
  C:505BH         LINE#         7
  C:505EH         LINE#         8
  C:5061H         LINE#         9
  -------         ENDPROC       ADC_INIT
  -------         PROC          _ADC_START
  D:0007H         SYMBOL        ch
  C:4FA6H         LINE#         11
  C:4FA6H         LINE#         12
  C:4FA6H         LINE#         14
  C:4FB1H         LINE#         15
  C:4FB4H         LINE#         16
  -------         ENDPROC       _ADC_START
  -------         PROC          BIT_INIT
  C:00A6H         LINE#         18
  C:00A6H         LINE#         19
  C:00A6H         LINE#         21
  C:00A9H         LINE#         22
  C:00ACH         LINE#         23
  C:00AFH         LINE#         24
  C:00B2H         LINE#         25
  -------         ENDPROC       BIT_INIT
  -------         PROC          _BUZ_ONOFF
  D:0007H         SYMBOL        On
  C:4F52H         LINE#         27
  C:4F52H         LINE#         28
  C:4F52H         LINE#         30
  C:4F63H         LINE#         31
  -------         ENDPROC       _BUZ_ONOFF
  -------         PROC          BUZ_INIT
  C:5062H         LINE#         33
  C:5062H         LINE#         34
  C:5062H         LINE#         37
  C:5065H         LINE#         38
  C:5068H         LINE#         39
  -------         ENDPROC       BUZ_INIT
  -------         PROC          LCD_INIT
  C:5043H         LINE#         41
  C:5043H         LINE#         42
  C:5043H         LINE#         45
  C:5046H         LINE#         46
  C:5048H         LINE#         47
  C:504AH         LINE#         48
  -------         ENDPROC       LCD_INIT
  -------         PROC          TIMER0_INIT
  C:4FEFH         LINE#         50
  C:4FEFH         LINE#         51
  C:4FEFH         LINE#         54
  C:4FF2H         LINE#         55
  C:4FF5H         LINE#         56
  C:4FF8H         LINE#         57
  C:4FFBH         LINE#         58
BL51 BANKED LINKER/LOCATER V6.22                                                      10/17/2015  10:29:03  PAGE 24


  -------         ENDPROC       TIMER0_INIT
  -------         PROC          TIMER1_INIT
  C:0003H         LINE#         60
  C:0003H         LINE#         61
  C:0003H         LINE#         65
  C:0006H         LINE#         66
  C:0009H         LINE#         67
  C:000CH         LINE#         70
  C:000FH         LINE#         71
  C:0011H         LINE#         72
  C:0014H         LINE#         73
  C:0017H         LINE#         74
  C:001AH         LINE#         75
  -------         ENDPROC       TIMER1_INIT
  -------         PROC          UART_INIT
  C:4EAAH         LINE#         77
  C:4EAAH         LINE#         78
  C:4EAAH         LINE#         81
  C:4EADH         LINE#         82
  C:4EB0H         LINE#         83
  C:4EB3H         LINE#         84
  C:4EB6H         LINE#         85
  C:4EB9H         LINE#         86
  C:4EBCH         LINE#         87
  C:4EBFH         LINE#         88
  -------         ENDPROC       UART_INIT
  -------         PROC          WDT_CLEAR
  C:5076H         LINE#         90
  C:5076H         LINE#         91
  C:5076H         LINE#         92
  C:5079H         LINE#         93
  -------         ENDPROC       WDT_CLEAR
  -------         PROC          WDT_INIT
  C:5031H         LINE#         95
  C:5031H         LINE#         96
  C:5031H         LINE#         98
  C:5034H         LINE#         99
  C:5037H         LINE#         101
  -------         ENDPROC       WDT_INIT
  -------         PROC          WT_INIT
  C:4FFCH         LINE#         104
  C:4FFCH         LINE#         105
  C:4FFCH         LINE#         107
  C:4FFFH         LINE#         108
  C:5002H         LINE#         109
  C:5005H         LINE#         110
  C:5008H         LINE#         111
  -------         ENDPROC       WT_INIT
  -------         PROC          CLOCK_INIT
  C:5069H         LINE#         113
  C:5069H         LINE#         114
  C:5069H         LINE#         116
  C:506CH         LINE#         117
  C:506FH         LINE#         118
  -------         ENDPROC       CLOCK_INIT
  -------         PROC          PORT_INIT
  C:4643H         LINE#         120
BL51 BANKED LINKER/LOCATER V6.22                                                      10/17/2015  10:29:03  PAGE 25


  C:4643H         LINE#         121
  C:4643H         LINE#         158
  C:4646H         LINE#         159
  C:4649H         LINE#         160
  C:464CH         LINE#         161
  C:464EH         LINE#         162
  C:4650H         LINE#         164
  C:4653H         LINE#         165
  C:4655H         LINE#         166
  C:4657H         LINE#         167
  C:4659H         LINE#         168
  C:465BH         LINE#         170
  C:465EH         LINE#         171
  C:4661H         LINE#         172
  C:4663H         LINE#         173
  C:4665H         LINE#         175
  C:4668H         LINE#         176
  C:466AH         LINE#         177
  C:466CH         LINE#         179
  C:466FH         LINE#         180
  C:4672H         LINE#         181
  C:4674H         LINE#         182
  C:4676H         LINE#         184
  C:4679H         LINE#         185
  C:467BH         LINE#         186
  C:467DH         LINE#         189
  C:467FH         LINE#         190
  C:4682H         LINE#         191
  C:4684H         LINE#         192
  C:4687H         LINE#         193
  C:4689H         LINE#         194
  C:468CH         LINE#         195
  C:468EH         LINE#         196
  C:4690H         LINE#         197
  C:4693H         LINE#         198
  -------         ENDPROC       PORT_INIT
  -------         PROC          BSP_INIT
  C:4A6DH         LINE#         200
  C:4A6DH         LINE#         201
  C:4A6DH         LINE#         202
  C:4A70H         LINE#         204
  C:4A73H         LINE#         205
  C:4A76H         LINE#         206
  C:4A79H         LINE#         207
  C:4A7CH         LINE#         208
  C:4A7CH         LINE#         209
  C:4A7CH         LINE#         210
  C:4A81H         LINE#         211
  C:4A81H         LINE#         212
  C:4A84H         LINE#         213
  C:4A86H         LINE#         215
  C:4A86H         LINE#         216
  C:4A86H         LINE#         217
  C:4A86H         LINE#         218
  C:4A86H         LINE#         220
  C:4A89H         LINE#         221
  C:4A8CH         LINE#         222
BL51 BANKED LINKER/LOCATER V6.22                                                      10/17/2015  10:29:03  PAGE 26


  C:4A8FH         LINE#         223
  C:4A92H         LINE#         224
  C:4A95H         LINE#         225
  C:4A98H         LINE#         226
  -------         ENDPROC       BSP_INIT
  -------         ENDMOD        BSP_INIT

  -------         MODULE        AIP1944
  C:0000H         SYMBOL        _ICE_DUMMY_
  C:4DCDH         PUBLIC        _AIP1944_WriteByte
  B:00A0H.0       PUBLIC        P40
  B:00A0H.1       PUBLIC        P41
  B:00A0H.2       PUBLIC        P42
  C:4694H         PUBLIC        _Aip1944_WriteDispDatas
  X:0201H         PUBLIC        Aip1944_BrightnessLevel
  -------         PROC          _AIP1944_WRITEBYTE
  D:0007H         SYMBOL        _byte
  -------         DO            
  D:0006H         SYMBOL        i
  -------         ENDDO         
  C:4DCDH         LINE#         36
  C:4DCDH         LINE#         37
  C:4DCDH         LINE#         40
  C:4DCFH         LINE#         41
  C:4DCFH         LINE#         42
  C:4DD3H         LINE#         43
  C:4DD3H         LINE#         44
  C:4DD5H         LINE#         45
  C:4DD7H         LINE#         47
  C:4DD7H         LINE#         48
  C:4DD9H         LINE#         49
  C:4DD9H         LINE#         51
  C:4DDBH         LINE#         53
  C:4DDFH         LINE#         55
  C:4DE1H         LINE#         56
  C:4DE6H         LINE#         57
  -------         ENDPROC       _AIP1944_WRITEBYTE
  -------         PROC          _AIP1944_WRITEDISPDATAS
  X:019BH         SYMBOL        dats
  D:0005H         SYMBOL        len
  X:019FH         SYMBOL        addr
  -------         DO            
  D:0004H         SYMBOL        i
  -------         ENDDO         
  C:4694H         LINE#         59
  C:469FH         LINE#         60
  C:469FH         LINE#         63
  C:46A1H         LINE#         64
  C:46A6H         LINE#         65
  C:46A8H         LINE#         66
  C:46AAH         LINE#         67
  C:46B4H         LINE#         68
  C:46BBH         LINE#         69
  C:46BBH         LINE#         70
  C:46D2H         LINE#         71
  C:46D5H         LINE#         72
  C:46D7H         LINE#         74
BL51 BANKED LINKER/LOCATER V6.22                                                      10/17/2015  10:29:03  PAGE 27


  C:46D9H         LINE#         75
  C:46E1H         LINE#         76
  C:46E3H         LINE#         77
  -------         ENDPROC       _AIP1944_WRITEDISPDATAS
  -------         ENDMOD        AIP1944

  -------         MODULE        DISPLAY
  C:0000H         SYMBOL        _ICE_DUMMY_
  D:0090H         PUBLIC        P2
  D:0098H         PUBLIC        P3
  C:4F17H         PUBLIC        _Display_SetAll
  C:37EEH         PUBLIC        _Display_ShowRT
  C:2A92H         PUBLIC        PM_COM10_E_nums
  C:2ADBH         PUBLIC        RT_COM_H1_E_nums
  C:2AA6H         PUBLIC        PM_COM1_E1_nums
  C:2AB0H         PUBLIC        PM_COM1_E2_nums
  C:2A2EH         PUBLIC        H_COM10_nums
  C:2B12H         PUBLIC        RT_COM_M1_E_nums
  C:2A6AH         PUBLIC        PM_COM100_nums
  C:2ABAH         PUBLIC        RT_COM_H10_nums
  D:00B9H         PUBLIC        P2IO
  C:2AE6H         PUBLIC        RT_COM_M10_nums
  C:2A06H         PUBLIC        T_COM10_nums
  D:00C1H         PUBLIC        P3IO
  B:0021H.6       PUBLIC        Display_IsLowLight
  X:0154H         PUBLIC        Display_Datas
  C:3251H         PUBLIC        _Display_ShowNumInRTCArea
  C:2A4CH         PUBLIC        H_COM1_EXT_nums
  C:4430H         PUBLIC        _Display_ShowHumidity
  C:2A9CH         PUBLIC        PM_COM1_nums
  C:2AC5H         PUBLIC        RT_COM_H10_E_nums
  C:2A24H         PUBLIC        T_COM1_EXT_nums
  C:2A56H         PUBLIC        PM_COM1000_nums
  C:477AH         PUBLIC        _Display_CircleRun
  C:3988H         PUBLIC        Display_LedDrive
  C:484AH         PUBLIC        _Display_DustLevel
  C:2F4BH         PUBLIC        _Display_DustData
  C:2A42H         PUBLIC        H_COM1_nums
  C:2A38H         PUBLIC        H_COM10_EXT_nums
  C:2A88H         PUBLIC        PM_COM10_nums
  C:49D5H         PUBLIC        Display_Ctr
  C:2AD0H         PUBLIC        RT_COM_H1_nums
  B:0021H.7       PUBLIC        Display_FlashOn
  C:2B07H         PUBLIC        RT_COM_M1_nums
  C:2A60H         PUBLIC        PM_COM1000_E_nums
  C:2A1AH         PUBLIC        T_COM1_nums
  C:2A74H         PUBLIC        PM_COM100_E1_nums
  C:2A7EH         PUBLIC        PM_COM100_E2_nums
  C:2A10H         PUBLIC        T_COM10_EXT_nums
  C:2AF1H         PUBLIC        RT_COM_M10_E1_nums
  C:2AFCH         PUBLIC        RT_COM_M10_E2_nums
  C:4B9EH         PUBLIC        Display_SetLine
  C:43D1H         PUBLIC        _Display_ShowTemperature
  X:0193H         PUBLIC        Display_LedsEn
  C:006EH         PUBLIC        _Display_SpLevel
  -------         PROC          _DISPLAY_SETALL
  D:0007H         SYMBOL        sta
BL51 BANKED LINKER/LOCATER V6.22                                                      10/17/2015  10:29:03  PAGE 28


  -------         DO            
  D:0006H         SYMBOL        i
  -------         ENDDO         
  C:4F17H         LINE#         11
  C:4F17H         LINE#         12
  C:4F17H         LINE#         15
  C:4F19H         LINE#         16
  C:4F19H         LINE#         17
  C:4F25H         LINE#         18
  C:4F2AH         LINE#         19
  -------         ENDPROC       _DISPLAY_SETALL
  -------         PROC          DISPLAY_SETLINE
  C:4B9EH         LINE#         22
  C:4B9EH         LINE#         23
  C:4B9EH         LINE#         24
  C:4BA4H         LINE#         25
  C:4BA6H         LINE#         26
  C:4BA8H         LINE#         28
  C:4BACH         LINE#         29
  C:4BAEH         LINE#         30
  C:4BB0H         LINE#         32
  C:4BB7H         LINE#         33
  C:4BBBH         LINE#         34
  C:4BBDH         LINE#         35
  -------         ENDPROC       DISPLAY_SETLINE
  -------         PROC          _DISPLAY_CIRCLERUN
  D:0007H         SYMBOL        sp
  -------         DO            
  X:0152H         SYMBOL        cnt
  B:0021H.5       SYMBOL        disIndex
  -------         ENDDO         
  C:477AH         LINE#         37
  C:477AH         LINE#         38
  C:477AH         LINE#         41
  C:4780H         LINE#         42
  C:4785H         LINE#         43
  C:4785H         LINE#         44
  C:4787H         LINE#         46
  C:4789H         LINE#         47
  C:4789H         LINE#         49
  C:4790H         LINE#         51
  C:4793H         LINE#         52
  C:4793H         LINE#         53
  C:479AH         LINE#         54
  C:47A1H         LINE#         55
  C:47A8H         LINE#         56
  C:47A9H         LINE#         58
  C:47A9H         LINE#         59
  C:47B5H         LINE#         60
  C:47BCH         LINE#         61
  C:47C3H         LINE#         62
  C:47C3H         LINE#         88
  -------         ENDPROC       _DISPLAY_CIRCLERUN
  -------         PROC          _DISPLAY_DUSTLEVEL
  D:0007H         SYMBOL        level
  C:484AH         LINE#         90
  C:484AH         LINE#         91
BL51 BANKED LINKER/LOCATER V6.22                                                      10/17/2015  10:29:03  PAGE 29


  C:484AH         LINE#         92
  C:485DH         LINE#         93
  C:485DH         LINE#         94
  C:485DH         LINE#         95
  C:4864H         LINE#         96
  C:4864H         LINE#         97
  C:486BH         LINE#         98
  C:486BH         LINE#         99
  C:4872H         LINE#         100
  C:4872H         LINE#         101
  C:4879H         LINE#         102
  C:4879H         LINE#         103
  C:4880H         LINE#         104
  C:4880H         LINE#         105
  C:4887H         LINE#         106
  C:4887H         LINE#         107
  C:4887H         LINE#         108
  C:4887H         LINE#         109
  C:4887H         LINE#         110
  -------         ENDPROC       _DISPLAY_DUSTLEVEL
  -------         PROC          _DISPLAY_SPLEVEL
  D:0007H         SYMBOL        level
  C:006EH         LINE#         112
  C:006EH         LINE#         113
  C:006EH         LINE#         114
  C:007EH         LINE#         115
  C:007EH         LINE#         116
  C:007EH         LINE#         117
  C:0085H         LINE#         118
  C:0085H         LINE#         119
  C:008CH         LINE#         120
  C:008CH         LINE#         121
  C:0093H         LINE#         122
  C:0093H         LINE#         123
  C:009AH         LINE#         124
  C:009AH         LINE#         125
  C:00A1H         LINE#         126
  C:00A1H         LINE#         127
  C:00A1H         LINE#         128
  C:00A1H         LINE#         129
  C:00A1H         LINE#         130
  -------         ENDPROC       _DISPLAY_SPLEVEL
  -------         PROC          _DISPLAY_SHOWTEMPERATURE
  D:0007H         SYMBOL        t
  -------         DO            
  D:0005H         SYMBOL        v10
  D:0004H         SYMBOL        v1
  -------         ENDDO         
  C:43D1H         LINE#         225
  C:43D1H         LINE#         226
  C:43D1H         LINE#         230
  C:43D7H         LINE#         231
  C:43D7H         LINE#         232
  C:43D9H         LINE#         233
  C:43D9H         LINE#         235
  C:43DFH         LINE#         236
  C:43E6H         LINE#         238
BL51 BANKED LINKER/LOCATER V6.22                                                      10/17/2015  10:29:03  PAGE 30


  C:43E9H         LINE#         239
  C:43E9H         LINE#         240
  C:43FAH         LINE#         241
  C:440DH         LINE#         242
  C:440DH         LINE#         243
  C:441EH         LINE#         244
  C:442FH         LINE#         245
  -------         ENDPROC       _DISPLAY_SHOWTEMPERATURE
  -------         PROC          _DISPLAY_SHOWHUMIDITY
  D:0007H         SYMBOL        h
  -------         DO            
  D:0005H         SYMBOL        v10
  D:0004H         SYMBOL        v1
  -------         ENDDO         
  C:4430H         LINE#         328
  C:4430H         LINE#         329
  C:4430H         LINE#         333
  C:4436H         LINE#         334
  C:4436H         LINE#         335
  C:4438H         LINE#         336
  C:4438H         LINE#         338
  C:443EH         LINE#         339
  C:4445H         LINE#         341
  C:4448H         LINE#         342
  C:4448H         LINE#         343
  C:4459H         LINE#         344
  C:446CH         LINE#         345
  C:446CH         LINE#         346
  C:447DH         LINE#         347
  C:448EH         LINE#         348
  -------         ENDPROC       _DISPLAY_SHOWHUMIDITY
  -------         PROC          _DISPLAY_DUSTDATA
  D:0002H         SYMBOL        pm
  -------         DO            
  X:019FH         SYMBOL        v1000
  X:01A0H         SYMBOL        v100
  X:01A1H         SYMBOL        v10
  D:0003H         SYMBOL        v1
  -------         ENDDO         
  C:2F4BH         LINE#         553
  C:2F4FH         LINE#         554
  C:2F4FH         LINE#         560
  C:2F58H         LINE#         561
  C:2F58H         LINE#         562
  C:2F5CH         LINE#         563
  C:2F5CH         LINE#         565
  C:2F6CH         LINE#         566
  C:2F81H         LINE#         567
  C:2F96H         LINE#         568
  C:2FA3H         LINE#         571
  C:2FB8H         LINE#         572
  C:2FCAH         LINE#         574
  C:2FD8H         LINE#         575
  C:2FE9H         LINE#         576
  C:2FFEH         LINE#         578
  C:300CH         LINE#         579
  C:301EH         LINE#         582
BL51 BANKED LINKER/LOCATER V6.22                                                      10/17/2015  10:29:03  PAGE 31


  C:3028H         LINE#         583
  C:3039H         LINE#         584
  C:304CH         LINE#         585
  -------         ENDPROC       _DISPLAY_DUSTDATA
  -------         PROC          _DISPLAY_SHOWRT
  D:0007H         SYMBOL        h
  D:0005H         SYMBOL        m
  B:0020H.5       SYMBOL        hFlashEn
  B:0020H.6       SYMBOL        mFlashEn
  -------         DO            
  D:0001H         SYMBOL        h10
  D:0006H         SYMBOL        h1
  D:0004H         SYMBOL        m10
  D:0003H         SYMBOL        m1
  -------         ENDDO         
  C:37EEH         LINE#         787
  C:37EEH         LINE#         788
  C:37EEH         LINE#         795
  C:37F4H         LINE#         796
  C:37FBH         LINE#         797
  C:3801H         LINE#         798
  C:3808H         LINE#         800
  C:380EH         LINE#         801
  C:380EH         LINE#         802
  C:3810H         LINE#         803
  C:3812H         LINE#         804
  C:3812H         LINE#         806
  C:3818H         LINE#         807
  C:3818H         LINE#         808
  C:381AH         LINE#         809
  C:381CH         LINE#         810
  C:381CH         LINE#         811
  C:3822H         LINE#         812
  C:3822H         LINE#         813
  C:3833H         LINE#         814
  C:3844H         LINE#         816
  C:3855H         LINE#         817
  C:3866H         LINE#         818
  C:3866H         LINE#         821
  C:386CH         LINE#         822
  C:386CH         LINE#         823
  C:387DH         LINE#         824
  C:388EH         LINE#         825
  C:38A0H         LINE#         827
  C:38AAH         LINE#         828
  C:38BBH         LINE#         829
  C:38BBH         LINE#         830
  -------         ENDPROC       _DISPLAY_SHOWRT
  -------         PROC          _DISPLAY_SHOWNUMINRTCAREA
  D:0002H         SYMBOL        num
  -------         DO            
  X:019FH         SYMBOL        v1000
  X:01A0H         SYMBOL        v100
  X:01A1H         SYMBOL        v10
  D:0001H         SYMBOL        v1
  -------         ENDDO         
  C:3251H         LINE#         833
BL51 BANKED LINKER/LOCATER V6.22                                                      10/17/2015  10:29:03  PAGE 32


  C:3255H         LINE#         834
  C:3255H         LINE#         840
  C:3261H         LINE#         841
  C:3276H         LINE#         842
  C:328BH         LINE#         843
  C:3298H         LINE#         846
  C:32A1H         LINE#         847
  C:32A1H         LINE#         848
  C:32A7H         LINE#         849
  C:32A9H         LINE#         850
  C:32ABH         LINE#         851
  C:32ACH         LINE#         852
  C:32ACH         LINE#         855
  C:32C1H         LINE#         856
  C:32D2H         LINE#         858
  C:32E7H         LINE#         859
  C:32F8H         LINE#         861
  C:330DH         LINE#         862
  C:331EH         LINE#         863
  C:3333H         LINE#         865
  C:333DH         LINE#         866
  C:334EH         LINE#         867
  -------         ENDPROC       _DISPLAY_SHOWNUMINRTCAREA
  -------         PROC          DISPLAY_LEDDRIVE
  B:0020H.4       SYMBOL        comChangeEn
  -------         DO            
[...]
  C:3D44H         LINE#         406
  C:3D4BH         LINE#         407
  C:3D4BH         LINE#         409
  C:3D63H         LINE#         410
  C:3D63H         LINE#         411
BL51 BANKED LINKER/LOCATER V6.22                                                      10/17/2015  10:29:03  PAGE 87


  C:3D63H         LINE#         412
  C:3D65H         LINE#         413
  C:3D7DH         LINE#         414
  C:3D7DH         LINE#         415
  C:3D7DH         LINE#         416
  C:3D7FH         LINE#         417
  C:3D8EH         LINE#         418
  C:3D8EH         LINE#         419
  C:3D95H         LINE#         420
  C:3D95H         LINE#         421
  C:3D95H         LINE#         422
  -------         ENDPROC       _TASKEXE
  -------         PROC          _TIMETICK
  -------         DO            
  X:019FH         SYMBOL        index
  D:0006H         SYMBOL        t
  -------         ENDDO         
  C:0B9DH         LINE#         425
  C:0B9DH         LINE#         426
  C:0B9DH         LINE#         430
  C:0BA3H         LINE#         431
  C:0BA3H         LINE#         432
  C:0BA5H         LINE#         433
  C:0BA8H         LINE#         434
  C:0BA8H         LINE#         435
  C:0BB3H         LINE#         436
  C:0BBCH         LINE#         437
  C:0BBCH         LINE#         438
  C:0BBCH         LINE#         440
  C:0BC5H         LINE#         441
  C:0BC5H         LINE#         442
  C:0BD4H         LINE#         443
  C:0BD4H         LINE#         444
  C:0BE0H         LINE#         445
  C:0BE0H         LINE#         448
  C:0BE3H         LINE#         449
  C:0BE3H         LINE#         450
  C:0BEAH         LINE#         451
  C:0BEAH         LINE#         452
  C:0BF8H         LINE#         453
  C:0C07H         LINE#         454
  C:0C07H         LINE#         455
  C:0C09H         LINE#         456
  C:0C09H         LINE#         457
  C:0C0BH         LINE#         459
  C:0C0BH         LINE#         460
  C:0C0BH         LINE#         461
  C:0C0BH         LINE#         462
  C:0C0BH         LINE#         463
  C:0C0DH         LINE#         465
  C:0C0DH         LINE#         466
  C:0C0FH         LINE#         467
  C:0C16H         LINE#         468
  C:0C16H         LINE#         471
  C:0C1CH         LINE#         472
  C:0C1CH         LINE#         473
  C:0C1EH         LINE#         474
BL51 BANKED LINKER/LOCATER V6.22                                                      10/17/2015  10:29:03  PAGE 88


  C:0C21H         LINE#         475
  C:0C21H         LINE#         476
  C:0C23H         LINE#         477
  C:0C29H         LINE#         478
  C:0C29H         LINE#         479
  C:0C29H         LINE#         482
  C:0C2FH         LINE#         484
  C:0C43H         LINE#         486
  C:0C4FH         LINE#         487
  C:0C4FH         LINE#         488
  C:0C51H         LINE#         490
  C:0C57H         LINE#         491
  C:0C5CH         LINE#         492
  C:0C5CH         LINE#         493
  C:0C5EH         LINE#         495
  C:0C64H         LINE#         496
  C:0C64H         LINE#         498
  C:0C6AH         LINE#         499
  C:0C70H         LINE#         500
  C:0C70H         LINE#         501
  C:0C72H         LINE#         503
  C:0C80H         LINE#         504
  C:0C80H         LINE#         506
  C:0C8EH         LINE#         507
  C:0C8EH         LINE#         508
  C:0C93H         LINE#         509
  C:0C93H         LINE#         510
  C:0CA2H         LINE#         511
  C:0CA2H         LINE#         512
  C:0CA2H         LINE#         513
  C:0CA4H         LINE#         515
  C:0CA4H         LINE#         516
  C:0CB3H         LINE#         517
  C:0CC0H         LINE#         518
  C:0CC0H         LINE#         519
  C:0CD6H         LINE#         520
  C:0CD6H         LINE#         521
  C:0CDEH         LINE#         522
  C:0CE5H         LINE#         523
  C:0CE5H         LINE#         524
  C:0CE5H         LINE#         525
  C:0CE5H         LINE#         527
  C:0CEBH         LINE#         528
  C:0CEBH         LINE#         530
  C:0CF4H         LINE#         531
  C:0CF4H         LINE#         532
  C:0D04H         LINE#         533
  C:0D04H         LINE#         534
  C:0D2EH         LINE#         535
  C:0D36H         LINE#         536
  C:0D45H         LINE#         537
  C:0D47H         LINE#         539
  C:0D47H         LINE#         540
  C:0D58H         LINE#         541
  C:0D58H         LINE#         542
  C:0D7BH         LINE#         543
  C:0D83H         LINE#         544
BL51 BANKED LINKER/LOCATER V6.22                                                      10/17/2015  10:29:03  PAGE 89


  C:0D83H         LINE#         546
  C:0D89H         LINE#         547
  C:0D8FH         LINE#         548
  C:0D8FH         LINE#         549
  C:0D92H         LINE#         550
  C:0D92H         LINE#         554
  C:0D9BH         LINE#         555
  C:0D9BH         LINE#         556
  C:0DABH         LINE#         557
  C:0DABH         LINE#         558
  C:0DD5H         LINE#         559
  C:0DDDH         LINE#         560
  C:0DECH         LINE#         561
  C:0DEEH         LINE#         563
  C:0DEEH         LINE#         564
  C:0DFFH         LINE#         565
  C:0DFFH         LINE#         566
  C:0E22H         LINE#         567
  C:0E2AH         LINE#         568
  C:0E2AH         LINE#         570
  C:0E31H         LINE#         571
  C:0E31H         LINE#         572
  C:0E37H         LINE#         573
  C:0E37H         LINE#         575
  C:0E40H         LINE#         576
  C:0E40H         LINE#         577
  C:0E43H         LINE#         578
  C:0E43H         LINE#         582
  C:0E4AH         LINE#         583
  C:0E4AH         LINE#         584
  C:0E56H         LINE#         585
  C:0E56H         LINE#         586
  C:0E97H         LINE#         588
  C:0E97H         LINE#         589
  C:0E97H         LINE#         590
  C:0E97H         LINE#         591
  C:0E97H         LINE#         592
  C:0E97H         LINE#         593
  C:0E9AH         LINE#         595
  C:0E9AH         LINE#         596
  C:0EA5H         LINE#         597
  C:0EA5H         LINE#         598
  C:0EABH         LINE#         599
  C:0ECFH         LINE#         600
  C:0ECFH         LINE#         601
  C:0ED5H         LINE#         602
  C:0ED5H         LINE#         604
  C:0EDCH         LINE#         605
  C:0EDCH         LINE#         607
  C:0EE7H         LINE#         608
  C:0EE7H         LINE#         609
  C:0EF2H         LINE#         610
  C:0EFBH         LINE#         611
  C:0EFBH         LINE#         612
  C:0EFDH         LINE#         614
  C:0EFDH         LINE#         615
  C:0F58H         LINE#         617
BL51 BANKED LINKER/LOCATER V6.22                                                      10/17/2015  10:29:03  PAGE 90


  C:0F58H         LINE#         618
  C:0F61H         LINE#         619
  C:0F6CH         LINE#         620
  C:0F6CH         LINE#         621
  C:0F6CH         LINE#         622
  C:0F6CH         LINE#         623
  C:0F6CH         LINE#         625
  C:0F72H         LINE#         626
  C:0F72H         LINE#         627
  C:0F91H         LINE#         629
  C:0FACH         LINE#         630
  C:0FACH         LINE#         631
  C:0FB3H         LINE#         633
  C:0FDDH         LINE#         634
  C:0FDDH         LINE#         635
  C:0FDFH         LINE#         636
  C:0FDFH         LINE#         637
  C:0FE1H         LINE#         639
  C:0FE1H         LINE#         640
  C:1014H         LINE#         641
  C:1014H         LINE#         642
  C:1014H         LINE#         645
  C:1032H         LINE#         646
  C:1032H         LINE#         647
  C:1032H         LINE#         648
  C:1038H         LINE#         649
  C:1041H         LINE#         650
  C:1041H         LINE#         651
  C:1043H         LINE#         653
  C:1051H         LINE#         654
  C:105FH         LINE#         655
  C:105FH         LINE#         657
  C:1060H         LINE#         658
  C:1060H         LINE#         659
  C:1066H         LINE#         660
  C:106FH         LINE#         661
  C:106FH         LINE#         662
  C:1071H         LINE#         664
  C:107FH         LINE#         665
  C:108DH         LINE#         666
  C:108DH         LINE#         667
  C:108EH         LINE#         668
  C:108EH         LINE#         669
  C:1094H         LINE#         670
  C:109AH         LINE#         671
  C:109AH         LINE#         672
  C:109CH         LINE#         674
  C:10AAH         LINE#         675
  C:10B8H         LINE#         676
  C:10B8H         LINE#         677
  C:10B9H         LINE#         678
  C:10B9H         LINE#         679
  C:10BFH         LINE#         680
  C:10C5H         LINE#         681
  C:10C5H         LINE#         682
  C:10C7H         LINE#         684
  C:10D5H         LINE#         685
BL51 BANKED LINKER/LOCATER V6.22                                                      10/17/2015  10:29:03  PAGE 91


  C:10E3H         LINE#         686
  C:10E3H         LINE#         687
  C:10E4H         LINE#         688
  C:10E4H         LINE#         689
  C:10EAH         LINE#         690
  C:10F0H         LINE#         691
  C:10F0H         LINE#         692
  C:10F2H         LINE#         694
  C:1100H         LINE#         695
  C:110EH         LINE#         696
  C:110EH         LINE#         697
  C:110EH         LINE#         698
  C:110EH         LINE#         699
  C:110EH         LINE#         700
  -------         ENDPROC       _TIMETICK
  -------         PROC          _MOTORCTR
  C:430CH         LINE#         703
  C:430CH         LINE#         704
  C:430CH         LINE#         706
  C:430FH         LINE#         707
  C:430FH         LINE#         708
  C:4312H         LINE#         709
  C:4312H         LINE#         711
  C:4312H         LINE#         712
  C:4315H         LINE#         713
  C:4315H         LINE#         714
  C:4318H         LINE#         715
  C:4318H         LINE#         716
  C:4321H         LINE#         717
  C:4321H         LINE#         718
  C:4321H         LINE#         719
  C:4323H         LINE#         720
  C:432CH         LINE#         721
  C:432CH         LINE#         722
  C:432CH         LINE#         723
  C:432EH         LINE#         724
  C:4337H         LINE#         725
  C:4337H         LINE#         726
  C:4337H         LINE#         727
  C:4339H         LINE#         734
  C:4339H         LINE#         735
  C:4339H         LINE#         736
  C:4339H         LINE#         737
  C:433BH         LINE#         739
  C:433BH         LINE#         740
  C:4350H         LINE#         741
  C:4350H         LINE#         742
  C:4350H         LINE#         743
  C:4354H         LINE#         744
  C:4356H         LINE#         745
  C:4356H         LINE#         746
  C:435AH         LINE#         747
  C:435CH         LINE#         748
  C:435CH         LINE#         749
  C:4360H         LINE#         750
  C:4362H         LINE#         751
  C:4362H         LINE#         752
BL51 BANKED LINKER/LOCATER V6.22                                                      10/17/2015  10:29:03  PAGE 92


  C:4366H         LINE#         753
  C:4368H         LINE#         754
  C:4368H         LINE#         755
  C:436FH         LINE#         756
  C:436FH         LINE#         757
  C:436FH         LINE#         758
  C:436FH         LINE#         759
  C:436FH         LINE#         760
  C:436FH         LINE#         761
  C:436FH         LINE#         762
  -------         ENDPROC       _MOTORCTR
  -------         PROC          _IRDATADEAL
  C:1C21H         LINE#         765
  C:1C21H         LINE#         766
  C:1C21H         LINE#         768
  C:1C27H         LINE#         769
  C:1C27H         LINE#         770
  C:1C29H         LINE#         771
  C:1C2FH         LINE#         773
  C:1C36H         LINE#         775
  C:1C36H         LINE#         776
  C:1C3CH         LINE#         779
  C:1C47H         LINE#         780
  C:1C47H         LINE#         781
  C:1C50H         LINE#         782
  C:1C5BH         LINE#         783
  C:1C5BH         LINE#         785
  C:1C69H         LINE#         786
  C:1C69H         LINE#         787
  C:1C6FH         LINE#         788
  C:1C71H         LINE#         790
  C:1C73H         LINE#         791
  C:1C7BH         LINE#         793
  C:1C81H         LINE#         794
  C:1C81H         LINE#         795
  C:1C83H         LINE#         796
  C:1C83H         LINE#         797
  C:1C83H         LINE#         798
  C:1C85H         LINE#         799
  C:1C91H         LINE#         800
  C:1C91H         LINE#         801
  C:1C98H         LINE#         802
  C:1C9AH         LINE#         804
  C:1C9FH         LINE#         806
  C:1CA1H         LINE#         808
  C:1CA6H         LINE#         809
  C:1CAAH         LINE#         811
  C:1CAFH         LINE#         813
  C:1CB4H         LINE#         815
  C:1CB7H         LINE#         816
  C:1CC5H         LINE#         817
  C:1CC5H         LINE#         818
  C:1CCBH         LINE#         819
  C:1CCDH         LINE#         821
  C:1CD3H         LINE#         822
  C:1CD5H         LINE#         824
  C:1CDCH         LINE#         825
BL51 BANKED LINKER/LOCATER V6.22                                                      10/17/2015  10:29:03  PAGE 93


  C:1CDCH         LINE#         826
  C:1CE2H         LINE#         827
  C:1CE6H         LINE#         828
  C:1CE6H         LINE#         829
  C:1CEEH         LINE#         831
  C:1CF4H         LINE#         832
  C:1CF7H         LINE#         833
  C:1D05H         LINE#         834
  C:1D05H         LINE#         835
  C:1D0BH         LINE#         836
  C:1D0DH         LINE#         838
  C:1D13H         LINE#         839
  C:1D15H         LINE#         841
  C:1D1CH         LINE#         842
  C:1D1CH         LINE#         843
  C:1D22H         LINE#         844
  C:1D26H         LINE#         845
  C:1D26H         LINE#         846
  C:1D2EH         LINE#         848
  C:1D34H         LINE#         849
  C:1D37H         LINE#         850
  C:1D45H         LINE#         851
  C:1D45H         LINE#         852
  C:1D4BH         LINE#         853
  C:1D4DH         LINE#         855
  C:1D53H         LINE#         856
  C:1D55H         LINE#         858
  C:1D5CH         LINE#         859
  C:1D5CH         LINE#         860
  C:1D62H         LINE#         861
  C:1D66H         LINE#         862
  C:1D66H         LINE#         863
  C:1D6EH         LINE#         865
  C:1D74H         LINE#         866
  C:1D77H         LINE#         867
  C:1D85H         LINE#         868
  C:1D85H         LINE#         869
  C:1D8BH         LINE#         870
  C:1D8DH         LINE#         872
  C:1D93H         LINE#         873
  C:1D95H         LINE#         875
  C:1D9CH         LINE#         876
  C:1D9CH         LINE#         877
  C:1DA2H         LINE#         878
  C:1DA6H         LINE#         879
  C:1DA6H         LINE#         880
  C:1DAEH         LINE#         882
  C:1DB4H         LINE#         883
  C:1DB6H         LINE#         884
  C:1DC2H         LINE#         885
  C:1DC2H         LINE#         886
  C:1DD3H         LINE#         887
  C:1DD9H         LINE#         888
  C:1DDBH         LINE#         889
  C:1DE7H         LINE#         890
  C:1DE7H         LINE#         891
  C:1DF8H         LINE#         892
BL51 BANKED LINKER/LOCATER V6.22                                                      10/17/2015  10:29:03  PAGE 94


  C:1E01H         LINE#         893
  C:1E01H         LINE#         894
  -------         ENDPROC       _IRDATADEAL
  -------         PROC          _RXDATADEAL
  C:50B3H         LINE#         897
  C:50B3H         LINE#         898
  C:50B3H         LINE#         900
  -------         ENDPROC       _RXDATADEAL
  -------         PROC          _ENTEREVENTDEAL
  C:3ED9H         LINE#         902
  C:3ED9H         LINE#         903
  C:3ED9H         LINE#         904
  C:3EDFH         LINE#         906
  C:3EE1H         LINE#         907
  C:3EE3H         LINE#         908
  C:3EE8H         LINE#         910
  C:3EEEH         LINE#         912
  C:3EF2H         LINE#         913
  C:3EF4H         LINE#         915
  C:3EFAH         LINE#         917
  C:3F00H         LINE#         918
  C:3F03H         LINE#         921
  C:3F06H         LINE#         922
  C:3F06H         LINE#         923
  C:3F0CH         LINE#         924
  C:3F12H         LINE#         925
  C:3F16H         LINE#         926
  C:3F16H         LINE#         928
  C:3F1EH         LINE#         930
  C:3F23H         LINE#         932
  C:3F29H         LINE#         934
  C:3F2DH         LINE#         935
  C:3F2FH         LINE#         937
  C:3F3CH         LINE#         938
  C:3F3CH         LINE#         939
  C:3F41H         LINE#         941
  C:3F48H         LINE#         942
  C:3F4EH         LINE#         943
  C:3F54H         LINE#         944
  C:3F5AH         LINE#         945
  C:3F60H         LINE#         946
  C:3F60H         LINE#         948
  C:3F67H         LINE#         949
  C:3F6DH         LINE#         951
  C:3F73H         LINE#         952
  -------         ENDPROC       _ENTEREVENTDEAL
  -------         PROC          _EXITEVENTDEAL
  C:50B4H         LINE#         954
  C:50B4H         LINE#         955
  C:50B4H         LINE#         957
  -------         ENDPROC       _EXITEVENTDEAL
  -------         ENDMOD        STATE_WORK

  -------         MODULE        ?C?FPMUL
  C:1526H         PUBLIC        ?C?FPMUL
  -------         ENDMOD        ?C?FPMUL

BL51 BANKED LINKER/LOCATER V6.22                                                      10/17/2015  10:29:03  PAGE 95


  -------         MODULE        ?C?FCAST
  C:1636H         PUBLIC        ?C?FCASTC
  C:1631H         PUBLIC        ?C?FCASTI
  C:162CH         PUBLIC        ?C?FCASTL
  -------         ENDMOD        ?C?FCAST

  -------         MODULE        ?C?CASTF
  C:166AH         PUBLIC        ?C?CASTF
  -------         ENDMOD        ?C?CASTF

  -------         MODULE        ?C?CLDPTR
  C:16EBH         PUBLIC        ?C?CLDPTR
  -------         ENDMOD        ?C?CLDPTR

  -------         MODULE        ?C?CLDOPTR
  C:1704H         PUBLIC        ?C?CLDOPTR
  -------         ENDMOD        ?C?CLDOPTR

  -------         MODULE        ?C?CSTPTR
  C:1731H         PUBLIC        ?C?CSTPTR
  -------         ENDMOD        ?C?CSTPTR

  -------         MODULE        ?C?CSTOPTR
  C:1743H         PUBLIC        ?C?CSTOPTR
  -------         ENDMOD        ?C?CSTOPTR

  -------         MODULE        ?C?UIDIV
  C:1765H         PUBLIC        ?C?UIDIV
  -------         ENDMOD        ?C?UIDIV

  -------         MODULE        ?C?ILDOPTR
  C:17BAH         PUBLIC        ?C?ILDOPTR
  -------         ENDMOD        ?C?ILDOPTR

  -------         MODULE        ?C?ULDIV
  C:182EH         PUBLIC        ?C?ULDIV
  -------         ENDMOD        ?C?ULDIV

  -------         MODULE        ?C?LNEG
  C:18C0H         PUBLIC        ?C?LNEG
  -------         ENDMOD        ?C?LNEG

  -------         MODULE        ?C?ULCMP
  C:18CEH         PUBLIC        ?C?ULCMP
  -------         ENDMOD        ?C?ULCMP

  -------         MODULE        ?C?LSTXDATA
  C:18DFH         PUBLIC        ?C?LSTXDATA
  -------         ENDMOD        ?C?LSTXDATA

  -------         MODULE        ?C?LSTKXDATA
  C:18EBH         PUBLIC        ?C?LSTKXDATA
  -------         ENDMOD        ?C?LSTKXDATA

  -------         MODULE        ?C?OFFXADD
  C:191CH         PUBLIC        ?C?OFFXADD
  -------         ENDMOD        ?C?OFFXADD
BL51 BANKED LINKER/LOCATER V6.22                                                      10/17/2015  10:29:03  PAGE 96



  -------         MODULE        ?C?ICALL
  C:1928H         PUBLIC        ?C?ICALL
  C:192CH         PUBLIC        ?C?ICALL2
  -------         ENDMOD        ?C?ICALL

Program Size: data=30.0 xdata=517 code=20661
LINK/LOCATE RUN COMPLETE.  0 WARNING(S),  0 ERROR(S)
