BL51 BANKED LINKER/LOCATER V6.22                                                        10/29/2015  16:57:16  PAGE 1


BL51 BANKED LINKER/LOCATER V6.22, INVOKED BY:
C:\KEIL_V5\C51\BIN\BL51.EXE .\it.obj, startup.obj, .\main.obj, .\bsp_init.obj, .\aip1944.obj, .\display.obj, .\buzzer.ob
>> j, .\ir.obj, .\humidity.obj, .\dust.obj, .\motor.obj, .\system.obj, .\key.obj, .\fifo.obj, .\protocol.obj, .\uart.obj
>> , .\fsm.obj, .\state_test.obj, .\state_startup.obj, .\state_standby.obj, .\state_clockSetting.obj, .\state_echeck.obj
>> , .\state_timerSetting.obj, .\state_timerFnSetting.obj, .\state_timerLookup.obj, .\state_work.obj TO YTN-E608-WIFI-64
>> 32 RAMSIZE (256) DISABLEWARNING (16, 15, 13) CODE (0X0000-0X7FFF) XDATA (0X0000-0X02FF)




PROGRAM RECURSIONS REMOVED FROM CALL TREE
=========================================
+--> ?CO?STATE_STANDBY
|  | ?PR?_KEYACTIONDEAL?STATE_STANDBY
|  | ?CO?STATE_WORK
<--+ ?PR?_TIMETICK?STATE_WORK



MEMORY MODEL: LARGE WITH FLOATING POINT ARITHMETIC


INPUT MODULES INCLUDED:
  .\it.obj (IT)
  startup.obj (?C_STARTUP)
  .\main.obj (MAIN)
  .\bsp_init.obj (BSP_INIT)
  .\aip1944.obj (AIP1944)
  .\display.obj (DISPLAY)
  .\buzzer.obj (BUZZER)
  .\ir.obj (IR)
  .\humidity.obj (HUMIDITY)
  .\dust.obj (DUST)
  .\motor.obj (MOTOR)
  .\system.obj (SYSTEM)
  .\key.obj (KEY)
  .\fifo.obj (FIFO)
  .\protocol.obj (PROTOCOL)
  .\uart.obj (UART)
  .\fsm.obj (FSM)
  .\state_test.obj (STATE_TEST)
  .\state_startup.obj (STATE_STARTUP)
  .\state_standby.obj (STATE_STANDBY)
  .\state_clockSetting.obj (STATE_CLOCKSETTING)
  .\state_echeck.obj (STATE_ECHECK)
  .\state_timerSetting.obj (STATE_TIMERSETTING)
  .\state_timerFnSetting.obj (STATE_TIMERFNSETTING)
  .\state_timerLookup.obj (STATE_TIMERLOOKUP)
  .\state_work.obj (STATE_WORK)
  C:\KEIL_V5\C51\LIB\C51FPL.LIB (?C?FPMUL)
  C:\KEIL_V5\C51\LIB\C51FPL.LIB (?C?FCAST)
  C:\KEIL_V5\C51\LIB\C51FPL.LIB (?C?CASTF)
  C:\KEIL_V5\C51\LIB\C51FPL.LIB (?C?FPGETOPN)
  C:\KEIL_V5\C51\LIB\C51L.LIB (?C_INIT)
  C:\KEIL_V5\C51\LIB\C51L.LIB (?C?CLDPTR)
  C:\KEIL_V5\C51\LIB\C51L.LIB (?C?CLDOPTR)
  C:\KEIL_V5\C51\LIB\C51L.LIB (?C?CSTPTR)
  C:\KEIL_V5\C51\LIB\C51L.LIB (?C?CSTOPTR)
BL51 BANKED LINKER/LOCATER V6.22                                                      10/29/2015  16:57:16  PAGE 2


  C:\KEIL_V5\C51\LIB\C51L.LIB (?C?UIDIV)
  C:\KEIL_V5\C51\LIB\C51L.LIB (?C?ILDOPTR)
  C:\KEIL_V5\C51\LIB\C51L.LIB (?C?ULDIV)
  C:\KEIL_V5\C51\LIB\C51L.LIB (?C?LNEG)
  C:\KEIL_V5\C51\LIB\C51L.LIB (?C?ULCMP)
  C:\KEIL_V5\C51\LIB\C51L.LIB (?C?LSTXDATA)
  C:\KEIL_V5\C51\LIB\C51L.LIB (?C?LSTKXDATA)
  C:\KEIL_V5\C51\LIB\C51L.LIB (?C?OFFXADD)
  C:\KEIL_V5\C51\LIB\C51L.LIB (?C?ICALL)


LINK MAP OF MODULE:  YTN-E608-WIFI-6432 (IT)


            TYPE    BASE      LENGTH    RELOCATION   SEGMENT NAME
            -----------------------------------------------------

            * * * * * * *   D A T A   M E M O R Y   * * * * * * *
            REG     0000H     0008H     ABSOLUTE     "REG BANK 0"
            IDATA   0008H     000BH     UNIT         ?ID?IT
            IDATA   0013H     0003H     UNIT         ?ID?MAIN
            IDATA   0016H     0003H     UNIT         ?ID?HUMIDITY
                    0019H     0007H                  *** GAP ***
            BIT     0020H.0   0001H.0   UNIT         ?BI?SYSTEM
            BIT     0021H.0   0000H.7   UNIT         _BIT_GROUP_
            BIT     0021H.7   0000H.3   UNIT         ?BI?DISPLAY
            BIT     0022H.2   0000H.3   UNIT         ?BI?MOTOR
            BIT     0022H.5   0000H.2   UNIT         ?BI?HUMIDITY
            BIT     0022H.7   0000H.2   UNIT         ?BI?DUST
            BIT     0023H.1   0000H.2   UNIT         ?BI?UART
            BIT     0023H.3   0000H.1   UNIT         ?BI?BUZZER
            BIT     0023H.4   0000H.1   UNIT         ?BI?IR
            BIT     0023H.5   0000H.1   UNIT         ?BI?KEY
            BIT     0023H.6   0000H.1   UNIT         ?BI?PROTOCOL
            BIT     0023H.7   0000H.1   UNIT         ?BI?STATE_STANDBY
            BIT     0024H.0   0000H.1   UNIT         ?BI?STATE_ECHECK
            BIT     0024H.1   0000H.1   UNIT         ?BI?STATE_WORK
                    0024H.2   0000H.6                *** GAP ***
            IDATA   0025H     0001H     UNIT         ?STACK

            * * * * * * *  X D A T A   M E M O R Y  * * * * * * *
            XDATA   0000H     00D8H     UNIT         ?XD?UART
            XDATA   00D8H     007DH     UNIT         ?XD?SYSTEM
            XDATA   0155H     0042H     UNIT         ?XD?DISPLAY
            XDATA   0197H     0018H     UNIT         ?XD?STATE_WORK
            XDATA   01AFH     0017H     UNIT         _XDATA_GROUP_
            XDATA   01C6H     0015H     UNIT         ?XD?DUST
            XDATA   01DBH     0011H     UNIT         ?XD?HUMIDITY
            XDATA   01ECH     0008H     UNIT         ?XD?MOTOR
            XDATA   01F4H     0004H     UNIT         ?XD?IT
            XDATA   01F8H     0004H     UNIT         ?XD?BUZZER
            XDATA   01FCH     0004H     UNIT         ?XD?KEY
            XDATA   0200H     0004H     UNIT         ?XD?PROTOCOL
            XDATA   0204H     0002H     UNIT         ?XD?IR
            XDATA   0206H     0002H     UNIT         ?XD?FSM
            XDATA   0208H     0002H     UNIT         ?XD?STATE_STANDBY
            XDATA   020AH     0001H     UNIT         ?XD?AIP1944
BL51 BANKED LINKER/LOCATER V6.22                                                      10/29/2015  16:57:16  PAGE 3


            XDATA   020BH     0001H     UNIT         ?XD?STATE_CLOCKSETTING
            XDATA   020CH     0001H     UNIT         ?XD?STATE_TIMERSETTING
            XDATA   020DH     0001H     UNIT         ?XD?STATE_TIMERLOOKUP

            * * * * * * *   C O D E   M E M O R Y   * * * * * * *
            CODE    0000H     0003H     ABSOLUTE     
            CODE    0003H     0018H     UNIT         ?PR?TIMER1_INIT?BSP_INIT
            CODE    001BH     0003H     ABSOLUTE     
            CODE    001EH     0005H     UNIT         ?PR?CMD_GET_SYS_STA_DEAL?PROTOCOL
            CODE    0023H     0003H     ABSOLUTE     
            CODE    0026H     0044H     UNIT         ?PR?UART_SENDSTARTUP?UART
            CODE    006AH     0001H     UNIT         ?PR?CMD_DUMMY_DEAL?PROTOCOL
            CODE    006BH     0003H     ABSOLUTE     
            CODE    006EH     0034H     UNIT         ?PR?_DISPLAY_SPLEVEL?DISPLAY
            CODE    00A2H     0001H     UNIT         ?PR?TASK_DONOTHING?FSM
            CODE    00A3H     0003H     ABSOLUTE     
            CODE    00A6H     000DH     UNIT         ?PR?BIT_INIT?BSP_INIT
            CODE    00B3H     0003H     ABSOLUTE     
            CODE    00B6H     0AE7H     UNIT         ?CO?HUMIDITY
            CODE    0B9DH     061FH     UNIT         ?PR?_TIMETICK?STATE_WORK
            CODE    11BCH     0417H     UNIT         ?PR?_PROTOCOL_STARESP?PROTOCOL
            CODE    15D3H     0408H     UNIT         ?C?LIB_CODE
            CODE    19DBH     030CH     UNIT         ?PR?_DISPLAYCONTROL?STATE_WORK
            CODE    1CE7H     01E1H     UNIT         ?PR?_IRDATADEAL?STATE_WORK
            CODE    1EC8H     01B3H     UNIT         ?PR?_KEYACTIONDEAL?STATE_TIMERSETTING
            CODE    207BH     01ABH     UNIT         ?PR?CMD_GET_DEVICE_INFO_DEAL?PROTOCOL
            CODE    2226H     01A5H     UNIT         ?PR?MOTOR_CTR?MOTOR
            CODE    23CBH     01A1H     UNIT         ?PR?PROTOCOL_TASK?PROTOCOL
            CODE    256CH     019BH     UNIT         ?PR?INT_BIT?IT
            CODE    2707H     015FH     UNIT         ?PR?CMD_GET_PM_DATAS_DEAL?PROTOCOL
            CODE    2866H     0148H     UNIT         ?PR?_DISPLAYCONTROL?STATE_TIMERSETTING
            CODE    29AEH     013AH     UNIT         ?PR?_KEYACTIONDEAL?STATE_WORK
            CODE    2AE8H     011EH     UNIT         ?PR?_DISPLAYCONTROL?STATE_TIMERLOOKUP
            CODE    2C06H     0117H     UNIT         ?CO?DISPLAY
            CODE    2D1DH     010FH     UNIT         ?PR?_IRDATADEAL?STATE_STANDBY
            CODE    2E2CH     010EH     UNIT         ?PR?_TIMETICK?STATE_STANDBY
            CODE    2F3AH     010DH     UNIT         ?PR?_ENTEREVENTDEAL?STATE_WORK
            CODE    3047H     010BH     UNIT         ?PR?INT_WT?IT
            CODE    3152H     0102H     UNIT         ?PR?_DISPLAY_DUSTDATA?DISPLAY
            CODE    3254H     0102H     UNIT         ?PR?_KEYACTIONDEAL?STATE_STANDBY
            CODE    3356H     0102H     UNIT         ?PR?_DISPLAYCONTROL?STATE_STANDBY
            CODE    3458H     00FEH     UNIT         ?PR?_DISPLAY_SHOWNUMINRTCAREA?DISPLAY
            CODE    3556H     00FEH     UNIT         ?PR?_HUMIDITY_AD2H?HUMIDITY
            CODE    3654H     00FAH     UNIT         ?PR?_DISPLAYCONTROL?STATE_TEST
            CODE    374EH     00F3H     UNIT         ?PR?SYS_UPDATETIMERONINDEX?SYSTEM
            CODE    3841H     00E3H     UNIT         ?PR?PROTOCOL_RESETWIFIMODE?PROTOCOL
            CODE    3924H     00D1H     UNIT         ?PR?MAIN?MAIN
            CODE    39F5H     00CEH     UNIT         ?PR?_DISPLAY_SHOWRT?DISPLAY
            CODE    3AC3H     00CCH     UNIT         ?PR?KEY_ACTIONDETECT?KEY
            CODE    3B8FH     00B2H     UNIT         ?PR?DISPLAY_LEDDRIVE?DISPLAY
            CODE    3C41H     00B1H     UNIT         ?PR?DUST_LEVELUPDATE?DUST
            CODE    3CF2H     00ADH     UNIT         ?PR?DUST_DATAUPDATE?DUST
            CODE    3D9FH     00ADH     UNIT         ?PR?CMD_GET_ENE_DATAS_DEAL?PROTOCOL
            CODE    3E4CH     00ACH     UNIT         ?PR?INT_USI1_RX?IT
            CODE    3EF8H     00A3H     UNIT         ?PR?PROTOCOL_ENTERATMODE?PROTOCOL
            CODE    3F9BH     00A0H     UNIT         ?PR?HUMIDITY_GETCURRENTH?HUMIDITY
            CODE    403BH     009AH     UNIT         ?C_C51STARTUP
BL51 BANKED LINKER/LOCATER V6.22                                                      10/29/2015  16:57:16  PAGE 4


            CODE    40D5H     008FH     UNIT         ?PR?INT_USI1_TX?IT
            CODE    4164H     008BH     UNIT         ?PR?_TASKEXE?STATE_WORK
            CODE    41EFH     0089H     UNIT         ?PR?HUMIDITY_GETCURRENTT?HUMIDITY
            CODE    4278H     007EH     UNIT         ?PR?_KEYACTIONDEAL?STATE_CLOCKSETTING
            CODE    42F6H     007AH     UNIT         ?PR?CMD_TIMER_CTR_DEAL?PROTOCOL
            CODE    4370H     0079H     UNIT         ?PR?SYS_RESET?SYSTEM
            CODE    43E9H     0075H     UNIT         ?PR?_HUMIDITY_GETH?HUMIDITY
            CODE    445EH     0064H     UNIT         ?PR?_MOTORCTR?STATE_WORK
            CODE    44C2H     0061H     UNIT         ?PR?_ENQUEUE?FIFO
            CODE    4523H     005FH     UNIT         ?PR?_DISPLAY_SHOWTEMPERATURE?DISPLAY
            CODE    4582H     005FH     UNIT         ?PR?_DISPLAY_SHOWHUMIDITY?DISPLAY
            CODE    45E1H     005FH     UNIT         ?PR?CMD_FAN_CTR_DEAL?PROTOCOL
            CODE    4640H     005DH     UNIT         ?PR?_DEQUEUE?FIFO
            CODE    469DH     0053H     UNIT         ?PR?SYS_LOADCTR?SYSTEM
            CODE    46F0H     0053H     UNIT         ?PR?KEY_READ?KEY
            CODE    4743H     0052H     UNIT         ?PR?_STATE_TRANSITIONTO?FSM
            CODE    4795H     0051H     UNIT         ?PR?PORT_INIT?BSP_INIT
            CODE    47E6H     0050H     UNIT         ?PR?_AIP1944_WRITEDISPDATAS?AIP1944
            CODE    4836H     004BH     UNIT         ?PR?DUST_GETRTLEVEL?DUST
            CODE    4881H     004BH     UNIT         ?CO?PROTOCOL
            CODE    48CCH     004AH     UNIT         ?PR?_DISPLAY_CIRCLERUN?DISPLAY
            CODE    4916H     0043H     UNIT         ?PR?BUZZ_CTR?BUZZER
            CODE    4959H     0043H     UNIT         ?PR?CMD_RT_SET_DEAL?PROTOCOL
            CODE    499CH     003EH     UNIT         ?PR?_DISPLAY_DUSTLEVEL?DISPLAY
            CODE    49DAH     003CH     UNIT         ?PR?_KEYACTIONDEAL?STATE_ECHECK
            CODE    4A16H     003AH     UNIT         ?PR?_KEYACTIONDEAL?STATE_TIMERLOOKUP
            CODE    4A50H     0039H     UNIT         ?PR?_QUEUEISFULL?FIFO
            CODE    4A89H     0038H     UNIT         ?PR?_ENTEREVENTDEAL?STATE_STANDBY
            CODE    4AC1H     0037H     UNIT         ?PR?CMD_MEM_SET_DEAL?PROTOCOL
            CODE    4AF8H     0034H     UNIT         ?PR?UART_MEMORYINIT?UART
            CODE    4B2CH     0034H     UNIT         ?PR?_DISPLAYCONTROL?STATE_TIMERFNSETTING
            CODE    4B60H     0033H     UNIT         ?PR?DISPLAY_CTR?DISPLAY
            CODE    4B93H     0033H     UNIT         ?PR?GETNEXTACTIVETIMERINDEX?STATE_TIMERLOOKUP
            CODE    4BC6H     0032H     UNIT         ?PR?INITALL?MAIN
            CODE    4BF8H     002EH     UNIT         ?PR?BSP_INIT?BSP_INIT
            CODE    4C26H     002EH     UNIT         ?PR?SYS_ENTERSTOPMODE?SYSTEM
            CODE    4C54H     002DH     UNIT         ?C_INITSEG
            CODE    4C81H     002CH     UNIT         ?PR?_DISPLAYCONTROL?STATE_CLOCKSETTING
            CODE    4CADH     002BH     UNIT         ?PR?CMD_POWER_CTR_DEAL?PROTOCOL
            CODE    4CD8H     002BH     UNIT         ?PR?_DISPLAYCONTROL?STATE_ECHECK
            CODE    4D03H     0026H     UNIT         ?PR?_HUMIDITY_AD2T?HUMIDITY
            CODE    4D29H     0020H     UNIT         ?PR?DISPLAY_SETLINE?DISPLAY
            CODE    4D49H     001FH     UNIT         ?PR?_KEYACTIONDEAL?STATE_TIMERFNSETTING
            CODE    4D68H     001EH     UNIT         ?CO?SYSTEM
            CODE    4D86H     001DH     UNIT         ?PR?_MOTOR_RUN?MOTOR
            CODE    4DA3H     001DH     UNIT         ?PR?CMD_AION_CTR_DEAL?PROTOCOL
            CODE    4DC0H     001DH     UNIT         ?PR?CMD_UV_CTR_DEAL?PROTOCOL
            CODE    4DDDH     001CH     UNIT         ?PR?CMD_REST_DEAL?PROTOCOL
            CODE    4DF9H     001BH     UNIT         ?PR?_BUZZ_SET?BUZZER
            CODE    4E14H     001BH     UNIT         ?CO?FSM
            CODE    4E2FH     001BH     UNIT         ?CO?STATE_TEST
            CODE    4E4AH     001BH     UNIT         ?CO?STATE_STARTUP
            CODE    4E65H     001BH     UNIT         ?CO?STATE_STANDBY
            CODE    4E80H     001BH     UNIT         ?CO?STATE_CLOCKSETTING
            CODE    4E9BH     001BH     UNIT         ?CO?STATE_ECHECK
            CODE    4EB6H     001BH     UNIT         ?CO?STATE_TIMERSETTING
            CODE    4ED1H     001BH     UNIT         ?CO?STATE_TIMERFNSETTING
BL51 BANKED LINKER/LOCATER V6.22                                                      10/29/2015  16:57:16  PAGE 5


            CODE    4EECH     001BH     UNIT         ?PR?_ENTEREVENTDEAL?STATE_TIMERLOOKUP
            CODE    4F07H     001BH     UNIT         ?CO?STATE_TIMERLOOKUP
            CODE    4F22H     001BH     UNIT         ?CO?STATE_WORK
            CODE    4F3DH     001AH     UNIT         ?PR?_AIP1944_WRITEBYTE?AIP1944
            CODE    4F57H     001AH     UNIT         ?PR?_QUEUELEN?FIFO
            CODE    4F71H     0019H     UNIT         ?PR?CMD_WIFI_STA_CHANGE_DEAL?PROTOCOL
            CODE    4F8AH     0018H     UNIT         ?PR?_TIMETICK?STATE_STARTUP
            CODE    4FA2H     0018H     UNIT         ?PR?_TIMETICK?STATE_CLOCKSETTING
            CODE    4FBAH     0018H     UNIT         ?PR?_TIMETICK?STATE_ECHECK
            CODE    4FD2H     0018H     UNIT         ?PR?_TIMETICK?STATE_TIMERSETTING
            CODE    4FEAH     0018H     UNIT         ?PR?_TIMETICK?STATE_TIMERFNSETTING
            CODE    5002H     0018H     UNIT         ?PR?_TIMETICK?STATE_TIMERLOOKUP
            CODE    501AH     0016H     UNIT         ?PR?UART_INIT?BSP_INIT
            CODE    5030H     0016H     UNIT         ?PR?_UTILS_GETADVALUE?HUMIDITY
            CODE    5046H     0016H     UNIT         ?PR?CMD_FIX_CTR_DEAL?PROTOCOL
            CODE    505CH     0016H     UNIT         ?PR?CMD_CLEAN_CTR_DEAL?PROTOCOL
            CODE    5072H     0015H     UNIT         ?PR?_QUEUEISEMPTY?FIFO
            CODE    5087H     0014H     UNIT         ?PR?_DISPLAY_SETALL?DISPLAY
            CODE    509BH     0014H     UNIT         ?PR?DUST_DEVICEINIT?DUST
            CODE    50AFH     0013H     UNIT         ?PR?INT_TIMER0?IT
            CODE    50C2H     0012H     UNIT         ?PR?_BUZ_ONOFF?BSP_INIT
            CODE    50D4H     0012H     UNIT         ?PR?BUZZ_DEVICEINIT?BUZZER
            CODE    50E6H     0010H     UNIT         ?PR?HUMIDITY_DEVICEINIT?HUMIDITY
            CODE    50F6H     0010H     UNIT         ?PR?HOURDEC?STATE_CLOCKSETTING
            CODE    5106H     0010H     UNIT         ?PR?MINDEC?STATE_CLOCKSETTING
            CODE    5116H     000FH     UNIT         ?PR?_ADC_START?BSP_INIT
            CODE    5125H     000FH     UNIT         ?PR?HOURINC?STATE_CLOCKSETTING
            CODE    5134H     000FH     UNIT         ?PR?MININC?STATE_CLOCKSETTING
            CODE    5143H     000EH     UNIT         ?PR?_INITQUEUE?FIFO
            CODE    5151H     000EH     UNIT         ?PR?_ENTEREVENTDEAL?STATE_STARTUP
            CODE    515FH     000DH     UNIT         ?PR?TIMER0_INIT?BSP_INIT
            CODE    516CH     000DH     UNIT         ?PR?WT_INIT?BSP_INIT
            CODE    5179H     000AH     UNIT         ?PR?MOTOR_STOP?MOTOR
            CODE    5183H     000AH     UNIT         ?PR?_DISPLAYCONTROL?STATE_STARTUP
            CODE    518DH     000AH     UNIT         ?PR?_ENTEREVENTDEAL?STATE_CLOCKSETTING
            CODE    5197H     000AH     UNIT         ?PR?_ENTEREVENTDEAL?STATE_TIMERSETTING
            CODE    51A1H     0009H     UNIT         ?PR?WDT_INIT?BSP_INIT
            CODE    51AAH     0009H     UNIT         ?PR?UART_RXDATSDEAL?UART
            CODE    51B3H     0008H     UNIT         ?PR?LCD_INIT?BSP_INIT
            CODE    51BBH     0008H     UNIT         ?PR?PROTOCOL_INIT?PROTOCOL
            CODE    51C3H     0008H     UNIT         ?PR?_ENTEREVENTDEAL?STATE_ECHECK
            CODE    51CBH     0007H     UNIT         ?PR?ADC_INIT?BSP_INIT
            CODE    51D2H     0007H     UNIT         ?PR?BUZ_INIT?BSP_INIT
            CODE    51D9H     0007H     UNIT         ?PR?CLOCK_INIT?BSP_INIT
            CODE    51E0H     0006H     UNIT         ?PR?_ENTEREVENTDEAL?STATE_TIMERFNSETTING
            CODE    51E6H     0004H     UNIT         ?PR?WDT_CLEAR?BSP_INIT
            CODE    51EAH     0003H     UNIT         ?PR?_MOTORCTR?STATE_STARTUP
            CODE    51EDH     0003H     UNIT         ?PR?_MOTORCTR?STATE_STANDBY
            CODE    51F0H     0003H     UNIT         ?PR?_MOTORCTR?STATE_CLOCKSETTING
            CODE    51F3H     0003H     UNIT         ?PR?_MOTORCTR?STATE_ECHECK
            CODE    51F6H     0003H     UNIT         ?PR?_MOTORCTR?STATE_TIMERSETTING
            CODE    51F9H     0003H     UNIT         ?PR?_MOTORCTR?STATE_TIMERFNSETTING
            CODE    51FCH     0003H     UNIT         ?PR?_MOTORCTR?STATE_TIMERLOOKUP
            CODE    51FFH     0001H     UNIT         ?PR?_KEYACTIONDEAL?STATE_TEST
            CODE    5200H     0001H     UNIT         ?PR?_TASKEXE?STATE_TEST
            CODE    5201H     0001H     UNIT         ?PR?_TIMETICK?STATE_TEST
            CODE    5202H     0001H     UNIT         ?PR?_MOTORCTR?STATE_TEST
BL51 BANKED LINKER/LOCATER V6.22                                                      10/29/2015  16:57:16  PAGE 6


            CODE    5203H     0001H     UNIT         ?PR?_IRDATADEAL?STATE_TEST
            CODE    5204H     0001H     UNIT         ?PR?_RXDATADEAL?STATE_TEST
            CODE    5205H     0001H     UNIT         ?PR?_ENTEREVENTDEAL?STATE_TEST
            CODE    5206H     0001H     UNIT         ?PR?_EXITEVENTDEAL?STATE_TEST
            CODE    5207H     0001H     UNIT         ?PR?_KEYACTIONDEAL?STATE_STARTUP
            CODE    5208H     0001H     UNIT         ?PR?_TASKEXE?STATE_STARTUP
            CODE    5209H     0001H     UNIT         ?PR?_IRDATADEAL?STATE_STARTUP
            CODE    520AH     0001H     UNIT         ?PR?_RXDATADEAL?STATE_STARTUP
            CODE    520BH     0001H     UNIT         ?PR?_EXITEVENTDEAL?STATE_STARTUP
            CODE    520CH     0001H     UNIT         ?PR?_TASKEXE?STATE_STANDBY
            CODE    520DH     0001H     UNIT         ?PR?_RXDATADEAL?STATE_STANDBY
            CODE    520EH     0001H     UNIT         ?PR?_EXITEVENTDEAL?STATE_STANDBY
            CODE    520FH     0001H     UNIT         ?PR?_TASKEXE?STATE_CLOCKSETTING
            CODE    5210H     0001H     UNIT         ?PR?_IRDATADEAL?STATE_CLOCKSETTING
            CODE    5211H     0001H     UNIT         ?PR?_RXDATADEAL?STATE_CLOCKSETTING
            CODE    5212H     0001H     UNIT         ?PR?_EXITEVENTDEAL?STATE_CLOCKSETTING
            CODE    5213H     0001H     UNIT         ?PR?_TASKEXE?STATE_ECHECK
            CODE    5214H     0001H     UNIT         ?PR?_IRDATADEAL?STATE_ECHECK
            CODE    5215H     0001H     UNIT         ?PR?_RXDATADEAL?STATE_ECHECK
            CODE    5216H     0001H     UNIT         ?PR?_EXITEVENTDEAL?STATE_ECHECK
            CODE    5217H     0001H     UNIT         ?PR?_TASKEXE?STATE_TIMERSETTING
            CODE    5218H     0001H     UNIT         ?PR?_IRDATADEAL?STATE_TIMERSETTING
            CODE    5219H     0001H     UNIT         ?PR?_RXDATADEAL?STATE_TIMERSETTING
            CODE    521AH     0001H     UNIT         ?PR?_EXITEVENTDEAL?STATE_TIMERSETTING
            CODE    521BH     0001H     UNIT         ?PR?_TASKEXE?STATE_TIMERFNSETTING
            CODE    521CH     0001H     UNIT         ?PR?_IRDATADEAL?STATE_TIMERFNSETTING
            CODE    521DH     0001H     UNIT         ?PR?_RXDATADEAL?STATE_TIMERFNSETTING
            CODE    521EH     0001H     UNIT         ?PR?_EXITEVENTDEAL?STATE_TIMERFNSETTING
            CODE    521FH     0001H     UNIT         ?PR?_TASKEXE?STATE_TIMERLOOKUP
            CODE    5220H     0001H     UNIT         ?PR?_IRDATADEAL?STATE_TIMERLOOKUP
            CODE    5221H     0001H     UNIT         ?PR?_RXDATADEAL?STATE_TIMERLOOKUP
            CODE    5222H     0001H     UNIT         ?PR?_EXITEVENTDEAL?STATE_TIMERLOOKUP
            CODE    5223H     0001H     UNIT         ?PR?_RXDATADEAL?STATE_WORK
            CODE    5224H     0001H     UNIT         ?PR?_EXITEVENTDEAL?STATE_WORK



OVERLAY MAP OF MODULE:   YTN-E608-WIFI-6432 (IT)


SEGMENT                                             BIT_GROUP          XDATA_GROUP
  +--> CALLED SEGMENT                            START    LENGTH     START    LENGTH
------------------------------------------------------------------------------------
?PR?INT_WT?IT                                    -----    -----      -----    -----
  +--> ?PR?INITALL?MAIN

?PR?INITALL?MAIN                                 -----    -----      -----    -----
  +--> ?PR?BSP_INIT?BSP_INIT
  +--> ?PR?BUZZ_DEVICEINIT?BUZZER
  +--> ?PR?UART_MEMORYINIT?UART
  +--> ?PR?PROTOCOL_INIT?PROTOCOL
  +--> ?PR?HUMIDITY_DEVICEINIT?HUMIDITY
  +--> ?PR?DUST_DEVICEINIT?DUST
  +--> ?CO?STATE_STANDBY
  +--> ?PR?_STATE_TRANSITIONTO?FSM
  +--> ?PR?_BUZZ_SET?BUZZER

BL51 BANKED LINKER/LOCATER V6.22                                                      10/29/2015  16:57:16  PAGE 7


?PR?BSP_INIT?BSP_INIT                            -----    -----      -----    -----
  +--> ?PR?PORT_INIT?BSP_INIT
  +--> ?PR?CLOCK_INIT?BSP_INIT
  +--> ?PR?WT_INIT?BSP_INIT
  +--> ?PR?ADC_INIT?BSP_INIT
  +--> ?PR?BIT_INIT?BSP_INIT
  +--> ?PR?BUZ_INIT?BSP_INIT
  +--> ?PR?LCD_INIT?BSP_INIT
  +--> ?PR?TIMER0_INIT?BSP_INIT
  +--> ?PR?TIMER1_INIT?BSP_INIT
  +--> ?PR?UART_INIT?BSP_INIT

?PR?UART_MEMORYINIT?UART                         -----    -----      -----    -----
  +--> ?PR?_INITQUEUE?FIFO

?PR?HUMIDITY_DEVICEINIT?HUMIDITY                 -----    -----      -----    -----
  +--> ?PR?_UTILS_GETADVALUE?HUMIDITY
  +--> ?PR?_HUMIDITY_AD2T?HUMIDITY
  +--> ?PR?_HUMIDITY_AD2H?HUMIDITY

?PR?_HUMIDITY_AD2T?HUMIDITY                      -----    -----      -----    -----
  +--> ?CO?HUMIDITY

?PR?_HUMIDITY_AD2H?HUMIDITY                      -----    -----      01B7H    0003H
  +--> ?PR?_HUMIDITY_GETH?HUMIDITY

?PR?_HUMIDITY_GETH?HUMIDITY                      -----    -----      01BAH    0003H
  +--> ?CO?HUMIDITY

?CO?STATE_STANDBY                                -----    -----      -----    -----
  +--> ?PR?_KEYACTIONDEAL?STATE_STANDBY
  +--> ?PR?_DISPLAYCONTROL?STATE_STANDBY
  +--> ?PR?_TASKEXE?STATE_STANDBY
  +--> ?PR?_TIMETICK?STATE_STANDBY
  +--> ?PR?_MOTORCTR?STATE_STANDBY
  +--> ?PR?_IRDATADEAL?STATE_STANDBY
  +--> ?PR?_RXDATADEAL?STATE_STANDBY
  +--> ?PR?_ENTEREVENTDEAL?STATE_STANDBY
  +--> ?PR?_EXITEVENTDEAL?STATE_STANDBY

?PR?_KEYACTIONDEAL?STATE_STANDBY                 -----    -----      -----    -----
  +--> ?PR?_BUZZ_SET?BUZZER
  +--> ?CO?STATE_WORK
  +--> ?CO?STATE_ECHECK
  +--> ?CO?STATE_TIMERLOOKUP
  +--> ?CO?STATE_CLOCKSETTING
  +--> ?CO?STATE_TIMERSETTING
  +--> ?CO?STATE_TIMERFNSETTING
  +--> ?PR?_STATE_TRANSITIONTO?FSM
  +--> ?PR?PROTOCOL_ENTERATMODE?PROTOCOL
  +--> ?PR?SYS_RESET?SYSTEM

?CO?STATE_WORK                                   -----    -----      -----    -----
  +--> ?PR?_KEYACTIONDEAL?STATE_WORK
  +--> ?PR?_DISPLAYCONTROL?STATE_WORK
  +--> ?PR?_TASKEXE?STATE_WORK
  +--> ?PR?_TIMETICK?STATE_WORK
BL51 BANKED LINKER/LOCATER V6.22                                                      10/29/2015  16:57:16  PAGE 8


  +--> ?PR?_MOTORCTR?STATE_WORK
  +--> ?PR?_IRDATADEAL?STATE_WORK
  +--> ?PR?_RXDATADEAL?STATE_WORK
  +--> ?PR?_ENTEREVENTDEAL?STATE_WORK
  +--> ?PR?_EXITEVENTDEAL?STATE_WORK

?PR?_KEYACTIONDEAL?STATE_WORK                    -----    -----      -----    -----
  +--> ?PR?_STATE_TRANSITIONTO?FSM
  +--> ?PR?_BUZZ_SET?BUZZER

?PR?_STATE_TRANSITIONTO?FSM                      0021H.4  0000H.2    01BBH    0002H

?PR?_DISPLAYCONTROL?STATE_WORK                   -----    -----      -----    -----
  +--> ?PR?_DISPLAY_SPLEVEL?DISPLAY
  +--> ?PR?DISPLAY_SETLINE?DISPLAY
  +--> ?PR?_DISPLAY_DUSTDATA?DISPLAY
  +--> ?PR?_DISPLAY_DUSTLEVEL?DISPLAY
  +--> ?PR?_DISPLAY_SHOWTEMPERATURE?DISPLAY
  +--> ?PR?_DISPLAY_SHOWHUMIDITY?DISPLAY
  +--> ?PR?_DISPLAY_SHOWRT?DISPLAY
  +--> ?PR?_DISPLAY_CIRCLERUN?DISPLAY
  +--> ?CO?SYSTEM

?PR?_DISPLAY_DUSTDATA?DISPLAY                    -----    -----      01BAH    0003H
  +--> ?CO?DISPLAY

?PR?_DISPLAY_SHOWTEMPERATURE?DISPLAY             -----    -----      -----    -----
  +--> ?CO?DISPLAY

?PR?_DISPLAY_SHOWHUMIDITY?DISPLAY                -----    -----      -----    -----
  +--> ?CO?DISPLAY

?PR?_DISPLAY_SHOWRT?DISPLAY                      0021H.5  0000H.2    -----    -----
  +--> ?CO?DISPLAY

?PR?_TIMETICK?STATE_WORK                         -----    -----      01BAH    0001H
  +--> ?PR?_STATE_TRANSITIONTO?FSM
  +--> ?PR?_BUZZ_SET?BUZZER
  +--> ?CO?SYSTEM

?PR?_MOTORCTR?STATE_WORK                         -----    -----      -----    -----
  +--> ?PR?MOTOR_STOP?MOTOR
  +--> ?PR?_MOTOR_RUN?MOTOR

?PR?_IRDATADEAL?STATE_WORK                       -----    -----      -----    -----
  +--> ?PR?_BUZZ_SET?BUZZER
  +--> ?PR?_STATE_TRANSITIONTO?FSM

?PR?_ENTEREVENTDEAL?STATE_WORK                   -----    -----      -----    -----
  +--> ?PR?DUST_DEVICEINIT?DUST

?CO?STATE_ECHECK                                 -----    -----      -----    -----
  +--> ?PR?_KEYACTIONDEAL?STATE_ECHECK
  +--> ?PR?_DISPLAYCONTROL?STATE_ECHECK
  +--> ?PR?_TASKEXE?STATE_ECHECK
  +--> ?PR?_TIMETICK?STATE_ECHECK
  +--> ?PR?_MOTORCTR?STATE_ECHECK
BL51 BANKED LINKER/LOCATER V6.22                                                      10/29/2015  16:57:16  PAGE 9


  +--> ?PR?_IRDATADEAL?STATE_ECHECK
  +--> ?PR?_RXDATADEAL?STATE_ECHECK
  +--> ?PR?_ENTEREVENTDEAL?STATE_ECHECK
  +--> ?PR?_EXITEVENTDEAL?STATE_ECHECK

?PR?_KEYACTIONDEAL?STATE_ECHECK                  -----    -----      -----    -----
  +--> ?PR?_BUZZ_SET?BUZZER

?PR?_DISPLAYCONTROL?STATE_ECHECK                 -----    -----      -----    -----
  +--> ?PR?_DISPLAY_SHOWNUMINRTCAREA?DISPLAY

?PR?_DISPLAY_SHOWNUMINRTCAREA?DISPLAY            -----    -----      01BAH    0003H
  +--> ?CO?DISPLAY

?PR?_TIMETICK?STATE_ECHECK                       -----    -----      -----    -----
  +--> ?PR?_STATE_TRANSITIONTO?FSM

?PR?_MOTORCTR?STATE_ECHECK                       -----    -----      -----    -----
  +--> ?PR?MOTOR_STOP?MOTOR

?CO?STATE_TIMERLOOKUP                            -----    -----      -----    -----
  +--> ?PR?_KEYACTIONDEAL?STATE_TIMERLOOKUP
  +--> ?PR?_DISPLAYCONTROL?STATE_TIMERLOOKUP
  +--> ?PR?_TASKEXE?STATE_TIMERLOOKUP
  +--> ?PR?_TIMETICK?STATE_TIMERLOOKUP
  +--> ?PR?_MOTORCTR?STATE_TIMERLOOKUP
  +--> ?PR?_IRDATADEAL?STATE_TIMERLOOKUP
  +--> ?PR?_RXDATADEAL?STATE_TIMERLOOKUP
  +--> ?PR?_ENTEREVENTDEAL?STATE_TIMERLOOKUP
  +--> ?PR?_EXITEVENTDEAL?STATE_TIMERLOOKUP

?PR?_KEYACTIONDEAL?STATE_TIMERLOOKUP             -----    -----      -----    -----
  +--> ?PR?GETNEXTACTIVETIMERINDEX?STATE_TIM...
  +--> ?PR?_BUZZ_SET?BUZZER

?PR?GETNEXTACTIVETIMERINDEX?STATE_TIM...         -----    -----      -----    -----
  +--> ?CO?SYSTEM

?PR?_DISPLAYCONTROL?STATE_TIMERLOOKUP            -----    -----      -----    -----
  +--> ?PR?_DISPLAY_SHOWNUMINRTCAREA?DISPLAY
  +--> ?CO?SYSTEM
  +--> ?PR?_DISPLAY_SHOWRT?DISPLAY

?PR?_TIMETICK?STATE_TIMERLOOKUP                  -----    -----      -----    -----
  +--> ?PR?_STATE_TRANSITIONTO?FSM

?PR?_MOTORCTR?STATE_TIMERLOOKUP                  -----    -----      -----    -----
  +--> ?PR?MOTOR_STOP?MOTOR

?PR?_ENTEREVENTDEAL?STATE_TIMERLOOKUP            -----    -----      -----    -----
  +--> ?PR?GETNEXTACTIVETIMERINDEX?STATE_TIM...

?CO?STATE_CLOCKSETTING                           -----    -----      -----    -----
  +--> ?PR?_KEYACTIONDEAL?STATE_CLOCKSETTING
  +--> ?PR?_DISPLAYCONTROL?STATE_CLOCKSETTING
  +--> ?PR?_TASKEXE?STATE_CLOCKSETTING
  +--> ?PR?_TIMETICK?STATE_CLOCKSETTING
BL51 BANKED LINKER/LOCATER V6.22                                                      10/29/2015  16:57:16  PAGE 10


  +--> ?PR?_MOTORCTR?STATE_CLOCKSETTING
  +--> ?PR?_IRDATADEAL?STATE_CLOCKSETTING
  +--> ?PR?_RXDATADEAL?STATE_CLOCKSETTING
  +--> ?PR?_ENTEREVENTDEAL?STATE_CLOCKSETTING
  +--> ?PR?_EXITEVENTDEAL?STATE_CLOCKSETTING

?PR?_KEYACTIONDEAL?STATE_CLOCKSETTING            -----    -----      -----    -----
  +--> ?PR?HOURINC?STATE_CLOCKSETTING
  +--> ?PR?MININC?STATE_CLOCKSETTING
  +--> ?PR?HOURDEC?STATE_CLOCKSETTING
  +--> ?PR?MINDEC?STATE_CLOCKSETTING
  +--> ?PR?_BUZZ_SET?BUZZER

?PR?_DISPLAYCONTROL?STATE_CLOCKSETTING           -----    -----      -----    -----
  +--> ?PR?_DISPLAY_SHOWRT?DISPLAY

?PR?_TIMETICK?STATE_CLOCKSETTING                 -----    -----      -----    -----
  +--> ?PR?_STATE_TRANSITIONTO?FSM

?PR?_MOTORCTR?STATE_CLOCKSETTING                 -----    -----      -----    -----
  +--> ?PR?MOTOR_STOP?MOTOR

?CO?STATE_TIMERSETTING                           -----    -----      -----    -----
  +--> ?PR?_KEYACTIONDEAL?STATE_TIMERSETTING
  +--> ?PR?_DISPLAYCONTROL?STATE_TIMERSETTING
  +--> ?PR?_TASKEXE?STATE_TIMERSETTING
  +--> ?PR?_TIMETICK?STATE_TIMERSETTING
  +--> ?PR?_MOTORCTR?STATE_TIMERSETTING
  +--> ?PR?_IRDATADEAL?STATE_TIMERSETTING
  +--> ?PR?_RXDATADEAL?STATE_TIMERSETTING
  +--> ?PR?_ENTEREVENTDEAL?STATE_TIMERSETTING
  +--> ?PR?_EXITEVENTDEAL?STATE_TIMERSETTING

?PR?_KEYACTIONDEAL?STATE_TIMERSETTING            0021H.4  0000H.1    01BAH    0003H
  +--> ?CO?SYSTEM
  +--> ?PR?_BUZZ_SET?BUZZER

?PR?_DISPLAYCONTROL?STATE_TIMERSETTING           0021H.4  0000H.1    -----    -----
  +--> ?PR?_DISPLAY_SHOWNUMINRTCAREA?DISPLAY
  +--> ?CO?SYSTEM
  +--> ?PR?_DISPLAY_SHOWRT?DISPLAY

?PR?_TIMETICK?STATE_TIMERSETTING                 -----    -----      -----    -----
  +--> ?PR?_STATE_TRANSITIONTO?FSM

?PR?_MOTORCTR?STATE_TIMERSETTING                 -----    -----      -----    -----
  +--> ?PR?MOTOR_STOP?MOTOR

?CO?STATE_TIMERFNSETTING                         -----    -----      -----    -----
  +--> ?PR?_KEYACTIONDEAL?STATE_TIMERFNSETTING
  +--> ?PR?_DISPLAYCONTROL?STATE_TIMERFNSETTING
  +--> ?PR?_TASKEXE?STATE_TIMERFNSETTING
  +--> ?PR?_TIMETICK?STATE_TIMERFNSETTING
  +--> ?PR?_MOTORCTR?STATE_TIMERFNSETTING
  +--> ?PR?_IRDATADEAL?STATE_TIMERFNSETTING
  +--> ?PR?_RXDATADEAL?STATE_TIMERFNSETTING
  +--> ?PR?_ENTEREVENTDEAL?STATE_TIMERFNSETTING
BL51 BANKED LINKER/LOCATER V6.22                                                      10/29/2015  16:57:16  PAGE 11


  +--> ?PR?_EXITEVENTDEAL?STATE_TIMERFNSETTING

?PR?_KEYACTIONDEAL?STATE_TIMERFNSETTING          -----    -----      -----    -----
  +--> ?PR?_BUZZ_SET?BUZZER

?PR?_TIMETICK?STATE_TIMERFNSETTING               -----    -----      -----    -----
  +--> ?PR?_STATE_TRANSITIONTO?FSM

?PR?_MOTORCTR?STATE_TIMERFNSETTING               -----    -----      -----    -----
  +--> ?PR?MOTOR_STOP?MOTOR

?PR?PROTOCOL_ENTERATMODE?PROTOCOL                -----    -----      -----    -----
  +--> ?PR?_ENQUEUE?FIFO
  +--> ?PR?UART_SENDSTARTUP?UART

?PR?_ENQUEUE?FIFO                                -----    -----      01BFH    0004H
  +--> ?PR?_QUEUEISFULL?FIFO

?PR?_QUEUEISFULL?FIFO                            -----    -----      01C3H    0003H

?PR?UART_SENDSTARTUP?UART                        -----    -----      -----    -----
  +--> ?PR?_QUEUELEN?FIFO
  +--> ?PR?_DEQUEUE?FIFO

?PR?_DEQUEUE?FIFO                                -----    -----      01BFH    0004H
  +--> ?PR?_QUEUEISEMPTY?FIFO

?PR?_DISPLAYCONTROL?STATE_STANDBY                -----    -----      -----    -----
  +--> ?PR?_DISPLAY_DUSTDATA?DISPLAY
  +--> ?PR?_DISPLAY_SHOWRT?DISPLAY

?PR?_TIMETICK?STATE_STANDBY                      -----    -----      -----    -----
  +--> ?PR?PROTOCOL_RESETWIFIMODE?PROTOCOL
  +--> ?CO?SYSTEM
  +--> ?PR?_BUZZ_SET?BUZZER
  +--> ?CO?STATE_WORK
  +--> ?PR?_STATE_TRANSITIONTO?FSM

?PR?PROTOCOL_RESETWIFIMODE?PROTOCOL              -----    -----      -----    -----
  +--> ?PR?_ENQUEUE?FIFO
  +--> ?PR?UART_SENDSTARTUP?UART

?PR?_MOTORCTR?STATE_STANDBY                      -----    -----      -----    -----
  +--> ?PR?MOTOR_STOP?MOTOR

?PR?_IRDATADEAL?STATE_STANDBY                    -----    -----      -----    -----
  +--> ?PR?_BUZZ_SET?BUZZER
  +--> ?CO?STATE_WORK
  +--> ?PR?_STATE_TRANSITIONTO?FSM

?PR?_ENTEREVENTDEAL?STATE_STANDBY                -----    -----      -----    -----
  +--> ?PR?SYS_UPDATETIMERONINDEX?SYSTEM

?PR?SYS_UPDATETIMERONINDEX?SYSTEM                -----    -----      01BAH    0005H
  +--> ?CO?SYSTEM

*** NEW ROOT ***************************************************
BL51 BANKED LINKER/LOCATER V6.22                                                      10/29/2015  16:57:16  PAGE 12



?PR?INT_BIT?IT                                   -----    -----      -----    -----
  +--> ?PR?DISPLAY_LEDDRIVE?DISPLAY

?PR?DISPLAY_LEDDRIVE?DISPLAY                     0021H.4  0000H.1    -----    -----

*** NEW ROOT ***************************************************

?C_C51STARTUP                                    -----    -----      -----    -----
  +--> ?PR?MAIN?MAIN
  +--> ?C_INITSEG

?PR?MAIN?MAIN                                    -----    -----      -----    -----
  +--> ?PR?INITALL?MAIN
  +--> ?PR?UART_RXDATSDEAL?UART
  +--> ?PR?_UTILS_GETADVALUE?HUMIDITY
  +--> ?PR?KEY_ACTIONDETECT?KEY
  +--> ?PR?DISPLAY_LEDDRIVE?DISPLAY
  +--> ?PR?BUZZ_CTR?BUZZER
  +--> ?PR?DUST_DATAUPDATE?DUST
  +--> ?PR?MOTOR_CTR?MOTOR
  +--> ?PR?SYS_LOADCTR?SYSTEM
  +--> ?PR?SYS_ENTERSTOPMODE?SYSTEM
  +--> ?PR?DISPLAY_CTR?DISPLAY
  +--> ?PR?HUMIDITY_GETCURRENTT?HUMIDITY
  +--> ?PR?HUMIDITY_GETCURRENTH?HUMIDITY
  +--> ?PR?DUST_LEVELUPDATE?DUST

?PR?UART_RXDATSDEAL?UART                         -----    -----      -----    -----
  +--> ?PR?PROTOCOL_TASK?PROTOCOL

?PR?PROTOCOL_TASK?PROTOCOL                       -----    -----      01B6H    0004H
  +--> ?PR?CMD_DUMMY_DEAL?PROTOCOL
  +--> ?CO?PROTOCOL

?CO?PROTOCOL                                     -----    -----      -----    -----
  +--> ?PR?CMD_GET_SYS_STA_DEAL?PROTOCOL
  +--> ?PR?CMD_POWER_CTR_DEAL?PROTOCOL
  +--> ?PR?CMD_FAN_CTR_DEAL?PROTOCOL
  +--> ?PR?CMD_FIX_CTR_DEAL?PROTOCOL
  +--> ?PR?CMD_CLEAN_CTR_DEAL?PROTOCOL
  +--> ?PR?CMD_AION_CTR_DEAL?PROTOCOL
  +--> ?PR?CMD_UV_CTR_DEAL?PROTOCOL
  +--> ?PR?CMD_TIMER_CTR_DEAL?PROTOCOL
  +--> ?PR?CMD_GET_PM_DATAS_DEAL?PROTOCOL
  +--> ?PR?CMD_GET_ENE_DATAS_DEAL?PROTOCOL
  +--> ?PR?CMD_RT_SET_DEAL?PROTOCOL
  +--> ?PR?CMD_MEM_SET_DEAL?PROTOCOL
  +--> ?PR?CMD_REST_DEAL?PROTOCOL
  +--> ?PR?CMD_GET_DEVICE_INFO_DEAL?PROTOCOL
  +--> ?PR?CMD_WIFI_STA_CHANGE_DEAL?PROTOCOL

?PR?CMD_GET_SYS_STA_DEAL?PROTOCOL                -----    -----      -----    -----
  +--> ?PR?_PROTOCOL_STARESP?PROTOCOL

?PR?_PROTOCOL_STARESP?PROTOCOL                   -----    -----      01BAH    0002H
  +--> ?PR?_ENQUEUE?FIFO
BL51 BANKED LINKER/LOCATER V6.22                                                      10/29/2015  16:57:16  PAGE 13


  +--> ?PR?UART_SENDSTARTUP?UART

?PR?CMD_POWER_CTR_DEAL?PROTOCOL                  -----    -----      -----    -----
  +--> ?CO?STATE_WORK
  +--> ?CO?STATE_STANDBY
  +--> ?PR?_STATE_TRANSITIONTO?FSM
  +--> ?PR?_BUZZ_SET?BUZZER
  +--> ?PR?_PROTOCOL_STARESP?PROTOCOL

?PR?CMD_FAN_CTR_DEAL?PROTOCOL                    -----    -----      -----    -----
  +--> ?PR?_BUZZ_SET?BUZZER
  +--> ?PR?_PROTOCOL_STARESP?PROTOCOL

?PR?CMD_FIX_CTR_DEAL?PROTOCOL                    -----    -----      -----    -----
  +--> ?PR?_BUZZ_SET?BUZZER
  +--> ?PR?_PROTOCOL_STARESP?PROTOCOL

?PR?CMD_CLEAN_CTR_DEAL?PROTOCOL                  -----    -----      -----    -----
  +--> ?PR?_BUZZ_SET?BUZZER
  +--> ?PR?_PROTOCOL_STARESP?PROTOCOL

?PR?CMD_AION_CTR_DEAL?PROTOCOL                   -----    -----      -----    -----
  +--> ?PR?_BUZZ_SET?BUZZER
  +--> ?PR?_PROTOCOL_STARESP?PROTOCOL

?PR?CMD_UV_CTR_DEAL?PROTOCOL                     -----    -----      -----    -----
  +--> ?PR?_BUZZ_SET?BUZZER
  +--> ?PR?_PROTOCOL_STARESP?PROTOCOL

?PR?CMD_TIMER_CTR_DEAL?PROTOCOL                  -----    -----      -----    -----
  +--> ?PR?SYS_UPDATETIMERONINDEX?SYSTEM
  +--> ?PR?_BUZZ_SET?BUZZER
  +--> ?PR?_PROTOCOL_STARESP?PROTOCOL

?PR?CMD_GET_PM_DATAS_DEAL?PROTOCOL               -----    -----      01BAH    0005H
  +--> ?PR?_ENQUEUE?FIFO
  +--> ?PR?_BUZZ_SET?BUZZER
  +--> ?PR?UART_SENDSTARTUP?UART

?PR?CMD_GET_ENE_DATAS_DEAL?PROTOCOL              -----    -----      01BAH    0002H
  +--> ?PR?_ENQUEUE?FIFO
  +--> ?PR?_BUZZ_SET?BUZZER
  +--> ?PR?UART_SENDSTARTUP?UART

?PR?CMD_RT_SET_DEAL?PROTOCOL                     -----    -----      -----    -----
  +--> ?PR?_BUZZ_SET?BUZZER
  +--> ?PR?_PROTOCOL_STARESP?PROTOCOL

?PR?CMD_MEM_SET_DEAL?PROTOCOL                    -----    -----      -----    -----
  +--> ?CO?STATE_STANDBY
  +--> ?PR?_STATE_TRANSITIONTO?FSM
  +--> ?PR?_BUZZ_SET?BUZZER
  +--> ?PR?_PROTOCOL_STARESP?PROTOCOL

?PR?CMD_REST_DEAL?PROTOCOL                       -----    -----      -----    -----
  +--> ?PR?SYS_RESET?SYSTEM
  +--> ?CO?STATE_STANDBY
BL51 BANKED LINKER/LOCATER V6.22                                                      10/29/2015  16:57:16  PAGE 14


  +--> ?PR?_STATE_TRANSITIONTO?FSM
  +--> ?PR?_BUZZ_SET?BUZZER
  +--> ?PR?_PROTOCOL_STARESP?PROTOCOL

?PR?CMD_GET_DEVICE_INFO_DEAL?PROTOCOL            -----    -----      01BAH    0001H
  +--> ?PR?_ENQUEUE?FIFO
  +--> ?PR?UART_SENDSTARTUP?UART

?PR?KEY_ACTIONDETECT?KEY                         -----    -----      01B6H    0001H
  +--> ?PR?KEY_READ?KEY

?PR?DUST_DATAUPDATE?DUST                         -----    -----      -----    -----
  +--> ?PR?DUST_GETRTLEVEL?DUST

?PR?MOTOR_CTR?MOTOR                              -----    -----      01B6H    0006H

?PR?DISPLAY_CTR?DISPLAY                          -----    -----      -----    -----
  +--> ?PR?_DISPLAY_SETALL?DISPLAY
  +--> ?PR?_AIP1944_WRITEDISPDATAS?AIP1944

?PR?_AIP1944_WRITEDISPDATAS?AIP1944              -----    -----      01B6H    0005H
  +--> ?PR?_AIP1944_WRITEBYTE?AIP1944

?PR?HUMIDITY_GETCURRENTT?HUMIDITY                -----    -----      -----    -----
  +--> ?PR?_UTILS_GETADVALUE?HUMIDITY
  +--> ?PR?_HUMIDITY_AD2T?HUMIDITY

?PR?HUMIDITY_GETCURRENTH?HUMIDITY                -----    -----      01B6H    0001H
  +--> ?PR?_HUMIDITY_AD2H?HUMIDITY

?PR?DUST_LEVELUPDATE?DUST                        -----    -----      -----    -----
  +--> ?PR?DUST_GETRTLEVEL?DUST

?C_INITSEG                                       -----    -----      -----    -----
  +--> ?CO?FSM

?CO?FSM                                          -----    -----      -----    -----
  +--> ?PR?TASK_DONOTHING?FSM



SYMBOL TABLE OF MODULE:  YTN-E608-WIFI-6432 (IT)

  VALUE           TYPE          NAME
  ----------------------------------

  -------         MODULE        IT
  C:0000H         SYMBOL        _ICE_DUMMY_
  D:0080H         PUBLIC        P0
  C:50AFH         PUBLIC        INT_Timer0
  D:0088H         PUBLIC        P1
  D:0090H         PUBLIC        P2
  D:0098H         PUBLIC        P3
  D:00A0H         PUBLIC        P4
  D:00B0H         PUBLIC        P5
  D:008DH         PUBLIC        WDTCR
  D:00A8H         PUBLIC        IE
BL51 BANKED LINKER/LOCATER V6.22                                                      10/29/2015  16:57:16  PAGE 15


  D:00B2H         PUBLIC        T0CR
  C:3E4CH         PUBLIC        INT_USI1_Rx
  C:40D5H         PUBLIC        INT_USI1_Tx
  C:256CH         PUBLIC        INT_BIT
  D:0087H         PUBLIC        PCON
  B:0090H.2       PUBLIC        P22
  B:0090H.3       PUBLIC        P23
  D:00F5H         PUBLIC        USI1DR
  D:00ABH         PUBLIC        IE3
  X:01F6H         PUBLIC        SysTick_4ms
  X:01F7H         SYMBOL        pgCntH
  I:0011H         PUBLIC        SquGen_Cnt
  D:00B3H         PUBLIC        T0CNT
  I:0012H         SYMBOL        IR_Flags
  D:00EAH         PUBLIC        USI1CR2
  C:3047H         PUBLIC        INT_WT
  -------         PROC          INT_USI1_RX
  -------         DO            
  D:0007H         SYMBOL        len
  -------         ENDDO         
  C:3E4CH         LINE#         7
  C:3E69H         LINE#         12
  C:3E6FH         LINE#         15
  C:3E8AH         LINE#         16
  C:3EB1H         LINE#         19
  C:3ED5H         LINE#         20
  C:3EDBH         LINE#         21
  C:3EDBH         LINE#         22
  C:3EDDH         LINE#         23
  C:3EDDH         LINE#         24
  -------         ENDPROC       INT_USI1_RX
  -------         PROC          INT_USI1_TX
  C:40D5H         LINE#         26
  C:40F2H         LINE#         31
  C:410DH         LINE#         32
  C:4134H         LINE#         35
  C:4144H         LINE#         36
  C:4144H         LINE#         37
  C:4146H         LINE#         38
  C:4149H         LINE#         39
  C:4149H         LINE#         40
  -------         ENDPROC       INT_USI1_TX
  -------         PROC          INT_TIMER0
  C:50AFH         LINE#         43
  C:50B5H         LINE#         46
  C:50BBH         LINE#         47
  -------         ENDPROC       INT_TIMER0
  -------         PROC          INT_WT
  -------         DO            
  X:01F4H         SYMBOL        rt_05sCnt
  X:01F5H         SYMBOL        clearMemoryDataCnt
  -------         ENDDO         
  C:3047H         LINE#         51
  C:3064H         LINE#         58
  C:3079H         LINE#         59
  C:307CH         LINE#         60
  C:3081H         LINE#         62
BL51 BANKED LINKER/LOCATER V6.22                                                      10/29/2015  16:57:16  PAGE 16


  C:308BH         LINE#         63
  C:308BH         LINE#         64
  C:308DH         LINE#         65
  C:308FH         LINE#         66
  C:309EH         LINE#         67
  C:309EH         LINE#         68
  C:30A0H         LINE#         69
  C:30A0H         LINE#         71
  C:30A2H         LINE#         74
  C:30A4H         LINE#         77
  C:30AAH         LINE#         78
  C:30B0H         LINE#         79
  C:30B0H         LINE#         80
  C:30B2H         LINE#         82
  C:30B8H         LINE#         84
  C:30BEH         LINE#         85
  C:30C6H         LINE#         86
  C:30C6H         LINE#         87
  C:30CBH         LINE#         89
  C:30CDH         LINE#         91
  C:30D3H         LINE#         92
  C:30D9H         LINE#         93
  C:30D9H         LINE#         94
  C:30DBH         LINE#         96
  C:30E1H         LINE#         97
  C:30E6H         LINE#         98
  C:30E6H         LINE#         99
  C:30E8H         LINE#         100
  C:30E8H         LINE#         101
  C:30E8H         LINE#         102
  C:30E8H         LINE#         103
  C:30E8H         LINE#         106
  C:30EBH         LINE#         108
  C:30F0H         LINE#         109
  C:30F0H         LINE#         111
  C:30F3H         LINE#         112
  C:30F7H         LINE#         113
  C:30FBH         LINE#         115
  C:30FEH         LINE#         116
  C:3101H         LINE#         117
  C:3104H         LINE#         119
  C:3107H         LINE#         120
  C:310AH         LINE#         121
  C:310DH         LINE#         122
  C:3110H         LINE#         123
  C:3113H         LINE#         124
  C:3116H         LINE#         128
  C:311CH         LINE#         129
  C:3122H         LINE#         130
  C:3122H         LINE#         131
  C:3125H         LINE#         132
  C:3127H         LINE#         133
  C:3127H         LINE#         134
  C:3129H         LINE#         136
  C:3129H         LINE#         137
  C:312FH         LINE#         138
  C:312FH         LINE#         139
BL51 BANKED LINKER/LOCATER V6.22                                                      10/29/2015  16:57:16  PAGE 17


  C:3132H         LINE#         140
  C:3132H         LINE#         142
  C:3137H         LINE#         143
  C:3137H         LINE#         144
  -------         ENDPROC       INT_WT
  -------         PROC          INT_BIT
  -------         DO            
  I:0008H         SYMBOL        t_128usCnt
  I:0009H         SYMBOL        rx_mode
  I:000AH         SYMBOL        rxCount
  I:000CH         SYMBOL        dataCount
  I:000DH         SYMBOL        rxData
  I:000FH         SYMBOL        Dust_SignalLowHoldCnt
  -------         ENDDO         
  C:256CH         LINE#         172
  C:2589H         LINE#         185
  C:258EH         LINE#         186
  C:258EH         LINE#         187
  C:2594H         LINE#         188
  C:2597H         LINE#         190
  C:25A0H         LINE#         191
  C:25A0H         LINE#         192
  C:25A3H         LINE#         193
  C:25A6H         LINE#         196
  C:25ACH         LINE#         197
  C:25ACH         LINE#         199
  C:25BBH         LINE#         200
  C:25BBH         LINE#         201
  C:25BEH         LINE#         202
  C:25C2H         LINE#         203
  C:25C8H         LINE#         204
  C:25CFH         LINE#         205
  C:25CFH         LINE#         206
  C:25D1H         LINE#         208
  C:25D6H         LINE#         209
  C:25D6H         LINE#         210
  C:25E3H         LINE#         212
  C:25EFH         LINE#         213
  C:25EFH         LINE#         214
  C:25F5H         LINE#         215
  C:25F5H         LINE#         216
  C:25FCH         LINE#         218
  C:25FEH         LINE#         220
  C:2604H         LINE#         221
  C:2604H         LINE#         222
  C:2611H         LINE#         224
  C:2615H         LINE#         225
  C:261BH         LINE#         226
  C:261EH         LINE#         228
  C:2620H         LINE#         229
  C:2620H         LINE#         230
  C:2622H         LINE#         232
  C:2628H         LINE#         233
  C:2628H         LINE#         234
  C:2634H         LINE#         235
  C:2634H         LINE#         236
  C:2637H         LINE#         237
BL51 BANKED LINKER/LOCATER V6.22                                                      10/29/2015  16:57:16  PAGE 18


  C:263DH         LINE#         238
  C:2640H         LINE#         239
  C:2640H         LINE#         240
  C:2640H         LINE#         241
  C:2640H         LINE#         243
  C:2647H         LINE#         244
  C:2647H         LINE#         245
  C:264FH         LINE#         247
  C:265BH         LINE#         248
  C:265BH         LINE#         249
  C:2660H         LINE#         250
  C:2666H         LINE#         251
  C:266AH         LINE#         252
  C:266FH         LINE#         253
  C:266FH         LINE#         254
  C:266FH         LINE#         257
  C:2672H         LINE#         258
  C:2678H         LINE#         259
  C:2678H         LINE#         260
  C:267AH         LINE#         261
  C:267CH         LINE#         262
  C:267EH         LINE#         263
  C:2686H         LINE#         264
  C:2686H         LINE#         265
  C:2688H         LINE#         266
  C:268AH         LINE#         267
  C:268EH         LINE#         268
  C:268EH         LINE#         269
  C:2690H         LINE#         270
  C:2690H         LINE#         271
  C:2690H         LINE#         274
  C:2695H         LINE#         275
  C:2695H         LINE#         276
  C:269FH         LINE#         277
  C:269FH         LINE#         278
  C:26A7H         LINE#         279
  C:26A9H         LINE#         280
  C:26A9H         LINE#         281
  C:26B0H         LINE#         282
  C:26B2H         LINE#         284
  C:26B2H         LINE#         285
  C:26BAH         LINE#         286
  C:26BAH         LINE#         291
  C:26BDH         LINE#         292
  C:26C3H         LINE#         293
  C:26C3H         LINE#         294
  C:26C5H         LINE#         296
  C:26CBH         LINE#         298
  C:26D0H         LINE#         300
  C:26D6H         LINE#         301
  C:26D6H         LINE#         302
  C:26D9H         LINE#         303
  C:26DCH         LINE#         304
  C:26DCH         LINE#         305
  C:26DEH         LINE#         306
  C:26DEH         LINE#         307
  C:26DEH         LINE#         308
BL51 BANKED LINKER/LOCATER V6.22                                                      10/29/2015  16:57:16  PAGE 19


  C:26DEH         LINE#         310
  C:26E1H         LINE#         311
  C:26E1H         LINE#         312
  C:26E9H         LINE#         313
  C:26E9H         LINE#         314
  C:26ECH         LINE#         315
  C:26ECH         LINE#         316
  C:26ECH         LINE#         317
  -------         ENDPROC       INT_BIT
  -------         ENDMOD        IT

  -------         MODULE        ?C_STARTUP
  C:403BH         SEGMENT       ?C_C51STARTUP
  I:0025H         SEGMENT       ?STACK
  C:0000H         PUBLIC        ?C_STARTUP
  D:00E0H         SYMBOL        ACC
  D:00F0H         SYMBOL        B
  D:0083H         SYMBOL        DPH
  D:0082H         SYMBOL        DPL
  N:0000H         SYMBOL        IBPSTACK
  N:0100H         SYMBOL        IBPSTACKTOP
  N:0100H         SYMBOL        IDATALEN
  C:403EH         SYMBOL        IDATALOOP
  N:0000H         SYMBOL        PBPSTACK
  N:0000H         SYMBOL        PBPSTACKTOP
  N:0000H         SYMBOL        PDATALEN
  N:0000H         SYMBOL        PDATASTART
  N:0000H         SYMBOL        PPAGE
  N:0000H         SYMBOL        PPAGEENABLE
  D:00A0H         SYMBOL        PPAGE_SFR
  D:0081H         SYMBOL        SP
  C:403BH         SYMBOL        STARTUP1
  N:0000H         SYMBOL        XBPSTACK
  N:0000H         SYMBOL        XBPSTACKTOP
  N:02E5H         SYMBOL        XDATALEN
  C:4049H         SYMBOL        XDATALOOP
  N:001BH         SYMBOL        XDATASTART
  C:0000H         LINE#         94
  C:403BH         LINE#         101
  C:403DH         LINE#         102
  C:403EH         LINE#         103
  C:403FH         LINE#         104
  C:4041H         LINE#         108
  C:4044H         LINE#         109
  C:4046H         LINE#         111
  C:4048H         LINE#         115
  C:4049H         LINE#         116
  C:404AH         LINE#         117
  C:404BH         LINE#         118
  C:404DH         LINE#         119
  C:404FH         LINE#         153
  C:4052H         LINE#         157
  -------         ENDMOD        ?C_STARTUP

  -------         MODULE        MAIN
  C:0000H         SYMBOL        _ICE_DUMMY_
  D:008DH         PUBLIC        WDTCR
BL51 BANKED LINKER/LOCATER V6.22                                                      10/29/2015  16:57:16  PAGE 20


  D:00A8H         PUBLIC        IE
  C:3924H         PUBLIC        main
  C:4BC6H         PUBLIC        initAll
  -------         PROC          INITALL
  C:4BC6H         LINE#         3
  C:4BC6H         LINE#         4
  C:4BC6H         LINE#         5
  C:4BC9H         LINE#         6
  C:4BCCH         LINE#         7
  C:4BCFH         LINE#         8
  C:4BD2H         LINE#         9
  C:4BD5H         LINE#         10
  C:4BD8H         LINE#         12
  C:4BDEH         LINE#         13
  C:4BE0H         LINE#         17
  C:4BEBH         LINE#         21
  C:4BF4H         LINE#         23
  C:4BF7H         LINE#         24
  -------         ENDPROC       INITALL
  -------         PROC          MAIN
  -------         DO            
  I:0013H         SYMBOL        taskIndex
  I:0014H         SYMBOL        taskIndexExt
  I:0015H         SYMBOL        HSampleT_Cnt
  -------         ENDDO         
  C:3924H         LINE#         26
  C:3924H         LINE#         27
  C:3924H         LINE#         33
  C:3927H         LINE#         35
  C:3927H         LINE#         36
  C:3927H         LINE#         37
  C:392AH         LINE#         39
  C:392DH         LINE#         41
  C:3935H         LINE#         42
  C:3935H         LINE#         43
  C:393CH         LINE#         44
  C:393CH         LINE#         45
  C:3945H         LINE#         46
  C:3949H         LINE#         47
  C:3949H         LINE#         48
  C:3949H         LINE#         50
  C:394FH         LINE#         51
  C:394FH         LINE#         52
  C:3951H         LINE#         54
  C:3954H         LINE#         55
  C:3954H         LINE#         56
  C:3956H         LINE#         58
  C:3970H         LINE#         59
  C:3970H         LINE#         61
  C:3973H         LINE#         62
  C:3975H         LINE#         64
  C:3977H         LINE#         66
  C:398BH         LINE#         67
  C:398BH         LINE#         68
  C:398BH         LINE#         69
  C:398EH         LINE#         70
  C:3993H         LINE#         71
BL51 BANKED LINKER/LOCATER V6.22                                                      10/29/2015  16:57:16  PAGE 21


  C:3995H         LINE#         72
  C:3995H         LINE#         73
  C:3998H         LINE#         74
  C:399AH         LINE#         75
  C:399AH         LINE#         76
  C:399DH         LINE#         77
  C:399FH         LINE#         78
  C:399FH         LINE#         79
  C:39A2H         LINE#         80
  C:39A4H         LINE#         81
  C:39A4H         LINE#         82
  C:39A7H         LINE#         83
  C:39AAH         LINE#         84
  C:39AAH         LINE#         85
  C:39AEH         LINE#         87
  C:39AEH         LINE#         88
  C:39AEH         LINE#         90
  C:39B9H         LINE#         91
  C:39B9H         LINE#         92
  C:39BBH         LINE#         94
  C:39BEH         LINE#         96
  C:39C1H         LINE#         97
  C:39C4H         LINE#         98
  C:39C7H         LINE#         100
  C:39E1H         LINE#         102
  C:39E7H         LINE#         103
  C:39E7H         LINE#         104
  C:39EAH         LINE#         105
  C:39EAH         LINE#         107
  C:39F0H         LINE#         108
  C:39F0H         LINE#         109
  C:39F2H         LINE#         110
  C:39F2H         LINE#         111
  C:39F2H         LINE#         112
  C:39F2H         LINE#         113
  -------         ENDPROC       MAIN
  -------         ENDMOD        MAIN

  -------         MODULE        BSP_INIT
  C:0000H         SYMBOL        _ICE_DUMMY_
  D:0080H         PUBLIC        P0
  D:0088H         PUBLIC        P1
  D:0090H         PUBLIC        P2
  D:0098H         PUBLIC        P3
  D:00A0H         PUBLIC        P4
  D:00B0H         PUBLIC        P5
  D:008DH         PUBLIC        WDTCR
  C:51A1H         SYMBOL        WDT_init
  D:008EH         PUBLIC        WDTDR
  D:00DEH         PUBLIC        P0DB
  D:0097H         PUBLIC        BUZCR
  C:51D2H         SYMBOL        BUZ_init
  D:008FH         PUBLIC        BUZDR
  D:00D8H         PUBLIC        LVRCR
  D:00A8H         PUBLIC        IE
  D:0091H         PUBLIC        P0OD
  D:0092H         PUBLIC        P1OD
BL51 BANKED LINKER/LOCATER V6.22                                                      10/29/2015  16:57:16  PAGE 22


  D:0093H         PUBLIC        P2OD
  D:0094H         PUBLIC        P4OD
  D:00A1H         PUBLIC        P0IO
  D:00B2H         PUBLIC        T0CR
  D:00B1H         PUBLIC        P1IO
  D:00B4H         PUBLIC        T0DR
  D:00B9H         PUBLIC        P2IO
  D:00C1H         PUBLIC        P3IO
  D:00C9H         PUBLIC        P4IO
  D:00D1H         PUBLIC        P5IO
  C:51D9H         SYMBOL        clock_init
  D:00BDH         PUBLIC        T1ADRH
  D:00ACH         PUBLIC        P0PU
  D:009DH         PUBLIC        ADCCRH
  D:00BFH         PUBLIC        T1BDRH
  D:00ADH         PUBLIC        P1PU
  D:00AEH         PUBLIC        P2PU
  D:00AFH         PUBLIC        P3PU
  D:00F3H         PUBLIC        USI1BD
  D:00BCH         PUBLIC        T1ADRL
  D:00A3H         PUBLIC        P4PU
  D:009CH         PUBLIC        ADCCRL
  D:00BEH         PUBLIC        T1BDRL
  D:0095H         PUBLIC        P5PU
  D:008AH         PUBLIC        SCCR
  C:50C2H         SYMBOL        _BUZ_OnOff
  D:009BH         PUBLIC        LCDCCR
  D:009AH         PUBLIC        LCDCRH
  D:00D3H         PUBLIC        P0FSRH
  D:0099H         PUBLIC        LCDCRL
  D:00D5H         PUBLIC        P1FSRH
  D:00D7H         PUBLIC        P2FSRH
  D:00D2H         PUBLIC        P0FSRL
  D:00D4H         PUBLIC        P1FSRL
  D:00D6H         PUBLIC        P2FSRL
  D:00DFH         PUBLIC        P15DB
  D:00AAH         PUBLIC        IE2
  D:00ABH         PUBLIC        IE3
  D:0096H         PUBLIC        WTCR
  C:516CH         SYMBOL        WT_init
  D:0089H         PUBLIC        WTDR
  C:515FH         SYMBOL        Timer0_init
  C:0003H         SYMBOL        Timer1_init
  C:501AH         SYMBOL        UART_init
  C:51E6H         SYMBOL        WDT_clear
  C:5116H         SYMBOL        _ADC_start
  C:4BF8H         PUBLIC        BSP_Init
  C:4795H         SYMBOL        port_init
  C:51CBH         SYMBOL        ADC_init
  D:00BBH         PUBLIC        T1CRH
  D:00BAH         PUBLIC        T1CRL
  C:51B3H         SYMBOL        LCD_init
  D:00E9H         PUBLIC        USI1CR1
  D:00EAH         PUBLIC        USI1CR2
  D:00EBH         PUBLIC        USI1CR3
  D:00EEH         PUBLIC        P3FSR
  D:00EFH         PUBLIC        P4FSR
BL51 BANKED LINKER/LOCATER V6.22                                                      10/29/2015  16:57:16  PAGE 23


  D:00FFH         PUBLIC        P5FSR
  D:008BH         PUBLIC        BITCR
  C:00A6H         SYMBOL        BIT_init
  D:00C8H         PUBLIC        OSCCR
  -------         PROC          ADC_INIT
  C:51CBH         LINE#         4
  C:51CBH         LINE#         5
  C:51CBH         LINE#         7
  C:51CEH         LINE#         8
  C:51D1H         LINE#         9
  -------         ENDPROC       ADC_INIT
  -------         PROC          _ADC_START
  D:0007H         SYMBOL        ch
  C:5116H         LINE#         11
  C:5116H         LINE#         12
  C:5116H         LINE#         14
  C:5121H         LINE#         15
  C:5124H         LINE#         16
  -------         ENDPROC       _ADC_START
  -------         PROC          BIT_INIT
  C:00A6H         LINE#         18
  C:00A6H         LINE#         19
  C:00A6H         LINE#         21
  C:00A9H         LINE#         22
  C:00ACH         LINE#         23
  C:00AFH         LINE#         24
  C:00B2H         LINE#         25
  -------         ENDPROC       BIT_INIT
  -------         PROC          _BUZ_ONOFF
  D:0007H         SYMBOL        On
  C:50C2H         LINE#         27
  C:50C2H         LINE#         28
  C:50C2H         LINE#         30
  C:50D3H         LINE#         31
  -------         ENDPROC       _BUZ_ONOFF
  -------         PROC          BUZ_INIT
  C:51D2H         LINE#         33
  C:51D2H         LINE#         34
  C:51D2H         LINE#         37
  C:51D5H         LINE#         38
  C:51D8H         LINE#         39
  -------         ENDPROC       BUZ_INIT
  -------         PROC          LCD_INIT
  C:51B3H         LINE#         41
  C:51B3H         LINE#         42
  C:51B3H         LINE#         45
  C:51B6H         LINE#         46
  C:51B8H         LINE#         47
  C:51BAH         LINE#         48
  -------         ENDPROC       LCD_INIT
  -------         PROC          TIMER0_INIT
  C:515FH         LINE#         50
  C:515FH         LINE#         51
  C:515FH         LINE#         54
  C:5162H         LINE#         55
  C:5165H         LINE#         56
  C:5168H         LINE#         57
BL51 BANKED LINKER/LOCATER V6.22                                                      10/29/2015  16:57:16  PAGE 24


  C:516BH         LINE#         58
  -------         ENDPROC       TIMER0_INIT
  -------         PROC          TIMER1_INIT
  C:0003H         LINE#         60
  C:0003H         LINE#         61
  C:0003H         LINE#         65
  C:0006H         LINE#         66
  C:0009H         LINE#         67
  C:000CH         LINE#         70
  C:000FH         LINE#         71
  C:0011H         LINE#         72
  C:0014H         LINE#         73
  C:0017H         LINE#         74
  C:001AH         LINE#         75
  -------         ENDPROC       TIMER1_INIT
  -------         PROC          UART_INIT
  C:501AH         LINE#         77
  C:501AH         LINE#         78
  C:501AH         LINE#         81
  C:501DH         LINE#         82
  C:5020H         LINE#         83
  C:5023H         LINE#         84
  C:5026H         LINE#         85
  C:5029H         LINE#         86
  C:502CH         LINE#         87
  C:502FH         LINE#         88
  -------         ENDPROC       UART_INIT
  -------         PROC          WDT_CLEAR
  C:51E6H         LINE#         90
  C:51E6H         LINE#         91
  C:51E6H         LINE#         92
  C:51E9H         LINE#         93
  -------         ENDPROC       WDT_CLEAR
  -------         PROC          WDT_INIT
  C:51A1H         LINE#         95
  C:51A1H         LINE#         96
  C:51A1H         LINE#         98
  C:51A4H         LINE#         99
  C:51A7H         LINE#         101
  -------         ENDPROC       WDT_INIT
  -------         PROC          WT_INIT
  C:516CH         LINE#         104
  C:516CH         LINE#         105
  C:516CH         LINE#         107
  C:516FH         LINE#         108
  C:5172H         LINE#         109
  C:5175H         LINE#         110
  C:5178H         LINE#         111
  -------         ENDPROC       WT_INIT
  -------         PROC          CLOCK_INIT
  C:51D9H         LINE#         113
  C:51D9H         LINE#         114
  C:51D9H         LINE#         116
  C:51DCH         LINE#         117
  C:51DFH         LINE#         118
  -------         ENDPROC       CLOCK_INIT
  -------         PROC          PORT_INIT
BL51 BANKED LINKER/LOCATER V6.22                                                      10/29/2015  16:57:16  PAGE 25


  C:4795H         LINE#         120
  C:4795H         LINE#         121
  C:4795H         LINE#         158
  C:4798H         LINE#         159
  C:479BH         LINE#         160
  C:479EH         LINE#         161
  C:47A0H         LINE#         162
  C:47A2H         LINE#         164
  C:47A5H         LINE#         165
  C:47A7H         LINE#         166
  C:47A9H         LINE#         167
  C:47ABH         LINE#         168
  C:47ADH         LINE#         170
  C:47B0H         LINE#         171
  C:47B3H         LINE#         172
  C:47B5H         LINE#         173
  C:47B7H         LINE#         175
  C:47BAH         LINE#         176
  C:47BCH         LINE#         177
  C:47BEH         LINE#         179
  C:47C1H         LINE#         180
  C:47C4H         LINE#         181
  C:47C6H         LINE#         182
  C:47C8H         LINE#         184
  C:47CBH         LINE#         185
  C:47CDH         LINE#         186
  C:47CFH         LINE#         189
  C:47D1H         LINE#         190
  C:47D4H         LINE#         191
  C:47D6H         LINE#         192
  C:47D9H         LINE#         193
  C:47DBH         LINE#         194
  C:47DEH         LINE#         195
  C:47E0H         LINE#         196
  C:47E2H         LINE#         197
  C:47E5H         LINE#         198
  -------         ENDPROC       PORT_INIT
  -------         PROC          BSP_INIT
  C:4BF8H         LINE#         200
  C:4BF8H         LINE#         201
  C:4BF8H         LINE#         202
  C:4BFBH         LINE#         204
  C:4BFEH         LINE#         205
  C:4C01H         LINE#         206
  C:4C04H         LINE#         207
  C:4C07H         LINE#         208
  C:4C07H         LINE#         209
  C:4C07H         LINE#         210
  C:4C0CH         LINE#         211
  C:4C0CH         LINE#         212
  C:4C0FH         LINE#         213
  C:4C11H         LINE#         215
  C:4C11H         LINE#         216
  C:4C11H         LINE#         217
  C:4C11H         LINE#         218
  C:4C11H         LINE#         220
  C:4C14H         LINE#         221
BL51 BANKED LINKER/LOCATER V6.22                                                      10/29/2015  16:57:16  PAGE 26


  C:4C17H         LINE#         222
  C:4C1AH         LINE#         223
  C:4C1DH         LINE#         224
  C:4C20H         LINE#         225
  C:4C23H         LINE#         226
  -------         ENDPROC       BSP_INIT
  -------         ENDMOD        BSP_INIT

  -------         MODULE        AIP1944
  C:0000H         SYMBOL        _ICE_DUMMY_
  C:4F3DH         PUBLIC        _AIP1944_WriteByte
  B:00A0H.0       PUBLIC        P40
  B:00A0H.1       PUBLIC        P41
  B:00A0H.2       PUBLIC        P42
  C:47E6H         PUBLIC        _Aip1944_WriteDispDatas
  X:020AH         PUBLIC        Aip1944_BrightnessLevel
  -------         PROC          _AIP1944_WRITEBYTE
  D:0007H         SYMBOL        _byte
  -------         DO            
  D:0006H         SYMBOL        i
  -------         ENDDO         
  C:4F3DH         LINE#         36
  C:4F3DH         LINE#         37
  C:4F3DH         LINE#         40
  C:4F3FH         LINE#         41
  C:4F3FH         LINE#         42
  C:4F43H         LINE#         43
  C:4F43H         LINE#         44
  C:4F45H         LINE#         45
  C:4F47H         LINE#         47
  C:4F47H         LINE#         48
  C:4F49H         LINE#         49
  C:4F49H         LINE#         51
  C:4F4BH         LINE#         53
  C:4F4FH         LINE#         55
  C:4F51H         LINE#         56
  C:4F56H         LINE#         57
  -------         ENDPROC       _AIP1944_WRITEBYTE
  -------         PROC          _AIP1944_WRITEDISPDATAS
  X:01B6H         SYMBOL        dats
  D:0005H         SYMBOL        len
  X:01BAH         SYMBOL        addr
  -------         DO            
  D:0004H         SYMBOL        i
  -------         ENDDO         
  C:47E6H         LINE#         59
  C:47F1H         LINE#         60
  C:47F1H         LINE#         63
  C:47F3H         LINE#         64
  C:47F8H         LINE#         65
  C:47FAH         LINE#         66
  C:47FCH         LINE#         67
  C:4806H         LINE#         68
  C:480DH         LINE#         69
  C:480DH         LINE#         70
  C:4824H         LINE#         71
  C:4827H         LINE#         72
BL51 BANKED LINKER/LOCATER V6.22                                                      10/29/2015  16:57:16  PAGE 27


  C:4829H         LINE#         74
  C:482BH         LINE#         75
  C:4833H         LINE#         76
  C:4835H         LINE#         77
  -------         ENDPROC       _AIP1944_WRITEDISPDATAS
  -------         ENDMOD        AIP1944

  -------         MODULE        DISPLAY
  C:0000H         SYMBOL        _ICE_DUMMY_
  D:0090H         PUBLIC        P2
  D:0098H         PUBLIC        P3
  C:5087H         PUBLIC        _Display_SetAll
  C:39F5H         PUBLIC        _Display_ShowRT
  C:2C92H         PUBLIC        PM_COM10_E_nums
  C:2CDBH         PUBLIC        RT_COM_H1_E_nums
  C:2CA6H         PUBLIC        PM_COM1_E1_nums
  C:2CB0H         PUBLIC        PM_COM1_E2_nums
  C:2C2EH         PUBLIC        H_COM10_nums
  C:2D12H         PUBLIC        RT_COM_M1_E_nums
  C:2C6AH         PUBLIC        PM_COM100_nums
  C:2CBAH         PUBLIC        RT_COM_H10_nums
  D:00B9H         PUBLIC        P2IO
  C:2CE6H         PUBLIC        RT_COM_M10_nums
  C:2C06H         PUBLIC        T_COM10_nums
  D:00C1H         PUBLIC        P3IO
  B:0022H.0       PUBLIC        Display_IsLowLight
  X:0157H         PUBLIC        Display_Datas
  C:3458H         PUBLIC        _Display_ShowNumInRTCArea
  C:2C4CH         PUBLIC        H_COM1_EXT_nums
  C:4582H         PUBLIC        _Display_ShowHumidity
  C:2C9CH         PUBLIC        PM_COM1_nums
  C:2CC5H         PUBLIC        RT_COM_H10_E_nums
  C:2C24H         PUBLIC        T_COM1_EXT_nums
  C:2C56H         PUBLIC        PM_COM1000_nums
  C:48CCH         PUBLIC        _Display_CircleRun
  C:3B8FH         PUBLIC        Display_LedDrive
  C:499CH         PUBLIC        _Display_DustLevel
  C:3152H         PUBLIC        _Display_DustData
  C:2C42H         PUBLIC        H_COM1_nums
  C:2C38H         PUBLIC        H_COM10_EXT_nums
  C:2C88H         PUBLIC        PM_COM10_nums
  C:4B60H         PUBLIC        Display_Ctr
  C:2CD0H         PUBLIC        RT_COM_H1_nums
  B:0022H.1       PUBLIC        Display_FlashOn
  C:2D07H         PUBLIC        RT_COM_M1_nums
  C:2C60H         PUBLIC        PM_COM1000_E_nums
  C:2C1AH         PUBLIC        T_COM1_nums
  C:2C74H         PUBLIC        PM_COM100_E1_nums
  C:2C7EH         PUBLIC        PM_COM100_E2_nums
  C:2C10H         PUBLIC        T_COM10_EXT_nums
  C:2CF1H         PUBLIC        RT_COM_M10_E1_nums
  C:2CFCH         PUBLIC        RT_COM_M10_E2_nums
  C:4D29H         PUBLIC        Display_SetLine
  C:4523H         PUBLIC        _Display_ShowTemperature
  X:0196H         PUBLIC        Display_LedsEn
  C:006EH         PUBLIC        _Display_SpLevel
  -------         PROC          _DISPLAY_SETALL
BL51 BANKED LINKER/LOCATER V6.22                                                      10/29/2015  16:57:16  PAGE 28


  D:0007H         SYMBOL        sta
  -------         DO            
  D:0006H         SYMBOL        i
  -------         ENDDO         
  C:5087H         LINE#         11
  C:5087H         LINE#         12
  C:5087H         LINE#         15
  C:5089H         LINE#         16
  C:5089H         LINE#         17
  C:5095H         LINE#         18
  C:509AH         LINE#         19
  -------         ENDPROC       _DISPLAY_SETALL
  -------         PROC          DISPLAY_SETLINE
  C:4D29H         LINE#         22
  C:4D29H         LINE#         23
  C:4D29H         LINE#         24
  C:4D2FH         LINE#         25
  C:4D31H         LINE#         26
  C:4D33H         LINE#         28
  C:4D37H         LINE#         29
  C:4D39H         LINE#         30
  C:4D3BH         LINE#         32
  C:4D42H         LINE#         33
  C:4D46H         LINE#         34
  C:4D48H         LINE#         35
  -------         ENDPROC       DISPLAY_SETLINE
  -------         PROC          _DISPLAY_CIRCLERUN
  D:0007H         SYMBOL        sp
  -------         DO            
  X:0155H         SYMBOL        cnt
  B:0021H.7       SYMBOL        disIndex
  -------         ENDDO         
  C:48CCH         LINE#         37
  C:48CCH         LINE#         38
  C:48CCH         LINE#         41
  C:48D2H         LINE#         42
  C:48D7H         LINE#         43
  C:48D7H         LINE#         44
  C:48D9H         LINE#         46
  C:48DBH         LINE#         47
  C:48DBH         LINE#         49
  C:48E2H         LINE#         51
  C:48E5H         LINE#         52
  C:48E5H         LINE#         53
  C:48ECH         LINE#         54
  C:48F3H         LINE#         55
  C:48FAH         LINE#         56
  C:48FBH         LINE#         58
  C:48FBH         LINE#         59
  C:4907H         LINE#         60
  C:490EH         LINE#         61
  C:4915H         LINE#         62
  C:4915H         LINE#         88
  -------         ENDPROC       _DISPLAY_CIRCLERUN
  -------         PROC          _DISPLAY_DUSTLEVEL
  D:0007H         SYMBOL        level
  C:499CH         LINE#         90
BL51 BANKED LINKER/LOCATER V6.22                                                      10/29/2015  16:57:16  PAGE 29


  C:499CH         LINE#         91
  C:499CH         LINE#         92
  C:49AFH         LINE#         93
  C:49AFH         LINE#         94
  C:49AFH         LINE#         95
  C:49B6H         LINE#         96
  C:49B6H         LINE#         97
  C:49BDH         LINE#         98
  C:49BDH         LINE#         99
  C:49C4H         LINE#         100
  C:49C4H         LINE#         101
  C:49CBH         LINE#         102
  C:49CBH         LINE#         103
  C:49D2H         LINE#         104
  C:49D2H         LINE#         105
  C:49D9H         LINE#         106
  C:49D9H         LINE#         107
  C:49D9H         LINE#         108
  C:49D9H         LINE#         109
  C:49D9H         LINE#         110
  -------         ENDPROC       _DISPLAY_DUSTLEVEL
  -------         PROC          _DISPLAY_SPLEVEL
  D:0007H         SYMBOL        level
  C:006EH         LINE#         112
  C:006EH         LINE#         113
  C:006EH         LINE#         114
  C:007EH         LINE#         115
  C:007EH         LINE#         116
  C:007EH         LINE#         117
  C:0085H         LINE#         118
  C:0085H         LINE#         119
  C:008CH         LINE#         120
  C:008CH         LINE#         121
  C:0093H         LINE#         122
  C:0093H         LINE#         123
  C:009AH         LINE#         124
  C:009AH         LINE#         125
  C:00A1H         LINE#         126
  C:00A1H         LINE#         127
  C:00A1H         LINE#         128
  C:00A1H         LINE#         129
  C:00A1H         LINE#         130
  -------         ENDPROC       _DISPLAY_SPLEVEL
  -------         PROC          _DISPLAY_SHOWTEMPERATURE
  D:0007H         SYMBOL        t
  -------         DO            
  D:0005H         SYMBOL        v10
  D:0004H         SYMBOL        v1
  -------         ENDDO         
  C:4523H         LINE#         225
  C:4523H         LINE#         226
  C:4523H         LINE#         230
  C:4529H         LINE#         231
  C:4529H         LINE#         232
  C:452BH         LINE#         233
  C:452BH         LINE#         235
  C:4531H         LINE#         236
BL51 BANKED LINKER/LOCATER V6.22                                                      10/29/2015  16:57:16  PAGE 30


  C:4538H         LINE#         238
  C:453BH         LINE#         239
  C:453BH         LINE#         240
  C:454CH         LINE#         241
  C:455FH         LINE#         242
  C:455FH         LINE#         243
  C:4570H         LINE#         244
  C:4581H         LINE#         245
  -------         ENDPROC       _DISPLAY_SHOWTEMPERATURE
  -------         PROC          _DISPLAY_SHOWHUMIDITY
  D:0007H         SYMBOL        h
  -------         DO            
  D:0005H         SYMBOL        v10
  D:0004H         SYMBOL        v1
  -------         ENDDO         
  C:4582H         LINE#         328
  C:4582H         LINE#         329
  C:4582H         LINE#         333
  C:4588H         LINE#         334
  C:4588H         LINE#         335
  C:458AH         LINE#         336
  C:458AH         LINE#         338
  C:4590H         LINE#         339
  C:4597H         LINE#         341
  C:459AH         LINE#         342
  C:459AH         LINE#         343
  C:45ABH         LINE#         344
  C:45BEH         LINE#         345
  C:45BEH         LINE#         346
  C:45CFH         LINE#         347
  C:45E0H         LINE#         348
  -------         ENDPROC       _DISPLAY_SHOWHUMIDITY
  -------         PROC          _DISPLAY_DUSTDATA
  D:0002H         SYMBOL        pm
  -------         DO            
  X:01BAH         SYMBOL        v1000
  X:01BBH         SYMBOL        v100
  X:01BCH         SYMBOL        v10
  D:0003H         SYMBOL        v1
  -------         ENDDO         
  C:3152H         LINE#         553
  C:3156H         LINE#         554
  C:3156H         LINE#         560
  C:315FH         LINE#         561
  C:315FH         LINE#         562
  C:3163H         LINE#         563
  C:3163H         LINE#         565
  C:3173H         LINE#         566
  C:3188H         LINE#         567
  C:319DH         LINE#         568
  C:31AAH         LINE#         571
  C:31BFH         LINE#         572
  C:31D1H         LINE#         574
  C:31DFH         LINE#         575
  C:31F0H         LINE#         576
  C:3205H         LINE#         578
  C:3213H         LINE#         579
BL51 BANKED LINKER/LOCATER V6.22                                                      10/29/2015  16:57:16  PAGE 31


  C:3225H         LINE#         582
  C:322FH         LINE#         583
  C:3240H         LINE#         584
  C:3253H         LINE#         585
  -------         ENDPROC       _DISPLAY_DUSTDATA
  -------         PROC          _DISPLAY_SHOWRT
  D:0007H         SYMBOL        h
  D:0005H         SYMBOL        m
  B:0021H.5       SYMBOL        hFlashEn
  B:0021H.6       SYMBOL        mFlashEn
  -------         DO            
  D:0001H         SYMBOL        h10
  D:0006H         SYMBOL        h1
  D:0004H         SYMBOL        m10
  D:0003H         SYMBOL        m1
  -------         ENDDO         
  C:39F5H         LINE#         787
  C:39F5H         LINE#         788
  C:39F5H         LINE#         795
  C:39FBH         LINE#         796
  C:3A02H         LINE#         797
  C:3A08H         LINE#         798
  C:3A0FH         LINE#         800
  C:3A15H         LINE#         801
  C:3A15H         LINE#         802
  C:3A17H         LINE#         803
  C:3A19H         LINE#         804
  C:3A19H         LINE#         806
  C:3A1FH         LINE#         807
  C:3A1FH         LINE#         808
  C:3A21H         LINE#         809
  C:3A23H         LINE#         810
  C:3A23H         LINE#         811
  C:3A29H         LINE#         812
  C:3A29H         LINE#         813
  C:3A3AH         LINE#         814
  C:3A4BH         LINE#         816
  C:3A5CH         LINE#         817
  C:3A6DH         LINE#         818
  C:3A6DH         LINE#         821
  C:3A73H         LINE#         822
  C:3A73H         LINE#         823
  C:3A84H         LINE#         824
  C:3A95H         LINE#         825
  C:3AA7H         LINE#         827
  C:3AB1H         LINE#         828
  C:3AC2H         LINE#         829
  C:3AC2H         LINE#         830
  -------         ENDPROC       _DISPLAY_SHOWRT
  -------         PROC          _DISPLAY_SHOWNUMINRTCAREA
  D:0002H         SYMBOL        num
  -------         DO            
  X:01BAH         SYMBOL        v1000
  X:01BBH         SYMBOL        v100
  X:01BCH         SYMBOL        v10
  D:0001H         SYMBOL        v1
  -------         ENDDO         
BL51 BANKED LINKER/LOCATER V6.22                                                      10/29/2015  16:57:16  PAGE 32


  C:3458H         LINE#         833
  C:345CH         LINE#         834
  C:345CH         LINE#         840
  C:3468H         LINE#         841
  C:347DH         LINE#         842
  C:3492H         LINE#         843
  C:349FH         LINE#         846
  C:34A8H         LINE#         847
  C:34A8H         LINE#         848
  C:34AEH         LINE#         849
  C:34B0H         LINE#         850
  C:34B2H         LINE#         851
  C:34B3H         LINE#         852
  C:34B3H         LINE#         855
  C:34C8H         LINE#         856
  C:34D9H         LINE#         858
  C:34EEH         LINE#         859
  C:34FFH         LINE#         861
  C:3514H         LINE#         862
  C:3525H         LINE#         863
  C:353AH         LINE#         865
  C:3544H         LINE#         866
  C:3555H         LINE#         867
  -------         ENDPROC       _DISPLAY_SHOWNUMINRTCAREA
  -------         PROC          DISPLAY_LEDDRIVE
[...]
  C:0C31H         LINE#         495
  C:0C31H         LINE#         496
  C:0C33H         LINE#         497
  C:0C3AH         LINE#         498
  C:0C3AH         LINE#         501
  C:0C40H         LINE#         502
  C:0C40H         LINE#         503
  C:0C42H         LINE#         504
  C:0C45H         LINE#         505
  C:0C45H         LINE#         506
  C:0C47H         LINE#         507
  C:0C4DH         LINE#         508
  C:0C4DH         LINE#         509
  C:0C4DH         LINE#         512
  C:0C53H         LINE#         514
  C:0C67H         LINE#         516
  C:0C73H         LINE#         517
  C:0C73H         LINE#         518
  C:0C75H         LINE#         520
  C:0C7BH         LINE#         521
  C:0C80H         LINE#         522
  C:0C80H         LINE#         523
  C:0C82H         LINE#         525
  C:0C88H         LINE#         526
  C:0C88H         LINE#         528
  C:0C8EH         LINE#         529
  C:0C94H         LINE#         530
  C:0C94H         LINE#         531
  C:0C96H         LINE#         533
  C:0CA4H         LINE#         534
BL51 BANKED LINKER/LOCATER V6.22                                                      10/29/2015  16:57:16  PAGE 89


  C:0CA4H         LINE#         536
  C:0CB2H         LINE#         537
  C:0CB2H         LINE#         538
  C:0CB7H         LINE#         539
  C:0CB7H         LINE#         540
  C:0CC6H         LINE#         541
  C:0CC6H         LINE#         542
  C:0CC6H         LINE#         543
  C:0CC8H         LINE#         545
  C:0CC8H         LINE#         546
  C:0CD7H         LINE#         547
  C:0CE4H         LINE#         548
  C:0CE4H         LINE#         549
  C:0CFAH         LINE#         550
  C:0CFAH         LINE#         551
  C:0D02H         LINE#         552
  C:0D09H         LINE#         553
  C:0D09H         LINE#         554
  C:0D09H         LINE#         555
  C:0D09H         LINE#         557
  C:0D0FH         LINE#         558
  C:0D0FH         LINE#         559
  C:0D23H         LINE#         560
  C:0D29H         LINE#         561
  C:0D32H         LINE#         562
  C:0D32H         LINE#         563
  C:0D34H         LINE#         566
  C:0D3DH         LINE#         567
  C:0D3DH         LINE#         568
  C:0D4DH         LINE#         569
  C:0D4DH         LINE#         570
  C:0D77H         LINE#         571
  C:0D7FH         LINE#         572
  C:0D96H         LINE#         574
  C:0D9DH         LINE#         575
  C:0DA3H         LINE#         576
  C:0DA3H         LINE#         577
  C:0DA7H         LINE#         579
  C:0DADH         LINE#         580
  C:0DB3H         LINE#         581
  C:0DB3H         LINE#         582
  C:0DB5H         LINE#         583
  C:0DB5H         LINE#         584
  C:0DB5H         LINE#         585
  C:0DB7H         LINE#         587
  C:0DB7H         LINE#         588
  C:0DBAH         LINE#         589
  C:0DBAH         LINE#         590
  C:0DC2H         LINE#         591
  C:0DCAH         LINE#         592
  C:0DCAH         LINE#         593
  C:0DEDH         LINE#         594
  C:0DEDH         LINE#         596
  C:0DF3H         LINE#         597
  C:0DF9H         LINE#         598
  C:0DF9H         LINE#         599
  C:0DFCH         LINE#         600
BL51 BANKED LINKER/LOCATER V6.22                                                      10/29/2015  16:57:16  PAGE 90


  C:0DFCH         LINE#         602
  C:0E03H         LINE#         603
  C:0E03H         LINE#         606
  C:0E17H         LINE#         607
  C:0E1DH         LINE#         608
  C:0E26H         LINE#         609
  C:0E26H         LINE#         610
  C:0E28H         LINE#         613
  C:0E31H         LINE#         614
  C:0E31H         LINE#         615
  C:0E41H         LINE#         616
  C:0E41H         LINE#         617
  C:0E6BH         LINE#         618
  C:0E73H         LINE#         619
  C:0E8AH         LINE#         621
  C:0E91H         LINE#         622
  C:0E97H         LINE#         623
  C:0E97H         LINE#         624
  C:0E9BH         LINE#         626
  C:0EA1H         LINE#         627
  C:0EA7H         LINE#         628
  C:0EA7H         LINE#         629
  C:0EA9H         LINE#         630
  C:0EA9H         LINE#         631
  C:0EA9H         LINE#         632
  C:0EABH         LINE#         634
  C:0EABH         LINE#         635
  C:0EAEH         LINE#         636
  C:0EAEH         LINE#         637
  C:0EB6H         LINE#         638
  C:0EBEH         LINE#         639
  C:0EBEH         LINE#         640
  C:0EE1H         LINE#         641
  C:0EE1H         LINE#         643
  C:0EE7H         LINE#         644
  C:0EEDH         LINE#         645
  C:0EEDH         LINE#         646
  C:0EF0H         LINE#         647
  C:0EF0H         LINE#         648
  C:0EF0H         LINE#         652
  C:0EF7H         LINE#         653
  C:0EF7H         LINE#         654
  C:0F03H         LINE#         655
  C:0F03H         LINE#         656
  C:0F44H         LINE#         658
  C:0F44H         LINE#         659
  C:0F44H         LINE#         660
  C:0F44H         LINE#         661
  C:0F44H         LINE#         662
  C:0F44H         LINE#         663
  C:0F47H         LINE#         665
  C:0F47H         LINE#         666
  C:0F52H         LINE#         667
  C:0F52H         LINE#         668
  C:0F58H         LINE#         669
  C:0F7CH         LINE#         670
  C:0F7CH         LINE#         671
BL51 BANKED LINKER/LOCATER V6.22                                                      10/29/2015  16:57:16  PAGE 91


  C:0F82H         LINE#         672
  C:0F82H         LINE#         674
  C:0F89H         LINE#         675
  C:0F89H         LINE#         677
  C:0F94H         LINE#         678
  C:0F94H         LINE#         679
  C:0F9FH         LINE#         680
  C:0FA8H         LINE#         681
  C:0FA8H         LINE#         682
  C:0FAAH         LINE#         684
  C:0FAAH         LINE#         685
  C:1005H         LINE#         687
  C:1005H         LINE#         688
  C:100EH         LINE#         689
  C:1019H         LINE#         690
  C:1019H         LINE#         691
  C:1019H         LINE#         692
  C:1019H         LINE#         693
  C:1019H         LINE#         695
  C:101FH         LINE#         696
  C:101FH         LINE#         697
  C:103EH         LINE#         699
  C:1059H         LINE#         700
  C:1059H         LINE#         701
  C:1060H         LINE#         703
  C:108AH         LINE#         704
  C:108AH         LINE#         705
  C:108CH         LINE#         706
  C:108CH         LINE#         707
  C:108EH         LINE#         709
  C:108EH         LINE#         710
  C:10C1H         LINE#         711
  C:10C1H         LINE#         712
  C:10C1H         LINE#         715
  C:10DFH         LINE#         716
  C:10DFH         LINE#         717
  C:10DFH         LINE#         718
  C:10E5H         LINE#         719
  C:10EEH         LINE#         720
  C:10EEH         LINE#         721
  C:10F0H         LINE#         723
  C:10FEH         LINE#         724
  C:110CH         LINE#         725
  C:110CH         LINE#         727
  C:110DH         LINE#         728
  C:110DH         LINE#         729
  C:1113H         LINE#         730
  C:111CH         LINE#         731
  C:111CH         LINE#         732
  C:111EH         LINE#         734
  C:112CH         LINE#         735
  C:113AH         LINE#         736
  C:113AH         LINE#         737
  C:113BH         LINE#         738
  C:113BH         LINE#         739
  C:1141H         LINE#         740
  C:1147H         LINE#         741
BL51 BANKED LINKER/LOCATER V6.22                                                      10/29/2015  16:57:16  PAGE 92


  C:1147H         LINE#         742
  C:1149H         LINE#         744
  C:1157H         LINE#         745
  C:1165H         LINE#         746
  C:1165H         LINE#         747
  C:1166H         LINE#         748
  C:1166H         LINE#         749
  C:116CH         LINE#         750
  C:1172H         LINE#         751
  C:1172H         LINE#         752
  C:1174H         LINE#         754
  C:1182H         LINE#         755
  C:1190H         LINE#         756
  C:1190H         LINE#         757
  C:1191H         LINE#         758
  C:1191H         LINE#         759
  C:1197H         LINE#         760
  C:119DH         LINE#         761
  C:119DH         LINE#         762
  C:119FH         LINE#         764
  C:11ADH         LINE#         765
  C:11BBH         LINE#         766
  C:11BBH         LINE#         767
  C:11BBH         LINE#         768
  C:11BBH         LINE#         769
  C:11BBH         LINE#         770
  -------         ENDPROC       _TIMETICK
  -------         PROC          _MOTORCTR
  C:445EH         LINE#         773
  C:445EH         LINE#         774
  C:445EH         LINE#         776
  C:4461H         LINE#         777
  C:4461H         LINE#         778
  C:4464H         LINE#         779
  C:4464H         LINE#         781
  C:4464H         LINE#         782
  C:4467H         LINE#         783
  C:4467H         LINE#         784
  C:446AH         LINE#         785
  C:446AH         LINE#         786
  C:4473H         LINE#         787
  C:4473H         LINE#         788
  C:4473H         LINE#         789
  C:4475H         LINE#         790
  C:447EH         LINE#         791
  C:447EH         LINE#         792
  C:447EH         LINE#         793
  C:4480H         LINE#         794
  C:4489H         LINE#         795
  C:4489H         LINE#         796
  C:4489H         LINE#         797
  C:448BH         LINE#         804
  C:448BH         LINE#         805
  C:448BH         LINE#         806
  C:448BH         LINE#         807
  C:448DH         LINE#         809
  C:448DH         LINE#         810
BL51 BANKED LINKER/LOCATER V6.22                                                      10/29/2015  16:57:16  PAGE 93


  C:44A2H         LINE#         811
  C:44A2H         LINE#         812
  C:44A2H         LINE#         813
  C:44A6H         LINE#         814
  C:44A8H         LINE#         815
  C:44A8H         LINE#         816
  C:44ACH         LINE#         817
  C:44AEH         LINE#         818
  C:44AEH         LINE#         819
  C:44B2H         LINE#         820
  C:44B4H         LINE#         821
  C:44B4H         LINE#         822
  C:44B8H         LINE#         823
  C:44BAH         LINE#         824
  C:44BAH         LINE#         825
  C:44C1H         LINE#         826
  C:44C1H         LINE#         827
  C:44C1H         LINE#         828
  C:44C1H         LINE#         829
  C:44C1H         LINE#         830
  C:44C1H         LINE#         831
  C:44C1H         LINE#         832
  -------         ENDPROC       _MOTORCTR
  -------         PROC          _IRDATADEAL
  C:1CE7H         LINE#         835
  C:1CE7H         LINE#         836
  C:1CE7H         LINE#         838
  C:1CEDH         LINE#         839
  C:1CEDH         LINE#         840
  C:1CEFH         LINE#         841
  C:1CF5H         LINE#         843
  C:1CFCH         LINE#         845
  C:1CFCH         LINE#         846
  C:1D02H         LINE#         849
  C:1D0DH         LINE#         850
  C:1D0DH         LINE#         851
  C:1D16H         LINE#         852
  C:1D21H         LINE#         853
  C:1D21H         LINE#         855
  C:1D2FH         LINE#         856
  C:1D2FH         LINE#         857
  C:1D35H         LINE#         858
  C:1D37H         LINE#         860
  C:1D39H         LINE#         861
  C:1D41H         LINE#         863
  C:1D47H         LINE#         864
  C:1D47H         LINE#         865
  C:1D49H         LINE#         866
  C:1D49H         LINE#         867
  C:1D49H         LINE#         868
  C:1D4BH         LINE#         869
  C:1D57H         LINE#         870
  C:1D57H         LINE#         871
  C:1D5EH         LINE#         872
  C:1D60H         LINE#         874
  C:1D65H         LINE#         876
  C:1D67H         LINE#         878
BL51 BANKED LINKER/LOCATER V6.22                                                      10/29/2015  16:57:16  PAGE 94


  C:1D6CH         LINE#         879
  C:1D70H         LINE#         881
  C:1D75H         LINE#         883
  C:1D7AH         LINE#         885
  C:1D7DH         LINE#         886
  C:1D8BH         LINE#         887
  C:1D8BH         LINE#         888
  C:1D91H         LINE#         889
  C:1D93H         LINE#         891
  C:1D99H         LINE#         892
  C:1D9BH         LINE#         894
  C:1DA2H         LINE#         895
  C:1DA2H         LINE#         896
  C:1DA8H         LINE#         897
  C:1DACH         LINE#         898
  C:1DACH         LINE#         899
  C:1DB4H         LINE#         901
  C:1DBAH         LINE#         902
  C:1DBDH         LINE#         903
  C:1DCBH         LINE#         904
  C:1DCBH         LINE#         905
  C:1DD1H         LINE#         906
  C:1DD3H         LINE#         908
  C:1DD9H         LINE#         909
  C:1DDBH         LINE#         911
  C:1DE2H         LINE#         912
  C:1DE2H         LINE#         913
  C:1DE8H         LINE#         914
  C:1DECH         LINE#         915
  C:1DECH         LINE#         916
  C:1DF4H         LINE#         918
  C:1DFAH         LINE#         919
  C:1DFDH         LINE#         920
  C:1E0BH         LINE#         921
  C:1E0BH         LINE#         922
  C:1E11H         LINE#         923
  C:1E13H         LINE#         925
  C:1E19H         LINE#         926
  C:1E1BH         LINE#         928
  C:1E22H         LINE#         929
  C:1E22H         LINE#         930
  C:1E28H         LINE#         931
  C:1E2CH         LINE#         932
  C:1E2CH         LINE#         933
  C:1E34H         LINE#         935
  C:1E3AH         LINE#         936
  C:1E3DH         LINE#         937
  C:1E4BH         LINE#         938
  C:1E4BH         LINE#         939
  C:1E51H         LINE#         940
  C:1E53H         LINE#         942
  C:1E59H         LINE#         943
  C:1E5BH         LINE#         945
  C:1E62H         LINE#         946
  C:1E62H         LINE#         947
  C:1E68H         LINE#         948
  C:1E6CH         LINE#         949
BL51 BANKED LINKER/LOCATER V6.22                                                      10/29/2015  16:57:16  PAGE 95


  C:1E6CH         LINE#         950
  C:1E74H         LINE#         952
  C:1E7AH         LINE#         953
  C:1E7CH         LINE#         954
  C:1E88H         LINE#         955
  C:1E88H         LINE#         956
  C:1E99H         LINE#         957
  C:1E9FH         LINE#         958
  C:1EA1H         LINE#         959
  C:1EADH         LINE#         960
  C:1EADH         LINE#         961
  C:1EBEH         LINE#         962
  C:1EC7H         LINE#         963
  C:1EC7H         LINE#         964
  -------         ENDPROC       _IRDATADEAL
  -------         PROC          _RXDATADEAL
  C:5223H         LINE#         967
  C:5223H         LINE#         968
  C:5223H         LINE#         970
  -------         ENDPROC       _RXDATADEAL
  -------         PROC          _ENTEREVENTDEAL
  -------         DO            
  D:0007H         SYMBOL        i
  -------         ENDDO         
  C:2F3AH         LINE#         972
  C:2F3AH         LINE#         973
  C:2F3AH         LINE#         976
  C:2F40H         LINE#         978
  C:2F42H         LINE#         979
  C:2F44H         LINE#         980
  C:2F49H         LINE#         982
  C:2F4FH         LINE#         984
  C:2F53H         LINE#         985
  C:2F57H         LINE#         986
  C:2F5DH         LINE#         987
  C:2F61H         LINE#         988
  C:2F65H         LINE#         989
  C:2F6BH         LINE#         992
  C:2F71H         LINE#         994
  C:2F77H         LINE#         995
  C:2F7AH         LINE#         998
  C:2F7DH         LINE#         999
  C:2F7DH         LINE#         1000
  C:2F7FH         LINE#         1001
  C:2F85H         LINE#         1002
  C:2F8BH         LINE#         1003
  C:2F8BH         LINE#         1004
  C:2F8DH         LINE#         1006
  C:2F8DH         LINE#         1007
  C:2F91H         LINE#         1008
  C:2F99H         LINE#         1009
  C:2FA1H         LINE#         1010
  C:2FA9H         LINE#         1011
  C:2FA9H         LINE#         1013
  C:2FB1H         LINE#         1015
  C:2FB6H         LINE#         1017
  C:2FBCH         LINE#         1019
BL51 BANKED LINKER/LOCATER V6.22                                                      10/29/2015  16:57:16  PAGE 96


  C:2FC0H         LINE#         1020
  C:2FC2H         LINE#         1022
  C:2FCFH         LINE#         1023
  C:2FCFH         LINE#         1024
  C:2FD4H         LINE#         1026
  C:2FDBH         LINE#         1027
  C:2FE1H         LINE#         1028
  C:2FE7H         LINE#         1029
  C:2FEDH         LINE#         1030
  C:2FF3H         LINE#         1031
  C:2FF3H         LINE#         1033
  C:2FFAH         LINE#         1034
  C:3000H         LINE#         1036
  C:3006H         LINE#         1039
  C:3007H         LINE#         1040
  C:3007H         LINE#         1041
  C:3017H         LINE#         1042
  C:3027H         LINE#         1043
  C:302CH         LINE#         1044
  C:3035H         LINE#         1045
  C:303EH         LINE#         1046
  C:3043H         LINE#         1047
  C:3046H         LINE#         1048
  -------         ENDPROC       _ENTEREVENTDEAL
  -------         PROC          _EXITEVENTDEAL
  C:5224H         LINE#         1050
  C:5224H         LINE#         1051
  C:5224H         LINE#         1053
  -------         ENDPROC       _EXITEVENTDEAL
  -------         ENDMOD        STATE_WORK

  -------         MODULE        ?C?FPMUL
  C:15D3H         PUBLIC        ?C?FPMUL
  -------         ENDMOD        ?C?FPMUL

  -------         MODULE        ?C?FCAST
  C:16E3H         PUBLIC        ?C?FCASTC
  C:16DEH         PUBLIC        ?C?FCASTI
  C:16D9H         PUBLIC        ?C?FCASTL
  -------         ENDMOD        ?C?FCAST

  -------         MODULE        ?C?CASTF
  C:1717H         PUBLIC        ?C?CASTF
  -------         ENDMOD        ?C?CASTF

  -------         MODULE        ?C?CLDPTR
  C:1798H         PUBLIC        ?C?CLDPTR
  -------         ENDMOD        ?C?CLDPTR

  -------         MODULE        ?C?CLDOPTR
  C:17B1H         PUBLIC        ?C?CLDOPTR
  -------         ENDMOD        ?C?CLDOPTR

  -------         MODULE        ?C?CSTPTR
  C:17DEH         PUBLIC        ?C?CSTPTR
  -------         ENDMOD        ?C?CSTPTR

BL51 BANKED LINKER/LOCATER V6.22                                                      10/29/2015  16:57:16  PAGE 97


  -------         MODULE        ?C?CSTOPTR
  C:17F0H         PUBLIC        ?C?CSTOPTR
  -------         ENDMOD        ?C?CSTOPTR

  -------         MODULE        ?C?UIDIV
  C:1812H         PUBLIC        ?C?UIDIV
  -------         ENDMOD        ?C?UIDIV

  -------         MODULE        ?C?ILDOPTR
  C:1867H         PUBLIC        ?C?ILDOPTR
  -------         ENDMOD        ?C?ILDOPTR

  -------         MODULE        ?C?ULDIV
  C:18DBH         PUBLIC        ?C?ULDIV
  -------         ENDMOD        ?C?ULDIV

  -------         MODULE        ?C?LNEG
  C:196DH         PUBLIC        ?C?LNEG
  -------         ENDMOD        ?C?LNEG

  -------         MODULE        ?C?ULCMP
  C:197BH         PUBLIC        ?C?ULCMP
  -------         ENDMOD        ?C?ULCMP

  -------         MODULE        ?C?LSTXDATA
  C:198CH         PUBLIC        ?C?LSTXDATA
  -------         ENDMOD        ?C?LSTXDATA

  -------         MODULE        ?C?LSTKXDATA
  C:1998H         PUBLIC        ?C?LSTKXDATA
  -------         ENDMOD        ?C?LSTKXDATA

  -------         MODULE        ?C?OFFXADD
  C:19C9H         PUBLIC        ?C?OFFXADD
  -------         ENDMOD        ?C?OFFXADD

  -------         MODULE        ?C?ICALL
  C:19D5H         PUBLIC        ?C?ICALL
  C:19D9H         PUBLIC        ?C?ICALL2
  -------         ENDMOD        ?C?ICALL

Program Size: data=30.2 xdata=526 code=21029
LINK/LOCATE RUN COMPLETE.  0 WARNING(S),  0 ERROR(S)
