BL51 BANKED LINKER/LOCATER V6.22                                                        10/06/2015  16:09:00  PAGE 1


BL51 BANKED LINKER/LOCATER V6.22, INVOKED BY:
C:\KEIL_V5\C51\BIN\BL51.EXE .\it.obj, startup.obj, .\main.obj, .\bsp_init.obj, .\aip1944.obj, .\display.obj, .\buzzer.ob
>> j, .\ir.obj, .\humidity.obj, .\dust.obj, .\motor.obj, .\system.obj, .\fifo.obj, .\protocol.obj, .\uart.obj, .\fsm.obj
>> , .\state_test.obj TO YTN-E608-WIFI-6432 RAMSIZE (256) DISABLEWARNING (16) CODE (0X0000-0X7FFF) XDATA (0X0000-0X02FF)
>> 


MEMORY MODEL: LARGE WITH FLOATING POINT ARITHMETIC


INPUT MODULES INCLUDED:
  .\it.obj (IT)
  startup.obj (?C_STARTUP)
  .\main.obj (MAIN)
  .\bsp_init.obj (BSP_INIT)
  .\aip1944.obj (AIP1944)
  .\display.obj (DISPLAY)
  .\buzzer.obj (BUZZER)
  .\ir.obj (IR)
  .\humidity.obj (HUMIDITY)
  .\dust.obj (DUST)
  .\motor.obj (MOTOR)
  .\system.obj (SYSTEM)
  .\fifo.obj (FIFO)
  .\protocol.obj (PROTOCOL)
  .\uart.obj (UART)
  .\fsm.obj (FSM)
  .\state_test.obj (STATE_TEST)
  C:\KEIL_V5\C51\LIB\C51FPL.LIB (?C?FPMUL)
  C:\KEIL_V5\C51\LIB\C51FPL.LIB (?C?FCAST)
  C:\KEIL_V5\C51\LIB\C51FPL.LIB (?C?CASTF)
  C:\KEIL_V5\C51\LIB\C51FPL.LIB (?C?FPGETOPN)
  C:\KEIL_V5\C51\LIB\C51L.LIB (?C_INIT)
  C:\KEIL_V5\C51\LIB\C51L.LIB (?C?CLDPTR)
  C:\KEIL_V5\C51\LIB\C51L.LIB (?C?CLDOPTR)
  C:\KEIL_V5\C51\LIB\C51L.LIB (?C?CSTOPTR)
  C:\KEIL_V5\C51\LIB\C51L.LIB (?C?UIDIV)
  C:\KEIL_V5\C51\LIB\C51L.LIB (?C?ILDOPTR)
  C:\KEIL_V5\C51\LIB\C51L.LIB (?C?LNEG)
  C:\KEIL_V5\C51\LIB\C51L.LIB (?C?ICALL)


LINK MAP OF MODULE:  YTN-E608-WIFI-6432 (IT)


            TYPE    BASE      LENGTH    RELOCATION   SEGMENT NAME
            -----------------------------------------------------

            * * * * * * *   D A T A   M E M O R Y   * * * * * * *
            REG     0000H     0008H     ABSOLUTE     "REG BANK 0"
            IDATA   0008H     000BH     UNIT         ?ID?IT
            IDATA   0013H     0003H     UNIT         ?ID?MAIN
            IDATA   0016H     0003H     UNIT         ?ID?HUMIDITY
                    0019H     0007H                  *** GAP ***
            BIT     0020H.0   0000H.3   UNIT         ?BI?MOTOR
            BIT     0020H.3   0000H.2   UNIT         ?BI?DISPLAY
            BIT     0020H.5   0000H.2   UNIT         ?BI?DUST
            BIT     0020H.7   0000H.2   UNIT         ?BI?SYSTEM
BL51 BANKED LINKER/LOCATER V6.22                                                      10/06/2015  16:09:00  PAGE 2


            BIT     0021H.1   0000H.2   UNIT         ?BI?UART
            BIT     0021H.3   0000H.2   UNIT         _BIT_GROUP_
            BIT     0021H.5   0000H.1   UNIT         ?BI?BUZZER
            BIT     0021H.6   0000H.1   UNIT         ?BI?IR
            BIT     0021H.7   0000H.1   UNIT         ?BI?HUMIDITY
            BIT     0022H.0   0000H.1   UNIT         ?BI?PROTOCOL
                    0022H.1   0000H.7                *** GAP ***
            IDATA   0023H     0001H     UNIT         ?STACK

            * * * * * * *  X D A T A   M E M O R Y  * * * * * * *
            XDATA   0000H     00D8H     UNIT         ?XD?UART
            XDATA   00D8H     006BH     UNIT         ?XD?SYSTEM
            XDATA   0143H     0042H     UNIT         ?XD?DISPLAY
            XDATA   0185H     0015H     UNIT         ?XD?DUST
            XDATA   019AH     0011H     UNIT         ?XD?HUMIDITY
            XDATA   01ABH     0010H     UNIT         _XDATA_GROUP_
            XDATA   01BBH     0008H     UNIT         ?XD?MOTOR
            XDATA   01C3H     0004H     UNIT         ?XD?IT
            XDATA   01C7H     0004H     UNIT         ?XD?BUZZER
            XDATA   01CBH     0004H     UNIT         ?XD?PROTOCOL
            XDATA   01CFH     0003H     UNIT         ?XD?_DISPLAY_SHOWNUMINRTCAREA?DISPLAY
            XDATA   01D2H     0002H     UNIT         ?XD?IR
            XDATA   01D4H     0002H     UNIT         ?XD?FSM
            XDATA   01D6H     0001H     UNIT         ?XD?AIP1944
            XDATA   01D7H     0001H     UNIT         ?XD?CMD_DUMMY_DEAL?PROTOCOL

            * * * * * * *   C O D E   M E M O R Y   * * * * * * *
            CODE    0000H     0003H     ABSOLUTE     
            CODE    0003H     0018H     UNIT         ?PR?TIMER1_INIT?BSP_INIT
            CODE    001BH     0003H     ABSOLUTE     
            CODE    001EH     0005H     UNIT         ?PR?CMD_GET_SYS_STA_DEAL?PROTOCOL
            CODE    0023H     0003H     ABSOLUTE     
            CODE    0026H     0044H     UNIT         ?PR?UART_SENDSTARTUP?UART
            CODE    006AH     0001H     UNIT         ?PR?TASK_DONOTHING?FSM
            CODE    006BH     0003H     ABSOLUTE     
            CODE    006EH     0034H     UNIT         ?PR?UART_MEMORYINIT?UART
            CODE    00A2H     0001H     UNIT         ?PR?_KEYACTIONDEAL?STATE_TEST
            CODE    00A3H     0003H     ABSOLUTE     
            CODE    00A6H     000DH     UNIT         ?PR?BIT_INIT?BSP_INIT
            CODE    00B3H     0003H     ABSOLUTE     
            CODE    00B6H     0AE7H     UNIT         ?CO?HUMIDITY
            CODE    0B9DH     0416H     UNIT         ?PR?_PROTOCOL_STARESP?PROTOCOL
            CODE    0FB3H     02CEH     UNIT         ?C?LIB_CODE
            CODE    1281H     01ABH     UNIT         ?PR?CMD_GET_DEVICE_INFO_DEAL?PROTOCOL
            CODE    142CH     01A5H     UNIT         ?PR?MOTOR_CTR?MOTOR
            CODE    15D1H     019CH     UNIT         ?PR?PROTOCOL_TASK?PROTOCOL
            CODE    176DH     0174H     UNIT         ?PR?INT_BIT?IT
            CODE    18E1H     0156H     UNIT         ?PR?CMD_GET_PM_DATAS_DEAL?PROTOCOL
            CODE    1A37H     0117H     UNIT         ?CO?DISPLAY
            CODE    1B4EH     010EH     UNIT         ?PR?_DISPLAYCONTROL?STATE_TEST
            CODE    1C5CH     0102H     UNIT         ?PR?_DISPLAY_DUSTDATA?DISPLAY
            CODE    1D5EH     00FEH     UNIT         ?PR?_DISPLAY_SHOWNUMINRTCAREA?DISPLAY
            CODE    1E5CH     00FEH     UNIT         ?PR?_HUMIDITY_AD2H?HUMIDITY
            CODE    1F5AH     00EEH     UNIT         ?PR?SYS_UPDATETIMERONINDEX?SYSTEM
            CODE    2048H     00E3H     UNIT         ?PR?PROTOCOL_RESETWIFIMODE?PROTOCOL
            CODE    212BH     00CEH     UNIT         ?PR?_DISPLAY_SHOWRT?DISPLAY
            CODE    21F9H     00BCH     UNIT         ?PR?MAIN?MAIN
BL51 BANKED LINKER/LOCATER V6.22                                                      10/06/2015  16:09:00  PAGE 3


            CODE    22B5H     00BAH     UNIT         ?PR?DUST_LEVELUPDATE?DUST
            CODE    236FH     00ADH     UNIT         ?PR?DUST_DATAUPDATE?DUST
            CODE    241CH     00ACH     UNIT         ?PR?INT_USI1_RX?IT
            CODE    24C8H     00A4H     UNIT         ?PR?CMD_GET_ENE_DATAS_DEAL?PROTOCOL
            CODE    256CH     00A3H     UNIT         ?PR?PROTOCOL_ENTERATMODE?PROTOCOL
            CODE    260FH     00A0H     UNIT         ?PR?HUMIDITY_GETCURRENTH?HUMIDITY
            CODE    26AFH     009AH     UNIT         ?C_C51STARTUP
            CODE    2749H     0099H     UNIT         ?PR?INT_WT?IT
            CODE    27E2H     008FH     UNIT         ?PR?INT_USI1_TX?IT
            CODE    2871H     0089H     UNIT         ?PR?HUMIDITY_GETCURRENTT?HUMIDITY
            CODE    28FAH     0081H     UNIT         ?PR?_DISPLAY_CIRCLERUN?DISPLAY
            CODE    297BH     0075H     UNIT         ?PR?_HUMIDITY_GETH?HUMIDITY
            CODE    29F0H     0071H     UNIT         ?PR?CMD_TIMER_CTR_DEAL?PROTOCOL
            CODE    2A61H     0061H     UNIT         ?PR?_ENQUEUE?FIFO
            CODE    2AC2H     005FH     UNIT         ?PR?_DISPLAY_SHOWTEMPERATURE?DISPLAY
            CODE    2B21H     005FH     UNIT         ?PR?_DISPLAY_SHOWHUMIDITY?DISPLAY
            CODE    2B80H     005DH     UNIT         ?PR?_DEQUEUE?FIFO
            CODE    2BDDH     0052H     UNIT         ?PR?_STATE_TRANSITIONTO?FSM
            CODE    2C2FH     0051H     UNIT         ?PR?PORT_INIT?BSP_INIT
            CODE    2C80H     0050H     UNIT         ?PR?_AIP1944_WRITEDISPDATAS?AIP1944
            CODE    2CD0H     004BH     UNIT         ?PR?DUST_GETRTLEVEL?DUST
            CODE    2D1BH     004BH     UNIT         ?CO?PROTOCOL
            CODE    2D66H     0043H     UNIT         ?PR?BUZZ_CTR?BUZZER
            CODE    2DA9H     003EH     UNIT         ?PR?_DISPLAY_DUSTLEVEL?DISPLAY
            CODE    2DE7H     003DH     UNIT         ?PR?CMD_FAN_CTR_DEAL?PROTOCOL
            CODE    2E24H     003AH     UNIT         ?PR?CMD_RT_SET_DEAL?PROTOCOL
            CODE    2E5EH     0039H     UNIT         ?PR?_QUEUEISFULL?FIFO
            CODE    2E97H     0033H     UNIT         ?PR?DISPLAY_CTR?DISPLAY
            CODE    2ECAH     0033H     UNIT         ?PR?_IRDATADEAL?STATE_TEST
            CODE    2EFDH     002FH     UNIT         ?PR?CMD_DUMMY_DEAL?PROTOCOL
            CODE    2F2CH     002BH     UNIT         ?PR?BSP_INIT?BSP_INIT
            CODE    2F57H     0024H     UNIT         ?C_INITSEG
            CODE    2F7BH     0020H     UNIT         ?PR?DISPLAY_SETLINE?DISPLAY
            CODE    2F9BH     001EH     UNIT         ?CO?SYSTEM
            CODE    2FB9H     001DH     UNIT         ?PR?_MOTOR_RUN?MOTOR
            CODE    2FD6H     001BH     UNIT         ?PR?_BUZZ_SET?BUZZER
            CODE    2FF1H     001BH     UNIT         ?CO?FSM
            CODE    300CH     001BH     UNIT         ?CO?STATE_TEST
            CODE    3027H     001AH     UNIT         ?PR?_AIP1944_WRITEBYTE?AIP1944
            CODE    3041H     001AH     UNIT         ?PR?_QUEUELEN?FIFO
            CODE    305BH     0019H     UNIT         ?PR?CMD_WIFI_STA_CHANGE_DEAL?PROTOCOL
            CODE    3074H     0016H     UNIT         ?PR?UART_INIT?BSP_INIT
            CODE    308AH     0016H     UNIT         ?PR?_UTILS_GETADVALUE?HUMIDITY
            CODE    30A0H     0015H     UNIT         ?PR?_QUEUEISEMPTY?FIFO
            CODE    30B5H     0014H     UNIT         ?PR?_DISPLAY_SETALL?DISPLAY
            CODE    30C9H     0014H     UNIT         ?PR?_HUMIDITY_AD2T?HUMIDITY
            CODE    30DDH     0014H     UNIT         ?PR?DUST_DEVICEINIT?DUST
            CODE    30F1H     0014H     UNIT         ?PR?CMD_AION_CTR_DEAL?PROTOCOL
            CODE    3105H     0014H     UNIT         ?PR?CMD_UV_CTR_DEAL?PROTOCOL
            CODE    3119H     0013H     UNIT         ?PR?INT_TIMER0?IT
            CODE    312CH     0012H     UNIT         ?PR?_BUZ_ONOFF?BSP_INIT
            CODE    313EH     0012H     UNIT         ?PR?BUZZ_DEVICEINIT?BUZZER
            CODE    3150H     0010H     UNIT         ?PR?HUMIDITY_DEVICEINIT?HUMIDITY
            CODE    3160H     000FH     UNIT         ?PR?_ADC_START?BSP_INIT
            CODE    316FH     000EH     UNIT         ?PR?_INITQUEUE?FIFO
            CODE    317DH     000DH     UNIT         ?PR?TIMER0_INIT?BSP_INIT
            CODE    318AH     000DH     UNIT         ?PR?WT_INIT?BSP_INIT
BL51 BANKED LINKER/LOCATER V6.22                                                      10/06/2015  16:09:00  PAGE 4


            CODE    3197H     000DH     UNIT         ?PR?CMD_POWER_CTR_DEAL?PROTOCOL
            CODE    31A4H     000DH     UNIT         ?PR?CMD_FIX_CTR_DEAL?PROTOCOL
            CODE    31B1H     000DH     UNIT         ?PR?CMD_CLEAN_CTR_DEAL?PROTOCOL
            CODE    31BEH     000AH     UNIT         ?PR?MOTOR_STOP?MOTOR
            CODE    31C8H     0009H     UNIT         ?PR?WDT_INIT?BSP_INIT
            CODE    31D1H     0009H     UNIT         ?PR?UART_RXDATSDEAL?UART
            CODE    31DAH     0008H     UNIT         ?PR?LCD_INIT?BSP_INIT
            CODE    31E2H     0008H     UNIT         ?PR?PROTOCOL_INIT?PROTOCOL
            CODE    31EAH     0007H     UNIT         ?PR?ADC_INIT?BSP_INIT
            CODE    31F1H     0007H     UNIT         ?PR?BUZ_INIT?BSP_INIT
            CODE    31F8H     0007H     UNIT         ?PR?CLOCK_INIT?BSP_INIT
            CODE    31FFH     0005H     UNIT         ?PR?CMD_MEM_SET_DEAL?PROTOCOL
            CODE    3204H     0005H     UNIT         ?PR?CMD_REST_DEAL?PROTOCOL
            CODE    3209H     0004H     UNIT         ?PR?WDT_CLEAR?BSP_INIT
            CODE    320DH     0001H     UNIT         ?PR?_TASKEXE?STATE_TEST
            CODE    320EH     0001H     UNIT         ?PR?_TIMETICK?STATE_TEST
            CODE    320FH     0001H     UNIT         ?PR?_MOTORCTR?STATE_TEST
            CODE    3210H     0001H     UNIT         ?PR?_RXDATADEAL?STATE_TEST
            CODE    3211H     0001H     UNIT         ?PR?_ENTEREVENTDEAL?STATE_TEST
            CODE    3212H     0001H     UNIT         ?PR?_EXITEVENTDEAL?STATE_TEST



OVERLAY MAP OF MODULE:   YTN-E608-WIFI-6432 (IT)


SEGMENT                                          BIT_GROUP          XDATA_GROUP
  +--> CALLED SEGMENT                         START    LENGTH     START    LENGTH
---------------------------------------------------------------------------------
?C_C51STARTUP                                 -----    -----      -----    -----
  +--> ?PR?MAIN?MAIN
  +--> ?C_INITSEG

?PR?MAIN?MAIN                                 -----    -----      -----    -----
  +--> ?PR?BSP_INIT?BSP_INIT
  +--> ?PR?BUZZ_DEVICEINIT?BUZZER
  +--> ?PR?UART_MEMORYINIT?UART
  +--> ?PR?PROTOCOL_INIT?PROTOCOL
  +--> ?PR?HUMIDITY_DEVICEINIT?HUMIDITY
  +--> ?PR?DUST_DEVICEINIT?DUST
  +--> ?CO?STATE_TEST
  +--> ?PR?_STATE_TRANSITIONTO?FSM
  +--> ?PR?_BUZZ_SET?BUZZER
  +--> ?PR?UART_RXDATSDEAL?UART
  +--> ?PR?_UTILS_GETADVALUE?HUMIDITY
  +--> ?PR?BUZZ_CTR?BUZZER
  +--> ?PR?DUST_DATAUPDATE?DUST
  +--> ?PR?MOTOR_CTR?MOTOR
  +--> ?PR?DISPLAY_CTR?DISPLAY
  +--> ?PR?HUMIDITY_GETCURRENTT?HUMIDITY
  +--> ?PR?HUMIDITY_GETCURRENTH?HUMIDITY
  +--> ?PR?DUST_LEVELUPDATE?DUST

?PR?BSP_INIT?BSP_INIT                         -----    -----      -----    -----
  +--> ?PR?PORT_INIT?BSP_INIT
  +--> ?PR?CLOCK_INIT?BSP_INIT
  +--> ?PR?ADC_INIT?BSP_INIT
BL51 BANKED LINKER/LOCATER V6.22                                                      10/06/2015  16:09:00  PAGE 5


  +--> ?PR?BIT_INIT?BSP_INIT
  +--> ?PR?BUZ_INIT?BSP_INIT
  +--> ?PR?LCD_INIT?BSP_INIT
  +--> ?PR?TIMER0_INIT?BSP_INIT
  +--> ?PR?TIMER1_INIT?BSP_INIT
  +--> ?PR?UART_INIT?BSP_INIT
  +--> ?PR?WDT_INIT?BSP_INIT
  +--> ?PR?WT_INIT?BSP_INIT

?PR?WDT_INIT?BSP_INIT                         -----    -----      -----    -----
  +--> ?PR?WDT_CLEAR?BSP_INIT

?PR?UART_MEMORYINIT?UART                      -----    -----      -----    -----
  +--> ?PR?_INITQUEUE?FIFO

?PR?HUMIDITY_DEVICEINIT?HUMIDITY              -----    -----      -----    -----
  +--> ?PR?_UTILS_GETADVALUE?HUMIDITY
  +--> ?PR?_HUMIDITY_AD2T?HUMIDITY
  +--> ?PR?_HUMIDITY_AD2H?HUMIDITY

?PR?_HUMIDITY_AD2T?HUMIDITY                   -----    -----      -----    -----
  +--> ?CO?HUMIDITY

?PR?_HUMIDITY_AD2H?HUMIDITY                   -----    -----      01ACH    0003H
  +--> ?PR?_HUMIDITY_GETH?HUMIDITY

?PR?_HUMIDITY_GETH?HUMIDITY                   -----    -----      01AFH    0003H
  +--> ?CO?HUMIDITY

?CO?STATE_TEST                                -----    -----      -----    -----
  +--> ?PR?_KEYACTIONDEAL?STATE_TEST
  +--> ?PR?_DISPLAYCONTROL?STATE_TEST
  +--> ?PR?_TASKEXE?STATE_TEST
  +--> ?PR?_TIMETICK?STATE_TEST
  +--> ?PR?_MOTORCTR?STATE_TEST
  +--> ?PR?_IRDATADEAL?STATE_TEST
  +--> ?PR?_RXDATADEAL?STATE_TEST
  +--> ?PR?_ENTEREVENTDEAL?STATE_TEST
  +--> ?PR?_EXITEVENTDEAL?STATE_TEST

?PR?_DISPLAYCONTROL?STATE_TEST                -----    -----      -----    -----
  +--> ?PR?DISPLAY_SETLINE?DISPLAY
  +--> ?PR?_DISPLAY_SHOWTEMPERATURE?DISPLAY
  +--> ?PR?_DISPLAY_SHOWHUMIDITY?DISPLAY
  +--> ?PR?_DISPLAY_SHOWRT?DISPLAY
  +--> ?PR?_DISPLAY_DUSTDATA?DISPLAY

?PR?_DISPLAY_SHOWTEMPERATURE?DISPLAY          -----    -----      -----    -----
  +--> ?CO?DISPLAY

?PR?_DISPLAY_SHOWHUMIDITY?DISPLAY             -----    -----      -----    -----
  +--> ?CO?DISPLAY

?PR?_DISPLAY_SHOWRT?DISPLAY                   0021H.3  0000H.2    -----    -----
  +--> ?CO?DISPLAY

?PR?_DISPLAY_DUSTDATA?DISPLAY                 -----    -----      01ABH    0003H
BL51 BANKED LINKER/LOCATER V6.22                                                      10/06/2015  16:09:00  PAGE 6


  +--> ?CO?DISPLAY

?PR?_IRDATADEAL?STATE_TEST                    -----    -----      -----    -----
  +--> ?PR?_ENQUEUE?FIFO
  +--> ?PR?UART_SENDSTARTUP?UART
  +--> ?PR?_BUZZ_SET?BUZZER

?PR?_ENQUEUE?FIFO                             -----    -----      01B4H    0004H
  +--> ?PR?_QUEUEISFULL?FIFO

?PR?_QUEUEISFULL?FIFO                         -----    -----      01B8H    0003H

?PR?UART_SENDSTARTUP?UART                     -----    -----      -----    -----
  +--> ?PR?_QUEUELEN?FIFO
  +--> ?PR?_DEQUEUE?FIFO

?PR?_DEQUEUE?FIFO                             -----    -----      01B4H    0004H
  +--> ?PR?_QUEUEISEMPTY?FIFO

?PR?_STATE_TRANSITIONTO?FSM                   0021H.3  0000H.2    01ABH    0002H

?PR?UART_RXDATSDEAL?UART                      -----    -----      -----    -----
  +--> ?PR?PROTOCOL_TASK?PROTOCOL

?PR?PROTOCOL_TASK?PROTOCOL                    -----    -----      01ABH    0004H
  +--> ?CO?PROTOCOL
  +--> ?PR?_BUZZ_SET?BUZZER

?CO?PROTOCOL                                  -----    -----      -----    -----
  +--> ?PR?CMD_GET_SYS_STA_DEAL?PROTOCOL
  +--> ?PR?CMD_POWER_CTR_DEAL?PROTOCOL
  +--> ?PR?CMD_FAN_CTR_DEAL?PROTOCOL
  +--> ?PR?CMD_FIX_CTR_DEAL?PROTOCOL
  +--> ?PR?CMD_CLEAN_CTR_DEAL?PROTOCOL
  +--> ?PR?CMD_AION_CTR_DEAL?PROTOCOL
  +--> ?PR?CMD_UV_CTR_DEAL?PROTOCOL
  +--> ?PR?CMD_TIMER_CTR_DEAL?PROTOCOL
  +--> ?PR?CMD_GET_PM_DATAS_DEAL?PROTOCOL
  +--> ?PR?CMD_GET_ENE_DATAS_DEAL?PROTOCOL
  +--> ?PR?CMD_RT_SET_DEAL?PROTOCOL
  +--> ?PR?CMD_MEM_SET_DEAL?PROTOCOL
  +--> ?PR?CMD_REST_DEAL?PROTOCOL
  +--> ?PR?CMD_GET_DEVICE_INFO_DEAL?PROTOCOL
  +--> ?PR?CMD_WIFI_STA_CHANGE_DEAL?PROTOCOL

?PR?CMD_GET_SYS_STA_DEAL?PROTOCOL             -----    -----      -----    -----
  +--> ?PR?_PROTOCOL_STARESP?PROTOCOL

?PR?_PROTOCOL_STARESP?PROTOCOL                -----    -----      01AFH    0002H
  +--> ?PR?_ENQUEUE?FIFO
  +--> ?PR?UART_SENDSTARTUP?UART

?PR?CMD_POWER_CTR_DEAL?PROTOCOL               -----    -----      -----    -----
  +--> ?PR?_PROTOCOL_STARESP?PROTOCOL

?PR?CMD_FAN_CTR_DEAL?PROTOCOL                 -----    -----      -----    -----
  +--> ?PR?_PROTOCOL_STARESP?PROTOCOL
BL51 BANKED LINKER/LOCATER V6.22                                                      10/06/2015  16:09:00  PAGE 7



?PR?CMD_FIX_CTR_DEAL?PROTOCOL                 -----    -----      -----    -----
  +--> ?PR?_PROTOCOL_STARESP?PROTOCOL

?PR?CMD_CLEAN_CTR_DEAL?PROTOCOL               -----    -----      -----    -----
  +--> ?PR?_PROTOCOL_STARESP?PROTOCOL

?PR?CMD_AION_CTR_DEAL?PROTOCOL                -----    -----      -----    -----
  +--> ?PR?_PROTOCOL_STARESP?PROTOCOL

?PR?CMD_UV_CTR_DEAL?PROTOCOL                  -----    -----      -----    -----
  +--> ?PR?_PROTOCOL_STARESP?PROTOCOL

?PR?CMD_TIMER_CTR_DEAL?PROTOCOL               -----    -----      -----    -----
  +--> ?PR?SYS_UPDATETIMERONINDEX?SYSTEM
  +--> ?PR?_PROTOCOL_STARESP?PROTOCOL

?PR?SYS_UPDATETIMERONINDEX?SYSTEM             -----    -----      01AFH    0005H
  +--> ?CO?SYSTEM

?PR?CMD_GET_PM_DATAS_DEAL?PROTOCOL            -----    -----      01AFH    0005H
  +--> ?PR?_ENQUEUE?FIFO
  +--> ?PR?UART_SENDSTARTUP?UART

?PR?CMD_GET_ENE_DATAS_DEAL?PROTOCOL           -----    -----      01AFH    0002H
  +--> ?PR?_ENQUEUE?FIFO
  +--> ?PR?UART_SENDSTARTUP?UART

?PR?CMD_RT_SET_DEAL?PROTOCOL                  -----    -----      -----    -----
  +--> ?PR?_PROTOCOL_STARESP?PROTOCOL

?PR?CMD_MEM_SET_DEAL?PROTOCOL                 -----    -----      -----    -----
  +--> ?PR?_PROTOCOL_STARESP?PROTOCOL

?PR?CMD_REST_DEAL?PROTOCOL                    -----    -----      -----    -----
  +--> ?PR?_PROTOCOL_STARESP?PROTOCOL

?PR?CMD_GET_DEVICE_INFO_DEAL?PROTOCOL         -----    -----      01AFH    0001H
  +--> ?PR?_ENQUEUE?FIFO
  +--> ?PR?UART_SENDSTARTUP?UART

?PR?DUST_DATAUPDATE?DUST                      -----    -----      -----    -----
  +--> ?PR?DUST_GETRTLEVEL?DUST

?PR?MOTOR_CTR?MOTOR                           -----    -----      01ABH    0006H

?PR?DISPLAY_CTR?DISPLAY                       -----    -----      -----    -----
  +--> ?PR?_DISPLAY_SETALL?DISPLAY
  +--> ?PR?_AIP1944_WRITEDISPDATAS?AIP1944

?PR?_AIP1944_WRITEDISPDATAS?AIP1944           -----    -----      01ABH    0005H
  +--> ?PR?_AIP1944_WRITEBYTE?AIP1944

?PR?HUMIDITY_GETCURRENTT?HUMIDITY             -----    -----      -----    -----
  +--> ?PR?_UTILS_GETADVALUE?HUMIDITY
  +--> ?PR?_HUMIDITY_AD2T?HUMIDITY

BL51 BANKED LINKER/LOCATER V6.22                                                      10/06/2015  16:09:00  PAGE 8


?PR?HUMIDITY_GETCURRENTH?HUMIDITY             -----    -----      01ABH    0001H
  +--> ?PR?_HUMIDITY_AD2H?HUMIDITY

?PR?DUST_LEVELUPDATE?DUST                     -----    -----      -----    -----
  +--> ?PR?DUST_GETRTLEVEL?DUST

?C_INITSEG                                    -----    -----      -----    -----
  +--> ?CO?FSM

?CO?FSM                                       -----    -----      -----    -----
  +--> ?PR?TASK_DONOTHING?FSM



SYMBOL TABLE OF MODULE:  YTN-E608-WIFI-6432 (IT)

  VALUE           TYPE          NAME
  ----------------------------------

  -------         MODULE        IT
  C:0000H         SYMBOL        _ICE_DUMMY_
  C:3119H         PUBLIC        INT_Timer0
  D:0088H         PUBLIC        P1
  D:0090H         PUBLIC        P2
  D:008DH         PUBLIC        WDTCR
  D:00A8H         PUBLIC        IE
  D:00B2H         PUBLIC        T0CR
  C:241CH         PUBLIC        INT_USI1_Rx
  C:27E2H         PUBLIC        INT_USI1_Tx
  C:176DH         PUBLIC        INT_BIT
  D:0087H         PUBLIC        PCON
  B:0090H.2       PUBLIC        P22
  B:0090H.3       PUBLIC        P23
  D:00F5H         PUBLIC        USI1DR
  D:00ABH         PUBLIC        IE3
  X:01C4H         PUBLIC        SysTick_4ms
  X:01C5H         SYMBOL        pgCntH
  X:01C6H         PUBLIC        RT_1sCnt
  I:0011H         PUBLIC        SquGen_Cnt
  D:00B3H         PUBLIC        T0CNT
  I:0012H         SYMBOL        IR_Flags
  D:00EAH         PUBLIC        USI1CR2
  C:2749H         PUBLIC        INT_WT
  -------         PROC          INT_USI1_RX
  -------         DO            
  D:0007H         SYMBOL        len
  -------         ENDDO         
  C:241CH         LINE#         8
  C:2439H         LINE#         13
  C:243FH         LINE#         16
  C:245AH         LINE#         17
  C:2481H         LINE#         20
  C:24A5H         LINE#         21
  C:24ABH         LINE#         22
  C:24ABH         LINE#         23
  C:24ADH         LINE#         24
  C:24ADH         LINE#         25
BL51 BANKED LINKER/LOCATER V6.22                                                      10/06/2015  16:09:00  PAGE 9


  -------         ENDPROC       INT_USI1_RX
  -------         PROC          INT_USI1_TX
  C:27E2H         LINE#         27
  C:27FFH         LINE#         32
  C:281AH         LINE#         33
  C:2841H         LINE#         36
  C:2851H         LINE#         37
  C:2851H         LINE#         38
  C:2853H         LINE#         39
  C:2856H         LINE#         40
  C:2856H         LINE#         41
  -------         ENDPROC       INT_USI1_TX
  -------         PROC          INT_TIMER0
  C:3119H         LINE#         44
  C:311FH         LINE#         47
  C:3125H         LINE#         48
  -------         ENDPROC       INT_TIMER0
  -------         PROC          INT_WT
  -------         DO            
  X:01C3H         SYMBOL        rt_05sCnt
  -------         ENDDO         
  C:2749H         LINE#         51
  C:275CH         LINE#         57
  C:2771H         LINE#         58
  C:2774H         LINE#         59
  C:2779H         LINE#         61
  C:2783H         LINE#         62
  C:2783H         LINE#         63
  C:2785H         LINE#         64
  C:2787H         LINE#         65
  C:2796H         LINE#         66
  C:2796H         LINE#         67
  C:2798H         LINE#         68
  C:2798H         LINE#         70
  C:279AH         LINE#         73
  C:279CH         LINE#         76
  C:27A2H         LINE#         77
  C:27A8H         LINE#         78
  C:27A8H         LINE#         79
  C:27AAH         LINE#         81
  C:27B0H         LINE#         82
  C:27B0H         LINE#         85
  C:27B3H         LINE#         87
  C:27B8H         LINE#         88
  C:27B8H         LINE#         90
  C:27BBH         LINE#         91
  C:27BFH         LINE#         92
  C:27C3H         LINE#         94
  C:27C6H         LINE#         95
  C:27C9H         LINE#         96
  C:27CCH         LINE#         97
  C:27CEH         LINE#         99
  C:27CEH         LINE#         101
  C:27D1H         LINE#         102
  C:27D1H         LINE#         103
  -------         ENDPROC       INT_WT
  -------         PROC          INT_BIT
BL51 BANKED LINKER/LOCATER V6.22                                                      10/06/2015  16:09:00  PAGE 10


  -------         DO            
  I:0008H         SYMBOL        t_128usCnt
  I:0009H         SYMBOL        rx_mode
  I:000AH         SYMBOL        rxCount
  I:000CH         SYMBOL        dataCount
  I:000DH         SYMBOL        rxData
  I:000FH         SYMBOL        Dust_SignalLowHoldCnt
  -------         ENDDO         
  C:176DH         LINE#         130
  C:1780H         LINE#         143
  C:1785H         LINE#         144
  C:1785H         LINE#         145
  C:178BH         LINE#         146
  C:178EH         LINE#         148
  C:1797H         LINE#         149
  C:1797H         LINE#         150
  C:179AH         LINE#         151
  C:179DH         LINE#         154
  C:17A3H         LINE#         155
  C:17A3H         LINE#         157
  C:17B2H         LINE#         158
  C:17B2H         LINE#         159
  C:17B5H         LINE#         160
  C:17B9H         LINE#         161
  C:17BFH         LINE#         162
  C:17C6H         LINE#         163
  C:17C6H         LINE#         164
  C:17C8H         LINE#         166
  C:17CDH         LINE#         167
  C:17CDH         LINE#         168
  C:17DAH         LINE#         170
  C:17E6H         LINE#         171
  C:17E6H         LINE#         172
  C:17ECH         LINE#         173
  C:17ECH         LINE#         174
  C:17F3H         LINE#         176
  C:17F5H         LINE#         178
  C:17FBH         LINE#         179
  C:17FBH         LINE#         180
  C:1808H         LINE#         182
  C:180CH         LINE#         183
  C:1812H         LINE#         184
  C:1815H         LINE#         186
  C:1817H         LINE#         187
  C:1817H         LINE#         188
  C:1819H         LINE#         190
  C:181FH         LINE#         191
  C:181FH         LINE#         192
  C:182BH         LINE#         193
  C:182BH         LINE#         194
  C:182EH         LINE#         195
  C:1834H         LINE#         196
  C:1837H         LINE#         197
  C:1837H         LINE#         198
  C:1837H         LINE#         199
  C:1837H         LINE#         201
  C:183EH         LINE#         202
BL51 BANKED LINKER/LOCATER V6.22                                                      10/06/2015  16:09:00  PAGE 11


  C:183EH         LINE#         203
  C:1846H         LINE#         205
  C:1852H         LINE#         206
  C:1852H         LINE#         207
  C:1857H         LINE#         208
  C:185DH         LINE#         209
  C:1861H         LINE#         210
  C:1866H         LINE#         211
  C:1866H         LINE#         212
  C:1866H         LINE#         215
  C:1869H         LINE#         216
  C:186FH         LINE#         217
  C:186FH         LINE#         218
  C:1871H         LINE#         219
  C:1873H         LINE#         220
  C:1875H         LINE#         221
  C:187DH         LINE#         222
  C:187DH         LINE#         223
  C:187FH         LINE#         224
  C:1881H         LINE#         225
  C:1885H         LINE#         226
  C:1885H         LINE#         227
  C:1887H         LINE#         228
  C:1887H         LINE#         229
  C:1887H         LINE#         232
  C:188CH         LINE#         233
  C:188CH         LINE#         234
  C:1896H         LINE#         235
  C:1896H         LINE#         236
  C:189EH         LINE#         237
  C:18A0H         LINE#         238
  C:18A0H         LINE#         239
  C:18A7H         LINE#         240
  C:18A9H         LINE#         242
  C:18A9H         LINE#         243
  C:18B1H         LINE#         244
  C:18B1H         LINE#         249
  C:18B4H         LINE#         250
  C:18BAH         LINE#         251
  C:18BAH         LINE#         252
  C:18BCH         LINE#         254
  C:18C2H         LINE#         257
  C:18C8H         LINE#         258
  C:18C8H         LINE#         259
  C:18CBH         LINE#         260
  C:18CEH         LINE#         261
  C:18CEH         LINE#         262
  C:18D0H         LINE#         263
  C:18D0H         LINE#         264
  C:18D0H         LINE#         265
  C:18D0H         LINE#         266
  -------         ENDPROC       INT_BIT
  -------         ENDMOD        IT

  -------         MODULE        ?C_STARTUP
  C:26AFH         SEGMENT       ?C_C51STARTUP
  I:0023H         SEGMENT       ?STACK
BL51 BANKED LINKER/LOCATER V6.22                                                      10/06/2015  16:09:00  PAGE 12


  C:0000H         PUBLIC        ?C_STARTUP
  D:00E0H         SYMBOL        ACC
  D:00F0H         SYMBOL        B
  D:0083H         SYMBOL        DPH
  D:0082H         SYMBOL        DPL
  N:0000H         SYMBOL        IBPSTACK
  N:0100H         SYMBOL        IBPSTACKTOP
  N:0100H         SYMBOL        IDATALEN
  C:26B2H         SYMBOL        IDATALOOP
  N:0000H         SYMBOL        PBPSTACK
  N:0000H         SYMBOL        PBPSTACKTOP
  N:0000H         SYMBOL        PDATALEN
  N:0000H         SYMBOL        PDATASTART
  N:0000H         SYMBOL        PPAGE
  N:0000H         SYMBOL        PPAGEENABLE
  D:00A0H         SYMBOL        PPAGE_SFR
  D:0081H         SYMBOL        SP
  C:26AFH         SYMBOL        STARTUP1
  N:0000H         SYMBOL        XBPSTACK
  N:0000H         SYMBOL        XBPSTACKTOP
  N:02E5H         SYMBOL        XDATALEN
  C:26BDH         SYMBOL        XDATALOOP
  N:001BH         SYMBOL        XDATASTART
  C:0000H         LINE#         94
  C:26AFH         LINE#         101
  C:26B1H         LINE#         102
  C:26B2H         LINE#         103
  C:26B3H         LINE#         104
  C:26B5H         LINE#         108
  C:26B8H         LINE#         109
  C:26BAH         LINE#         111
  C:26BCH         LINE#         115
  C:26BDH         LINE#         116
  C:26BEH         LINE#         117
  C:26BFH         LINE#         118
  C:26C1H         LINE#         119
  C:26C3H         LINE#         153
  C:26C6H         LINE#         157
  -------         ENDMOD        ?C_STARTUP

  -------         MODULE        MAIN
  C:0000H         SYMBOL        _ICE_DUMMY_
  D:008DH         PUBLIC        WDTCR
  C:21F9H         PUBLIC        main
  B:00A0H.3       PUBLIC        P43
  -------         PROC          MAIN
  -------         DO            
  I:0013H         SYMBOL        taskIndex
  I:0014H         SYMBOL        taskIndexExt
  I:0015H         SYMBOL        HSampleT_Cnt
  -------         ENDDO         
  C:21F9H         LINE#         3
  C:21F9H         LINE#         4
  C:21F9H         LINE#         10
  C:21FCH         LINE#         11
  C:21FFH         LINE#         12
  C:2202H         LINE#         13
BL51 BANKED LINKER/LOCATER V6.22                                                      10/06/2015  16:09:00  PAGE 13


  C:2205H         LINE#         14
  C:2208H         LINE#         15
  C:220BH         LINE#         17
  C:2211H         LINE#         18
  C:2213H         LINE#         20
  C:221EH         LINE#         22
  C:2227H         LINE#         24
  C:2227H         LINE#         25
  C:2227H         LINE#         26
  C:222AH         LINE#         28
  C:222DH         LINE#         30
  C:2235H         LINE#         31
  C:2235H         LINE#         32
  C:223CH         LINE#         33
  C:223CH         LINE#         34
  C:2245H         LINE#         35
  C:2249H         LINE#         36
  C:2249H         LINE#         37
  C:2249H         LINE#         39
  C:224FH         LINE#         40
  C:224FH         LINE#         41
  C:2251H         LINE#         43
  C:2254H         LINE#         44
  C:2254H         LINE#         45
  C:2256H         LINE#         47
  C:2270H         LINE#         48
  C:2270H         LINE#         50
  C:2273H         LINE#         51
  C:2275H         LINE#         53
  C:2277H         LINE#         55
  C:2288H         LINE#         56
  C:2288H         LINE#         57
  C:2288H         LINE#         59
  C:2288H         LINE#         60
  C:2288H         LINE#         61
  C:228BH         LINE#         62
  C:228DH         LINE#         63
  C:228DH         LINE#         64
  C:2290H         LINE#         65
  C:2292H         LINE#         66
  C:2292H         LINE#         67
  C:2295H         LINE#         68
  C:2297H         LINE#         69
  C:2297H         LINE#         70
  C:2297H         LINE#         71
  C:229BH         LINE#         73
  C:229BH         LINE#         74
  C:229BH         LINE#         76
  C:229EH         LINE#         77
  C:22A4H         LINE#         78
  C:22A4H         LINE#         79
  C:22A6H         LINE#         81
  C:22A9H         LINE#         83
  C:22ACH         LINE#         84
  C:22AFH         LINE#         86
  C:22B2H         LINE#         87
  C:22B2H         LINE#         88
BL51 BANKED LINKER/LOCATER V6.22                                                      10/06/2015  16:09:00  PAGE 14


  C:22B2H         LINE#         89
  -------         ENDPROC       MAIN
  -------         ENDMOD        MAIN

  -------         MODULE        BSP_INIT
  C:0000H         SYMBOL        _ICE_DUMMY_
  D:0080H         PUBLIC        P0
  D:0088H         PUBLIC        P1
  D:0090H         PUBLIC        P2
  D:0098H         PUBLIC        P3
  D:00A0H         PUBLIC        P4
  D:00B0H         PUBLIC        P5
  D:008DH         PUBLIC        WDTCR
  C:31C8H         SYMBOL        WDT_init
  D:008EH         PUBLIC        WDTDR
  D:00DEH         PUBLIC        P0DB
  D:0097H         PUBLIC        BUZCR
  C:31F1H         SYMBOL        BUZ_init
  D:008FH         PUBLIC        BUZDR
  D:00D8H         PUBLIC        LVRCR
  D:00A8H         PUBLIC        IE
  D:0091H         PUBLIC        P0OD
  D:0092H         PUBLIC        P1OD
  D:0093H         PUBLIC        P2OD
  D:0094H         PUBLIC        P4OD
  D:00A1H         PUBLIC        P0IO
  D:00B2H         PUBLIC        T0CR
  D:00B1H         PUBLIC        P1IO
  D:00B4H         PUBLIC        T0DR
  D:00B9H         PUBLIC        P2IO
  D:00C1H         PUBLIC        P3IO
  D:00C9H         PUBLIC        P4IO
  D:00D1H         PUBLIC        P5IO
  C:31F8H         SYMBOL        clock_init
  D:00BDH         PUBLIC        T1ADRH
  D:00ACH         PUBLIC        P0PU
  D:009DH         PUBLIC        ADCCRH
  D:00BFH         PUBLIC        T1BDRH
  D:00ADH         PUBLIC        P1PU
  D:00AEH         PUBLIC        P2PU
  D:00AFH         PUBLIC        P3PU
  D:00F3H         PUBLIC        USI1BD
  D:00BCH         PUBLIC        T1ADRL
  D:00A3H         PUBLIC        P4PU
  D:009CH         PUBLIC        ADCCRL
  D:00BEH         PUBLIC        T1BDRL
  D:0095H         PUBLIC        P5PU
  D:008AH         PUBLIC        SCCR
  C:312CH         SYMBOL        _BUZ_OnOff
  D:009BH         PUBLIC        LCDCCR
  D:009AH         PUBLIC        LCDCRH
  D:00D3H         PUBLIC        P0FSRH
  D:0099H         PUBLIC        LCDCRL
  D:00D5H         PUBLIC        P1FSRH
  D:00D7H         PUBLIC        P2FSRH
  D:00D2H         PUBLIC        P0FSRL
  D:00D4H         PUBLIC        P1FSRL
BL51 BANKED LINKER/LOCATER V6.22                                                      10/06/2015  16:09:00  PAGE 15


  D:00D6H         PUBLIC        P2FSRL
  D:00DFH         PUBLIC        P15DB
  D:00AAH         PUBLIC        IE2
  D:00ABH         PUBLIC        IE3
  D:0096H         PUBLIC        WTCR
  C:318AH         SYMBOL        WT_init
  D:0089H         PUBLIC        WTDR
  C:317DH         SYMBOL        Timer0_init
  C:0003H         SYMBOL        Timer1_init
  C:3074H         SYMBOL        UART_init
  C:3209H         SYMBOL        WDT_clear
  C:3160H         SYMBOL        _ADC_start
  C:2F2CH         PUBLIC        BSP_Init
  C:2C2FH         SYMBOL        port_init
  C:31EAH         SYMBOL        ADC_init
  D:00BBH         PUBLIC        T1CRH
  D:00BAH         PUBLIC        T1CRL
  C:31DAH         SYMBOL        LCD_init
  D:00E9H         PUBLIC        USI1CR1
  D:00EAH         PUBLIC        USI1CR2
  D:00EBH         PUBLIC        USI1CR3
  D:00EEH         PUBLIC        P3FSR
  D:00EFH         PUBLIC        P4FSR
  D:00FFH         PUBLIC        P5FSR
  D:008BH         PUBLIC        BITCR
  C:00A6H         SYMBOL        BIT_init
  D:00C8H         PUBLIC        OSCCR
  -------         PROC          ADC_INIT
  C:31EAH         LINE#         4
  C:31EAH         LINE#         5
  C:31EAH         LINE#         7
  C:31EDH         LINE#         8
  C:31F0H         LINE#         9
  -------         ENDPROC       ADC_INIT
  -------         PROC          _ADC_START
  D:0007H         SYMBOL        ch
  C:3160H         LINE#         11
  C:3160H         LINE#         12
  C:3160H         LINE#         14
  C:316BH         LINE#         15
  C:316EH         LINE#         16
  -------         ENDPROC       _ADC_START
  -------         PROC          BIT_INIT
  C:00A6H         LINE#         18
  C:00A6H         LINE#         19
  C:00A6H         LINE#         21
  C:00A9H         LINE#         22
  C:00ACH         LINE#         23
  C:00AFH         LINE#         24
  C:00B2H         LINE#         25
  -------         ENDPROC       BIT_INIT
  -------         PROC          _BUZ_ONOFF
  D:0007H         SYMBOL        On
  C:312CH         LINE#         27
  C:312CH         LINE#         28
  C:312CH         LINE#         30
  C:313DH         LINE#         31
BL51 BANKED LINKER/LOCATER V6.22                                                      10/06/2015  16:09:00  PAGE 16


  -------         ENDPROC       _BUZ_ONOFF
  -------         PROC          BUZ_INIT
  C:31F1H         LINE#         33
  C:31F1H         LINE#         34
  C:31F1H         LINE#         37
  C:31F4H         LINE#         38
  C:31F7H         LINE#         39
  -------         ENDPROC       BUZ_INIT
  -------         PROC          LCD_INIT
  C:31DAH         LINE#         41
  C:31DAH         LINE#         42
  C:31DAH         LINE#         45
  C:31DDH         LINE#         46
  C:31DFH         LINE#         47
  C:31E1H         LINE#         48
  -------         ENDPROC       LCD_INIT
  -------         PROC          TIMER0_INIT
  C:317DH         LINE#         50
  C:317DH         LINE#         51
  C:317DH         LINE#         54
  C:3180H         LINE#         55
  C:3183H         LINE#         56
  C:3186H         LINE#         57
  C:3189H         LINE#         58
  -------         ENDPROC       TIMER0_INIT
  -------         PROC          TIMER1_INIT
  C:0003H         LINE#         60
  C:0003H         LINE#         61
  C:0003H         LINE#         65
  C:0006H         LINE#         66
  C:0009H         LINE#         67
  C:000CH         LINE#         70
  C:000FH         LINE#         71
  C:0011H         LINE#         72
  C:0014H         LINE#         73
  C:0017H         LINE#         74
  C:001AH         LINE#         75
  -------         ENDPROC       TIMER1_INIT
  -------         PROC          UART_INIT
  C:3074H         LINE#         77
  C:3074H         LINE#         78
  C:3074H         LINE#         81
  C:3077H         LINE#         82
  C:307AH         LINE#         83
  C:307DH         LINE#         84
  C:3080H         LINE#         85
  C:3083H         LINE#         86
  C:3086H         LINE#         87
  C:3089H         LINE#         88
  -------         ENDPROC       UART_INIT
  -------         PROC          WDT_CLEAR
  C:3209H         LINE#         90
  C:3209H         LINE#         91
  C:3209H         LINE#         92
  C:320CH         LINE#         93
  -------         ENDPROC       WDT_CLEAR
  -------         PROC          WDT_INIT
BL51 BANKED LINKER/LOCATER V6.22                                                      10/06/2015  16:09:00  PAGE 17


  C:31C8H         LINE#         95
  C:31C8H         LINE#         96
  C:31C8H         LINE#         98
  C:31CBH         LINE#         99
  C:31CEH         LINE#         101
  -------         ENDPROC       WDT_INIT
  -------         PROC          WT_INIT
  C:318AH         LINE#         104
  C:318AH         LINE#         105
  C:318AH         LINE#         107
  C:318DH         LINE#         108
  C:3190H         LINE#         109
  C:3193H         LINE#         110
  C:3196H         LINE#         111
  -------         ENDPROC       WT_INIT
  -------         PROC          CLOCK_INIT
  C:31F8H         LINE#         113
  C:31F8H         LINE#         114
  C:31F8H         LINE#         116
  C:31FBH         LINE#         117
  C:31FEH         LINE#         118
  -------         ENDPROC       CLOCK_INIT
  -------         PROC          PORT_INIT
  C:2C2FH         LINE#         120
  C:2C2FH         LINE#         121
  C:2C2FH         LINE#         158
  C:2C32H         LINE#         159
  C:2C35H         LINE#         160
  C:2C38H         LINE#         161
  C:2C3AH         LINE#         162
  C:2C3CH         LINE#         164
  C:2C3FH         LINE#         165
  C:2C41H         LINE#         166
  C:2C43H         LINE#         167
  C:2C45H         LINE#         168
  C:2C47H         LINE#         170
  C:2C4AH         LINE#         171
  C:2C4DH         LINE#         172
  C:2C4FH         LINE#         173
  C:2C51H         LINE#         175
  C:2C54H         LINE#         176
  C:2C56H         LINE#         177
  C:2C58H         LINE#         179
  C:2C5BH         LINE#         180
  C:2C5EH         LINE#         181
  C:2C60H         LINE#         182
  C:2C62H         LINE#         184
  C:2C65H         LINE#         185
  C:2C67H         LINE#         186
  C:2C69H         LINE#         189
  C:2C6BH         LINE#         190
  C:2C6EH         LINE#         191
  C:2C70H         LINE#         192
  C:2C73H         LINE#         193
  C:2C75H         LINE#         194
  C:2C78H         LINE#         195
  C:2C7AH         LINE#         196
BL51 BANKED LINKER/LOCATER V6.22                                                      10/06/2015  16:09:00  PAGE 18


  C:2C7CH         LINE#         197
  C:2C7FH         LINE#         198
  -------         ENDPROC       PORT_INIT
  -------         PROC          BSP_INIT
  C:2F2CH         LINE#         200
  C:2F2CH         LINE#         201
  C:2F2CH         LINE#         202
  C:2F2FH         LINE#         204
  C:2F32H         LINE#         205
  C:2F35H         LINE#         206
  C:2F38H         LINE#         207
  C:2F3BH         LINE#         208
  C:2F3EH         LINE#         209
  C:2F41H         LINE#         210
  C:2F44H         LINE#         211
  C:2F47H         LINE#         212
  C:2F4AH         LINE#         213
  C:2F4DH         LINE#         214
  C:2F50H         LINE#         215
  C:2F53H         LINE#         216
  C:2F56H         LINE#         217
  -------         ENDPROC       BSP_INIT
  -------         ENDMOD        BSP_INIT

  -------         MODULE        AIP1944
  C:0000H         SYMBOL        _ICE_DUMMY_
  C:3027H         PUBLIC        _AIP1944_WriteByte
  B:00A0H.0       PUBLIC        P40
  B:00A0H.1       PUBLIC        P41
  B:00A0H.2       PUBLIC        P42
  C:2C80H         PUBLIC        _Aip1944_WriteDispDatas
  X:01D6H         PUBLIC        Aip1944_BrightnessLevel
  -------         PROC          _AIP1944_WRITEBYTE
  D:0007H         SYMBOL        _byte
  -------         DO            
  D:0006H         SYMBOL        i
  -------         ENDDO         
  C:3027H         LINE#         36
  C:3027H         LINE#         37
  C:3027H         LINE#         40
  C:3029H         LINE#         41
  C:3029H         LINE#         42
  C:302DH         LINE#         43
  C:302DH         LINE#         44
  C:302FH         LINE#         45
  C:3031H         LINE#         47
  C:3031H         LINE#         48
  C:3033H         LINE#         49
  C:3033H         LINE#         51
  C:3035H         LINE#         53
  C:3039H         LINE#         55
  C:303BH         LINE#         56
  C:3040H         LINE#         57
  -------         ENDPROC       _AIP1944_WRITEBYTE
  -------         PROC          _AIP1944_WRITEDISPDATAS
  X:01ABH         SYMBOL        dats
  D:0005H         SYMBOL        len
BL51 BANKED LINKER/LOCATER V6.22                                                      10/06/2015  16:09:00  PAGE 19


  X:01AFH         SYMBOL        addr
  -------         DO            
  D:0004H         SYMBOL        i
  -------         ENDDO         
  C:2C80H         LINE#         59
  C:2C8BH         LINE#         60
  C:2C8BH         LINE#         63
  C:2C8DH         LINE#         64
  C:2C92H         LINE#         65
  C:2C94H         LINE#         66
  C:2C96H         LINE#         67
  C:2CA0H         LINE#         68
  C:2CA7H         LINE#         69
  C:2CA7H         LINE#         70
  C:2CBEH         LINE#         71
  C:2CC1H         LINE#         72
  C:2CC3H         LINE#         74
  C:2CC5H         LINE#         75
  C:2CCDH         LINE#         76
  C:2CCFH         LINE#         77
  -------         ENDPROC       _AIP1944_WRITEDISPDATAS
  -------         ENDMOD        AIP1944

  -------         MODULE        DISPLAY
  C:0000H         SYMBOL        _ICE_DUMMY_
  C:30B5H         PUBLIC        _Display_SetAll
  C:212BH         PUBLIC        _Display_ShowRT
  C:1AC3H         PUBLIC        PM_COM10_E_nums
  C:1B0CH         PUBLIC        RT_COM_H1_E_nums
  C:1AD7H         PUBLIC        PM_COM1_E1_nums
  C:1AE1H         PUBLIC        PM_COM1_E2_nums
  C:1A5FH         PUBLIC        H_COM10_nums
  C:1B43H         PUBLIC        RT_COM_M1_E_nums
  C:1A9BH         PUBLIC        PM_COM100_nums
  C:1AEBH         PUBLIC        RT_COM_H10_nums
  C:1B17H         PUBLIC        RT_COM_M10_nums
  C:1A37H         PUBLIC        T_COM10_nums
  B:0020H.3       PUBLIC        Display_IsLowLight
  X:0145H         PUBLIC        Display_Datas
  C:1D5EH         PUBLIC        _Display_ShowNumInRTCArea
  C:1A7DH         PUBLIC        H_COM1_EXT_nums
  C:2B21H         PUBLIC        _Display_ShowHumidity
  C:1ACDH         PUBLIC        PM_COM1_nums
  C:1AF6H         PUBLIC        RT_COM_H10_E_nums
  C:1A55H         PUBLIC        T_COM1_EXT_nums
  C:1A87H         PUBLIC        PM_COM1000_nums
  C:28FAH         PUBLIC        _Display_CircleRun
  C:2DA9H         PUBLIC        _Display_DustLevel
  C:1C5CH         PUBLIC        _Display_DustData
  C:1A73H         PUBLIC        H_COM1_nums
  C:1A69H         PUBLIC        H_COM10_EXT_nums
  C:1AB9H         PUBLIC        PM_COM10_nums
  C:2E97H         PUBLIC        Display_Ctr
  C:1B01H         PUBLIC        RT_COM_H1_nums
  B:0020H.4       PUBLIC        Display_FlashOn
  C:1B38H         PUBLIC        RT_COM_M1_nums
  C:1A91H         PUBLIC        PM_COM1000_E_nums
BL51 BANKED LINKER/LOCATER V6.22                                                      10/06/2015  16:09:00  PAGE 20


  C:1A4BH         PUBLIC        T_COM1_nums
  C:1AA5H         PUBLIC        PM_COM100_E1_nums
  C:1AAFH         PUBLIC        PM_COM100_E2_nums
  C:1A41H         PUBLIC        T_COM10_EXT_nums
  C:1B22H         PUBLIC        RT_COM_M10_E1_nums
  C:1B2DH         PUBLIC        RT_COM_M10_E2_nums
  C:2F7BH         PUBLIC        Display_SetLine
  C:2AC2H         PUBLIC        _Display_ShowTemperature
  X:0184H         PUBLIC        Display_LedsEn
  -------         PROC          _DISPLAY_SETALL
  D:0007H         SYMBOL        sta
  -------         DO            
  D:0006H         SYMBOL        i
  -------         ENDDO         
  C:30B5H         LINE#         11
  C:30B5H         LINE#         12
  C:30B5H         LINE#         15
  C:30B7H         LINE#         16
  C:30B7H         LINE#         17
  C:30C3H         LINE#         18
  C:30C8H         LINE#         19
  -------         ENDPROC       _DISPLAY_SETALL
  -------         PROC          DISPLAY_SETLINE
  C:2F7BH         LINE#         22
  C:2F7BH         LINE#         23
  C:2F7BH         LINE#         24
  C:2F81H         LINE#         25
  C:2F83H         LINE#         26
  C:2F85H         LINE#         28
  C:2F89H         LINE#         29
  C:2F8BH         LINE#         30
  C:2F8DH         LINE#         32
  C:2F94H         LINE#         33
  C:2F98H         LINE#         34
  C:2F9AH         LINE#         35
  -------         ENDPROC       DISPLAY_SETLINE
  -------         PROC          _DISPLAY_CIRCLERUN
  D:0007H         SYMBOL        sp
  -------         DO            
  X:0143H         SYMBOL        cnt
  X:0144H         SYMBOL        disIndex
  -------         ENDDO         
  C:28FAH         LINE#         37
  C:28FAH         LINE#         38
  C:28FAH         LINE#         41
  C:2900H         LINE#         42
  C:2905H         LINE#         43
  C:2905H         LINE#         44
  C:2907H         LINE#         46
  C:290BH         LINE#         47
  C:2911H         LINE#         48
  C:2911H         LINE#         49
  C:2913H         LINE#         50
  C:2913H         LINE#         51
  C:2913H         LINE#         53
  C:291AH         LINE#         55
  C:2945H         LINE#         56
BL51 BANKED LINKER/LOCATER V6.22                                                      10/06/2015  16:09:00  PAGE 21


  C:2945H         LINE#         57
  C:2945H         LINE#         58
  C:294CH         LINE#         59
  C:294CH         LINE#         60
  C:2953H         LINE#         61
  C:2953H         LINE#         62
  C:295AH         LINE#         63
  C:295AH         LINE#         64
  C:2961H         LINE#         65
  C:2961H         LINE#         66
  C:296DH         LINE#         67
  C:296DH         LINE#         68
  C:296DH         LINE#         69
  C:2974H         LINE#         70
  C:2975H         LINE#         71
  C:2975H         LINE#         72
  C:2975H         LINE#         73
  C:2975H         LINE#         74
  C:2975H         LINE#         75
  C:297AH         LINE#         76
  C:297AH         LINE#         77
  C:297AH         LINE#         78
  -------         ENDPROC       _DISPLAY_CIRCLERUN
  -------         PROC          _DISPLAY_DUSTLEVEL
  D:0007H         SYMBOL        level
  C:2DA9H         LINE#         80
  C:2DA9H         LINE#         81
  C:2DA9H         LINE#         82
  C:2DBCH         LINE#         83
  C:2DBCH         LINE#         84
  C:2DBCH         LINE#         85
  C:2DC3H         LINE#         86
  C:2DC3H         LINE#         87
  C:2DCAH         LINE#         88
  C:2DCAH         LINE#         89
  C:2DD1H         LINE#         90
  C:2DD1H         LINE#         91
  C:2DD8H         LINE#         92
  C:2DD8H         LINE#         93
  C:2DDFH         LINE#         94
  C:2DDFH         LINE#         95
  C:2DE6H         LINE#         96
  C:2DE6H         LINE#         97
  C:2DE6H         LINE#         98
  C:2DE6H         LINE#         99
  C:2DE6H         LINE#         100
  -------         ENDPROC       _DISPLAY_DUSTLEVEL
  -------         PROC          _DISPLAY_SHOWTEMPERATURE
  D:0007H         SYMBOL        t
  -------         DO            
  D:0005H         SYMBOL        v10
  D:0004H         SYMBOL        v1
  -------         ENDDO         
  C:2AC2H         LINE#         220
  C:2AC2H         LINE#         221
  C:2AC2H         LINE#         225
  C:2AC8H         LINE#         226
BL51 BANKED LINKER/LOCATER V6.22                                                      10/06/2015  16:09:00  PAGE 22


  C:2AC8H         LINE#         227
  C:2ACAH         LINE#         228
  C:2ACAH         LINE#         230
  C:2AD0H         LINE#         231
  C:2AD7H         LINE#         233
  C:2ADAH         LINE#         234
  C:2ADAH         LINE#         235
  C:2AEBH         LINE#         236
  C:2AFEH         LINE#         237
  C:2AFEH         LINE#         238
  C:2B0FH         LINE#         239
  C:2B20H         LINE#         240
  -------         ENDPROC       _DISPLAY_SHOWTEMPERATURE
  -------         PROC          _DISPLAY_SHOWHUMIDITY
  D:0007H         SYMBOL        h
  -------         DO            
  D:0005H         SYMBOL        v10
  D:0004H         SYMBOL        v1
  -------         ENDDO         
  C:2B21H         LINE#         323
  C:2B21H         LINE#         324
  C:2B21H         LINE#         328
  C:2B27H         LINE#         329
  C:2B27H         LINE#         330
  C:2B29H         LINE#         331
  C:2B29H         LINE#         333
  C:2B2FH         LINE#         334
  C:2B36H         LINE#         336
  C:2B39H         LINE#         337
  C:2B39H         LINE#         338
  C:2B4AH         LINE#         339
  C:2B5DH         LINE#         340
  C:2B5DH         LINE#         341
  C:2B6EH         LINE#         342
  C:2B7FH         LINE#         343
  -------         ENDPROC       _DISPLAY_SHOWHUMIDITY
  -------         PROC          _DISPLAY_DUSTDATA
  D:0002H         SYMBOL        pm
  -------         DO            
  X:01ABH         SYMBOL        v1000
  X:01ACH         SYMBOL        v100
  X:01ADH         SYMBOL        v10
  D:0003H         SYMBOL        v1
  -------         ENDDO         
  C:1C5CH         LINE#         548
  C:1C60H         LINE#         549
  C:1C60H         LINE#         559
  C:1C69H         LINE#         560
  C:1C69H         LINE#         561
  C:1C6DH         LINE#         562
  C:1C6DH         LINE#         564
  C:1C7DH         LINE#         565
  C:1C92H         LINE#         566
  C:1CA7H         LINE#         567
  C:1CB4H         LINE#         596
  C:1CB4H         LINE#         597
  C:1CC9H         LINE#         598
BL51 BANKED LINKER/LOCATER V6.22                                                      10/06/2015  16:09:00  PAGE 23


  C:1CDBH         LINE#         599
  C:1CDBH         LINE#         602
  C:1CDBH         LINE#         603
  C:1CE9H         LINE#         604
  C:1CFAH         LINE#         605
  C:1D0FH         LINE#         606
  C:1D0FH         LINE#         609
  C:1D0FH         LINE#         610
  C:1D1DH         LINE#         611
  C:1D2FH         LINE#         612
  C:1D2FH         LINE#         614
  C:1D39H         LINE#         615
  C:1D4AH         LINE#         616
  C:1D5DH         LINE#         617
  -------         ENDPROC       _DISPLAY_DUSTDATA
  -------         PROC          _DISPLAY_SHOWRT
  D:0007H         SYMBOL        h
  D:0005H         SYMBOL        m
  B:0021H.3       SYMBOL        hFlashEn
  B:0021H.4       SYMBOL        mFlashEn
  -------         DO            
  D:0001H         SYMBOL        h10
  D:0006H         SYMBOL        h1
  D:0004H         SYMBOL        m10
  D:0003H         SYMBOL        m1
  -------         ENDDO         
  C:212BH         LINE#         819
  C:212BH         LINE#         820
  C:212BH         LINE#         827
  C:2131H         LINE#         828
  C:2138H         LINE#         829
  C:213EH         LINE#         830
  C:2145H         LINE#         832
  C:214BH         LINE#         833
  C:214BH         LINE#         834
  C:214DH         LINE#         835
  C:214FH         LINE#         836
  C:214FH         LINE#         838
  C:2155H         LINE#         839
  C:2155H         LINE#         840
  C:2157H         LINE#         841
  C:2159H         LINE#         842
  C:2159H         LINE#         843
  C:215FH         LINE#         844
  C:215FH         LINE#         846
  C:215FH         LINE#         847
  C:2170H         LINE#         848
  C:2181H         LINE#         849
  C:2181H         LINE#         850
  C:2192H         LINE#         851
  C:21A3H         LINE#         852
  C:21A3H         LINE#         855
  C:21A9H         LINE#         856
  C:21A9H         LINE#         857
  C:21BAH         LINE#         858
  C:21CBH         LINE#         859
  C:21DDH         LINE#         861
BL51 BANKED LINKER/LOCATER V6.22                                                      10/06/2015  16:09:00  PAGE 24


  C:21E7H         LINE#         862
  C:21F8H         LINE#         863
  C:21F8H         LINE#         864
  -------         ENDPROC       _DISPLAY_SHOWRT
  -------         PROC          _DISPLAY_SHOWNUMINRTCAREA
  D:0002H         SYMBOL        num
  -------         DO            
  X:01CFH         SYMBOL        v1000
  X:01D0H         SYMBOL        v100
  X:01D1H         SYMBOL        v10
  D:0001H         SYMBOL        v1
  -------         ENDDO         
  C:1D5EH         LINE#         867
  C:1D62H         LINE#         868
  C:1D62H         LINE#         878
  C:1D6EH         LINE#         879
  C:1D83H         LINE#         880
  C:1D98H         LINE#         881
  C:1DA5H         LINE#         884
  C:1DAEH         LINE#         885
  C:1DAEH         LINE#         886
  C:1DB4H         LINE#         887
  C:1DB6H         LINE#         888
  C:1DB8H         LINE#         889
  C:1DB9H         LINE#         890
  C:1DB9H         LINE#         919
  C:1DB9H         LINE#         920
  C:1DCEH         LINE#         921
  C:1DDFH         LINE#         922
  C:1DDFH         LINE#         925
  C:1DDFH         LINE#         926
  C:1DF4H         LINE#         927
  C:1E05H         LINE#         928
  C:1E05H         LINE#         931
  C:1E05H         LINE#         932
  C:1E1AH         LINE#         933
  C:1E2BH         LINE#         934
  C:1E40H         LINE#         935
  C:1E40H         LINE#         937
  C:1E4AH         LINE#         938
  C:1E5BH         LINE#         939
  -------         ENDPROC       _DISPLAY_SHOWNUMINRTCAREA
  -------         PROC          DISPLAY_CTR
  C:2E97H         LINE#         1065
  C:2E97H         LINE#         1066
  C:2E97H         LINE#         1067
  C:2E9CH         LINE#         1068
  C:2EA1H         LINE#         1070
  C:2EBAH         LINE#         1072
  -------         ENDPROC       DISPLAY_CTR
  -------         ENDMOD        DISPLAY

  -------         MODULE        BUZZER
  C:0000H         SYMBOL        _ICE_DUMMY_
  D:0097H         PUBLIC        BUZCR
  X:01C7H         SYMBOL        Buzz_times
  C:2D66H         PUBLIC        Buzz_Ctr
BL51 BANKED LINKER/LOCATER V6.22                                                      10/06/2015  16:09:00  PAGE 25


  C:2FD6H         PUBLIC        _Buzz_Set
  B:0021H.5       SYMBOL        Buzz_En
  X:01C8H         SYMBOL        Buzz_off
  X:01C9H         SYMBOL        Buzz_cnt
  X:01CAH         SYMBOL        Buzz_on
  C:313EH         PUBLIC        Buzz_DeviceInit
  -------         PROC          BUZZ_DEVICEINIT
  C:313EH         LINE#         11
  C:313EH         LINE#         12
  C:313EH         LINE#         13
  C:3140H         LINE#         15
  C:3145H         LINE#         16
  C:3149H         LINE#         17
  C:314DH         LINE#         19
  C:314FH         LINE#         20
  -------         ENDPROC       BUZZ_DEVICEINIT
  -------         PROC          _BUZZ_SET
  D:0007H         SYMBOL        times
  D:0005H         SYMBOL        on
  D:0003H         SYMBOL        off
  C:2FD6H         LINE#         22
  C:2FD6H         LINE#         23
  C:2FD6H         LINE#         24
  C:2FDBH         LINE#         25
  C:2FDBH         LINE#         26
  C:2FDEH         LINE#         27
  C:2FDEH         LINE#         29
  C:2FE3H         LINE#         30
  C:2FE8H         LINE#         31
  C:2FEDH         LINE#         33
  C:2FF0H         LINE#         34
  -------         ENDPROC       _BUZZ_SET
  -------         PROC          BUZZ_CTR
  C:2D66H         LINE#         36
  C:2D66H         LINE#         37
  C:2D66H         LINE#         38
  C:2D6CH         LINE#         39
  C:2D6CH         LINE#         40
  C:2D72H         LINE#         42
  C:2D7EH         LINE#         43
  C:2D7EH         LINE#         44
  C:2D81H         LINE#         45
  C:2D81H         LINE#         46
  C:2D84H         LINE#         47
  C:2D84H         LINE#         49
  C:2D86H         LINE#         50
  C:2D87H         LINE#         51
  C:2D91H         LINE#         52
  C:2D91H         LINE#         53
  C:2D94H         LINE#         54
  C:2D94H         LINE#         55
  C:2D97H         LINE#         56
  C:2D97H         LINE#         57
  C:2D99H         LINE#         58
  C:2D9AH         LINE#         60
  C:2D9AH         LINE#         61
  C:2DA0H         LINE#         62
BL51 BANKED LINKER/LOCATER V6.22                                                      10/06/2015  16:09:00  PAGE 26


  C:2DA5H         LINE#         63
  C:2DA5H         LINE#         64
  C:2DA6H         LINE#         66
  C:2DA6H         LINE#         67
  C:2DA8H         LINE#         68
  C:2DA8H         LINE#         69
  -------         ENDPROC       BUZZ_CTR
  -------         ENDMOD        BUZZER

  -------         MODULE        IR
  C:0000H         SYMBOL        _ICE_DUMMY_
  B:0021H.6       PUBLIC        IR_Changed
  X:01D2H         PUBLIC        IR_Code
  -------         ENDMOD        IR

  -------         MODULE        HUMIDITY
  C:0000H         SYMBOL        _ICE_DUMMY_
  C:097DH         SYMBOL        H_Table38
  C:0758H         SYMBOL        H_Table29
  C:09BAH         SYMBOL        H_Table39
  C:260FH         PUBLIC        Humidity_GetCurrentH
  C:2871H         PUBLIC        Humidity_GetCurrentT
  C:2980H         SYMBOL        _Humidity_GetH
  C:01A0H         SYMBOL        H_table45
  C:3150H         PUBLIC        Humidity_DeviceInit
  C:0B28H         SYMBOL        H_tables
  D:009FH         PUBLIC        ADCDRH
  D:009CH         PUBLIC        ADCCRL
  C:308AH         PUBLIC        _Utils_GetAdValue
  C:00B6H         SYMBOL        T_table
  I:0016H         PUBLIC        Humidity_AdHBuf
  C:01DDH         SYMBOL        H_Table6
  C:021AH         SYMBOL        H_Table7
  C:0257H         SYMBOL        H_Table8
  C:0294H         SYMBOL        H_Table9
  C:1E5CH         SYMBOL        _Humidity_Ad2H
  C:30C9H         SYMBOL        _Humidity_Ad2T
  I:0017H         PUBLIC        Humidity_CurrentH
  C:0163H         SYMBOL        H_table5
  I:0018H         PUBLIC        Humidity_CurrentT
  C:02D1H         SYMBOL        H_Table10
  C:0533H         SYMBOL        H_Table20
  C:030EH         SYMBOL        H_Table11
  C:0795H         SYMBOL        H_Table30
  C:0570H         SYMBOL        H_Table21
  C:034BH         SYMBOL        H_Table12
  C:09F7H         SYMBOL        H_Table40
  C:07D2H         SYMBOL        H_Table31
  C:05ADH         SYMBOL        H_Table22
  C:0388H         SYMBOL        H_Table13
  C:0A34H         SYMBOL        H_Table41
  C:080FH         SYMBOL        H_Table32
  C:05EAH         SYMBOL        H_Table23
  C:03C5H         SYMBOL        H_Table14
  C:0A71H         SYMBOL        H_Table42
  C:084CH         SYMBOL        H_Table33
  C:0627H         SYMBOL        H_Table24
BL51 BANKED LINKER/LOCATER V6.22                                                      10/06/2015  16:09:00  PAGE 27


  C:0402H         SYMBOL        H_Table15
  C:0AAEH         SYMBOL        H_Table43
  C:0889H         SYMBOL        H_Table34
  C:0664H         SYMBOL        H_Table25
  C:043FH         SYMBOL        H_Table16
  C:0AEBH         SYMBOL        H_Table44
  C:08C6H         SYMBOL        H_Table35
  C:06A1H         SYMBOL        H_Table26
  C:047CH         SYMBOL        H_Table17
  C:0903H         SYMBOL        H_Table36
  C:06DEH         SYMBOL        H_Table27
  C:04B9H         SYMBOL        H_Table18
  C:0940H         SYMBOL        H_Table37
  C:071BH         SYMBOL        H_Table28
  C:04F6H         SYMBOL        H_Table19
  -------         PROC          _UTILS_GETADVALUE
  D:0007H         SYMBOL        ch
  C:308AH         LINE#         3082
  C:308AH         LINE#         3083
  C:308AH         LINE#         3086
  C:3095H         LINE#         3087
  C:3098H         LINE#         3089
  C:309DH         LINE#         3094
  C:309FH         LINE#         3095
  -------         ENDPROC       _UTILS_GETADVALUE
  -------         PROC          _HUMIDITY_AD2T
  D:0007H         SYMBOL        adValue
  C:30C9H         LINE#         3099
  C:30C9H         LINE#         3100
  C:30C9H         LINE#         3101
  C:30CFH         LINE#         3102
  C:30CFH         LINE#         3103
  C:30D3H         LINE#         3104
  C:30D4H         LINE#         3106
  C:30D4H         LINE#         3107
  C:30DCH         LINE#         3108
  C:30DCH         LINE#         3109
  -------         ENDPROC       _HUMIDITY_AD2T
  -------         PROC          HUMIDITY_GETCURRENTT
  -------         DO            
  X:019AH         SYMBOL        adSum
  X:019CH         SYMBOL        adMax
  X:019DH         SYMBOL        adMin
  X:019EH         SYMBOL        sampleCnt
  D:0007H         SYMBOL        adValue
  -------         ENDDO         
  C:2871H         LINE#         3111
  C:2871H         LINE#         3112
  C:2871H         LINE#         3120
  C:2876H         LINE#         3122
  C:2880H         LINE#         3123
  C:2880H         LINE#         3124
  C:2882H         LINE#         3125
  C:2882H         LINE#         3127
  C:288CH         LINE#         3128
  C:288CH         LINE#         3129
  C:288EH         LINE#         3130
BL51 BANKED LINKER/LOCATER V6.22                                                      10/06/2015  16:09:00  PAGE 28


  C:288EH         LINE#         3132
  C:289BH         LINE#         3133
  C:28A1H         LINE#         3134
  C:28A7H         LINE#         3135
  C:28A7H         LINE#         3136
  C:28CCH         LINE#         3137
  C:28E5H         LINE#         3139
  C:28E8H         LINE#         3141
  C:28EDH         LINE#         3143
  C:28F3H         LINE#         3144
  C:28F5H         LINE#         3145
  C:28F9H         LINE#         3146
  C:28F9H         LINE#         3147
  -------         ENDPROC       HUMIDITY_GETCURRENTT
  -------         PROC          L?0044
  -------         ENDPROC       L?0044
  -------         PROC          _HUMIDITY_GETH
  D:0007H         SYMBOL        adH
  D:0005H         SYMBOL        adT
  -------         DO            
  X:01AFH         SYMBOL        table
  D:0006H         SYMBOL        i
  -------         ENDDO         
  C:2980H         LINE#         3149
  C:2980H         LINE#         3150
  C:2980H         LINE#         3154
  C:2984H         LINE#         3155
  C:2984H         LINE#         3156
  C:2992H         LINE#         3157
  C:2994H         LINE#         3158
  C:2998H         LINE#         3159
  C:2998H         LINE#         3160
  C:29A6H         LINE#         3161
  C:29A8H         LINE#         3163
  C:29A8H         LINE#         3164
  C:29CBH         LINE#         3165
  C:29CBH         LINE#         3167
  C:29CDH         LINE#         3168
  C:29CDH         LINE#         3169
  C:29E6H         LINE#         3170
  C:29E6H         LINE#         3171
  C:29E6H         LINE#         3172
  C:29E6H         LINE#         3173
  C:29EBH         LINE#         3175
  C:29EFH         LINE#         3176
  -------         ENDPROC       _HUMIDITY_GETH
  -------         PROC          _HUMIDITY_AD2H
  X:01ACH         SYMBOL        adH
  -------         DO            
  X:01ADH         SYMBOL        h1
  X:01AEH         SYMBOL        h2
  -------         ENDDO         
  C:1E5CH         LINE#         3178
  C:1E61H         LINE#         3179
  C:1E61H         LINE#         3183
  C:1E6CH         LINE#         3184
  C:1E6CH         LINE#         3185
BL51 BANKED LINKER/LOCATER V6.22                                                      10/06/2015  16:09:00  PAGE 29


  C:1E70H         LINE#         3186
  C:1E73H         LINE#         3187
  C:1E7BH         LINE#         3188
  C:1E7BH         LINE#         3189
  C:1E82H         LINE#         3190
  C:1E85H         LINE#         3191
  C:1E8FH         LINE#         3192
  C:1E8FH         LINE#         3193
  C:1E99H         LINE#         3194
  C:1EA3H         LINE#         3197
  C:1EE2H         LINE#         3198
  C:1EE4H         LINE#         3199
  C:1EF3H         LINE#         3200
  C:1EF3H         LINE#         3201
  C:1EFDH         LINE#         3202
  C:1F0CH         LINE#         3205
  C:1F4DH         LINE#         3206
  C:1F4EH         LINE#         3208
  C:1F4EH         LINE#         3209
  C:1F59H         LINE#         3210
  C:1F59H         LINE#         3211
  -------         ENDPROC       _HUMIDITY_AD2H
  -------         PROC          HUMIDITY_GETCURRENTH
  -------         DO            
  X:019FH         SYMBOL        adSum
  X:01A1H         SYMBOL        sampleCnt
  X:01A2H         SYMBOL        circleIndex
  X:01A3H         SYMBOL        circleBuf
  B:0021H.7       SYMBOL        circleEnable
  D:0004H         SYMBOL        i
  D:0006H         SYMBOL        sumExt
  X:01ABH         SYMBOL        ad
  -------         ENDDO         
  C:260FH         LINE#         3214
  C:260FH         LINE#         3215
  C:260FH         LINE#         3227
  C:2620H         LINE#         3228
  C:2626H         LINE#         3229
  C:262FH         LINE#         3230
  C:262FH         LINE#         3231
  C:2645H         LINE#         3233
  C:264BH         LINE#         3234
  C:2651H         LINE#         3235
  C:2651H         LINE#         3236
  C:2653H         LINE#         3237
  C:2655H         LINE#         3238
  C:2655H         LINE#         3239
  C:266AH         LINE#         3241
  C:266DH         LINE#         3242
  C:266DH         LINE#         3243
  C:2670H         LINE#         3244
  C:2671H         LINE#         3245
  C:2671H         LINE#         3246
  C:2681H         LINE#         3247
  C:2686H         LINE#         3248
  C:2690H         LINE#         3249
  C:2694H         LINE#         3250
BL51 BANKED LINKER/LOCATER V6.22                                                      10/06/2015  16:09:00  PAGE 30


  C:2696H         LINE#         3252
  C:2696H         LINE#         3253
  C:269BH         LINE#         3254
  C:269BH         LINE#         3255
  C:26A3H         LINE#         3257
  C:26A8H         LINE#         3258
  C:26AEH         LINE#         3259
  C:26AEH         LINE#         3260
  -------         ENDPROC       HUMIDITY_GETCURRENTH
  -------         PROC          HUMIDITY_DEVICEINIT
  C:3150H         LINE#         3262
  C:3150H         LINE#         3263
  C:3150H         LINE#         3264
  C:3158H         LINE#         3265
  -------         ENDPROC       HUMIDITY_DEVICEINIT
  -------         ENDMOD        HUMIDITY

  -------         MODULE        DUST
  C:0000H         SYMBOL        _ICE_DUMMY_
  X:0191H         PUBLIC        Dust_Data
  C:2CD0H         SYMBOL        Dust_getRtLevel
  X:0193H         PUBLIC        Dust_RTData
  B:0020H.5       PUBLIC        Dust_IsReady
  X:0195H         PUBLIC        Dust_LevelForFan
  X:0196H         SYMBOL        Dust_levelPre
  X:0197H         SYMBOL        Dust_readyCountdown
  C:22B5H         PUBLIC        Dust_LevelUpdate
  C:236FH         PUBLIC        Dust_DataUpdate
  C:30DDH         PUBLIC        Dust_DeviceInit
  B:0020H.6       PUBLIC        Dust_DataValid
  X:0199H         PUBLIC        Dust_Level
  -------         PROC          DUST_DEVICEINIT
  C:30DDH         LINE#         21
  C:30DDH         LINE#         22
  C:30DDH         LINE#         23
  C:30E7H         LINE#         24
  C:30E9H         LINE#         25
  C:30F0H         LINE#         26
  -------         ENDPROC       DUST_DEVICEINIT
  -------         PROC          DUST_GETRTLEVEL
  -------         DO            
  D:0007H         SYMBOL        level
  -------         ENDDO         
  C:2CD0H         LINE#         29
  C:2CD0H         LINE#         30
  C:2CD0H         LINE#         33
  C:2CE0H         LINE#         34
  C:2CE0H         LINE#         35
  C:2CE2H         LINE#         36
  C:2CE4H         LINE#         37
  C:2CEDH         LINE#         38
  C:2CEDH         LINE#         39
  C:2CEFH         LINE#         40
  C:2CF1H         LINE#         41
  C:2CFAH         LINE#         42
  C:2CFAH         LINE#         43
  C:2CFCH         LINE#         44
BL51 BANKED LINKER/LOCATER V6.22                                                      10/06/2015  16:09:00  PAGE 31


  C:2CFEH         LINE#         45
  C:2D07H         LINE#         46
  C:2D07H         LINE#         47
  C:2D09H         LINE#         48
  C:2D0BH         LINE#         49
  C:2D14H         LINE#         50
  C:2D14H         LINE#         51
  C:2D16H         LINE#         52
  C:2D18H         LINE#         54
  C:2D18H         LINE#         55
  C:2D1AH         LINE#         56
  C:2D1AH         LINE#         58
  C:2D1AH         LINE#         59
  -------         ENDPROC       DUST_GETRTLEVEL
  -------         PROC          DUST_DATAUPDATE
  -------         DO            
  X:0185H         SYMBOL        tabs
  D:0007H         SYMBOL        i
  -------         ENDDO         
  C:236FH         LINE#         63
  C:236FH         LINE#         64
  C:236FH         LINE#         68
  C:2379H         LINE#         69
  C:2379H         LINE#         70
  C:2387H         LINE#         71
  C:238EH         LINE#         72
  C:238EH         LINE#         73
  C:2396H         LINE#         74
  C:239AH         LINE#         75
  C:239CH         LINE#         76
  C:239CH         LINE#         77
  C:239EH         LINE#         79
  C:239EH         LINE#         80
  C:23A0H         LINE#         81
  C:23A0H         LINE#         83
  C:23A3H         LINE#         84
  C:23A3H         LINE#         85
  C:23B0H         LINE#         86
  C:23BDH         LINE#         87
  C:23CAH         LINE#         88
  C:23D9H         LINE#         90
  C:23DBH         LINE#         92
  C:23E2H         LINE#         93
  C:23E3H         LINE#         94
  C:23E3H         LINE#         95
  C:2400H         LINE#         96
  C:2405H         LINE#         97
  C:241BH         LINE#         98
  C:241BH         LINE#         99
  -------         ENDPROC       DUST_DATAUPDATE
  -------         PROC          DUST_LEVELUPDATE
  -------         DO            
  X:018DH         SYMBOL        upperHoldCntForFan
  X:018EH         SYMBOL        lowerHoldCntForFan
  X:018FH         SYMBOL        lowerHoldCnt
  D:0007H         SYMBOL        levelCur
  -------         ENDDO         
BL51 BANKED LINKER/LOCATER V6.22                                                      10/06/2015  16:09:00  PAGE 32


  C:22B5H         LINE#         101
  C:22B5H         LINE#         102
  C:22B5H         LINE#         110
  C:22B8H         LINE#         111
  C:22B8H         LINE#         112
  C:22BDH         LINE#         113
  C:22BFH         LINE#         115
  C:22C3H         LINE#         118
  C:22C3H         LINE#         121
  C:22C6H         LINE#         123
  C:22D0H         LINE#         124
  C:22D0H         LINE#         125
  C:22D7H         LINE#         127
  C:22DCH         LINE#         128
  C:22DCH         LINE#         129
  C:22DEH         LINE#         130
  C:22E3H         LINE#         131
  C:22E3H         LINE#         132
  C:22F1H         LINE#         133
  C:2302H         LINE#         134
  C:2302H         LINE#         135
  C:2306H         LINE#         137
  C:230FH         LINE#         138
  C:230FH         LINE#         139
  C:2312H         LINE#         140
  C:2312H         LINE#         142
  C:231AH         LINE#         143
  C:231AH         LINE#         144
  C:231CH         LINE#         146
  C:231CH         LINE#         147
  C:2323H         LINE#         148
  C:2323H         LINE#         151
  C:2331H         LINE#         152
  C:2331H         LINE#         153
  C:2336H         LINE#         155
  C:233CH         LINE#         156
  C:2342H         LINE#         157
  C:2342H         LINE#         158
  C:2344H         LINE#         160
  C:234AH         LINE#         161
  C:234AH         LINE#         162
  C:234BH         LINE#         163
  C:2350H         LINE#         164
  C:2350H         LINE#         165
  C:2355H         LINE#         167
  C:2359H         LINE#         168
  C:235EH         LINE#         169
  C:235EH         LINE#         170
  C:2360H         LINE#         172
  C:2366H         LINE#         173
  C:2366H         LINE#         174
  C:2367H         LINE#         176
  C:2367H         LINE#         177
  C:236CH         LINE#         178
  C:236EH         LINE#         179
  C:236EH         LINE#         180
  -------         ENDPROC       DUST_LEVELUPDATE
BL51 BANKED LINKER/LOCATER V6.22                                                      10/06/2015  16:09:00  PAGE 33


  -------         ENDMOD        DUST

  -------         MODULE        MOTOR
  C:0000H         SYMBOL        _ICE_DUMMY_
  X:01BDH         PUBLIC        Motor_CurSpeed
  B:0020H.0       SYMBOL        Motor_runEnable
  B:0020H.1       PUBLIC        Motor_IsRunning
  C:31BEH         PUBLIC        Motor_Stop
  C:142CH         PUBLIC        Motor_Ctr
  D:00BFH         PUBLIC        T1BDRH
  C:2FB9H         PUBLIC        _Motor_Run
  D:00BEH         PUBLIC        T1BDRL
  B:0020H.2       PUBLIC        Motor_SpeedUpdated
  X:01BFH         SYMBOL        Motor_pwnData
  X:01C1H         PUBLIC        Motor_ExpectSpeed
  -------         PROC          MOTOR_STOP
  C:31BEH         LINE#         11
  C:31BEH         LINE#         12
  C:31BEH         LINE#         13
  C:31C0H         LINE#         14
  C:31C7H         LINE#         15
  -------         ENDPROC       MOTOR_STOP
  -------         PROC          _MOTOR_RUN
  D:0006H         SYMBOL        rpm
  C:2FB9H         LINE#         17
  C:2FB9H         LINE#         18
  C:2FB9H         LINE#         19
  C:2FBBH         LINE#         20
  C:2FD5H         LINE#         21
  -------         ENDPROC       _MOTOR_RUN
  -------         PROC          MOTOR_CTR
  -------         DO            
  X:01BBH         SYMBOL        Motor_lastSpeed
  X:01ABH         SYMBOL        deltaSp
  X:01ADH         SYMBOL        deltaA
  X:01AFH         SYMBOL        e
  -------         ENDDO         
  C:142CH         LINE#         23
  C:142CH         LINE#         24
  C:142CH         LINE#         31
  C:1446H         LINE#         33
  C:1454H         LINE#         34
  C:1454H         LINE#         35
  C:1457H         LINE#         36
  C:1459H         LINE#         37
  C:145FH         LINE#         38
  C:1460H         LINE#         40
  C:1460H         LINE#         41
  C:1463H         LINE#         42
  C:1463H         LINE#         44
  C:1471H         LINE#         45
  C:1481H         LINE#         46
  C:1481H         LINE#         47
  C:1488H         LINE#         49
  C:1488H         LINE#         50
  C:148BH         LINE#         52
  C:148BH         LINE#         54
BL51 BANKED LINKER/LOCATER V6.22                                                      10/06/2015  16:09:00  PAGE 34


  C:1491H         LINE#         55
  C:1491H         LINE#         56
  C:14A6H         LINE#         57
  C:14A6H         LINE#         58
  C:14AFH         LINE#         59
  C:14B1H         LINE#         61
  C:14B1H         LINE#         62
  C:14CCH         LINE#         63
  C:14CCH         LINE#         65
  C:14D9H         LINE#         66
  C:14D9H         LINE#         67
  C:14F3H         LINE#         69
  C:151DH         LINE#         71
  C:152DH         LINE#         72
  C:152DH         LINE#         73
  C:1541H         LINE#         74
  C:1541H         LINE#         75
  C:1543H         LINE#         77
  C:1543H         LINE#         78
  C:155EH         LINE#         79
  C:1588H         LINE#         80
  C:159EH         LINE#         81
  C:159EH         LINE#         82
  C:15B2H         LINE#         83
  C:15B2H         LINE#         84
[...]
  -------         PROC          CMD_AION_CTR_DEAL
  C:30F1H         LINE#         193
  C:30F1H         LINE#         194
  C:30F1H         LINE#         195
  C:30F8H         LINE#         196
  C:30F8H         LINE#         197
  C:3100H         LINE#         198
  C:3100H         LINE#         200
  -------         ENDPROC       CMD_AION_CTR_DEAL
  -------         PROC          CMD_UV_CTR_DEAL
  C:3105H         LINE#         202
  C:3105H         LINE#         203
  C:3105H         LINE#         204
  C:310CH         LINE#         205
  C:310CH         LINE#         206
  C:3114H         LINE#         207
  C:3114H         LINE#         209
  -------         ENDPROC       CMD_UV_CTR_DEAL
  -------         PROC          CMD_TIMER_CTR_DEAL
  C:29F0H         LINE#         211
  C:29F0H         LINE#         212
  C:29F0H         LINE#         213
  C:29F8H         LINE#         214
  C:2A00H         LINE#         215
  C:2A08H         LINE#         216
  C:2A10H         LINE#         218
  C:2A18H         LINE#         219
  C:2A20H         LINE#         220
  C:2A28H         LINE#         221
BL51 BANKED LINKER/LOCATER V6.22                                                      10/06/2015  16:09:00  PAGE 40


  C:2A30H         LINE#         223
  C:2A38H         LINE#         224
  C:2A40H         LINE#         225
  C:2A48H         LINE#         226
  C:2A50H         LINE#         228
  C:2A52H         LINE#         229
  C:2A59H         LINE#         231
  C:2A5CH         LINE#         233
  -------         ENDPROC       CMD_TIMER_CTR_DEAL
  -------         PROC          CMD_GET_PM_DATAS_DEAL
  -------         DO            
  X:01AFH         SYMBOL        sum
  X:01B0H         SYMBOL        i
  X:01B1H         SYMBOL        ptr
  -------         ENDDO         
  C:18E1H         LINE#         235
  C:18E1H         LINE#         236
  C:18E1H         LINE#         241
  C:18EBH         LINE#         242
  C:18EBH         LINE#         243
  C:18F6H         LINE#         244
  C:18F8H         LINE#         246
  C:18F8H         LINE#         247
  C:1903H         LINE#         248
  C:1903H         LINE#         250
  C:1913H         LINE#         251
  C:1923H         LINE#         253
  C:1938H         LINE#         254
  C:194EH         LINE#         257
  C:1971H         LINE#         258
  C:1997H         LINE#         260
  C:19A4H         LINE#         261
  C:19A4H         LINE#         262
  C:19D6H         LINE#         263
  C:1A0BH         LINE#         264
  C:1A11H         LINE#         266
  C:1A24H         LINE#         267
  C:1A34H         LINE#         269
  -------         ENDPROC       CMD_GET_PM_DATAS_DEAL
  -------         PROC          CMD_GET_ENE_DATAS_DEAL
  -------         DO            
  X:01AFH         SYMBOL        sum
  X:01B0H         SYMBOL        i
  -------         ENDDO         
  C:24C8H         LINE#         271
  C:24C8H         LINE#         272
  C:24C8H         LINE#         276
  C:24D8H         LINE#         277
  C:24E8H         LINE#         279
  C:24FDH         LINE#         280
  C:2513H         LINE#         282
  C:2520H         LINE#         283
  C:2520H         LINE#         284
  C:2540H         LINE#         285
  C:2546H         LINE#         287
  C:2559H         LINE#         288
  C:2569H         LINE#         290
BL51 BANKED LINKER/LOCATER V6.22                                                      10/06/2015  16:09:00  PAGE 41


  -------         ENDPROC       CMD_GET_ENE_DATAS_DEAL
  -------         PROC          CMD_RT_SET_DEAL
  C:2E24H         LINE#         292
  C:2E24H         LINE#         293
  C:2E24H         LINE#         295
  C:2E39H         LINE#         296
  C:2E41H         LINE#         297
  C:2E49H         LINE#         298
  C:2E51H         LINE#         299
  C:2E59H         LINE#         301
  -------         ENDPROC       CMD_RT_SET_DEAL
  -------         PROC          CMD_MEM_SET_DEAL
  C:31FFH         LINE#         303
  C:31FFH         LINE#         304
  C:31FFH         LINE#         307
  -------         ENDPROC       CMD_MEM_SET_DEAL
  -------         PROC          CMD_REST_DEAL
  C:3204H         LINE#         309
  C:3204H         LINE#         310
  C:3204H         LINE#         313
  -------         ENDPROC       CMD_REST_DEAL
  -------         PROC          CMD_GET_DEVICE_INFO_DEAL
  -------         DO            
  X:01AFH         SYMBOL        sum
  -------         ENDDO         
  C:1281H         LINE#         317
  C:1281H         LINE#         318
  C:1281H         LINE#         321
  C:1286H         LINE#         323
  C:1296H         LINE#         324
  C:12A6H         LINE#         326
  C:12BCH         LINE#         328
  C:12D2H         LINE#         331
  C:12E8H         LINE#         332
  C:12FEH         LINE#         334
  C:1314H         LINE#         335
  C:132AH         LINE#         337
  C:1340H         LINE#         338
  C:1356H         LINE#         340
  C:136CH         LINE#         341
  C:1382H         LINE#         343
  C:1398H         LINE#         344
  C:13AEH         LINE#         346
  C:13C4H         LINE#         347
  C:13DAH         LINE#         349
  C:13F0H         LINE#         350
  C:1406H         LINE#         352
  C:1419H         LINE#         354
  C:1429H         LINE#         356
  -------         ENDPROC       CMD_GET_DEVICE_INFO_DEAL
  -------         PROC          CMD_WIFI_STA_CHANGE_DEAL
  C:305BH         LINE#         358
  C:305BH         LINE#         359
  C:305BH         LINE#         361
  C:3063H         LINE#         363
  C:306BH         LINE#         365
  C:3073H         LINE#         366
BL51 BANKED LINKER/LOCATER V6.22                                                      10/06/2015  16:09:00  PAGE 42


  -------         ENDPROC       CMD_WIFI_STA_CHANGE_DEAL
  -------         PROC          PROTOCOL_INIT
  C:31E2H         LINE#         398
  C:31E2H         LINE#         399
  C:31E2H         LINE#         400
  C:31E4H         LINE#         401
  C:31E9H         LINE#         402
  -------         ENDPROC       PROTOCOL_INIT
  -------         PROC          PROTOCOL_ENTERATMODE
  C:256CH         LINE#         404
  C:256CH         LINE#         405
  C:256CH         LINE#         407
  C:257CH         LINE#         408
  C:258CH         LINE#         409
  C:259CH         LINE#         410
  C:25ACH         LINE#         411
  C:25BCH         LINE#         412
  C:25CCH         LINE#         413
  C:25DCH         LINE#         414
  C:25ECH         LINE#         415
  C:25FCH         LINE#         416
  C:260CH         LINE#         418
  -------         ENDPROC       PROTOCOL_ENTERATMODE
  -------         PROC          PROTOCOL_RESETWIFIMODE
  C:2048H         LINE#         421
  C:2048H         LINE#         422
  C:2048H         LINE#         425
  C:2058H         LINE#         426
  C:2068H         LINE#         427
  C:2078H         LINE#         428
  C:2088H         LINE#         429
  C:2098H         LINE#         430
  C:20A8H         LINE#         431
  C:20B8H         LINE#         432
  C:20C8H         LINE#         433
  C:20D8H         LINE#         434
  C:20E8H         LINE#         435
  C:20F8H         LINE#         436
  C:2108H         LINE#         437
  C:2118H         LINE#         438
  C:2128H         LINE#         440
  -------         ENDPROC       PROTOCOL_RESETWIFIMODE
  -------         PROC          PROTOCOL_TASK
  -------         DO            
  X:01ABH         SYMBOL        dat
  X:01ACH         SYMBOL        cmdDeal
  X:01CBH         SYMBOL        checksum
  X:01CCH         SYMBOL        len
  X:01CDH         SYMBOL        cmd
  -------         ENDDO         
  C:15D1H         LINE#         443
  C:15D1H         LINE#         444
  C:15D1H         LINE#         454
  C:15EFH         LINE#         455
  C:15EFH         LINE#         457
  C:1601H         LINE#         458
  C:1628H         LINE#         461
BL51 BANKED LINKER/LOCATER V6.22                                                      10/06/2015  16:09:00  PAGE 43


  C:162BH         LINE#         462
  C:162BH         LINE#         463
  C:1632H         LINE#         464
  C:1632H         LINE#         465
  C:1638H         LINE#         466
  C:163DH         LINE#         467
  C:163DH         LINE#         468
  C:163FH         LINE#         469
  C:1640H         LINE#         470
  C:1644H         LINE#         471
  C:1644H         LINE#         472
  C:1646H         LINE#         474
  C:1646H         LINE#         475
  C:1646H         LINE#         476
  C:1646H         LINE#         477
  C:1649H         LINE#         479
  C:1649H         LINE#         480
  C:165DH         LINE#         481
  C:1663H         LINE#         483
  C:1669H         LINE#         485
  C:166EH         LINE#         486
  C:166EH         LINE#         487
  C:1676H         LINE#         488
  C:1679H         LINE#         489
  C:1681H         LINE#         490
  C:1681H         LINE#         491
  C:1691H         LINE#         492
  C:1691H         LINE#         493
  C:16A5H         LINE#         494
  C:16B3H         LINE#         495
  C:16B5H         LINE#         496
  C:16BDH         LINE#         497
  C:16BDH         LINE#         498
  C:16C6H         LINE#         499
  C:16C9H         LINE#         500
  C:16CBH         LINE#         501
  C:16CFH         LINE#         502
  C:16CFH         LINE#         503
  C:16D8H         LINE#         504
  C:16F0H         LINE#         505
  C:16F2H         LINE#         507
  C:16F2H         LINE#         509
  C:16F2H         LINE#         510
  C:16F4H         LINE#         512
  C:16F4H         LINE#         514
  C:1703H         LINE#         515
  C:1703H         LINE#         517
  C:1705H         LINE#         518
  C:170BH         LINE#         520
  C:170BH         LINE#         521
  C:170BH         LINE#         522
  C:1727H         LINE#         523
  C:1727H         LINE#         525
  C:174DH         LINE#         528
  C:174DH         LINE#         530
  C:1759H         LINE#         531
  C:1762H         LINE#         532
BL51 BANKED LINKER/LOCATER V6.22                                                      10/06/2015  16:09:00  PAGE 44


  C:1762H         LINE#         534
  C:1764H         LINE#         535
  C:1769H         LINE#         536
  C:1769H         LINE#         537
  C:1769H         LINE#         538
  C:176CH         LINE#         539
  -------         ENDPROC       PROTOCOL_TASK
  -------         ENDMOD        PROTOCOL

  -------         MODULE        UART
  C:0000H         SYMBOL        _ICE_DUMMY_
  C:0026H         PUBLIC        Uart_SendStartup
  C:006EH         PUBLIC        Uart_MemoryInit
  X:006AH         PUBLIC        Rx_Timeout
  X:006BH         PUBLIC        Tx_Timeout
  X:006CH         PUBLIC        Rx_Queue
  X:006FH         PUBLIC        Tx_Queue
  D:00F5H         PUBLIC        USI1DR
  B:0021H.1       PUBLIC        Rx_QueueDataExist
  X:0072H         PUBLIC        Rx_Buf
  X:00A5H         PUBLIC        Tx_Buf
  C:31D1H         PUBLIC        Uart_RxDatsDeal
  B:0021H.2       PUBLIC        Tx_Busy
  D:00EAH         PUBLIC        USI1CR2
  -------         PROC          UART_MEMORYINIT
  -------         DO            
  X:0000H         SYMBOL        Rx_queue
  X:0035H         SYMBOL        Tx_queue
  -------         ENDDO         
  C:006EH         LINE#         15
  C:006EH         LINE#         16
  C:006EH         LINE#         20
  C:007FH         LINE#         21
  C:0082H         LINE#         23
  C:0093H         LINE#         24
  C:0096H         LINE#         26
  C:009BH         LINE#         27
  C:009DH         LINE#         29
  C:009FH         LINE#         30
  C:00A1H         LINE#         31
  -------         ENDPROC       UART_MEMORYINIT
  -------         PROC          UART_SENDSTARTUP
  -------         DO            
  D:0007H         SYMBOL        len
  -------         ENDDO         
  C:0026H         LINE#         33
  C:0026H         LINE#         34
  C:0026H         LINE#         37
  C:0029H         LINE#         38
  C:0029H         LINE#         39
  C:0037H         LINE#         41
  C:003DH         LINE#         42
  C:003EH         LINE#         44
  C:003EH         LINE#         45
  C:0042H         LINE#         46
  C:0042H         LINE#         47
  C:0052H         LINE#         48
BL51 BANKED LINKER/LOCATER V6.22                                                      10/06/2015  16:09:00  PAGE 45


  C:0054H         LINE#         50
  C:0054H         LINE#         51
  C:0064H         LINE#         52
  C:0066H         LINE#         53
  C:0066H         LINE#         55
  C:0069H         LINE#         56
  C:0069H         LINE#         57
  -------         ENDPROC       UART_SENDSTARTUP
  -------         PROC          UART_RXDATSDEAL
  C:31D1H         LINE#         59
  C:31D1H         LINE#         60
  C:31D1H         LINE#         61
  C:31D4H         LINE#         62
  C:31D4H         LINE#         63
  C:31D7H         LINE#         64
  C:31D9H         LINE#         65
  C:31D9H         LINE#         66
  -------         ENDPROC       UART_RXDATSDEAL
  -------         ENDMOD        UART

  -------         MODULE        FSM
  C:0000H         SYMBOL        _ICE_DUMMY_
  C:006AH         PUBLIC        Task_DoNothing
  X:01D4H         PUBLIC        currentState
  C:2FF1H         SYMBOL        doNothing
  C:2BDDH         PUBLIC        _State_TransitionTo
  -------         PROC          TASK_DONOTHING
  C:006AH         LINE#         3
  -------         ENDPROC       TASK_DONOTHING
  -------         PROC          _STATE_TRANSITIONTO
  X:01ABH         SYMBOL        state
  B:0021H.3       SYMBOL        desStateEnterEventEnable
  B:0021H.4       SYMBOL        currentStateExitEventEnable
  C:2BDDH         LINE#         20
  C:2BE5H         LINE#         23
  C:2BE5H         LINE#         25
  C:2BE8H         LINE#         26
  C:2BE8H         LINE#         27
  C:2C02H         LINE#         28
  C:2C02H         LINE#         31
  C:2C11H         LINE#         34
  C:2C14H         LINE#         35
  C:2C14H         LINE#         36
  C:2C2EH         LINE#         37
  C:2C2EH         LINE#         38
  -------         ENDPROC       _STATE_TRANSITIONTO
  -------         ENDMOD        FSM

  -------         MODULE        STATE_TEST
  C:0000H         SYMBOL        _ICE_DUMMY_
  C:3211H         SYMBOL        _enterEventDeal
  C:00A2H         SYMBOL        _keyActionDeal
  C:300CH         PUBLIC        State_Test
  C:3212H         SYMBOL        _exitEventDeal
  C:320EH         SYMBOL        _timeTick
  C:2ECAH         SYMBOL        _irDataDeal
  C:320DH         SYMBOL        _taskExe
BL51 BANKED LINKER/LOCATER V6.22                                                      10/06/2015  16:09:00  PAGE 46


  C:320FH         SYMBOL        _motorCtr
  C:3210H         SYMBOL        _rxDataDeal
  C:1B4EH         SYMBOL        _displayControl
  -------         PROC          _KEYACTIONDEAL
  C:00A2H         LINE#         4
  C:00A2H         LINE#         5
  C:00A2H         LINE#         7
  -------         ENDPROC       _KEYACTIONDEAL
  -------         PROC          _DISPLAYCONTROL
  C:1B4EH         LINE#         9
  C:1B4EH         LINE#         10
  C:1B4EH         LINE#         11
  C:1B51H         LINE#         12
  C:1B58H         LINE#         13
  C:1B5FH         LINE#         15
  C:1B6DH         LINE#         16
  C:1B6DH         LINE#         17
  C:1B7BH         LINE#         18
  C:1B7BH         LINE#         20
  C:1B89H         LINE#         21
  C:1B97H         LINE#         22
  C:1B9EH         LINE#         23
  C:1BA5H         LINE#         24
  C:1BB1H         LINE#         25
  C:1BB8H         LINE#         26
  C:1BBBH         LINE#         27
  C:1BC2H         LINE#         28
  C:1BC5H         LINE#         30
  C:1BD1H         LINE#         31
  C:1BD8H         LINE#         32
  C:1BE6H         LINE#         33
  C:1BEDH         LINE#         34
  C:1BFBH         LINE#         35
  C:1BFEH         LINE#         36
  C:1C05H         LINE#         37
  C:1C0CH         LINE#         38
  C:1C0FH         LINE#         39
  C:1C12H         LINE#         40
  C:1C15H         LINE#         41
  C:1C18H         LINE#         44
  C:1C1FH         LINE#         45
  C:1C26H         LINE#         46
  C:1C35H         LINE#         48
  C:1C35H         LINE#         49
  C:1C35H         LINE#         52
  C:1C35H         LINE#         54
  C:1C35H         LINE#         56
  C:1C35H         LINE#         57
  C:1C3FH         LINE#         60
  C:1C54H         LINE#         61
  C:1C5BH         LINE#         62
  -------         ENDPROC       _DISPLAYCONTROL
  -------         PROC          _TASKEXE
  C:320DH         LINE#         64
  C:320DH         LINE#         65
  C:320DH         LINE#         67
  -------         ENDPROC       _TASKEXE
BL51 BANKED LINKER/LOCATER V6.22                                                      10/06/2015  16:09:00  PAGE 47


  -------         PROC          _TIMETICK
  C:320EH         LINE#         70
  C:320EH         LINE#         71
  C:320EH         LINE#         73
  -------         ENDPROC       _TIMETICK
  -------         PROC          _MOTORCTR
  C:320FH         LINE#         76
  C:320FH         LINE#         77
  C:320FH         LINE#         79
  -------         ENDPROC       _MOTORCTR
  -------         PROC          _IRDATADEAL
  C:2ECAH         LINE#         82
  C:2ECAH         LINE#         83
  C:2ECAH         LINE#         84
  C:2EDDH         LINE#         85
  C:2EF1H         LINE#         87
  C:2EF4H         LINE#         89
  -------         ENDPROC       _IRDATADEAL
  -------         PROC          _RXDATADEAL
  C:3210H         LINE#         93
  C:3210H         LINE#         94
  C:3210H         LINE#         96
  -------         ENDPROC       _RXDATADEAL
  -------         PROC          _ENTEREVENTDEAL
  C:3211H         LINE#         98
  C:3211H         LINE#         99
  C:3211H         LINE#         101
  -------         ENDPROC       _ENTEREVENTDEAL
  -------         PROC          _EXITEVENTDEAL
  C:3212H         LINE#         103
  C:3212H         LINE#         104
  C:3212H         LINE#         106
  -------         ENDPROC       _EXITEVENTDEAL
  -------         ENDMOD        STATE_TEST

  -------         MODULE        ?C?FPMUL
  C:0FB3H         PUBLIC        ?C?FPMUL
  -------         ENDMOD        ?C?FPMUL

  -------         MODULE        ?C?FCAST
  C:10C3H         PUBLIC        ?C?FCASTC
  C:10BEH         PUBLIC        ?C?FCASTI
  C:10B9H         PUBLIC        ?C?FCASTL
  -------         ENDMOD        ?C?FCAST

  -------         MODULE        ?C?CASTF
  C:10F7H         PUBLIC        ?C?CASTF
  -------         ENDMOD        ?C?CASTF

  -------         MODULE        ?C?CLDPTR
  C:1178H         PUBLIC        ?C?CLDPTR
  -------         ENDMOD        ?C?CLDPTR

  -------         MODULE        ?C?CLDOPTR
  C:1191H         PUBLIC        ?C?CLDOPTR
  -------         ENDMOD        ?C?CLDOPTR

BL51 BANKED LINKER/LOCATER V6.22                                                      10/06/2015  16:09:00  PAGE 48


  -------         MODULE        ?C?CSTOPTR
  C:11BEH         PUBLIC        ?C?CSTOPTR
  -------         ENDMOD        ?C?CSTOPTR

  -------         MODULE        ?C?UIDIV
  C:11E0H         PUBLIC        ?C?UIDIV
  -------         ENDMOD        ?C?UIDIV

  -------         MODULE        ?C?ILDOPTR
  C:1235H         PUBLIC        ?C?ILDOPTR
  -------         ENDMOD        ?C?ILDOPTR

  -------         MODULE        ?C?LNEG
  C:126DH         PUBLIC        ?C?LNEG
  -------         ENDMOD        ?C?LNEG

  -------         MODULE        ?C?ICALL
  C:127BH         PUBLIC        ?C?ICALL
  C:127FH         PUBLIC        ?C?ICALL2
  -------         ENDMOD        ?C?ICALL

Program Size: data=28.1 xdata=472 code=12819
LINK/LOCATE RUN COMPLETE.  0 WARNING(S),  0 ERROR(S)
