BL51 BANKED LINKER/LOCATER V6.22                                                        10/30/2015  13:58:41  PAGE 1


BL51 BANKED LINKER/LOCATER V6.22, INVOKED BY:
C:\KEIL_V5\C51\BIN\BL51.EXE .\it.obj, startup.obj, .\main.obj, .\bsp_init.obj, .\aip1944.obj, .\display.obj, .\buzzer.ob
>> j, .\ir.obj, .\humidity.obj, .\dust.obj, .\motor.obj, .\system.obj, .\key.obj, .\fifo.obj, .\protocol.obj, .\uart.obj
>> , .\fsm.obj, .\state_test.obj, .\state_startup.obj, .\state_standby.obj, .\state_clockSetting.obj, .\state_echeck.obj
>> , .\state_timerSetting.obj, .\state_timerFnSetting.obj, .\state_timerLookup.obj, .\state_work.obj TO YTN-E608-WIFI-64
>> 32 RAMSIZE (256) DISABLEWARNING (16, 15, 13) CODE (0X0000-0X7FFF) XDATA (0X0000-0X02FF)




PROGRAM RECURSIONS REMOVED FROM CALL TREE
=========================================
+--> ?CO?STATE_STANDBY
|  | ?PR?_KEYACTIONDEAL?STATE_STANDBY
|  | ?CO?STATE_WORK
<--+ ?PR?_TIMETICK?STATE_WORK



MEMORY MODEL: LARGE WITH FLOATING POINT ARITHMETIC


INPUT MODULES INCLUDED:
  .\it.obj (IT)
  startup.obj (?C_STARTUP)
  .\main.obj (MAIN)
  .\bsp_init.obj (BSP_INIT)
  .\aip1944.obj (AIP1944)
  .\display.obj (DISPLAY)
  .\buzzer.obj (BUZZER)
  .\ir.obj (IR)
  .\humidity.obj (HUMIDITY)
  .\dust.obj (DUST)
  .\motor.obj (MOTOR)
  .\system.obj (SYSTEM)
  .\key.obj (KEY)
  .\fifo.obj (FIFO)
  .\protocol.obj (PROTOCOL)
  .\uart.obj (UART)
  .\fsm.obj (FSM)
  .\state_test.obj (STATE_TEST)
  .\state_startup.obj (STATE_STARTUP)
  .\state_standby.obj (STATE_STANDBY)
  .\state_clockSetting.obj (STATE_CLOCKSETTING)
  .\state_echeck.obj (STATE_ECHECK)
  .\state_timerSetting.obj (STATE_TIMERSETTING)
  .\state_timerFnSetting.obj (STATE_TIMERFNSETTING)
  .\state_timerLookup.obj (STATE_TIMERLOOKUP)
  .\state_work.obj (STATE_WORK)
  C:\KEIL_V5\C51\LIB\C51FPL.LIB (?C?FPMUL)
  C:\KEIL_V5\C51\LIB\C51FPL.LIB (?C?FCAST)
  C:\KEIL_V5\C51\LIB\C51FPL.LIB (?C?CASTF)
  C:\KEIL_V5\C51\LIB\C51FPL.LIB (?C?FPGETOPN)
  C:\KEIL_V5\C51\LIB\C51L.LIB (?C_INIT)
  C:\KEIL_V5\C51\LIB\C51L.LIB (?C?CLDPTR)
  C:\KEIL_V5\C51\LIB\C51L.LIB (?C?CLDOPTR)
  C:\KEIL_V5\C51\LIB\C51L.LIB (?C?CSTPTR)
  C:\KEIL_V5\C51\LIB\C51L.LIB (?C?CSTOPTR)
BL51 BANKED LINKER/LOCATER V6.22                                                      10/30/2015  13:58:41  PAGE 2


  C:\KEIL_V5\C51\LIB\C51L.LIB (?C?UIDIV)
  C:\KEIL_V5\C51\LIB\C51L.LIB (?C?ILDOPTR)
  C:\KEIL_V5\C51\LIB\C51L.LIB (?C?ULDIV)
  C:\KEIL_V5\C51\LIB\C51L.LIB (?C?LNEG)
  C:\KEIL_V5\C51\LIB\C51L.LIB (?C?ULCMP)
  C:\KEIL_V5\C51\LIB\C51L.LIB (?C?LSTXDATA)
  C:\KEIL_V5\C51\LIB\C51L.LIB (?C?LSTKXDATA)
  C:\KEIL_V5\C51\LIB\C51L.LIB (?C?OFFXADD)
  C:\KEIL_V5\C51\LIB\C51L.LIB (?C?ICALL)


LINK MAP OF MODULE:  YTN-E608-WIFI-6432 (IT)


            TYPE    BASE      LENGTH    RELOCATION   SEGMENT NAME
            -----------------------------------------------------

            * * * * * * *   D A T A   M E M O R Y   * * * * * * *
            REG     0000H     0008H     ABSOLUTE     "REG BANK 0"
            IDATA   0008H     000BH     UNIT         ?ID?IT
            IDATA   0013H     0003H     UNIT         ?ID?MAIN
            IDATA   0016H     0003H     UNIT         ?ID?HUMIDITY
                    0019H     0007H                  *** GAP ***
            BIT     0020H.0   0001H.0   UNIT         ?BI?SYSTEM
            BIT     0021H.0   0000H.7   UNIT         _BIT_GROUP_
            BIT     0021H.7   0000H.3   UNIT         ?BI?DISPLAY
            BIT     0022H.2   0000H.3   UNIT         ?BI?MOTOR
            BIT     0022H.5   0000H.2   UNIT         ?BI?HUMIDITY
            BIT     0022H.7   0000H.2   UNIT         ?BI?DUST
            BIT     0023H.1   0000H.2   UNIT         ?BI?UART
            BIT     0023H.3   0000H.1   UNIT         ?BI?BUZZER
            BIT     0023H.4   0000H.1   UNIT         ?BI?IR
            BIT     0023H.5   0000H.1   UNIT         ?BI?KEY
            BIT     0023H.6   0000H.1   UNIT         ?BI?PROTOCOL
            BIT     0023H.7   0000H.1   UNIT         ?BI?STATE_STANDBY
            BIT     0024H.0   0000H.1   UNIT         ?BI?STATE_ECHECK
            BIT     0024H.1   0000H.1   UNIT         ?BI?STATE_WORK
                    0024H.2   0000H.6                *** GAP ***
            IDATA   0025H     0001H     UNIT         ?STACK

            * * * * * * *  X D A T A   M E M O R Y  * * * * * * *
            XDATA   0000H     00D8H     UNIT         ?XD?UART
            XDATA   00D8H     007DH     UNIT         ?XD?SYSTEM
            XDATA   0155H     0042H     UNIT         ?XD?DISPLAY
            XDATA   0197H     0018H     UNIT         ?XD?STATE_WORK
            XDATA   01AFH     0017H     UNIT         _XDATA_GROUP_
            XDATA   01C6H     0015H     UNIT         ?XD?DUST
            XDATA   01DBH     0011H     UNIT         ?XD?HUMIDITY
            XDATA   01ECH     0008H     UNIT         ?XD?MOTOR
            XDATA   01F4H     0004H     UNIT         ?XD?IT
            XDATA   01F8H     0004H     UNIT         ?XD?BUZZER
            XDATA   01FCH     0004H     UNIT         ?XD?KEY
            XDATA   0200H     0004H     UNIT         ?XD?PROTOCOL
            XDATA   0204H     0002H     UNIT         ?XD?IR
            XDATA   0206H     0002H     UNIT         ?XD?FSM
            XDATA   0208H     0002H     UNIT         ?XD?STATE_STANDBY
            XDATA   020AH     0001H     UNIT         ?XD?AIP1944
BL51 BANKED LINKER/LOCATER V6.22                                                      10/30/2015  13:58:41  PAGE 3


            XDATA   020BH     0001H     UNIT         ?XD?STATE_CLOCKSETTING
            XDATA   020CH     0001H     UNIT         ?XD?STATE_TIMERSETTING
            XDATA   020DH     0001H     UNIT         ?XD?STATE_TIMERLOOKUP

            * * * * * * *   C O D E   M E M O R Y   * * * * * * *
            CODE    0000H     0003H     ABSOLUTE     
            CODE    0003H     0018H     UNIT         ?PR?TIMER1_INIT?BSP_INIT
            CODE    001BH     0003H     ABSOLUTE     
            CODE    001EH     0005H     UNIT         ?PR?CMD_GET_SYS_STA_DEAL?PROTOCOL
            CODE    0023H     0003H     ABSOLUTE     
            CODE    0026H     0044H     UNIT         ?PR?UART_SENDSTARTUP?UART
            CODE    006AH     0001H     UNIT         ?PR?CMD_DUMMY_DEAL?PROTOCOL
            CODE    006BH     0003H     ABSOLUTE     
            CODE    006EH     0034H     UNIT         ?PR?_DISPLAY_SPLEVEL?DISPLAY
            CODE    00A2H     0001H     UNIT         ?PR?TASK_DONOTHING?FSM
            CODE    00A3H     0003H     ABSOLUTE     
            CODE    00A6H     000DH     UNIT         ?PR?BIT_INIT?BSP_INIT
            CODE    00B3H     0003H     ABSOLUTE     
            CODE    00B6H     0AE7H     UNIT         ?CO?HUMIDITY
            CODE    0B9DH     0626H     UNIT         ?PR?_TIMETICK?STATE_WORK
            CODE    11C3H     0417H     UNIT         ?PR?_PROTOCOL_STARESP?PROTOCOL
            CODE    15DAH     0408H     UNIT         ?C?LIB_CODE
            CODE    19E2H     030CH     UNIT         ?PR?_DISPLAYCONTROL?STATE_WORK
            CODE    1CEEH     01E1H     UNIT         ?PR?_IRDATADEAL?STATE_WORK
            CODE    1ECFH     01B3H     UNIT         ?PR?_KEYACTIONDEAL?STATE_TIMERSETTING
            CODE    2082H     01ABH     UNIT         ?PR?CMD_GET_DEVICE_INFO_DEAL?PROTOCOL
            CODE    222DH     01A5H     UNIT         ?PR?MOTOR_CTR?MOTOR
            CODE    23D2H     01A1H     UNIT         ?PR?PROTOCOL_TASK?PROTOCOL
            CODE    2573H     019BH     UNIT         ?PR?INT_BIT?IT
            CODE    270EH     015FH     UNIT         ?PR?CMD_GET_PM_DATAS_DEAL?PROTOCOL
            CODE    286DH     0148H     UNIT         ?PR?_DISPLAYCONTROL?STATE_TIMERSETTING
            CODE    29B5H     013AH     UNIT         ?PR?_KEYACTIONDEAL?STATE_WORK
            CODE    2AEFH     011EH     UNIT         ?PR?_DISPLAYCONTROL?STATE_TIMERLOOKUP
            CODE    2C0DH     0117H     UNIT         ?CO?DISPLAY
            CODE    2D24H     010FH     UNIT         ?PR?_IRDATADEAL?STATE_STANDBY
            CODE    2E33H     010EH     UNIT         ?PR?_TIMETICK?STATE_STANDBY
            CODE    2F41H     010DH     UNIT         ?PR?_ENTEREVENTDEAL?STATE_WORK
            CODE    304EH     010BH     UNIT         ?PR?INT_WT?IT
            CODE    3159H     0102H     UNIT         ?PR?_DISPLAY_DUSTDATA?DISPLAY
            CODE    325BH     0102H     UNIT         ?PR?_KEYACTIONDEAL?STATE_STANDBY
            CODE    335DH     0102H     UNIT         ?PR?_DISPLAYCONTROL?STATE_STANDBY
            CODE    345FH     00FEH     UNIT         ?PR?_DISPLAY_SHOWNUMINRTCAREA?DISPLAY
            CODE    355DH     00FEH     UNIT         ?PR?_HUMIDITY_AD2H?HUMIDITY
            CODE    365BH     00FAH     UNIT         ?PR?_DISPLAYCONTROL?STATE_TEST
            CODE    3755H     00F3H     UNIT         ?PR?SYS_UPDATETIMERONINDEX?SYSTEM
            CODE    3848H     00E3H     UNIT         ?PR?PROTOCOL_RESETWIFIMODE?PROTOCOL
            CODE    392BH     00D1H     UNIT         ?PR?MAIN?MAIN
            CODE    39FCH     00CEH     UNIT         ?PR?_DISPLAY_SHOWRT?DISPLAY
            CODE    3ACAH     00CCH     UNIT         ?PR?KEY_ACTIONDETECT?KEY
            CODE    3B96H     00B2H     UNIT         ?PR?DISPLAY_LEDDRIVE?DISPLAY
            CODE    3C48H     00B1H     UNIT         ?PR?DUST_LEVELUPDATE?DUST
            CODE    3CF9H     00ADH     UNIT         ?PR?DUST_DATAUPDATE?DUST
            CODE    3DA6H     00ADH     UNIT         ?PR?CMD_GET_ENE_DATAS_DEAL?PROTOCOL
            CODE    3E53H     00ACH     UNIT         ?PR?INT_USI1_RX?IT
            CODE    3EFFH     00A3H     UNIT         ?PR?PROTOCOL_ENTERATMODE?PROTOCOL
            CODE    3FA2H     00A0H     UNIT         ?PR?HUMIDITY_GETCURRENTH?HUMIDITY
            CODE    4042H     009AH     UNIT         ?C_C51STARTUP
BL51 BANKED LINKER/LOCATER V6.22                                                      10/30/2015  13:58:41  PAGE 4


            CODE    40DCH     008FH     UNIT         ?PR?INT_USI1_TX?IT
            CODE    416BH     008BH     UNIT         ?PR?_TASKEXE?STATE_WORK
            CODE    41F6H     0089H     UNIT         ?PR?HUMIDITY_GETCURRENTT?HUMIDITY
            CODE    427FH     007EH     UNIT         ?PR?_KEYACTIONDEAL?STATE_CLOCKSETTING
            CODE    42FDH     007AH     UNIT         ?PR?CMD_TIMER_CTR_DEAL?PROTOCOL
            CODE    4377H     0079H     UNIT         ?PR?SYS_RESET?SYSTEM
            CODE    43F0H     0075H     UNIT         ?PR?_HUMIDITY_GETH?HUMIDITY
            CODE    4465H     0064H     UNIT         ?PR?_MOTORCTR?STATE_WORK
            CODE    44C9H     0061H     UNIT         ?PR?_ENQUEUE?FIFO
            CODE    452AH     005FH     UNIT         ?PR?_DISPLAY_SHOWTEMPERATURE?DISPLAY
            CODE    4589H     005FH     UNIT         ?PR?_DISPLAY_SHOWHUMIDITY?DISPLAY
            CODE    45E8H     005FH     UNIT         ?PR?CMD_FAN_CTR_DEAL?PROTOCOL
            CODE    4647H     005DH     UNIT         ?PR?_DEQUEUE?FIFO
            CODE    46A4H     0053H     UNIT         ?PR?SYS_LOADCTR?SYSTEM
            CODE    46F7H     0053H     UNIT         ?PR?KEY_READ?KEY
            CODE    474AH     0052H     UNIT         ?PR?_STATE_TRANSITIONTO?FSM
            CODE    479CH     0051H     UNIT         ?PR?PORT_INIT?BSP_INIT
            CODE    47EDH     0050H     UNIT         ?PR?_AIP1944_WRITEDISPDATAS?AIP1944
            CODE    483DH     004BH     UNIT         ?PR?DUST_GETRTLEVEL?DUST
            CODE    4888H     004BH     UNIT         ?CO?PROTOCOL
            CODE    48D3H     004AH     UNIT         ?PR?_DISPLAY_CIRCLERUN?DISPLAY
            CODE    491DH     0043H     UNIT         ?PR?BUZZ_CTR?BUZZER
            CODE    4960H     0043H     UNIT         ?PR?CMD_RT_SET_DEAL?PROTOCOL
            CODE    49A3H     003EH     UNIT         ?PR?_DISPLAY_DUSTLEVEL?DISPLAY
            CODE    49E1H     003CH     UNIT         ?PR?_KEYACTIONDEAL?STATE_ECHECK
            CODE    4A1DH     003AH     UNIT         ?PR?_KEYACTIONDEAL?STATE_TIMERLOOKUP
            CODE    4A57H     0039H     UNIT         ?PR?_QUEUEISFULL?FIFO
            CODE    4A90H     0038H     UNIT         ?PR?_ENTEREVENTDEAL?STATE_STANDBY
            CODE    4AC8H     0037H     UNIT         ?PR?CMD_MEM_SET_DEAL?PROTOCOL
            CODE    4AFFH     0034H     UNIT         ?PR?UART_MEMORYINIT?UART
            CODE    4B33H     0034H     UNIT         ?PR?_DISPLAYCONTROL?STATE_TIMERFNSETTING
            CODE    4B67H     0033H     UNIT         ?PR?DISPLAY_CTR?DISPLAY
            CODE    4B9AH     0033H     UNIT         ?PR?GETNEXTACTIVETIMERINDEX?STATE_TIMERLOOKUP
            CODE    4BCDH     0032H     UNIT         ?PR?INITALL?MAIN
            CODE    4BFFH     002EH     UNIT         ?PR?BSP_INIT?BSP_INIT
            CODE    4C2DH     002EH     UNIT         ?PR?SYS_ENTERSTOPMODE?SYSTEM
            CODE    4C5BH     002DH     UNIT         ?C_INITSEG
            CODE    4C88H     002CH     UNIT         ?PR?_DISPLAYCONTROL?STATE_CLOCKSETTING
            CODE    4CB4H     002BH     UNIT         ?PR?CMD_POWER_CTR_DEAL?PROTOCOL
            CODE    4CDFH     002BH     UNIT         ?PR?_DISPLAYCONTROL?STATE_ECHECK
            CODE    4D0AH     0026H     UNIT         ?PR?_HUMIDITY_AD2T?HUMIDITY
            CODE    4D30H     0020H     UNIT         ?PR?DISPLAY_SETLINE?DISPLAY
            CODE    4D50H     001FH     UNIT         ?PR?_KEYACTIONDEAL?STATE_TIMERFNSETTING
            CODE    4D6FH     001EH     UNIT         ?CO?SYSTEM
            CODE    4D8DH     001DH     UNIT         ?PR?_MOTOR_RUN?MOTOR
            CODE    4DAAH     001DH     UNIT         ?PR?CMD_AION_CTR_DEAL?PROTOCOL
            CODE    4DC7H     001DH     UNIT         ?PR?CMD_UV_CTR_DEAL?PROTOCOL
            CODE    4DE4H     001CH     UNIT         ?PR?CMD_REST_DEAL?PROTOCOL
            CODE    4E00H     001BH     UNIT         ?PR?_BUZZ_SET?BUZZER
            CODE    4E1BH     001BH     UNIT         ?CO?FSM
            CODE    4E36H     001BH     UNIT         ?CO?STATE_TEST
            CODE    4E51H     001BH     UNIT         ?CO?STATE_STARTUP
            CODE    4E6CH     001BH     UNIT         ?CO?STATE_STANDBY
            CODE    4E87H     001BH     UNIT         ?CO?STATE_CLOCKSETTING
            CODE    4EA2H     001BH     UNIT         ?CO?STATE_ECHECK
            CODE    4EBDH     001BH     UNIT         ?CO?STATE_TIMERSETTING
            CODE    4ED8H     001BH     UNIT         ?CO?STATE_TIMERFNSETTING
BL51 BANKED LINKER/LOCATER V6.22                                                      10/30/2015  13:58:41  PAGE 5


            CODE    4EF3H     001BH     UNIT         ?PR?_ENTEREVENTDEAL?STATE_TIMERLOOKUP
            CODE    4F0EH     001BH     UNIT         ?CO?STATE_TIMERLOOKUP
            CODE    4F29H     001BH     UNIT         ?CO?STATE_WORK
            CODE    4F44H     001AH     UNIT         ?PR?_AIP1944_WRITEBYTE?AIP1944
            CODE    4F5EH     001AH     UNIT         ?PR?_QUEUELEN?FIFO
            CODE    4F78H     0019H     UNIT         ?PR?CMD_WIFI_STA_CHANGE_DEAL?PROTOCOL
            CODE    4F91H     0018H     UNIT         ?PR?_TIMETICK?STATE_STARTUP
            CODE    4FA9H     0018H     UNIT         ?PR?_TIMETICK?STATE_CLOCKSETTING
            CODE    4FC1H     0018H     UNIT         ?PR?_TIMETICK?STATE_ECHECK
            CODE    4FD9H     0018H     UNIT         ?PR?_TIMETICK?STATE_TIMERSETTING
            CODE    4FF1H     0018H     UNIT         ?PR?_TIMETICK?STATE_TIMERFNSETTING
            CODE    5009H     0018H     UNIT         ?PR?_TIMETICK?STATE_TIMERLOOKUP
            CODE    5021H     0016H     UNIT         ?PR?UART_INIT?BSP_INIT
            CODE    5037H     0016H     UNIT         ?PR?_UTILS_GETADVALUE?HUMIDITY
            CODE    504DH     0016H     UNIT         ?PR?CMD_FIX_CTR_DEAL?PROTOCOL
            CODE    5063H     0016H     UNIT         ?PR?CMD_CLEAN_CTR_DEAL?PROTOCOL
            CODE    5079H     0015H     UNIT         ?PR?_QUEUEISEMPTY?FIFO
            CODE    508EH     0014H     UNIT         ?PR?_DISPLAY_SETALL?DISPLAY
            CODE    50A2H     0014H     UNIT         ?PR?DUST_DEVICEINIT?DUST
            CODE    50B6H     0013H     UNIT         ?PR?INT_TIMER0?IT
            CODE    50C9H     0012H     UNIT         ?PR?_BUZ_ONOFF?BSP_INIT
            CODE    50DBH     0012H     UNIT         ?PR?BUZZ_DEVICEINIT?BUZZER
            CODE    50EDH     0010H     UNIT         ?PR?HUMIDITY_DEVICEINIT?HUMIDITY
            CODE    50FDH     0010H     UNIT         ?PR?HOURDEC?STATE_CLOCKSETTING
            CODE    510DH     0010H     UNIT         ?PR?MINDEC?STATE_CLOCKSETTING
            CODE    511DH     000FH     UNIT         ?PR?_ADC_START?BSP_INIT
            CODE    512CH     000FH     UNIT         ?PR?HOURINC?STATE_CLOCKSETTING
            CODE    513BH     000FH     UNIT         ?PR?MININC?STATE_CLOCKSETTING
            CODE    514AH     000EH     UNIT         ?PR?_INITQUEUE?FIFO
            CODE    5158H     000EH     UNIT         ?PR?_ENTEREVENTDEAL?STATE_STARTUP
            CODE    5166H     000DH     UNIT         ?PR?TIMER0_INIT?BSP_INIT
            CODE    5173H     000DH     UNIT         ?PR?WT_INIT?BSP_INIT
            CODE    5180H     000AH     UNIT         ?PR?MOTOR_STOP?MOTOR
            CODE    518AH     000AH     UNIT         ?PR?_DISPLAYCONTROL?STATE_STARTUP
            CODE    5194H     000AH     UNIT         ?PR?_ENTEREVENTDEAL?STATE_CLOCKSETTING
            CODE    519EH     000AH     UNIT         ?PR?_ENTEREVENTDEAL?STATE_TIMERSETTING
            CODE    51A8H     0009H     UNIT         ?PR?WDT_INIT?BSP_INIT
            CODE    51B1H     0009H     UNIT         ?PR?UART_RXDATSDEAL?UART
            CODE    51BAH     0008H     UNIT         ?PR?LCD_INIT?BSP_INIT
            CODE    51C2H     0008H     UNIT         ?PR?PROTOCOL_INIT?PROTOCOL
            CODE    51CAH     0008H     UNIT         ?PR?_ENTEREVENTDEAL?STATE_ECHECK
            CODE    51D2H     0007H     UNIT         ?PR?ADC_INIT?BSP_INIT
            CODE    51D9H     0007H     UNIT         ?PR?BUZ_INIT?BSP_INIT
            CODE    51E0H     0007H     UNIT         ?PR?CLOCK_INIT?BSP_INIT
            CODE    51E7H     0006H     UNIT         ?PR?_ENTEREVENTDEAL?STATE_TIMERFNSETTING
            CODE    51EDH     0004H     UNIT         ?PR?WDT_CLEAR?BSP_INIT
            CODE    51F1H     0003H     UNIT         ?PR?_MOTORCTR?STATE_STARTUP
            CODE    51F4H     0003H     UNIT         ?PR?_MOTORCTR?STATE_STANDBY
            CODE    51F7H     0003H     UNIT         ?PR?_MOTORCTR?STATE_CLOCKSETTING
            CODE    51FAH     0003H     UNIT         ?PR?_MOTORCTR?STATE_ECHECK
            CODE    51FDH     0003H     UNIT         ?PR?_MOTORCTR?STATE_TIMERSETTING
            CODE    5200H     0003H     UNIT         ?PR?_MOTORCTR?STATE_TIMERFNSETTING
            CODE    5203H     0003H     UNIT         ?PR?_MOTORCTR?STATE_TIMERLOOKUP
            CODE    5206H     0001H     UNIT         ?PR?_KEYACTIONDEAL?STATE_TEST
            CODE    5207H     0001H     UNIT         ?PR?_TASKEXE?STATE_TEST
            CODE    5208H     0001H     UNIT         ?PR?_TIMETICK?STATE_TEST
            CODE    5209H     0001H     UNIT         ?PR?_MOTORCTR?STATE_TEST
BL51 BANKED LINKER/LOCATER V6.22                                                      10/30/2015  13:58:41  PAGE 6


            CODE    520AH     0001H     UNIT         ?PR?_IRDATADEAL?STATE_TEST
            CODE    520BH     0001H     UNIT         ?PR?_RXDATADEAL?STATE_TEST
            CODE    520CH     0001H     UNIT         ?PR?_ENTEREVENTDEAL?STATE_TEST
            CODE    520DH     0001H     UNIT         ?PR?_EXITEVENTDEAL?STATE_TEST
            CODE    520EH     0001H     UNIT         ?PR?_KEYACTIONDEAL?STATE_STARTUP
            CODE    520FH     0001H     UNIT         ?PR?_TASKEXE?STATE_STARTUP
            CODE    5210H     0001H     UNIT         ?PR?_IRDATADEAL?STATE_STARTUP
            CODE    5211H     0001H     UNIT         ?PR?_RXDATADEAL?STATE_STARTUP
            CODE    5212H     0001H     UNIT         ?PR?_EXITEVENTDEAL?STATE_STARTUP
            CODE    5213H     0001H     UNIT         ?PR?_TASKEXE?STATE_STANDBY
            CODE    5214H     0001H     UNIT         ?PR?_RXDATADEAL?STATE_STANDBY
            CODE    5215H     0001H     UNIT         ?PR?_EXITEVENTDEAL?STATE_STANDBY
            CODE    5216H     0001H     UNIT         ?PR?_TASKEXE?STATE_CLOCKSETTING
            CODE    5217H     0001H     UNIT         ?PR?_IRDATADEAL?STATE_CLOCKSETTING
            CODE    5218H     0001H     UNIT         ?PR?_RXDATADEAL?STATE_CLOCKSETTING
            CODE    5219H     0001H     UNIT         ?PR?_EXITEVENTDEAL?STATE_CLOCKSETTING
            CODE    521AH     0001H     UNIT         ?PR?_TASKEXE?STATE_ECHECK
            CODE    521BH     0001H     UNIT         ?PR?_IRDATADEAL?STATE_ECHECK
            CODE    521CH     0001H     UNIT         ?PR?_RXDATADEAL?STATE_ECHECK
            CODE    521DH     0001H     UNIT         ?PR?_EXITEVENTDEAL?STATE_ECHECK
            CODE    521EH     0001H     UNIT         ?PR?_TASKEXE?STATE_TIMERSETTING
            CODE    521FH     0001H     UNIT         ?PR?_IRDATADEAL?STATE_TIMERSETTING
            CODE    5220H     0001H     UNIT         ?PR?_RXDATADEAL?STATE_TIMERSETTING
            CODE    5221H     0001H     UNIT         ?PR?_EXITEVENTDEAL?STATE_TIMERSETTING
            CODE    5222H     0001H     UNIT         ?PR?_TASKEXE?STATE_TIMERFNSETTING
            CODE    5223H     0001H     UNIT         ?PR?_IRDATADEAL?STATE_TIMERFNSETTING
            CODE    5224H     0001H     UNIT         ?PR?_RXDATADEAL?STATE_TIMERFNSETTING
            CODE    5225H     0001H     UNIT         ?PR?_EXITEVENTDEAL?STATE_TIMERFNSETTING
            CODE    5226H     0001H     UNIT         ?PR?_TASKEXE?STATE_TIMERLOOKUP
            CODE    5227H     0001H     UNIT         ?PR?_IRDATADEAL?STATE_TIMERLOOKUP
            CODE    5228H     0001H     UNIT         ?PR?_RXDATADEAL?STATE_TIMERLOOKUP
            CODE    5229H     0001H     UNIT         ?PR?_EXITEVENTDEAL?STATE_TIMERLOOKUP
            CODE    522AH     0001H     UNIT         ?PR?_RXDATADEAL?STATE_WORK
            CODE    522BH     0001H     UNIT         ?PR?_EXITEVENTDEAL?STATE_WORK



OVERLAY MAP OF MODULE:   YTN-E608-WIFI-6432 (IT)


SEGMENT                                             BIT_GROUP          XDATA_GROUP
  +--> CALLED SEGMENT                            START    LENGTH     START    LENGTH
------------------------------------------------------------------------------------
?PR?INT_WT?IT                                    -----    -----      -----    -----
  +--> ?PR?INITALL?MAIN

?PR?INITALL?MAIN                                 -----    -----      -----    -----
  +--> ?PR?BSP_INIT?BSP_INIT
  +--> ?PR?BUZZ_DEVICEINIT?BUZZER
  +--> ?PR?UART_MEMORYINIT?UART
  +--> ?PR?PROTOCOL_INIT?PROTOCOL
  +--> ?PR?HUMIDITY_DEVICEINIT?HUMIDITY
  +--> ?PR?DUST_DEVICEINIT?DUST
  +--> ?CO?STATE_STANDBY
  +--> ?PR?_STATE_TRANSITIONTO?FSM
  +--> ?PR?_BUZZ_SET?BUZZER

BL51 BANKED LINKER/LOCATER V6.22                                                      10/30/2015  13:58:41  PAGE 7


?PR?BSP_INIT?BSP_INIT                            -----    -----      -----    -----
  +--> ?PR?PORT_INIT?BSP_INIT
  +--> ?PR?CLOCK_INIT?BSP_INIT
  +--> ?PR?WT_INIT?BSP_INIT
  +--> ?PR?ADC_INIT?BSP_INIT
  +--> ?PR?BIT_INIT?BSP_INIT
  +--> ?PR?BUZ_INIT?BSP_INIT
  +--> ?PR?LCD_INIT?BSP_INIT
  +--> ?PR?TIMER0_INIT?BSP_INIT
  +--> ?PR?TIMER1_INIT?BSP_INIT
  +--> ?PR?UART_INIT?BSP_INIT

?PR?UART_MEMORYINIT?UART                         -----    -----      -----    -----
  +--> ?PR?_INITQUEUE?FIFO

?PR?HUMIDITY_DEVICEINIT?HUMIDITY                 -----    -----      -----    -----
  +--> ?PR?_UTILS_GETADVALUE?HUMIDITY
  +--> ?PR?_HUMIDITY_AD2T?HUMIDITY
  +--> ?PR?_HUMIDITY_AD2H?HUMIDITY

?PR?_HUMIDITY_AD2T?HUMIDITY                      -----    -----      -----    -----
  +--> ?CO?HUMIDITY

?PR?_HUMIDITY_AD2H?HUMIDITY                      -----    -----      01B7H    0003H
  +--> ?PR?_HUMIDITY_GETH?HUMIDITY

?PR?_HUMIDITY_GETH?HUMIDITY                      -----    -----      01BAH    0003H
  +--> ?CO?HUMIDITY

?CO?STATE_STANDBY                                -----    -----      -----    -----
  +--> ?PR?_KEYACTIONDEAL?STATE_STANDBY
  +--> ?PR?_DISPLAYCONTROL?STATE_STANDBY
  +--> ?PR?_TASKEXE?STATE_STANDBY
  +--> ?PR?_TIMETICK?STATE_STANDBY
  +--> ?PR?_MOTORCTR?STATE_STANDBY
  +--> ?PR?_IRDATADEAL?STATE_STANDBY
  +--> ?PR?_RXDATADEAL?STATE_STANDBY
  +--> ?PR?_ENTEREVENTDEAL?STATE_STANDBY
  +--> ?PR?_EXITEVENTDEAL?STATE_STANDBY

?PR?_KEYACTIONDEAL?STATE_STANDBY                 -----    -----      -----    -----
  +--> ?PR?_BUZZ_SET?BUZZER
  +--> ?CO?STATE_WORK
  +--> ?CO?STATE_ECHECK
  +--> ?CO?STATE_TIMERLOOKUP
  +--> ?CO?STATE_CLOCKSETTING
  +--> ?CO?STATE_TIMERSETTING
  +--> ?CO?STATE_TIMERFNSETTING
  +--> ?PR?_STATE_TRANSITIONTO?FSM
  +--> ?PR?PROTOCOL_ENTERATMODE?PROTOCOL
  +--> ?PR?SYS_RESET?SYSTEM

?CO?STATE_WORK                                   -----    -----      -----    -----
  +--> ?PR?_KEYACTIONDEAL?STATE_WORK
  +--> ?PR?_DISPLAYCONTROL?STATE_WORK
  +--> ?PR?_TASKEXE?STATE_WORK
  +--> ?PR?_TIMETICK?STATE_WORK
BL51 BANKED LINKER/LOCATER V6.22                                                      10/30/2015  13:58:41  PAGE 8


  +--> ?PR?_MOTORCTR?STATE_WORK
  +--> ?PR?_IRDATADEAL?STATE_WORK
  +--> ?PR?_RXDATADEAL?STATE_WORK
  +--> ?PR?_ENTEREVENTDEAL?STATE_WORK
  +--> ?PR?_EXITEVENTDEAL?STATE_WORK

?PR?_KEYACTIONDEAL?STATE_WORK                    -----    -----      -----    -----
  +--> ?PR?_STATE_TRANSITIONTO?FSM
  +--> ?PR?_BUZZ_SET?BUZZER

?PR?_STATE_TRANSITIONTO?FSM                      0021H.4  0000H.2    01BBH    0002H

?PR?_DISPLAYCONTROL?STATE_WORK                   -----    -----      -----    -----
  +--> ?PR?_DISPLAY_SPLEVEL?DISPLAY
  +--> ?PR?DISPLAY_SETLINE?DISPLAY
  +--> ?PR?_DISPLAY_DUSTDATA?DISPLAY
  +--> ?PR?_DISPLAY_DUSTLEVEL?DISPLAY
  +--> ?PR?_DISPLAY_SHOWTEMPERATURE?DISPLAY
  +--> ?PR?_DISPLAY_SHOWHUMIDITY?DISPLAY
  +--> ?PR?_DISPLAY_SHOWRT?DISPLAY
  +--> ?PR?_DISPLAY_CIRCLERUN?DISPLAY
  +--> ?CO?SYSTEM

?PR?_DISPLAY_DUSTDATA?DISPLAY                    -----    -----      01BAH    0003H
  +--> ?CO?DISPLAY

?PR?_DISPLAY_SHOWTEMPERATURE?DISPLAY             -----    -----      -----    -----
  +--> ?CO?DISPLAY

?PR?_DISPLAY_SHOWHUMIDITY?DISPLAY                -----    -----      -----    -----
  +--> ?CO?DISPLAY

?PR?_DISPLAY_SHOWRT?DISPLAY                      0021H.5  0000H.2    -----    -----
  +--> ?CO?DISPLAY

?PR?_TIMETICK?STATE_WORK                         -----    -----      01BAH    0001H
  +--> ?PR?_STATE_TRANSITIONTO?FSM
  +--> ?PR?_BUZZ_SET?BUZZER
  +--> ?CO?SYSTEM

?PR?_MOTORCTR?STATE_WORK                         -----    -----      -----    -----
  +--> ?PR?MOTOR_STOP?MOTOR
  +--> ?PR?_MOTOR_RUN?MOTOR

?PR?_IRDATADEAL?STATE_WORK                       -----    -----      -----    -----
  +--> ?PR?_BUZZ_SET?BUZZER
  +--> ?PR?_STATE_TRANSITIONTO?FSM

?PR?_ENTEREVENTDEAL?STATE_WORK                   -----    -----      -----    -----
  +--> ?PR?DUST_DEVICEINIT?DUST

?CO?STATE_ECHECK                                 -----    -----      -----    -----
  +--> ?PR?_KEYACTIONDEAL?STATE_ECHECK
  +--> ?PR?_DISPLAYCONTROL?STATE_ECHECK
  +--> ?PR?_TASKEXE?STATE_ECHECK
  +--> ?PR?_TIMETICK?STATE_ECHECK
  +--> ?PR?_MOTORCTR?STATE_ECHECK
BL51 BANKED LINKER/LOCATER V6.22                                                      10/30/2015  13:58:41  PAGE 9


  +--> ?PR?_IRDATADEAL?STATE_ECHECK
  +--> ?PR?_RXDATADEAL?STATE_ECHECK
  +--> ?PR?_ENTEREVENTDEAL?STATE_ECHECK
  +--> ?PR?_EXITEVENTDEAL?STATE_ECHECK

?PR?_KEYACTIONDEAL?STATE_ECHECK                  -----    -----      -----    -----
  +--> ?PR?_BUZZ_SET?BUZZER

?PR?_DISPLAYCONTROL?STATE_ECHECK                 -----    -----      -----    -----
  +--> ?PR?_DISPLAY_SHOWNUMINRTCAREA?DISPLAY

?PR?_DISPLAY_SHOWNUMINRTCAREA?DISPLAY            -----    -----      01BAH    0003H
  +--> ?CO?DISPLAY

?PR?_TIMETICK?STATE_ECHECK                       -----    -----      -----    -----
  +--> ?PR?_STATE_TRANSITIONTO?FSM

?PR?_MOTORCTR?STATE_ECHECK                       -----    -----      -----    -----
  +--> ?PR?MOTOR_STOP?MOTOR

?CO?STATE_TIMERLOOKUP                            -----    -----      -----    -----
  +--> ?PR?_KEYACTIONDEAL?STATE_TIMERLOOKUP
  +--> ?PR?_DISPLAYCONTROL?STATE_TIMERLOOKUP
  +--> ?PR?_TASKEXE?STATE_TIMERLOOKUP
  +--> ?PR?_TIMETICK?STATE_TIMERLOOKUP
  +--> ?PR?_MOTORCTR?STATE_TIMERLOOKUP
  +--> ?PR?_IRDATADEAL?STATE_TIMERLOOKUP
  +--> ?PR?_RXDATADEAL?STATE_TIMERLOOKUP
  +--> ?PR?_ENTEREVENTDEAL?STATE_TIMERLOOKUP
  +--> ?PR?_EXITEVENTDEAL?STATE_TIMERLOOKUP

?PR?_KEYACTIONDEAL?STATE_TIMERLOOKUP             -----    -----      -----    -----
  +--> ?PR?GETNEXTACTIVETIMERINDEX?STATE_TIM...
  +--> ?PR?_BUZZ_SET?BUZZER

?PR?GETNEXTACTIVETIMERINDEX?STATE_TIM...         -----    -----      -----    -----
  +--> ?CO?SYSTEM

?PR?_DISPLAYCONTROL?STATE_TIMERLOOKUP            -----    -----      -----    -----
  +--> ?PR?_DISPLAY_SHOWNUMINRTCAREA?DISPLAY
  +--> ?CO?SYSTEM
  +--> ?PR?_DISPLAY_SHOWRT?DISPLAY

?PR?_TIMETICK?STATE_TIMERLOOKUP                  -----    -----      -----    -----
  +--> ?PR?_STATE_TRANSITIONTO?FSM

?PR?_MOTORCTR?STATE_TIMERLOOKUP                  -----    -----      -----    -----
  +--> ?PR?MOTOR_STOP?MOTOR

?PR?_ENTEREVENTDEAL?STATE_TIMERLOOKUP            -----    -----      -----    -----
  +--> ?PR?GETNEXTACTIVETIMERINDEX?STATE_TIM...

?CO?STATE_CLOCKSETTING                           -----    -----      -----    -----
  +--> ?PR?_KEYACTIONDEAL?STATE_CLOCKSETTING
  +--> ?PR?_DISPLAYCONTROL?STATE_CLOCKSETTING
  +--> ?PR?_TASKEXE?STATE_CLOCKSETTING
  +--> ?PR?_TIMETICK?STATE_CLOCKSETTING
BL51 BANKED LINKER/LOCATER V6.22                                                      10/30/2015  13:58:41  PAGE 10


  +--> ?PR?_MOTORCTR?STATE_CLOCKSETTING
  +--> ?PR?_IRDATADEAL?STATE_CLOCKSETTING
  +--> ?PR?_RXDATADEAL?STATE_CLOCKSETTING
  +--> ?PR?_ENTEREVENTDEAL?STATE_CLOCKSETTING
  +--> ?PR?_EXITEVENTDEAL?STATE_CLOCKSETTING

?PR?_KEYACTIONDEAL?STATE_CLOCKSETTING            -----    -----      -----    -----
  +--> ?PR?HOURINC?STATE_CLOCKSETTING
  +--> ?PR?MININC?STATE_CLOCKSETTING
  +--> ?PR?HOURDEC?STATE_CLOCKSETTING
  +--> ?PR?MINDEC?STATE_CLOCKSETTING
  +--> ?PR?_BUZZ_SET?BUZZER

?PR?_DISPLAYCONTROL?STATE_CLOCKSETTING           -----    -----      -----    -----
  +--> ?PR?_DISPLAY_SHOWRT?DISPLAY

?PR?_TIMETICK?STATE_CLOCKSETTING                 -----    -----      -----    -----
  +--> ?PR?_STATE_TRANSITIONTO?FSM

?PR?_MOTORCTR?STATE_CLOCKSETTING                 -----    -----      -----    -----
  +--> ?PR?MOTOR_STOP?MOTOR

?CO?STATE_TIMERSETTING                           -----    -----      -----    -----
  +--> ?PR?_KEYACTIONDEAL?STATE_TIMERSETTING
  +--> ?PR?_DISPLAYCONTROL?STATE_TIMERSETTING
  +--> ?PR?_TASKEXE?STATE_TIMERSETTING
  +--> ?PR?_TIMETICK?STATE_TIMERSETTING
  +--> ?PR?_MOTORCTR?STATE_TIMERSETTING
  +--> ?PR?_IRDATADEAL?STATE_TIMERSETTING
  +--> ?PR?_RXDATADEAL?STATE_TIMERSETTING
  +--> ?PR?_ENTEREVENTDEAL?STATE_TIMERSETTING
  +--> ?PR?_EXITEVENTDEAL?STATE_TIMERSETTING

?PR?_KEYACTIONDEAL?STATE_TIMERSETTING            0021H.4  0000H.1    01BAH    0003H
  +--> ?CO?SYSTEM
  +--> ?PR?_BUZZ_SET?BUZZER

?PR?_DISPLAYCONTROL?STATE_TIMERSETTING           0021H.4  0000H.1    -----    -----
  +--> ?PR?_DISPLAY_SHOWNUMINRTCAREA?DISPLAY
  +--> ?CO?SYSTEM
  +--> ?PR?_DISPLAY_SHOWRT?DISPLAY

?PR?_TIMETICK?STATE_TIMERSETTING                 -----    -----      -----    -----
  +--> ?PR?_STATE_TRANSITIONTO?FSM

?PR?_MOTORCTR?STATE_TIMERSETTING                 -----    -----      -----    -----
  +--> ?PR?MOTOR_STOP?MOTOR

?CO?STATE_TIMERFNSETTING                         -----    -----      -----    -----
  +--> ?PR?_KEYACTIONDEAL?STATE_TIMERFNSETTING
  +--> ?PR?_DISPLAYCONTROL?STATE_TIMERFNSETTING
  +--> ?PR?_TASKEXE?STATE_TIMERFNSETTING
  +--> ?PR?_TIMETICK?STATE_TIMERFNSETTING
  +--> ?PR?_MOTORCTR?STATE_TIMERFNSETTING
  +--> ?PR?_IRDATADEAL?STATE_TIMERFNSETTING
  +--> ?PR?_RXDATADEAL?STATE_TIMERFNSETTING
  +--> ?PR?_ENTEREVENTDEAL?STATE_TIMERFNSETTING
BL51 BANKED LINKER/LOCATER V6.22                                                      10/30/2015  13:58:41  PAGE 11


  +--> ?PR?_EXITEVENTDEAL?STATE_TIMERFNSETTING

?PR?_KEYACTIONDEAL?STATE_TIMERFNSETTING          -----    -----      -----    -----
  +--> ?PR?_BUZZ_SET?BUZZER

?PR?_TIMETICK?STATE_TIMERFNSETTING               -----    -----      -----    -----
  +--> ?PR?_STATE_TRANSITIONTO?FSM

?PR?_MOTORCTR?STATE_TIMERFNSETTING               -----    -----      -----    -----
  +--> ?PR?MOTOR_STOP?MOTOR

?PR?PROTOCOL_ENTERATMODE?PROTOCOL                -----    -----      -----    -----
  +--> ?PR?_ENQUEUE?FIFO
  +--> ?PR?UART_SENDSTARTUP?UART

?PR?_ENQUEUE?FIFO                                -----    -----      01BFH    0004H
  +--> ?PR?_QUEUEISFULL?FIFO

?PR?_QUEUEISFULL?FIFO                            -----    -----      01C3H    0003H

?PR?UART_SENDSTARTUP?UART                        -----    -----      -----    -----
  +--> ?PR?_QUEUELEN?FIFO
  +--> ?PR?_DEQUEUE?FIFO

?PR?_DEQUEUE?FIFO                                -----    -----      01BFH    0004H
  +--> ?PR?_QUEUEISEMPTY?FIFO

?PR?_DISPLAYCONTROL?STATE_STANDBY                -----    -----      -----    -----
  +--> ?PR?_DISPLAY_DUSTDATA?DISPLAY
  +--> ?PR?_DISPLAY_SHOWRT?DISPLAY

?PR?_TIMETICK?STATE_STANDBY                      -----    -----      -----    -----
  +--> ?PR?PROTOCOL_RESETWIFIMODE?PROTOCOL
  +--> ?CO?SYSTEM
  +--> ?PR?_BUZZ_SET?BUZZER
  +--> ?CO?STATE_WORK
  +--> ?PR?_STATE_TRANSITIONTO?FSM

?PR?PROTOCOL_RESETWIFIMODE?PROTOCOL              -----    -----      -----    -----
  +--> ?PR?_ENQUEUE?FIFO
  +--> ?PR?UART_SENDSTARTUP?UART

?PR?_MOTORCTR?STATE_STANDBY                      -----    -----      -----    -----
  +--> ?PR?MOTOR_STOP?MOTOR

?PR?_IRDATADEAL?STATE_STANDBY                    -----    -----      -----    -----
  +--> ?PR?_BUZZ_SET?BUZZER
  +--> ?CO?STATE_WORK
  +--> ?PR?_STATE_TRANSITIONTO?FSM

?PR?_ENTEREVENTDEAL?STATE_STANDBY                -----    -----      -----    -----
  +--> ?PR?SYS_UPDATETIMERONINDEX?SYSTEM

?PR?SYS_UPDATETIMERONINDEX?SYSTEM                -----    -----      01BAH    0005H
  +--> ?CO?SYSTEM

*** NEW ROOT ***************************************************
BL51 BANKED LINKER/LOCATER V6.22                                                      10/30/2015  13:58:41  PAGE 12



?PR?INT_BIT?IT                                   -----    -----      -----    -----
  +--> ?PR?DISPLAY_LEDDRIVE?DISPLAY

?PR?DISPLAY_LEDDRIVE?DISPLAY                     0021H.4  0000H.1    -----    -----

*** NEW ROOT ***************************************************

?C_C51STARTUP                                    -----    -----      -----    -----
  +--> ?PR?MAIN?MAIN
  +--> ?C_INITSEG

?PR?MAIN?MAIN                                    -----    -----      -----    -----
  +--> ?PR?INITALL?MAIN
  +--> ?PR?UART_RXDATSDEAL?UART
  +--> ?PR?_UTILS_GETADVALUE?HUMIDITY
  +--> ?PR?KEY_ACTIONDETECT?KEY
  +--> ?PR?DISPLAY_LEDDRIVE?DISPLAY
  +--> ?PR?BUZZ_CTR?BUZZER
  +--> ?PR?DUST_DATAUPDATE?DUST
  +--> ?PR?MOTOR_CTR?MOTOR
  +--> ?PR?SYS_LOADCTR?SYSTEM
  +--> ?PR?SYS_ENTERSTOPMODE?SYSTEM
  +--> ?PR?DISPLAY_CTR?DISPLAY
  +--> ?PR?HUMIDITY_GETCURRENTT?HUMIDITY
  +--> ?PR?HUMIDITY_GETCURRENTH?HUMIDITY
  +--> ?PR?DUST_LEVELUPDATE?DUST

?PR?UART_RXDATSDEAL?UART                         -----    -----      -----    -----
  +--> ?PR?PROTOCOL_TASK?PROTOCOL

?PR?PROTOCOL_TASK?PROTOCOL                       -----    -----      01B6H    0004H
  +--> ?PR?CMD_DUMMY_DEAL?PROTOCOL
  +--> ?CO?PROTOCOL

?CO?PROTOCOL                                     -----    -----      -----    -----
  +--> ?PR?CMD_GET_SYS_STA_DEAL?PROTOCOL
  +--> ?PR?CMD_POWER_CTR_DEAL?PROTOCOL
  +--> ?PR?CMD_FAN_CTR_DEAL?PROTOCOL
  +--> ?PR?CMD_FIX_CTR_DEAL?PROTOCOL
  +--> ?PR?CMD_CLEAN_CTR_DEAL?PROTOCOL
  +--> ?PR?CMD_AION_CTR_DEAL?PROTOCOL
  +--> ?PR?CMD_UV_CTR_DEAL?PROTOCOL
  +--> ?PR?CMD_TIMER_CTR_DEAL?PROTOCOL
  +--> ?PR?CMD_GET_PM_DATAS_DEAL?PROTOCOL
  +--> ?PR?CMD_GET_ENE_DATAS_DEAL?PROTOCOL
  +--> ?PR?CMD_RT_SET_DEAL?PROTOCOL
  +--> ?PR?CMD_MEM_SET_DEAL?PROTOCOL
  +--> ?PR?CMD_REST_DEAL?PROTOCOL
  +--> ?PR?CMD_GET_DEVICE_INFO_DEAL?PROTOCOL
  +--> ?PR?CMD_WIFI_STA_CHANGE_DEAL?PROTOCOL

?PR?CMD_GET_SYS_STA_DEAL?PROTOCOL                -----    -----      -----    -----
  +--> ?PR?_PROTOCOL_STARESP?PROTOCOL

?PR?_PROTOCOL_STARESP?PROTOCOL                   -----    -----      01BAH    0002H
  +--> ?PR?_ENQUEUE?FIFO
BL51 BANKED LINKER/LOCATER V6.22                                                      10/30/2015  13:58:41  PAGE 13


  +--> ?PR?UART_SENDSTARTUP?UART

?PR?CMD_POWER_CTR_DEAL?PROTOCOL                  -----    -----      -----    -----
  +--> ?CO?STATE_WORK
  +--> ?CO?STATE_STANDBY
  +--> ?PR?_STATE_TRANSITIONTO?FSM
  +--> ?PR?_BUZZ_SET?BUZZER
  +--> ?PR?_PROTOCOL_STARESP?PROTOCOL

?PR?CMD_FAN_CTR_DEAL?PROTOCOL                    -----    -----      -----    -----
  +--> ?PR?_BUZZ_SET?BUZZER
  +--> ?PR?_PROTOCOL_STARESP?PROTOCOL

?PR?CMD_FIX_CTR_DEAL?PROTOCOL                    -----    -----      -----    -----
  +--> ?PR?_BUZZ_SET?BUZZER
  +--> ?PR?_PROTOCOL_STARESP?PROTOCOL

?PR?CMD_CLEAN_CTR_DEAL?PROTOCOL                  -----    -----      -----    -----
  +--> ?PR?_BUZZ_SET?BUZZER
  +--> ?PR?_PROTOCOL_STARESP?PROTOCOL

?PR?CMD_AION_CTR_DEAL?PROTOCOL                   -----    -----      -----    -----
  +--> ?PR?_BUZZ_SET?BUZZER
  +--> ?PR?_PROTOCOL_STARESP?PROTOCOL

?PR?CMD_UV_CTR_DEAL?PROTOCOL                     -----    -----      -----    -----
  +--> ?PR?_BUZZ_SET?BUZZER
  +--> ?PR?_PROTOCOL_STARESP?PROTOCOL

?PR?CMD_TIMER_CTR_DEAL?PROTOCOL                  -----    -----      -----    -----
  +--> ?PR?SYS_UPDATETIMERONINDEX?SYSTEM
  +--> ?PR?_BUZZ_SET?BUZZER
  +--> ?PR?_PROTOCOL_STARESP?PROTOCOL

?PR?CMD_GET_PM_DATAS_DEAL?PROTOCOL               -----    -----      01BAH    0005H
  +--> ?PR?_ENQUEUE?FIFO
  +--> ?PR?_BUZZ_SET?BUZZER
  +--> ?PR?UART_SENDSTARTUP?UART

?PR?CMD_GET_ENE_DATAS_DEAL?PROTOCOL              -----    -----      01BAH    0002H
  +--> ?PR?_ENQUEUE?FIFO
  +--> ?PR?_BUZZ_SET?BUZZER
  +--> ?PR?UART_SENDSTARTUP?UART

?PR?CMD_RT_SET_DEAL?PROTOCOL                     -----    -----      -----    -----
  +--> ?PR?_BUZZ_SET?BUZZER
  +--> ?PR?_PROTOCOL_STARESP?PROTOCOL

?PR?CMD_MEM_SET_DEAL?PROTOCOL                    -----    -----      -----    -----
  +--> ?CO?STATE_STANDBY
  +--> ?PR?_STATE_TRANSITIONTO?FSM
  +--> ?PR?_BUZZ_SET?BUZZER
  +--> ?PR?_PROTOCOL_STARESP?PROTOCOL

?PR?CMD_REST_DEAL?PROTOCOL                       -----    -----      -----    -----
  +--> ?PR?SYS_RESET?SYSTEM
  +--> ?CO?STATE_STANDBY
BL51 BANKED LINKER/LOCATER V6.22                                                      10/30/2015  13:58:41  PAGE 14


  +--> ?PR?_STATE_TRANSITIONTO?FSM
  +--> ?PR?_BUZZ_SET?BUZZER
  +--> ?PR?_PROTOCOL_STARESP?PROTOCOL

?PR?CMD_GET_DEVICE_INFO_DEAL?PROTOCOL            -----    -----      01BAH    0001H
  +--> ?PR?_ENQUEUE?FIFO
  +--> ?PR?UART_SENDSTARTUP?UART

?PR?KEY_ACTIONDETECT?KEY                         -----    -----      01B6H    0001H
  +--> ?PR?KEY_READ?KEY

?PR?DUST_DATAUPDATE?DUST                         -----    -----      -----    -----
  +--> ?PR?DUST_GETRTLEVEL?DUST

?PR?MOTOR_CTR?MOTOR                              -----    -----      01B6H    0006H

?PR?DISPLAY_CTR?DISPLAY                          -----    -----      -----    -----
  +--> ?PR?_DISPLAY_SETALL?DISPLAY
  +--> ?PR?_AIP1944_WRITEDISPDATAS?AIP1944

?PR?_AIP1944_WRITEDISPDATAS?AIP1944              -----    -----      01B6H    0005H
  +--> ?PR?_AIP1944_WRITEBYTE?AIP1944

?PR?HUMIDITY_GETCURRENTT?HUMIDITY                -----    -----      -----    -----
  +--> ?PR?_UTILS_GETADVALUE?HUMIDITY
  +--> ?PR?_HUMIDITY_AD2T?HUMIDITY

?PR?HUMIDITY_GETCURRENTH?HUMIDITY                -----    -----      01B6H    0001H
  +--> ?PR?_HUMIDITY_AD2H?HUMIDITY

?PR?DUST_LEVELUPDATE?DUST                        -----    -----      -----    -----
  +--> ?PR?DUST_GETRTLEVEL?DUST

?C_INITSEG                                       -----    -----      -----    -----
  +--> ?CO?FSM

?CO?FSM                                          -----    -----      -----    -----
  +--> ?PR?TASK_DONOTHING?FSM



SYMBOL TABLE OF MODULE:  YTN-E608-WIFI-6432 (IT)

  VALUE           TYPE          NAME
  ----------------------------------

  -------         MODULE        IT
  C:0000H         SYMBOL        _ICE_DUMMY_
  D:0080H         PUBLIC        P0
  C:50B6H         PUBLIC        INT_Timer0
  D:0088H         PUBLIC        P1
  D:0090H         PUBLIC        P2
  D:0098H         PUBLIC        P3
  D:00A0H         PUBLIC        P4
  D:00B0H         PUBLIC        P5
  D:008DH         PUBLIC        WDTCR
  D:00A8H         PUBLIC        IE
BL51 BANKED LINKER/LOCATER V6.22                                                      10/30/2015  13:58:41  PAGE 15


  D:00B2H         PUBLIC        T0CR
  C:3E53H         PUBLIC        INT_USI1_Rx
  C:40DCH         PUBLIC        INT_USI1_Tx
  C:2573H         PUBLIC        INT_BIT
  D:0087H         PUBLIC        PCON
  B:0090H.2       PUBLIC        P22
  B:0090H.3       PUBLIC        P23
  D:00F5H         PUBLIC        USI1DR
  D:00ABH         PUBLIC        IE3
  X:01F6H         PUBLIC        SysTick_4ms
  X:01F7H         SYMBOL        pgCntH
  I:0011H         PUBLIC        SquGen_Cnt
  D:00B3H         PUBLIC        T0CNT
  I:0012H         SYMBOL        IR_Flags
  D:00EAH         PUBLIC        USI1CR2
  C:304EH         PUBLIC        INT_WT
  -------         PROC          INT_USI1_RX
  -------         DO            
  D:0007H         SYMBOL        len
  -------         ENDDO         
  C:3E53H         LINE#         7
  C:3E70H         LINE#         12
  C:3E76H         LINE#         15
  C:3E91H         LINE#         16
  C:3EB8H         LINE#         19
  C:3EDCH         LINE#         20
  C:3EE2H         LINE#         21
  C:3EE2H         LINE#         22
  C:3EE4H         LINE#         23
  C:3EE4H         LINE#         24
  -------         ENDPROC       INT_USI1_RX
  -------         PROC          INT_USI1_TX
  C:40DCH         LINE#         26
  C:40F9H         LINE#         31
  C:4114H         LINE#         32
  C:413BH         LINE#         35
  C:414BH         LINE#         36
  C:414BH         LINE#         37
  C:414DH         LINE#         38
  C:4150H         LINE#         39
  C:4150H         LINE#         40
  -------         ENDPROC       INT_USI1_TX
  -------         PROC          INT_TIMER0
  C:50B6H         LINE#         43
  C:50BCH         LINE#         46
  C:50C2H         LINE#         47
  -------         ENDPROC       INT_TIMER0
  -------         PROC          INT_WT
  -------         DO            
  X:01F4H         SYMBOL        rt_05sCnt
  X:01F5H         SYMBOL        clearMemoryDataCnt
  -------         ENDDO         
  C:304EH         LINE#         51
  C:306BH         LINE#         58
  C:3080H         LINE#         59
  C:3083H         LINE#         60
  C:3088H         LINE#         62
BL51 BANKED LINKER/LOCATER V6.22                                                      10/30/2015  13:58:41  PAGE 16


  C:3092H         LINE#         63
  C:3092H         LINE#         64
  C:3094H         LINE#         65
  C:3096H         LINE#         66
  C:30A5H         LINE#         67
  C:30A5H         LINE#         68
  C:30A7H         LINE#         69
  C:30A7H         LINE#         71
  C:30A9H         LINE#         74
  C:30ABH         LINE#         77
  C:30B1H         LINE#         78
  C:30B7H         LINE#         79
  C:30B7H         LINE#         80
  C:30B9H         LINE#         82
  C:30BFH         LINE#         84
  C:30C5H         LINE#         85
  C:30CDH         LINE#         86
  C:30CDH         LINE#         87
  C:30D2H         LINE#         89
  C:30D4H         LINE#         91
  C:30DAH         LINE#         92
  C:30E0H         LINE#         93
  C:30E0H         LINE#         94
  C:30E2H         LINE#         96
  C:30E8H         LINE#         97
  C:30EDH         LINE#         98
  C:30EDH         LINE#         99
  C:30EFH         LINE#         100
  C:30EFH         LINE#         101
  C:30EFH         LINE#         102
  C:30EFH         LINE#         103
  C:30EFH         LINE#         106
  C:30F2H         LINE#         108
  C:30F7H         LINE#         109
  C:30F7H         LINE#         111
  C:30FAH         LINE#         112
  C:30FEH         LINE#         113
  C:3102H         LINE#         115
  C:3105H         LINE#         116
  C:3108H         LINE#         117
  C:310BH         LINE#         119
  C:310EH         LINE#         120
  C:3111H         LINE#         121
  C:3114H         LINE#         122
  C:3117H         LINE#         123
  C:311AH         LINE#         124
  C:311DH         LINE#         128
  C:3123H         LINE#         129
  C:3129H         LINE#         130
  C:3129H         LINE#         131
  C:312CH         LINE#         132
  C:312EH         LINE#         133
  C:312EH         LINE#         134
  C:3130H         LINE#         136
  C:3130H         LINE#         137
  C:3136H         LINE#         138
  C:3136H         LINE#         139
BL51 BANKED LINKER/LOCATER V6.22                                                      10/30/2015  13:58:41  PAGE 17


  C:3139H         LINE#         140
  C:3139H         LINE#         142
  C:313EH         LINE#         143
  C:313EH         LINE#         144
  -------         ENDPROC       INT_WT
  -------         PROC          INT_BIT
  -------         DO            
  I:0008H         SYMBOL        t_128usCnt
  I:0009H         SYMBOL        rx_mode
  I:000AH         SYMBOL        rxCount
  I:000CH         SYMBOL        dataCount
  I:000DH         SYMBOL        rxData
  I:000FH         SYMBOL        Dust_SignalLowHoldCnt
  -------         ENDDO         
  C:2573H         LINE#         172
  C:2590H         LINE#         185
  C:2595H         LINE#         186
  C:2595H         LINE#         187
  C:259BH         LINE#         188
  C:259EH         LINE#         190
  C:25A7H         LINE#         191
  C:25A7H         LINE#         192
  C:25AAH         LINE#         193
  C:25ADH         LINE#         196
  C:25B3H         LINE#         197
  C:25B3H         LINE#         199
  C:25C2H         LINE#         200
  C:25C2H         LINE#         201
  C:25C5H         LINE#         202
  C:25C9H         LINE#         203
  C:25CFH         LINE#         204
  C:25D6H         LINE#         205
  C:25D6H         LINE#         206
  C:25D8H         LINE#         208
  C:25DDH         LINE#         209
  C:25DDH         LINE#         210
  C:25EAH         LINE#         212
  C:25F6H         LINE#         213
  C:25F6H         LINE#         214
  C:25FCH         LINE#         215
  C:25FCH         LINE#         216
  C:2603H         LINE#         218
  C:2605H         LINE#         220
  C:260BH         LINE#         221
  C:260BH         LINE#         222
  C:2618H         LINE#         224
  C:261CH         LINE#         225
  C:2622H         LINE#         226
  C:2625H         LINE#         228
  C:2627H         LINE#         229
  C:2627H         LINE#         230
  C:2629H         LINE#         232
  C:262FH         LINE#         233
  C:262FH         LINE#         234
  C:263BH         LINE#         235
  C:263BH         LINE#         236
  C:263EH         LINE#         237
BL51 BANKED LINKER/LOCATER V6.22                                                      10/30/2015  13:58:41  PAGE 18


  C:2644H         LINE#         238
  C:2647H         LINE#         239
  C:2647H         LINE#         240
  C:2647H         LINE#         241
  C:2647H         LINE#         243
  C:264EH         LINE#         244
  C:264EH         LINE#         245
  C:2656H         LINE#         247
  C:2662H         LINE#         248
  C:2662H         LINE#         249
  C:2667H         LINE#         250
  C:266DH         LINE#         251
  C:2671H         LINE#         252
  C:2676H         LINE#         253
  C:2676H         LINE#         254
  C:2676H         LINE#         257
  C:2679H         LINE#         258
  C:267FH         LINE#         259
  C:267FH         LINE#         260
  C:2681H         LINE#         261
  C:2683H         LINE#         262
  C:2685H         LINE#         263
  C:268DH         LINE#         264
  C:268DH         LINE#         265
  C:268FH         LINE#         266
  C:2691H         LINE#         267
  C:2695H         LINE#         268
  C:2695H         LINE#         269
  C:2697H         LINE#         270
  C:2697H         LINE#         271
  C:2697H         LINE#         274
  C:269CH         LINE#         275
  C:269CH         LINE#         276
  C:26A6H         LINE#         277
  C:26A6H         LINE#         278
  C:26AEH         LINE#         279
  C:26B0H         LINE#         280
  C:26B0H         LINE#         281
  C:26B7H         LINE#         282
  C:26B9H         LINE#         284
  C:26B9H         LINE#         285
  C:26C1H         LINE#         286
  C:26C1H         LINE#         291
  C:26C4H         LINE#         292
  C:26CAH         LINE#         293
  C:26CAH         LINE#         294
  C:26CCH         LINE#         296
  C:26D2H         LINE#         298
  C:26D7H         LINE#         300
  C:26DDH         LINE#         301
  C:26DDH         LINE#         302
  C:26E0H         LINE#         303
  C:26E3H         LINE#         304
  C:26E3H         LINE#         305
  C:26E5H         LINE#         306
  C:26E5H         LINE#         307
  C:26E5H         LINE#         308
BL51 BANKED LINKER/LOCATER V6.22                                                      10/30/2015  13:58:41  PAGE 19


  C:26E5H         LINE#         310
  C:26E8H         LINE#         311
  C:26E8H         LINE#         312
  C:26F0H         LINE#         313
  C:26F0H         LINE#         314
  C:26F3H         LINE#         315
  C:26F3H         LINE#         316
  C:26F3H         LINE#         317
  -------         ENDPROC       INT_BIT
  -------         ENDMOD        IT

  -------         MODULE        ?C_STARTUP
  C:4042H         SEGMENT       ?C_C51STARTUP
  I:0025H         SEGMENT       ?STACK
  C:0000H         PUBLIC        ?C_STARTUP
  D:00E0H         SYMBOL        ACC
  D:00F0H         SYMBOL        B
  D:0083H         SYMBOL        DPH
  D:0082H         SYMBOL        DPL
  N:0000H         SYMBOL        IBPSTACK
  N:0100H         SYMBOL        IBPSTACKTOP
  N:0100H         SYMBOL        IDATALEN
  C:4045H         SYMBOL        IDATALOOP
  N:0000H         SYMBOL        PBPSTACK
  N:0000H         SYMBOL        PBPSTACKTOP
  N:0000H         SYMBOL        PDATALEN
  N:0000H         SYMBOL        PDATASTART
  N:0000H         SYMBOL        PPAGE
  N:0000H         SYMBOL        PPAGEENABLE
  D:00A0H         SYMBOL        PPAGE_SFR
  D:0081H         SYMBOL        SP
  C:4042H         SYMBOL        STARTUP1
  N:0000H         SYMBOL        XBPSTACK
  N:0000H         SYMBOL        XBPSTACKTOP
  N:02E5H         SYMBOL        XDATALEN
  C:4050H         SYMBOL        XDATALOOP
  N:001BH         SYMBOL        XDATASTART
  C:0000H         LINE#         94
  C:4042H         LINE#         101
  C:4044H         LINE#         102
  C:4045H         LINE#         103
  C:4046H         LINE#         104
  C:4048H         LINE#         108
  C:404BH         LINE#         109
  C:404DH         LINE#         111
  C:404FH         LINE#         115
  C:4050H         LINE#         116
  C:4051H         LINE#         117
  C:4052H         LINE#         118
  C:4054H         LINE#         119
  C:4056H         LINE#         153
  C:4059H         LINE#         157
  -------         ENDMOD        ?C_STARTUP

  -------         MODULE        MAIN
  C:0000H         SYMBOL        _ICE_DUMMY_
  D:008DH         PUBLIC        WDTCR
BL51 BANKED LINKER/LOCATER V6.22                                                      10/30/2015  13:58:41  PAGE 20


  D:00A8H         PUBLIC        IE
  C:392BH         PUBLIC        main
  C:4BCDH         PUBLIC        initAll
  -------         PROC          INITALL
  C:4BCDH         LINE#         3
  C:4BCDH         LINE#         4
  C:4BCDH         LINE#         5
  C:4BD0H         LINE#         6
  C:4BD3H         LINE#         7
  C:4BD6H         LINE#         8
  C:4BD9H         LINE#         9
  C:4BDCH         LINE#         10
  C:4BDFH         LINE#         12
  C:4BE5H         LINE#         13
  C:4BE7H         LINE#         17
  C:4BF2H         LINE#         21
  C:4BFBH         LINE#         23
  C:4BFEH         LINE#         24
  -------         ENDPROC       INITALL
  -------         PROC          MAIN
  -------         DO            
  I:0013H         SYMBOL        taskIndex
  I:0014H         SYMBOL        taskIndexExt
  I:0015H         SYMBOL        HSampleT_Cnt
  -------         ENDDO         
  C:392BH         LINE#         26
  C:392BH         LINE#         27
  C:392BH         LINE#         33
  C:392EH         LINE#         35
  C:392EH         LINE#         36
  C:392EH         LINE#         37
  C:3931H         LINE#         39
  C:3934H         LINE#         41
  C:393CH         LINE#         42
  C:393CH         LINE#         43
  C:3943H         LINE#         44
  C:3943H         LINE#         45
  C:394CH         LINE#         46
  C:3950H         LINE#         47
  C:3950H         LINE#         48
  C:3950H         LINE#         50
  C:3956H         LINE#         51
  C:3956H         LINE#         52
  C:3958H         LINE#         54
  C:395BH         LINE#         55
  C:395BH         LINE#         56
  C:395DH         LINE#         58
  C:3977H         LINE#         59
  C:3977H         LINE#         61
  C:397AH         LINE#         62
  C:397CH         LINE#         64
  C:397EH         LINE#         66
  C:3992H         LINE#         67
  C:3992H         LINE#         68
  C:3992H         LINE#         69
  C:3995H         LINE#         70
  C:399AH         LINE#         71
BL51 BANKED LINKER/LOCATER V6.22                                                      10/30/2015  13:58:41  PAGE 21


  C:399CH         LINE#         72
  C:399CH         LINE#         73
  C:399FH         LINE#         74
  C:39A1H         LINE#         75
  C:39A1H         LINE#         76
  C:39A4H         LINE#         77
  C:39A6H         LINE#         78
  C:39A6H         LINE#         79
  C:39A9H         LINE#         80
  C:39ABH         LINE#         81
  C:39ABH         LINE#         82
  C:39AEH         LINE#         83
  C:39B1H         LINE#         84
  C:39B1H         LINE#         85
  C:39B5H         LINE#         87
  C:39B5H         LINE#         88
  C:39B5H         LINE#         90
  C:39C0H         LINE#         91
  C:39C0H         LINE#         92
  C:39C2H         LINE#         94
  C:39C5H         LINE#         96
  C:39C8H         LINE#         97
  C:39CBH         LINE#         98
  C:39CEH         LINE#         100
  C:39E8H         LINE#         102
  C:39EEH         LINE#         103
  C:39EEH         LINE#         104
  C:39F1H         LINE#         105
  C:39F1H         LINE#         107
  C:39F7H         LINE#         108
  C:39F7H         LINE#         109
  C:39F9H         LINE#         110
  C:39F9H         LINE#         111
  C:39F9H         LINE#         112
  C:39F9H         LINE#         113
  -------         ENDPROC       MAIN
  -------         ENDMOD        MAIN

  -------         MODULE        BSP_INIT
  C:0000H         SYMBOL        _ICE_DUMMY_
  D:0080H         PUBLIC        P0
  D:0088H         PUBLIC        P1
  D:0090H         PUBLIC        P2
  D:0098H         PUBLIC        P3
  D:00A0H         PUBLIC        P4
  D:00B0H         PUBLIC        P5
  D:008DH         PUBLIC        WDTCR
  C:51A8H         SYMBOL        WDT_init
  D:008EH         PUBLIC        WDTDR
  D:00DEH         PUBLIC        P0DB
  D:0097H         PUBLIC        BUZCR
  C:51D9H         SYMBOL        BUZ_init
  D:008FH         PUBLIC        BUZDR
  D:00D8H         PUBLIC        LVRCR
  D:00A8H         PUBLIC        IE
  D:0091H         PUBLIC        P0OD
  D:0092H         PUBLIC        P1OD
BL51 BANKED LINKER/LOCATER V6.22                                                      10/30/2015  13:58:41  PAGE 22


  D:0093H         PUBLIC        P2OD
  D:0094H         PUBLIC        P4OD
  D:00A1H         PUBLIC        P0IO
  D:00B2H         PUBLIC        T0CR
  D:00B1H         PUBLIC        P1IO
  D:00B4H         PUBLIC        T0DR
  D:00B9H         PUBLIC        P2IO
  D:00C1H         PUBLIC        P3IO
  D:00C9H         PUBLIC        P4IO
  D:00D1H         PUBLIC        P5IO
  C:51E0H         SYMBOL        clock_init
  D:00BDH         PUBLIC        T1ADRH
  D:00ACH         PUBLIC        P0PU
  D:009DH         PUBLIC        ADCCRH
  D:00BFH         PUBLIC        T1BDRH
  D:00ADH         PUBLIC        P1PU
  D:00AEH         PUBLIC        P2PU
  D:00AFH         PUBLIC        P3PU
  D:00F3H         PUBLIC        USI1BD
  D:00BCH         PUBLIC        T1ADRL
  D:00A3H         PUBLIC        P4PU
  D:009CH         PUBLIC        ADCCRL
  D:00BEH         PUBLIC        T1BDRL
  D:0095H         PUBLIC        P5PU
  D:008AH         PUBLIC        SCCR
  C:50C9H         SYMBOL        _BUZ_OnOff
  D:009BH         PUBLIC        LCDCCR
  D:009AH         PUBLIC        LCDCRH
  D:00D3H         PUBLIC        P0FSRH
  D:0099H         PUBLIC        LCDCRL
  D:00D5H         PUBLIC        P1FSRH
  D:00D7H         PUBLIC        P2FSRH
  D:00D2H         PUBLIC        P0FSRL
  D:00D4H         PUBLIC        P1FSRL
  D:00D6H         PUBLIC        P2FSRL
  D:00DFH         PUBLIC        P15DB
  D:00AAH         PUBLIC        IE2
  D:00ABH         PUBLIC        IE3
  D:0096H         PUBLIC        WTCR
  C:5173H         SYMBOL        WT_init
  D:0089H         PUBLIC        WTDR
  C:5166H         SYMBOL        Timer0_init
  C:0003H         SYMBOL        Timer1_init
  C:5021H         SYMBOL        UART_init
  C:51EDH         SYMBOL        WDT_clear
  C:511DH         SYMBOL        _ADC_start
  C:4BFFH         PUBLIC        BSP_Init
  C:479CH         SYMBOL        port_init
  C:51D2H         SYMBOL        ADC_init
  D:00BBH         PUBLIC        T1CRH
  D:00BAH         PUBLIC        T1CRL
  C:51BAH         SYMBOL        LCD_init
  D:00E9H         PUBLIC        USI1CR1
  D:00EAH         PUBLIC        USI1CR2
  D:00EBH         PUBLIC        USI1CR3
  D:00EEH         PUBLIC        P3FSR
  D:00EFH         PUBLIC        P4FSR
BL51 BANKED LINKER/LOCATER V6.22                                                      10/30/2015  13:58:41  PAGE 23


  D:00FFH         PUBLIC        P5FSR
  D:008BH         PUBLIC        BITCR
  C:00A6H         SYMBOL        BIT_init
  D:00C8H         PUBLIC        OSCCR
  -------         PROC          ADC_INIT
  C:51D2H         LINE#         4
  C:51D2H         LINE#         5
  C:51D2H         LINE#         7
  C:51D5H         LINE#         8
  C:51D8H         LINE#         9
  -------         ENDPROC       ADC_INIT
  -------         PROC          _ADC_START
  D:0007H         SYMBOL        ch
  C:511DH         LINE#         11
  C:511DH         LINE#         12
  C:511DH         LINE#         14
  C:5128H         LINE#         15
  C:512BH         LINE#         16
  -------         ENDPROC       _ADC_START
  -------         PROC          BIT_INIT
  C:00A6H         LINE#         18
  C:00A6H         LINE#         19
  C:00A6H         LINE#         21
  C:00A9H         LINE#         22
  C:00ACH         LINE#         23
  C:00AFH         LINE#         24
  C:00B2H         LINE#         25
  -------         ENDPROC       BIT_INIT
  -------         PROC          _BUZ_ONOFF
  D:0007H         SYMBOL        On
  C:50C9H         LINE#         27
  C:50C9H         LINE#         28
  C:50C9H         LINE#         30
  C:50DAH         LINE#         31
  -------         ENDPROC       _BUZ_ONOFF
  -------         PROC          BUZ_INIT
  C:51D9H         LINE#         33
  C:51D9H         LINE#         34
  C:51D9H         LINE#         37
  C:51DCH         LINE#         38
  C:51DFH         LINE#         39
  -------         ENDPROC       BUZ_INIT
  -------         PROC          LCD_INIT
  C:51BAH         LINE#         41
  C:51BAH         LINE#         42
  C:51BAH         LINE#         45
  C:51BDH         LINE#         46
  C:51BFH         LINE#         47
  C:51C1H         LINE#         48
  -------         ENDPROC       LCD_INIT
  -------         PROC          TIMER0_INIT
  C:5166H         LINE#         50
  C:5166H         LINE#         51
  C:5166H         LINE#         54
  C:5169H         LINE#         55
  C:516CH         LINE#         56
  C:516FH         LINE#         57
BL51 BANKED LINKER/LOCATER V6.22                                                      10/30/2015  13:58:41  PAGE 24


  C:5172H         LINE#         58
  -------         ENDPROC       TIMER0_INIT
  -------         PROC          TIMER1_INIT
  C:0003H         LINE#         60
  C:0003H         LINE#         61
  C:0003H         LINE#         65
  C:0006H         LINE#         66
  C:0009H         LINE#         67
  C:000CH         LINE#         70
  C:000FH         LINE#         71
  C:0011H         LINE#         72
  C:0014H         LINE#         73
  C:0017H         LINE#         74
  C:001AH         LINE#         75
  -------         ENDPROC       TIMER1_INIT
  -------         PROC          UART_INIT
  C:5021H         LINE#         77
  C:5021H         LINE#         78
  C:5021H         LINE#         81
  C:5024H         LINE#         82
  C:5027H         LINE#         83
  C:502AH         LINE#         84
  C:502DH         LINE#         85
  C:5030H         LINE#         86
  C:5033H         LINE#         87
  C:5036H         LINE#         88
  -------         ENDPROC       UART_INIT
  -------         PROC          WDT_CLEAR
  C:51EDH         LINE#         90
  C:51EDH         LINE#         91
  C:51EDH         LINE#         92
  C:51F0H         LINE#         93
  -------         ENDPROC       WDT_CLEAR
  -------         PROC          WDT_INIT
  C:51A8H         LINE#         95
  C:51A8H         LINE#         96
  C:51A8H         LINE#         98
  C:51ABH         LINE#         99
  C:51AEH         LINE#         101
  -------         ENDPROC       WDT_INIT
  -------         PROC          WT_INIT
  C:5173H         LINE#         104
  C:5173H         LINE#         105
  C:5173H         LINE#         107
  C:5176H         LINE#         108
  C:5179H         LINE#         109
  C:517CH         LINE#         110
  C:517FH         LINE#         111
  -------         ENDPROC       WT_INIT
  -------         PROC          CLOCK_INIT
  C:51E0H         LINE#         113
  C:51E0H         LINE#         114
  C:51E0H         LINE#         116
  C:51E3H         LINE#         117
  C:51E6H         LINE#         118
  -------         ENDPROC       CLOCK_INIT
  -------         PROC          PORT_INIT
BL51 BANKED LINKER/LOCATER V6.22                                                      10/30/2015  13:58:41  PAGE 25


  C:479CH         LINE#         120
  C:479CH         LINE#         121
  C:479CH         LINE#         158
  C:479FH         LINE#         159
  C:47A2H         LINE#         160
  C:47A5H         LINE#         161
  C:47A7H         LINE#         162
  C:47A9H         LINE#         164
  C:47ACH         LINE#         165
  C:47AEH         LINE#         166
  C:47B0H         LINE#         167
  C:47B2H         LINE#         168
  C:47B4H         LINE#         170
  C:47B7H         LINE#         171
  C:47BAH         LINE#         172
  C:47BCH         LINE#         173
  C:47BEH         LINE#         175
  C:47C1H         LINE#         176
  C:47C3H         LINE#         177
  C:47C5H         LINE#         179
  C:47C8H         LINE#         180
  C:47CBH         LINE#         181
  C:47CDH         LINE#         182
  C:47CFH         LINE#         184
  C:47D2H         LINE#         185
  C:47D4H         LINE#         186
  C:47D6H         LINE#         189
  C:47D8H         LINE#         190
  C:47DBH         LINE#         191
  C:47DDH         LINE#         192
  C:47E0H         LINE#         193
  C:47E2H         LINE#         194
  C:47E5H         LINE#         195
  C:47E7H         LINE#         196
  C:47E9H         LINE#         197
  C:47ECH         LINE#         198
  -------         ENDPROC       PORT_INIT
  -------         PROC          BSP_INIT
  C:4BFFH         LINE#         200
  C:4BFFH         LINE#         201
  C:4BFFH         LINE#         202
  C:4C02H         LINE#         204
  C:4C05H         LINE#         205
  C:4C08H         LINE#         206
  C:4C0BH         LINE#         207
  C:4C0EH         LINE#         208
  C:4C0EH         LINE#         209
  C:4C0EH         LINE#         210
  C:4C13H         LINE#         211
  C:4C13H         LINE#         212
  C:4C16H         LINE#         213
  C:4C18H         LINE#         215
  C:4C18H         LINE#         216
  C:4C18H         LINE#         217
  C:4C18H         LINE#         218
  C:4C18H         LINE#         220
  C:4C1BH         LINE#         221
BL51 BANKED LINKER/LOCATER V6.22                                                      10/30/2015  13:58:41  PAGE 26


  C:4C1EH         LINE#         222
  C:4C21H         LINE#         223
  C:4C24H         LINE#         224
  C:4C27H         LINE#         225
  C:4C2AH         LINE#         226
  -------         ENDPROC       BSP_INIT
  -------         ENDMOD        BSP_INIT

  -------         MODULE        AIP1944
  C:0000H         SYMBOL        _ICE_DUMMY_
  C:4F44H         PUBLIC        _AIP1944_WriteByte
  B:00A0H.0       PUBLIC        P40
  B:00A0H.1       PUBLIC        P41
  B:00A0H.2       PUBLIC        P42
  C:47EDH         PUBLIC        _Aip1944_WriteDispDatas
  X:020AH         PUBLIC        Aip1944_BrightnessLevel
  -------         PROC          _AIP1944_WRITEBYTE
  D:0007H         SYMBOL        _byte
  -------         DO            
  D:0006H         SYMBOL        i
  -------         ENDDO         
  C:4F44H         LINE#         36
  C:4F44H         LINE#         37
  C:4F44H         LINE#         40
  C:4F46H         LINE#         41
  C:4F46H         LINE#         42
  C:4F4AH         LINE#         43
  C:4F4AH         LINE#         44
  C:4F4CH         LINE#         45
  C:4F4EH         LINE#         47
  C:4F4EH         LINE#         48
  C:4F50H         LINE#         49
  C:4F50H         LINE#         51
  C:4F52H         LINE#         53
  C:4F56H         LINE#         55
  C:4F58H         LINE#         56
  C:4F5DH         LINE#         57
  -------         ENDPROC       _AIP1944_WRITEBYTE
  -------         PROC          _AIP1944_WRITEDISPDATAS
  X:01B6H         SYMBOL        dats
  D:0005H         SYMBOL        len
  X:01BAH         SYMBOL        addr
  -------         DO            
  D:0004H         SYMBOL        i
  -------         ENDDO         
  C:47EDH         LINE#         59
  C:47F8H         LINE#         60
  C:47F8H         LINE#         63
  C:47FAH         LINE#         64
  C:47FFH         LINE#         65
  C:4801H         LINE#         66
  C:4803H         LINE#         67
  C:480DH         LINE#         68
  C:4814H         LINE#         69
  C:4814H         LINE#         70
  C:482BH         LINE#         71
  C:482EH         LINE#         72
BL51 BANKED LINKER/LOCATER V6.22                                                      10/30/2015  13:58:41  PAGE 27


  C:4830H         LINE#         74
  C:4832H         LINE#         75
  C:483AH         LINE#         76
  C:483CH         LINE#         77
  -------         ENDPROC       _AIP1944_WRITEDISPDATAS
  -------         ENDMOD        AIP1944

  -------         MODULE        DISPLAY
  C:0000H         SYMBOL        _ICE_DUMMY_
  D:0090H         PUBLIC        P2
  D:0098H         PUBLIC        P3
  C:508EH         PUBLIC        _Display_SetAll
  C:39FCH         PUBLIC        _Display_ShowRT
  C:2C99H         PUBLIC        PM_COM10_E_nums
  C:2CE2H         PUBLIC        RT_COM_H1_E_nums
  C:2CADH         PUBLIC        PM_COM1_E1_nums
  C:2CB7H         PUBLIC        PM_COM1_E2_nums
  C:2C35H         PUBLIC        H_COM10_nums
  C:2D19H         PUBLIC        RT_COM_M1_E_nums
  C:2C71H         PUBLIC        PM_COM100_nums
  C:2CC1H         PUBLIC        RT_COM_H10_nums
  D:00B9H         PUBLIC        P2IO
  C:2CEDH         PUBLIC        RT_COM_M10_nums
  C:2C0DH         PUBLIC        T_COM10_nums
  D:00C1H         PUBLIC        P3IO
  B:0022H.0       PUBLIC        Display_IsLowLight
  X:0157H         PUBLIC        Display_Datas
  C:345FH         PUBLIC        _Display_ShowNumInRTCArea
  C:2C53H         PUBLIC        H_COM1_EXT_nums
  C:4589H         PUBLIC        _Display_ShowHumidity
  C:2CA3H         PUBLIC        PM_COM1_nums
  C:2CCCH         PUBLIC        RT_COM_H10_E_nums
  C:2C2BH         PUBLIC        T_COM1_EXT_nums
  C:2C5DH         PUBLIC        PM_COM1000_nums
  C:48D3H         PUBLIC        _Display_CircleRun
  C:3B96H         PUBLIC        Display_LedDrive
  C:49A3H         PUBLIC        _Display_DustLevel
  C:3159H         PUBLIC        _Display_DustData
  C:2C49H         PUBLIC        H_COM1_nums
  C:2C3FH         PUBLIC        H_COM10_EXT_nums
  C:2C8FH         PUBLIC        PM_COM10_nums
  C:4B67H         PUBLIC        Display_Ctr
  C:2CD7H         PUBLIC        RT_COM_H1_nums
  B:0022H.1       PUBLIC        Display_FlashOn
  C:2D0EH         PUBLIC        RT_COM_M1_nums
  C:2C67H         PUBLIC        PM_COM1000_E_nums
  C:2C21H         PUBLIC        T_COM1_nums
  C:2C7BH         PUBLIC        PM_COM100_E1_nums
  C:2C85H         PUBLIC        PM_COM100_E2_nums
  C:2C17H         PUBLIC        T_COM10_EXT_nums
  C:2CF8H         PUBLIC        RT_COM_M10_E1_nums
  C:2D03H         PUBLIC        RT_COM_M10_E2_nums
  C:4D30H         PUBLIC        Display_SetLine
  C:452AH         PUBLIC        _Display_ShowTemperature
  X:0196H         PUBLIC        Display_LedsEn
  C:006EH         PUBLIC        _Display_SpLevel
  -------         PROC          _DISPLAY_SETALL
BL51 BANKED LINKER/LOCATER V6.22                                                      10/30/2015  13:58:41  PAGE 28


  D:0007H         SYMBOL        sta
  -------         DO            
  D:0006H         SYMBOL        i
  -------         ENDDO         
  C:508EH         LINE#         11
  C:508EH         LINE#         12
  C:508EH         LINE#         15
  C:5090H         LINE#         16
  C:5090H         LINE#         17
  C:509CH         LINE#         18
  C:50A1H         LINE#         19
  -------         ENDPROC       _DISPLAY_SETALL
  -------         PROC          DISPLAY_SETLINE
  C:4D30H         LINE#         22
  C:4D30H         LINE#         23
  C:4D30H         LINE#         24
  C:4D36H         LINE#         25
  C:4D38H         LINE#         26
  C:4D3AH         LINE#         28
  C:4D3EH         LINE#         29
  C:4D40H         LINE#         30
  C:4D42H         LINE#         32
  C:4D49H         LINE#         33
  C:4D4DH         LINE#         34
  C:4D4FH         LINE#         35
  -------         ENDPROC       DISPLAY_SETLINE
  -------         PROC          _DISPLAY_CIRCLERUN
  D:0007H         SYMBOL        sp
  -------         DO            
  X:0155H         SYMBOL        cnt
  B:0021H.7       SYMBOL        disIndex
  -------         ENDDO         
  C:48D3H         LINE#         37
  C:48D3H         LINE#         38
  C:48D3H         LINE#         41
  C:48D9H         LINE#         42
  C:48DEH         LINE#         43
  C:48DEH         LINE#         44
  C:48E0H         LINE#         46
  C:48E2H         LINE#         47
  C:48E2H         LINE#         49
  C:48E9H         LINE#         51
  C:48ECH         LINE#         52
  C:48ECH         LINE#         53
  C:48F3H         LINE#         54
  C:48FAH         LINE#         55
  C:4901H         LINE#         56
  C:4902H         LINE#         58
  C:4902H         LINE#         59
  C:490EH         LINE#         60
  C:4915H         LINE#         61
  C:491CH         LINE#         62
  C:491CH         LINE#         88
  -------         ENDPROC       _DISPLAY_CIRCLERUN
  -------         PROC          _DISPLAY_DUSTLEVEL
  D:0007H         SYMBOL        level
  C:49A3H         LINE#         90
BL51 BANKED LINKER/LOCATER V6.22                                                      10/30/2015  13:58:41  PAGE 29


  C:49A3H         LINE#         91
  C:49A3H         LINE#         92
  C:49B6H         LINE#         93
  C:49B6H         LINE#         94
  C:49B6H         LINE#         95
  C:49BDH         LINE#         96
  C:49BDH         LINE#         97
  C:49C4H         LINE#         98
  C:49C4H         LINE#         99
  C:49CBH         LINE#         100
  C:49CBH         LINE#         101
  C:49D2H         LINE#         102
  C:49D2H         LINE#         103
  C:49D9H         LINE#         104
  C:49D9H         LINE#         105
  C:49E0H         LINE#         106
  C:49E0H         LINE#         107
  C:49E0H         LINE#         108
  C:49E0H         LINE#         109
  C:49E0H         LINE#         110
  -------         ENDPROC       _DISPLAY_DUSTLEVEL
  -------         PROC          _DISPLAY_SPLEVEL
  D:0007H         SYMBOL        level
  C:006EH         LINE#         112
  C:006EH         LINE#         113
  C:006EH         LINE#         114
  C:007EH         LINE#         115
  C:007EH         LINE#         116
  C:007EH         LINE#         117
  C:0085H         LINE#         118
  C:0085H         LINE#         119
  C:008CH         LINE#         120
  C:008CH         LINE#         121
  C:0093H         LINE#         122
  C:0093H         LINE#         123
  C:009AH         LINE#         124
  C:009AH         LINE#         125
  C:00A1H         LINE#         126
  C:00A1H         LINE#         127
  C:00A1H         LINE#         128
  C:00A1H         LINE#         129
  C:00A1H         LINE#         130
  -------         ENDPROC       _DISPLAY_SPLEVEL
  -------         PROC          _DISPLAY_SHOWTEMPERATURE
  D:0007H         SYMBOL        t
  -------         DO            
  D:0005H         SYMBOL        v10
  D:0004H         SYMBOL        v1
  -------         ENDDO         
  C:452AH         LINE#         225
  C:452AH         LINE#         226
  C:452AH         LINE#         230
  C:4530H         LINE#         231
  C:4530H         LINE#         232
  C:4532H         LINE#         233
  C:4532H         LINE#         235
  C:4538H         LINE#         236
BL51 BANKED LINKER/LOCATER V6.22                                                      10/30/2015  13:58:41  PAGE 30


  C:453FH         LINE#         238
  C:4542H         LINE#         239
  C:4542H         LINE#         240
  C:4553H         LINE#         241
  C:4566H         LINE#         242
  C:4566H         LINE#         243
  C:4577H         LINE#         244
  C:4588H         LINE#         245
  -------         ENDPROC       _DISPLAY_SHOWTEMPERATURE
  -------         PROC          _DISPLAY_SHOWHUMIDITY
  D:0007H         SYMBOL        h
  -------         DO            
  D:0005H         SYMBOL        v10
  D:0004H         SYMBOL        v1
  -------         ENDDO         
  C:4589H         LINE#         328
  C:4589H         LINE#         329
  C:4589H         LINE#         333
  C:458FH         LINE#         334
  C:458FH         LINE#         335
  C:4591H         LINE#         336
  C:4591H         LINE#         338
  C:4597H         LINE#         339
  C:459EH         LINE#         341
  C:45A1H         LINE#         342
  C:45A1H         LINE#         343
  C:45B2H         LINE#         344
  C:45C5H         LINE#         345
  C:45C5H         LINE#         346
  C:45D6H         LINE#         347
  C:45E7H         LINE#         348
  -------         ENDPROC       _DISPLAY_SHOWHUMIDITY
  -------         PROC          _DISPLAY_DUSTDATA
  D:0002H         SYMBOL        pm
  -------         DO            
  X:01BAH         SYMBOL        v1000
  X:01BBH         SYMBOL        v100
  X:01BCH         SYMBOL        v10
  D:0003H         SYMBOL        v1
  -------         ENDDO         
  C:3159H         LINE#         553
  C:315DH         LINE#         554
  C:315DH         LINE#         560
  C:3166H         LINE#         561
  C:3166H         LINE#         562
  C:316AH         LINE#         563
  C:316AH         LINE#         565
  C:317AH         LINE#         566
  C:318FH         LINE#         567
  C:31A4H         LINE#         568
  C:31B1H         LINE#         571
  C:31C6H         LINE#         572
  C:31D8H         LINE#         574
  C:31E6H         LINE#         575
  C:31F7H         LINE#         576
  C:320CH         LINE#         578
  C:321AH         LINE#         579
BL51 BANKED LINKER/LOCATER V6.22                                                      10/30/2015  13:58:41  PAGE 31


  C:322CH         LINE#         582
  C:3236H         LINE#         583
  C:3247H         LINE#         584
  C:325AH         LINE#         585
  -------         ENDPROC       _DISPLAY_DUSTDATA
  -------         PROC          _DISPLAY_SHOWRT
  D:0007H         SYMBOL        h
  D:0005H         SYMBOL        m
  B:0021H.5       SYMBOL        hFlashEn
  B:0021H.6       SYMBOL        mFlashEn
  -------         DO            
  D:0001H         SYMBOL        h10
  D:0006H         SYMBOL        h1
  D:0004H         SYMBOL        m10
  D:0003H         SYMBOL        m1
  -------         ENDDO         
  C:39FCH         LINE#         787
  C:39FCH         LINE#         788
  C:39FCH         LINE#         795
  C:3A02H         LINE#         796
  C:3A09H         LINE#         797
  C:3A0FH         LINE#         798
  C:3A16H         LINE#         800
  C:3A1CH         LINE#         801
  C:3A1CH         LINE#         802
  C:3A1EH         LINE#         803
  C:3A20H         LINE#         804
  C:3A20H         LINE#         806
  C:3A26H         LINE#         807
  C:3A26H         LINE#         808
  C:3A28H         LINE#         809
  C:3A2AH         LINE#         810
  C:3A2AH         LINE#         811
  C:3A30H         LINE#         812
  C:3A30H         LINE#         813
  C:3A41H         LINE#         814
  C:3A52H         LINE#         816
  C:3A63H         LINE#         817
  C:3A74H         LINE#         818
  C:3A74H         LINE#         821
  C:3A7AH         LINE#         822
  C:3A7AH         LINE#         823
  C:3A8BH         LINE#         824
  C:3A9CH         LINE#         825
  C:3AAEH         LINE#         827
  C:3AB8H         LINE#         828
  C:3AC9H         LINE#         829
  C:3AC9H         LINE#         830
  -------         ENDPROC       _DISPLAY_SHOWRT
  -------         PROC          _DISPLAY_SHOWNUMINRTCAREA
  D:0002H         SYMBOL        num
  -------         DO            
  X:01BAH         SYMBOL        v1000
  X:01BBH         SYMBOL        v100
  X:01BCH         SYMBOL        v10
  D:0001H         SYMBOL        v1
  -------         ENDDO         
BL51 BANKED LINKER/LOCATER V6.22                                                      10/30/2015  13:58:41  PAGE 32


  C:345FH         LINE#         833
  C:3463H         LINE#         834
  C:3463H         LINE#         840
  C:346FH         LINE#         841
  C:3484H         LINE#         842
  C:3499H         LINE#         843
  C:34A6H         LINE#         846
  C:34AFH         LINE#         847
  C:34AFH         LINE#         848
  C:34B5H         LINE#         849
  C:34B7H         LINE#         850
  C:34B9H         LINE#         851
  C:34BAH         LINE#         852
  C:34BAH         LINE#         855
  C:34CFH         LINE#         856
  C:34E0H         LINE#         858
  C:34F5H         LINE#         859
  C:3506H         LINE#         861
  C:351BH         LINE#         862
  C:352CH         LINE#         863
  C:3541H         LINE#         865
  C:354BH         LINE#         866
  C:355CH         LINE#         867
  -------         ENDPROC       _DISPLAY_SHOWNUMINRTCAREA
  -------         PROC          DISPLAY_LEDDRIVE
[...]
  C:0C31H         LINE#         496
  C:0C33H         LINE#         497
  C:0C3AH         LINE#         498
  C:0C3AH         LINE#         501
  C:0C40H         LINE#         502
  C:0C40H         LINE#         503
  C:0C42H         LINE#         504
  C:0C45H         LINE#         505
  C:0C45H         LINE#         506
  C:0C47H         LINE#         507
  C:0C4DH         LINE#         508
  C:0C4DH         LINE#         509
  C:0C4DH         LINE#         512
  C:0C53H         LINE#         514
  C:0C67H         LINE#         516
  C:0C73H         LINE#         517
  C:0C73H         LINE#         518
  C:0C75H         LINE#         520
  C:0C7BH         LINE#         521
  C:0C80H         LINE#         522
  C:0C80H         LINE#         523
  C:0C82H         LINE#         525
  C:0C88H         LINE#         526
  C:0C88H         LINE#         528
  C:0C8EH         LINE#         529
  C:0C94H         LINE#         530
  C:0C94H         LINE#         531
  C:0C96H         LINE#         533
  C:0CA4H         LINE#         534
BL51 BANKED LINKER/LOCATER V6.22                                                      10/30/2015  13:58:41  PAGE 89


  C:0CA4H         LINE#         536
  C:0CB2H         LINE#         537
  C:0CB2H         LINE#         538
  C:0CB7H         LINE#         539
  C:0CB7H         LINE#         540
  C:0CC6H         LINE#         541
  C:0CC6H         LINE#         542
  C:0CC6H         LINE#         543
  C:0CC8H         LINE#         545
  C:0CC8H         LINE#         546
  C:0CD7H         LINE#         547
  C:0CE4H         LINE#         548
  C:0CE4H         LINE#         549
  C:0CFAH         LINE#         550
  C:0CFAH         LINE#         551
  C:0D02H         LINE#         552
  C:0D09H         LINE#         553
  C:0D09H         LINE#         554
  C:0D09H         LINE#         555
  C:0D09H         LINE#         557
  C:0D0FH         LINE#         558
  C:0D0FH         LINE#         559
  C:0D23H         LINE#         560
  C:0D29H         LINE#         561
  C:0D32H         LINE#         562
  C:0D32H         LINE#         563
  C:0D34H         LINE#         566
  C:0D3DH         LINE#         567
  C:0D3DH         LINE#         568
  C:0D4DH         LINE#         569
  C:0D4DH         LINE#         570
  C:0D77H         LINE#         571
  C:0D7FH         LINE#         572
  C:0D96H         LINE#         574
  C:0D9DH         LINE#         575
  C:0DA3H         LINE#         576
  C:0DA3H         LINE#         577
  C:0DA7H         LINE#         579
  C:0DADH         LINE#         580
  C:0DB3H         LINE#         581
  C:0DB3H         LINE#         582
  C:0DB5H         LINE#         583
  C:0DB5H         LINE#         584
  C:0DB5H         LINE#         585
  C:0DB7H         LINE#         587
  C:0DB7H         LINE#         588
  C:0DBAH         LINE#         589
  C:0DBAH         LINE#         590
  C:0DC2H         LINE#         591
  C:0DCAH         LINE#         592
  C:0DCAH         LINE#         593
  C:0DEDH         LINE#         594
  C:0DEDH         LINE#         596
  C:0DF3H         LINE#         597
  C:0DF9H         LINE#         598
  C:0DF9H         LINE#         599
  C:0DFCH         LINE#         600
BL51 BANKED LINKER/LOCATER V6.22                                                      10/30/2015  13:58:41  PAGE 90


  C:0DFCH         LINE#         602
  C:0E03H         LINE#         603
  C:0E03H         LINE#         606
  C:0E17H         LINE#         607
  C:0E1DH         LINE#         608
  C:0E26H         LINE#         609
  C:0E26H         LINE#         610
  C:0E28H         LINE#         613
  C:0E31H         LINE#         614
  C:0E31H         LINE#         615
  C:0E41H         LINE#         616
  C:0E41H         LINE#         617
  C:0E6BH         LINE#         618
  C:0E73H         LINE#         619
  C:0E8AH         LINE#         621
  C:0E91H         LINE#         622
  C:0E97H         LINE#         623
  C:0E97H         LINE#         624
  C:0E9BH         LINE#         626
  C:0EA1H         LINE#         627
  C:0EA7H         LINE#         628
  C:0EA7H         LINE#         629
  C:0EA9H         LINE#         630
  C:0EA9H         LINE#         631
  C:0EA9H         LINE#         632
  C:0EABH         LINE#         634
  C:0EABH         LINE#         635
  C:0EAEH         LINE#         636
  C:0EAEH         LINE#         637
  C:0EB6H         LINE#         638
  C:0EBEH         LINE#         639
  C:0EBEH         LINE#         640
  C:0EE1H         LINE#         641
  C:0EE1H         LINE#         643
  C:0EE7H         LINE#         644
  C:0EEDH         LINE#         645
  C:0EEDH         LINE#         646
  C:0EF0H         LINE#         647
  C:0EF0H         LINE#         649
  C:0EF7H         LINE#         650
  C:0EF7H         LINE#         654
  C:0EFEH         LINE#         655
  C:0EFEH         LINE#         656
  C:0F0AH         LINE#         657
  C:0F0AH         LINE#         658
  C:0F4BH         LINE#         660
  C:0F4BH         LINE#         661
  C:0F4BH         LINE#         662
  C:0F4BH         LINE#         663
  C:0F4BH         LINE#         664
  C:0F4BH         LINE#         665
  C:0F4EH         LINE#         667
  C:0F4EH         LINE#         668
  C:0F59H         LINE#         669
  C:0F59H         LINE#         670
  C:0F5FH         LINE#         671
  C:0F83H         LINE#         672
BL51 BANKED LINKER/LOCATER V6.22                                                      10/30/2015  13:58:41  PAGE 91


  C:0F83H         LINE#         673
  C:0F89H         LINE#         674
  C:0F89H         LINE#         676
  C:0F90H         LINE#         677
  C:0F90H         LINE#         679
  C:0F9BH         LINE#         680
  C:0F9BH         LINE#         681
  C:0FA6H         LINE#         682
  C:0FAFH         LINE#         683
  C:0FAFH         LINE#         684
  C:0FB1H         LINE#         686
  C:0FB1H         LINE#         687
  C:100CH         LINE#         689
  C:100CH         LINE#         690
  C:1015H         LINE#         691
  C:1020H         LINE#         692
  C:1020H         LINE#         693
  C:1020H         LINE#         694
  C:1020H         LINE#         695
  C:1020H         LINE#         697
  C:1026H         LINE#         698
  C:1026H         LINE#         699
  C:1045H         LINE#         701
  C:1060H         LINE#         702
  C:1060H         LINE#         703
  C:1067H         LINE#         705
  C:1091H         LINE#         706
  C:1091H         LINE#         707
  C:1093H         LINE#         708
  C:1093H         LINE#         709
  C:1095H         LINE#         711
  C:1095H         LINE#         712
  C:10C8H         LINE#         713
  C:10C8H         LINE#         714
  C:10C8H         LINE#         717
  C:10E6H         LINE#         718
  C:10E6H         LINE#         719
  C:10E6H         LINE#         720
  C:10ECH         LINE#         721
  C:10F5H         LINE#         722
  C:10F5H         LINE#         723
  C:10F7H         LINE#         725
  C:1105H         LINE#         726
  C:1113H         LINE#         727
  C:1113H         LINE#         729
  C:1114H         LINE#         730
  C:1114H         LINE#         731
  C:111AH         LINE#         732
  C:1123H         LINE#         733
  C:1123H         LINE#         734
  C:1125H         LINE#         736
  C:1133H         LINE#         737
  C:1141H         LINE#         738
  C:1141H         LINE#         739
  C:1142H         LINE#         740
  C:1142H         LINE#         741
  C:1148H         LINE#         742
BL51 BANKED LINKER/LOCATER V6.22                                                      10/30/2015  13:58:41  PAGE 92


  C:114EH         LINE#         743
  C:114EH         LINE#         744
  C:1150H         LINE#         746
  C:115EH         LINE#         747
  C:116CH         LINE#         748
  C:116CH         LINE#         749
  C:116DH         LINE#         750
  C:116DH         LINE#         751
  C:1173H         LINE#         752
  C:1179H         LINE#         753
  C:1179H         LINE#         754
  C:117BH         LINE#         756
  C:1189H         LINE#         757
  C:1197H         LINE#         758
  C:1197H         LINE#         759
  C:1198H         LINE#         760
  C:1198H         LINE#         761
  C:119EH         LINE#         762
  C:11A4H         LINE#         763
  C:11A4H         LINE#         764
  C:11A6H         LINE#         766
  C:11B4H         LINE#         767
  C:11C2H         LINE#         768
  C:11C2H         LINE#         769
  C:11C2H         LINE#         770
  C:11C2H         LINE#         771
  C:11C2H         LINE#         772
  -------         ENDPROC       _TIMETICK
  -------         PROC          _MOTORCTR
  C:4465H         LINE#         775
  C:4465H         LINE#         776
  C:4465H         LINE#         778
  C:4468H         LINE#         779
  C:4468H         LINE#         780
  C:446BH         LINE#         781
  C:446BH         LINE#         783
  C:446BH         LINE#         784
  C:446EH         LINE#         785
  C:446EH         LINE#         786
  C:4471H         LINE#         787
  C:4471H         LINE#         788
  C:447AH         LINE#         789
  C:447AH         LINE#         790
  C:447AH         LINE#         791
  C:447CH         LINE#         792
  C:4485H         LINE#         793
  C:4485H         LINE#         794
  C:4485H         LINE#         795
  C:4487H         LINE#         796
  C:4490H         LINE#         797
  C:4490H         LINE#         798
  C:4490H         LINE#         799
  C:4492H         LINE#         806
  C:4492H         LINE#         807
  C:4492H         LINE#         808
  C:4492H         LINE#         809
  C:4494H         LINE#         811
BL51 BANKED LINKER/LOCATER V6.22                                                      10/30/2015  13:58:41  PAGE 93


  C:4494H         LINE#         812
  C:44A9H         LINE#         813
  C:44A9H         LINE#         814
  C:44A9H         LINE#         815
  C:44ADH         LINE#         816
  C:44AFH         LINE#         817
  C:44AFH         LINE#         818
  C:44B3H         LINE#         819
  C:44B5H         LINE#         820
  C:44B5H         LINE#         821
  C:44B9H         LINE#         822
  C:44BBH         LINE#         823
  C:44BBH         LINE#         824
  C:44BFH         LINE#         825
  C:44C1H         LINE#         826
  C:44C1H         LINE#         827
  C:44C8H         LINE#         828
  C:44C8H         LINE#         829
  C:44C8H         LINE#         830
  C:44C8H         LINE#         831
  C:44C8H         LINE#         832
  C:44C8H         LINE#         833
  C:44C8H         LINE#         834
  -------         ENDPROC       _MOTORCTR
  -------         PROC          _IRDATADEAL
  C:1CEEH         LINE#         837
  C:1CEEH         LINE#         838
  C:1CEEH         LINE#         840
  C:1CF4H         LINE#         841
  C:1CF4H         LINE#         842
  C:1CF6H         LINE#         843
  C:1CFCH         LINE#         845
  C:1D03H         LINE#         847
  C:1D03H         LINE#         848
  C:1D09H         LINE#         851
  C:1D14H         LINE#         852
  C:1D14H         LINE#         853
  C:1D1DH         LINE#         854
  C:1D28H         LINE#         855
  C:1D28H         LINE#         857
  C:1D36H         LINE#         858
  C:1D36H         LINE#         859
  C:1D3CH         LINE#         860
  C:1D3EH         LINE#         862
  C:1D40H         LINE#         863
  C:1D48H         LINE#         865
  C:1D4EH         LINE#         866
  C:1D4EH         LINE#         867
  C:1D50H         LINE#         868
  C:1D50H         LINE#         869
  C:1D50H         LINE#         870
  C:1D52H         LINE#         871
  C:1D5EH         LINE#         872
  C:1D5EH         LINE#         873
  C:1D65H         LINE#         874
  C:1D67H         LINE#         876
  C:1D6CH         LINE#         878
BL51 BANKED LINKER/LOCATER V6.22                                                      10/30/2015  13:58:41  PAGE 94


  C:1D6EH         LINE#         880
  C:1D73H         LINE#         881
  C:1D77H         LINE#         883
  C:1D7CH         LINE#         885
  C:1D81H         LINE#         887
  C:1D84H         LINE#         888
  C:1D92H         LINE#         889
  C:1D92H         LINE#         890
  C:1D98H         LINE#         891
  C:1D9AH         LINE#         893
  C:1DA0H         LINE#         894
  C:1DA2H         LINE#         896
  C:1DA9H         LINE#         897
  C:1DA9H         LINE#         898
  C:1DAFH         LINE#         899
  C:1DB3H         LINE#         900
  C:1DB3H         LINE#         901
  C:1DBBH         LINE#         903
  C:1DC1H         LINE#         904
  C:1DC4H         LINE#         905
  C:1DD2H         LINE#         906
  C:1DD2H         LINE#         907
  C:1DD8H         LINE#         908
  C:1DDAH         LINE#         910
  C:1DE0H         LINE#         911
  C:1DE2H         LINE#         913
  C:1DE9H         LINE#         914
  C:1DE9H         LINE#         915
  C:1DEFH         LINE#         916
  C:1DF3H         LINE#         917
  C:1DF3H         LINE#         918
  C:1DFBH         LINE#         920
  C:1E01H         LINE#         921
  C:1E04H         LINE#         922
  C:1E12H         LINE#         923
  C:1E12H         LINE#         924
  C:1E18H         LINE#         925
  C:1E1AH         LINE#         927
  C:1E20H         LINE#         928
  C:1E22H         LINE#         930
  C:1E29H         LINE#         931
  C:1E29H         LINE#         932
  C:1E2FH         LINE#         933
  C:1E33H         LINE#         934
  C:1E33H         LINE#         935
  C:1E3BH         LINE#         937
  C:1E41H         LINE#         938
  C:1E44H         LINE#         939
  C:1E52H         LINE#         940
  C:1E52H         LINE#         941
  C:1E58H         LINE#         942
  C:1E5AH         LINE#         944
  C:1E60H         LINE#         945
  C:1E62H         LINE#         947
  C:1E69H         LINE#         948
  C:1E69H         LINE#         949
  C:1E6FH         LINE#         950
BL51 BANKED LINKER/LOCATER V6.22                                                      10/30/2015  13:58:41  PAGE 95


  C:1E73H         LINE#         951
  C:1E73H         LINE#         952
  C:1E7BH         LINE#         954
  C:1E81H         LINE#         955
  C:1E83H         LINE#         956
  C:1E8FH         LINE#         957
  C:1E8FH         LINE#         958
  C:1EA0H         LINE#         959
  C:1EA6H         LINE#         960
  C:1EA8H         LINE#         961
  C:1EB4H         LINE#         962
  C:1EB4H         LINE#         963
  C:1EC5H         LINE#         964
  C:1ECEH         LINE#         965
  C:1ECEH         LINE#         966
  -------         ENDPROC       _IRDATADEAL
  -------         PROC          _RXDATADEAL
  C:522AH         LINE#         969
  C:522AH         LINE#         970
  C:522AH         LINE#         972
  -------         ENDPROC       _RXDATADEAL
  -------         PROC          _ENTEREVENTDEAL
  -------         DO            
  D:0007H         SYMBOL        i
  -------         ENDDO         
  C:2F41H         LINE#         974
  C:2F41H         LINE#         975
  C:2F41H         LINE#         978
  C:2F47H         LINE#         980
  C:2F49H         LINE#         981
  C:2F4BH         LINE#         982
  C:2F50H         LINE#         984
  C:2F56H         LINE#         986
  C:2F5AH         LINE#         987
  C:2F5EH         LINE#         988
  C:2F64H         LINE#         989
  C:2F68H         LINE#         990
  C:2F6CH         LINE#         991
  C:2F72H         LINE#         994
  C:2F78H         LINE#         996
  C:2F7EH         LINE#         997
  C:2F81H         LINE#         1000
  C:2F84H         LINE#         1001
  C:2F84H         LINE#         1002
  C:2F86H         LINE#         1003
  C:2F8CH         LINE#         1004
  C:2F92H         LINE#         1005
  C:2F92H         LINE#         1006
  C:2F94H         LINE#         1008
  C:2F94H         LINE#         1009
  C:2F98H         LINE#         1010
  C:2FA0H         LINE#         1011
  C:2FA8H         LINE#         1012
  C:2FB0H         LINE#         1013
  C:2FB0H         LINE#         1015
  C:2FB8H         LINE#         1017
  C:2FBDH         LINE#         1019
BL51 BANKED LINKER/LOCATER V6.22                                                      10/30/2015  13:58:41  PAGE 96


  C:2FC3H         LINE#         1021
  C:2FC7H         LINE#         1022
  C:2FC9H         LINE#         1024
  C:2FD6H         LINE#         1025
  C:2FD6H         LINE#         1026
  C:2FDBH         LINE#         1028
  C:2FE2H         LINE#         1029
  C:2FE8H         LINE#         1030
  C:2FEEH         LINE#         1031
  C:2FF4H         LINE#         1032
  C:2FFAH         LINE#         1033
  C:2FFAH         LINE#         1035
  C:3001H         LINE#         1036
  C:3007H         LINE#         1038
  C:300DH         LINE#         1041
  C:300EH         LINE#         1042
  C:300EH         LINE#         1043
  C:301EH         LINE#         1044
  C:302EH         LINE#         1045
  C:3033H         LINE#         1046
  C:303CH         LINE#         1047
  C:3045H         LINE#         1048
  C:304AH         LINE#         1049
  C:304DH         LINE#         1050
  -------         ENDPROC       _ENTEREVENTDEAL
  -------         PROC          _EXITEVENTDEAL
  C:522BH         LINE#         1052
  C:522BH         LINE#         1053
  C:522BH         LINE#         1055
  -------         ENDPROC       _EXITEVENTDEAL
  -------         ENDMOD        STATE_WORK

  -------         MODULE        ?C?FPMUL
  C:15DAH         PUBLIC        ?C?FPMUL
  -------         ENDMOD        ?C?FPMUL

  -------         MODULE        ?C?FCAST
  C:16EAH         PUBLIC        ?C?FCASTC
  C:16E5H         PUBLIC        ?C?FCASTI
  C:16E0H         PUBLIC        ?C?FCASTL
  -------         ENDMOD        ?C?FCAST

  -------         MODULE        ?C?CASTF
  C:171EH         PUBLIC        ?C?CASTF
  -------         ENDMOD        ?C?CASTF

  -------         MODULE        ?C?CLDPTR
  C:179FH         PUBLIC        ?C?CLDPTR
  -------         ENDMOD        ?C?CLDPTR

  -------         MODULE        ?C?CLDOPTR
  C:17B8H         PUBLIC        ?C?CLDOPTR
  -------         ENDMOD        ?C?CLDOPTR

  -------         MODULE        ?C?CSTPTR
  C:17E5H         PUBLIC        ?C?CSTPTR
  -------         ENDMOD        ?C?CSTPTR
BL51 BANKED LINKER/LOCATER V6.22                                                      10/30/2015  13:58:41  PAGE 97



  -------         MODULE        ?C?CSTOPTR
  C:17F7H         PUBLIC        ?C?CSTOPTR
  -------         ENDMOD        ?C?CSTOPTR

  -------         MODULE        ?C?UIDIV
  C:1819H         PUBLIC        ?C?UIDIV
  -------         ENDMOD        ?C?UIDIV

  -------         MODULE        ?C?ILDOPTR
  C:186EH         PUBLIC        ?C?ILDOPTR
  -------         ENDMOD        ?C?ILDOPTR

  -------         MODULE        ?C?ULDIV
  C:18E2H         PUBLIC        ?C?ULDIV
  -------         ENDMOD        ?C?ULDIV

  -------         MODULE        ?C?LNEG
  C:1974H         PUBLIC        ?C?LNEG
  -------         ENDMOD        ?C?LNEG

  -------         MODULE        ?C?ULCMP
  C:1982H         PUBLIC        ?C?ULCMP
  -------         ENDMOD        ?C?ULCMP

  -------         MODULE        ?C?LSTXDATA
  C:1993H         PUBLIC        ?C?LSTXDATA
  -------         ENDMOD        ?C?LSTXDATA

  -------         MODULE        ?C?LSTKXDATA
  C:199FH         PUBLIC        ?C?LSTKXDATA
  -------         ENDMOD        ?C?LSTKXDATA

  -------         MODULE        ?C?OFFXADD
  C:19D0H         PUBLIC        ?C?OFFXADD
  -------         ENDMOD        ?C?OFFXADD

  -------         MODULE        ?C?ICALL
  C:19DCH         PUBLIC        ?C?ICALL
  C:19E0H         PUBLIC        ?C?ICALL2
  -------         ENDMOD        ?C?ICALL

Program Size: data=30.2 xdata=526 code=21036
LINK/LOCATE RUN COMPLETE.  0 WARNING(S),  0 ERROR(S)
