BL51 BANKED LINKER/LOCATER V6.22                                                        10/13/2015  15:22:36  PAGE 1


BL51 BANKED LINKER/LOCATER V6.22, INVOKED BY:
C:\KEIL_V5\C51\BIN\BL51.EXE .\it.obj, startup.obj, .\main.obj, .\bsp_init.obj, .\aip1944.obj, .\display.obj, .\buzzer.ob
>> j, .\ir.obj, .\humidity.obj, .\dust.obj, .\motor.obj, .\system.obj, .\key.obj, .\fifo.obj, .\protocol.obj, .\uart.obj
>> , .\fsm.obj, .\state_test.obj, .\state_startup.obj, .\state_standby.obj, .\state_clockSetting.obj, .\state_echeck.obj
>> , .\state_timerSetting.obj, .\state_timerFnSetting.obj, .\state_timerLookup.obj, .\state_work.obj TO YTN-E608-WIFI-64
>> 32 RAMSIZE (256) DISABLEWARNING (16, 15, 13) CODE (0X0000-0X7FFF) XDATA (0X0000-0X02FF)




PROGRAM RECURSIONS REMOVED FROM CALL TREE
=========================================
+--> ?CO?STATE_STANDBY
|  | ?PR?_KEYACTIONDEAL?STATE_STANDBY
|  | ?CO?STATE_WORK
<--+ ?PR?_TIMETICK?STATE_WORK



MEMORY MODEL: LARGE WITH FLOATING POINT ARITHMETIC


INPUT MODULES INCLUDED:
  .\it.obj (IT)
  startup.obj (?C_STARTUP)
  .\main.obj (MAIN)
  .\bsp_init.obj (BSP_INIT)
  .\aip1944.obj (AIP1944)
  .\display.obj (DISPLAY)
  .\buzzer.obj (BUZZER)
  .\ir.obj (IR)
  .\humidity.obj (HUMIDITY)
  .\dust.obj (DUST)
  .\motor.obj (MOTOR)
  .\system.obj (SYSTEM)
  .\key.obj (KEY)
  .\fifo.obj (FIFO)
  .\protocol.obj (PROTOCOL)
  .\uart.obj (UART)
  .\fsm.obj (FSM)
  .\state_test.obj (STATE_TEST)
  .\state_startup.obj (STATE_STARTUP)
  .\state_standby.obj (STATE_STANDBY)
  .\state_clockSetting.obj (STATE_CLOCKSETTING)
  .\state_echeck.obj (STATE_ECHECK)
  .\state_timerSetting.obj (STATE_TIMERSETTING)
  .\state_timerFnSetting.obj (STATE_TIMERFNSETTING)
  .\state_timerLookup.obj (STATE_TIMERLOOKUP)
  .\state_work.obj (STATE_WORK)
  C:\KEIL_V5\C51\LIB\C51FPL.LIB (?C?FPMUL)
  C:\KEIL_V5\C51\LIB\C51FPL.LIB (?C?FCAST)
  C:\KEIL_V5\C51\LIB\C51FPL.LIB (?C?CASTF)
  C:\KEIL_V5\C51\LIB\C51FPL.LIB (?C?FPGETOPN)
  C:\KEIL_V5\C51\LIB\C51L.LIB (?C_INIT)
  C:\KEIL_V5\C51\LIB\C51L.LIB (?C?CLDPTR)
  C:\KEIL_V5\C51\LIB\C51L.LIB (?C?CLDOPTR)
  C:\KEIL_V5\C51\LIB\C51L.LIB (?C?CSTPTR)
  C:\KEIL_V5\C51\LIB\C51L.LIB (?C?CSTOPTR)
BL51 BANKED LINKER/LOCATER V6.22                                                      10/13/2015  15:22:36  PAGE 2


  C:\KEIL_V5\C51\LIB\C51L.LIB (?C?UIDIV)
  C:\KEIL_V5\C51\LIB\C51L.LIB (?C?ILDOPTR)
  C:\KEIL_V5\C51\LIB\C51L.LIB (?C?ULDIV)
  C:\KEIL_V5\C51\LIB\C51L.LIB (?C?LNEG)
  C:\KEIL_V5\C51\LIB\C51L.LIB (?C?ULCMP)
  C:\KEIL_V5\C51\LIB\C51L.LIB (?C?LSTXDATA)
  C:\KEIL_V5\C51\LIB\C51L.LIB (?C?LSTKXDATA)
  C:\KEIL_V5\C51\LIB\C51L.LIB (?C?OFFXADD)
  C:\KEIL_V5\C51\LIB\C51L.LIB (?C?ICALL)


LINK MAP OF MODULE:  YTN-E608-WIFI-6432 (IT)


            TYPE    BASE      LENGTH    RELOCATION   SEGMENT NAME
            -----------------------------------------------------

            * * * * * * *   D A T A   M E M O R Y   * * * * * * *
            REG     0000H     0008H     ABSOLUTE     "REG BANK 0"
            IDATA   0008H     000BH     UNIT         ?ID?IT
            IDATA   0013H     0003H     UNIT         ?ID?MAIN
            IDATA   0016H     0003H     UNIT         ?ID?HUMIDITY
                    0019H     0007H                  *** GAP ***
            BIT     0020H.0   0000H.7   UNIT         _BIT_GROUP_
            BIT     0020H.7   0000H.6   UNIT         ?BI?SYSTEM
            BIT     0021H.5   0000H.3   UNIT         ?BI?DISPLAY
            BIT     0022H.0   0000H.3   UNIT         ?BI?MOTOR
            BIT     0022H.3   0000H.2   UNIT         ?BI?DUST
            BIT     0022H.5   0000H.2   UNIT         ?BI?UART
            BIT     0022H.7   0000H.1   UNIT         ?BI?BUZZER
            BIT     0023H.0   0000H.1   UNIT         ?BI?IR
            BIT     0023H.1   0000H.1   UNIT         ?BI?HUMIDITY
            BIT     0023H.2   0000H.1   UNIT         ?BI?KEY
            BIT     0023H.3   0000H.1   UNIT         ?BI?PROTOCOL
            BIT     0023H.4   0000H.1   UNIT         ?BI?STATE_STANDBY
            BIT     0023H.5   0000H.1   UNIT         ?BI?STATE_ECHECK
            BIT     0023H.6   0000H.1   UNIT         ?BI?STATE_WORK
                    0023H.7   0000H.1                *** GAP ***
            IDATA   0024H     0001H     UNIT         ?STACK

            * * * * * * *  X D A T A   M E M O R Y  * * * * * * *
            XDATA   0000H     00D8H     UNIT         ?XD?UART
            XDATA   00D8H     0078H     UNIT         ?XD?SYSTEM
            XDATA   0150H     0042H     UNIT         ?XD?DISPLAY
            XDATA   0192H     0017H     UNIT         _XDATA_GROUP_
            XDATA   01A9H     0015H     UNIT         ?XD?DUST
            XDATA   01BEH     0011H     UNIT         ?XD?HUMIDITY
            XDATA   01CFH     0011H     UNIT         ?XD?STATE_WORK
            XDATA   01E0H     0008H     UNIT         ?XD?MOTOR
            XDATA   01E8H     0004H     UNIT         ?XD?IT
            XDATA   01ECH     0004H     UNIT         ?XD?BUZZER
            XDATA   01F0H     0004H     UNIT         ?XD?KEY
            XDATA   01F4H     0004H     UNIT         ?XD?PROTOCOL
            XDATA   01F8H     0002H     UNIT         ?XD?IR
            XDATA   01FAH     0002H     UNIT         ?XD?FSM
            XDATA   01FCH     0002H     UNIT         ?XD?STATE_STANDBY
            XDATA   01FEH     0001H     UNIT         ?XD?AIP1944
BL51 BANKED LINKER/LOCATER V6.22                                                      10/13/2015  15:22:36  PAGE 3


            XDATA   01FFH     0001H     UNIT         ?XD?STATE_CLOCKSETTING
            XDATA   0200H     0001H     UNIT         ?XD?STATE_TIMERSETTING
            XDATA   0201H     0001H     UNIT         ?XD?STATE_TIMERLOOKUP

            * * * * * * *   C O D E   M E M O R Y   * * * * * * *
            CODE    0000H     0003H     ABSOLUTE     
            CODE    0003H     0018H     UNIT         ?PR?TIMER1_INIT?BSP_INIT
            CODE    001BH     0003H     ABSOLUTE     
            CODE    001EH     0005H     UNIT         ?PR?CMD_GET_SYS_STA_DEAL?PROTOCOL
            CODE    0023H     0003H     ABSOLUTE     
            CODE    0026H     0044H     UNIT         ?PR?UART_SENDSTARTUP?UART
            CODE    006AH     0001H     UNIT         ?PR?CMD_DUMMY_DEAL?PROTOCOL
            CODE    006BH     0003H     ABSOLUTE     
            CODE    006EH     0034H     UNIT         ?PR?_DISPLAY_SPLEVEL?DISPLAY
            CODE    00A2H     0001H     UNIT         ?PR?TASK_DONOTHING?FSM
            CODE    00A3H     0003H     ABSOLUTE     
            CODE    00A6H     000DH     UNIT         ?PR?BIT_INIT?BSP_INIT
            CODE    00B3H     0003H     ABSOLUTE     
            CODE    00B6H     0AE7H     UNIT         ?CO?HUMIDITY
            CODE    0B9DH     0557H     UNIT         ?PR?_TIMETICK?STATE_WORK
            CODE    10F4H     0417H     UNIT         ?PR?_PROTOCOL_STARESP?PROTOCOL
            CODE    150BH     0408H     UNIT         ?C?LIB_CODE
            CODE    1913H     02CDH     UNIT         ?PR?_DISPLAYCONTROL?STATE_WORK
            CODE    1BE0H     01B3H     UNIT         ?PR?_KEYACTIONDEAL?STATE_TIMERSETTING
            CODE    1D93H     01ABH     UNIT         ?PR?CMD_GET_DEVICE_INFO_DEAL?PROTOCOL
            CODE    1F3EH     01A5H     UNIT         ?PR?MOTOR_CTR?MOTOR
            CODE    20E3H     01A1H     UNIT         ?PR?PROTOCOL_TASK?PROTOCOL
            CODE    2284H     019BH     UNIT         ?PR?INT_BIT?IT
            CODE    241FH     016EH     UNIT         ?PR?_IRDATADEAL?STATE_WORK
            CODE    258DH     015FH     UNIT         ?PR?CMD_GET_PM_DATAS_DEAL?PROTOCOL
            CODE    26ECH     0148H     UNIT         ?PR?_DISPLAYCONTROL?STATE_TIMERSETTING
            CODE    2834H     011EH     UNIT         ?PR?_DISPLAYCONTROL?STATE_TIMERLOOKUP
            CODE    2952H     0117H     UNIT         ?CO?DISPLAY
            CODE    2A69H     010FH     UNIT         ?PR?_IRDATADEAL?STATE_STANDBY
            CODE    2B78H     010EH     UNIT         ?PR?_TIMETICK?STATE_STANDBY
            CODE    2C86H     0107H     UNIT         ?PR?_DISPLAYCONTROL?STATE_STANDBY
            CODE    2D8DH     0104H     UNIT         ?PR?INT_WT?IT
            CODE    2E91H     0102H     UNIT         ?PR?_DISPLAY_DUSTDATA?DISPLAY
            CODE    2F93H     00FEH     UNIT         ?PR?_DISPLAY_SHOWNUMINRTCAREA?DISPLAY
            CODE    3091H     00FEH     UNIT         ?PR?_HUMIDITY_AD2H?HUMIDITY
            CODE    318FH     00FAH     UNIT         ?PR?_DISPLAYCONTROL?STATE_TEST
            CODE    3289H     00FAH     UNIT         ?PR?_KEYACTIONDEAL?STATE_WORK
            CODE    3383H     00F3H     UNIT         ?PR?SYS_UPDATETIMERONINDEX?SYSTEM
            CODE    3476H     00E7H     UNIT         ?PR?_KEYACTIONDEAL?STATE_STANDBY
            CODE    355DH     00E3H     UNIT         ?PR?PROTOCOL_RESETWIFIMODE?PROTOCOL
            CODE    3640H     00D1H     UNIT         ?PR?MAIN?MAIN
            CODE    3711H     00CEH     UNIT         ?PR?_DISPLAY_SHOWRT?DISPLAY
            CODE    37DFH     00CCH     UNIT         ?PR?KEY_ACTIONDETECT?KEY
            CODE    38ABH     00BAH     UNIT         ?PR?DUST_LEVELUPDATE?DUST
            CODE    3965H     00B2H     UNIT         ?PR?DISPLAY_LEDDRIVE?DISPLAY
            CODE    3A17H     00ADH     UNIT         ?PR?DUST_DATAUPDATE?DUST
            CODE    3AC4H     00ADH     UNIT         ?PR?CMD_GET_ENE_DATAS_DEAL?PROTOCOL
            CODE    3B71H     00ACH     UNIT         ?PR?INT_USI1_RX?IT
            CODE    3C1DH     00A3H     UNIT         ?PR?PROTOCOL_ENTERATMODE?PROTOCOL
            CODE    3CC0H     00A0H     UNIT         ?PR?HUMIDITY_GETCURRENTH?HUMIDITY
            CODE    3D60H     009AH     UNIT         ?C_C51STARTUP
            CODE    3DFAH     0090H     UNIT         ?PR?CMD_REST_DEAL?PROTOCOL
BL51 BANKED LINKER/LOCATER V6.22                                                      10/13/2015  15:22:36  PAGE 4


            CODE    3E8AH     008FH     UNIT         ?PR?INT_USI1_TX?IT
            CODE    3F19H     008DH     UNIT         ?PR?_ENTEREVENTDEAL?STATE_WORK
            CODE    3FA6H     0089H     UNIT         ?PR?HUMIDITY_GETCURRENTT?HUMIDITY
            CODE    402FH     007EH     UNIT         ?PR?_KEYACTIONDEAL?STATE_CLOCKSETTING
            CODE    40ADH     007AH     UNIT         ?PR?CMD_TIMER_CTR_DEAL?PROTOCOL
            CODE    4127H     0075H     UNIT         ?PR?_HUMIDITY_GETH?HUMIDITY
            CODE    419CH     0064H     UNIT         ?PR?_MOTORCTR?STATE_WORK
            CODE    4200H     0061H     UNIT         ?PR?_ENQUEUE?FIFO
            CODE    4261H     005FH     UNIT         ?PR?_DISPLAY_SHOWTEMPERATURE?DISPLAY
            CODE    42C0H     005FH     UNIT         ?PR?_DISPLAY_SHOWHUMIDITY?DISPLAY
            CODE    431FH     005DH     UNIT         ?PR?_DEQUEUE?FIFO
            CODE    437CH     0053H     UNIT         ?PR?SYS_LOADCTR?SYSTEM
            CODE    43CFH     0053H     UNIT         ?PR?KEY_READ?KEY
            CODE    4422H     0052H     UNIT         ?PR?_STATE_TRANSITIONTO?FSM
            CODE    4474H     0051H     UNIT         ?PR?PORT_INIT?BSP_INIT
            CODE    44C5H     0050H     UNIT         ?PR?_AIP1944_WRITEDISPDATAS?AIP1944
            CODE    4515H     004BH     UNIT         ?PR?DUST_GETRTLEVEL?DUST
            CODE    4560H     004BH     UNIT         ?CO?PROTOCOL
            CODE    45ABH     004AH     UNIT         ?PR?_DISPLAY_CIRCLERUN?DISPLAY
            CODE    45F5H     0046H     UNIT         ?PR?CMD_FAN_CTR_DEAL?PROTOCOL
            CODE    463BH     0043H     UNIT         ?PR?BUZZ_CTR?BUZZER
            CODE    467EH     0043H     UNIT         ?PR?CMD_RT_SET_DEAL?PROTOCOL
            CODE    46C1H     0041H     UNIT         ?PR?_TASKEXE?STATE_WORK
            CODE    4702H     003EH     UNIT         ?PR?_DISPLAY_DUSTLEVEL?DISPLAY
            CODE    4740H     003CH     UNIT         ?PR?_KEYACTIONDEAL?STATE_ECHECK
            CODE    477CH     003AH     UNIT         ?PR?_KEYACTIONDEAL?STATE_TIMERLOOKUP
            CODE    47B6H     0039H     UNIT         ?PR?_QUEUEISFULL?FIFO
            CODE    47EFH     0034H     UNIT         ?PR?UART_MEMORYINIT?UART
            CODE    4823H     0034H     UNIT         ?PR?_DISPLAYCONTROL?STATE_TIMERFNSETTING
            CODE    4857H     0033H     UNIT         ?PR?DISPLAY_CTR?DISPLAY
            CODE    488AH     0033H     UNIT         ?PR?GETNEXTACTIVETIMERINDEX?STATE_TIMERLOOKUP
            CODE    48BDH     0030H     UNIT         ?PR?INITALL?MAIN
            CODE    48EDH     002FH     UNIT         ?PR?_ENTEREVENTDEAL?STATE_STANDBY
            CODE    491CH     002EH     UNIT         ?PR?BSP_INIT?BSP_INIT
            CODE    494AH     002EH     UNIT         ?PR?SYS_ENTERSTOPMODE?SYSTEM
            CODE    4978H     002DH     UNIT         ?C_INITSEG
            CODE    49A5H     002CH     UNIT         ?PR?_DISPLAYCONTROL?STATE_CLOCKSETTING
            CODE    49D1H     002BH     UNIT         ?PR?CMD_POWER_CTR_DEAL?PROTOCOL
            CODE    49FCH     002BH     UNIT         ?PR?_DISPLAYCONTROL?STATE_ECHECK
            CODE    4A27H     0020H     UNIT         ?PR?DISPLAY_SETLINE?DISPLAY
            CODE    4A47H     001FH     UNIT         ?PR?_KEYACTIONDEAL?STATE_TIMERFNSETTING
            CODE    4A66H     001EH     UNIT         ?CO?SYSTEM
            CODE    4A84H     001DH     UNIT         ?PR?_MOTOR_RUN?MOTOR
            CODE    4AA1H     001DH     UNIT         ?PR?CMD_AION_CTR_DEAL?PROTOCOL
            CODE    4ABEH     001DH     UNIT         ?PR?CMD_UV_CTR_DEAL?PROTOCOL
            CODE    4ADBH     001BH     UNIT         ?PR?_BUZZ_SET?BUZZER
            CODE    4AF6H     001BH     UNIT         ?PR?CMD_MEM_SET_DEAL?PROTOCOL
            CODE    4B11H     001BH     UNIT         ?CO?FSM
            CODE    4B2CH     001BH     UNIT         ?CO?STATE_TEST
            CODE    4B47H     001BH     UNIT         ?CO?STATE_STARTUP
            CODE    4B62H     001BH     UNIT         ?CO?STATE_STANDBY
            CODE    4B7DH     001BH     UNIT         ?CO?STATE_CLOCKSETTING
            CODE    4B98H     001BH     UNIT         ?CO?STATE_ECHECK
            CODE    4BB3H     001BH     UNIT         ?CO?STATE_TIMERSETTING
            CODE    4BCEH     001BH     UNIT         ?CO?STATE_TIMERFNSETTING
            CODE    4BE9H     001BH     UNIT         ?PR?_ENTEREVENTDEAL?STATE_TIMERLOOKUP
            CODE    4C04H     001BH     UNIT         ?CO?STATE_TIMERLOOKUP
BL51 BANKED LINKER/LOCATER V6.22                                                      10/13/2015  15:22:36  PAGE 5


            CODE    4C1FH     001BH     UNIT         ?CO?STATE_WORK
            CODE    4C3AH     001AH     UNIT         ?PR?_AIP1944_WRITEBYTE?AIP1944
            CODE    4C54H     001AH     UNIT         ?PR?_QUEUELEN?FIFO
            CODE    4C6EH     0019H     UNIT         ?PR?CMD_WIFI_STA_CHANGE_DEAL?PROTOCOL
            CODE    4C87H     0018H     UNIT         ?PR?_TIMETICK?STATE_STARTUP
            CODE    4C9FH     0018H     UNIT         ?PR?_TIMETICK?STATE_CLOCKSETTING
            CODE    4CB7H     0018H     UNIT         ?PR?_TIMETICK?STATE_ECHECK
            CODE    4CCFH     0018H     UNIT         ?PR?_TIMETICK?STATE_TIMERSETTING
            CODE    4CE7H     0018H     UNIT         ?PR?_TIMETICK?STATE_TIMERFNSETTING
            CODE    4CFFH     0018H     UNIT         ?PR?_TIMETICK?STATE_TIMERLOOKUP
            CODE    4D17H     0016H     UNIT         ?PR?UART_INIT?BSP_INIT
            CODE    4D2DH     0016H     UNIT         ?PR?_UTILS_GETADVALUE?HUMIDITY
            CODE    4D43H     0016H     UNIT         ?PR?CMD_FIX_CTR_DEAL?PROTOCOL
            CODE    4D59H     0016H     UNIT         ?PR?CMD_CLEAN_CTR_DEAL?PROTOCOL
            CODE    4D6FH     0015H     UNIT         ?PR?_QUEUEISEMPTY?FIFO
            CODE    4D84H     0014H     UNIT         ?PR?_DISPLAY_SETALL?DISPLAY
            CODE    4D98H     0014H     UNIT         ?PR?_HUMIDITY_AD2T?HUMIDITY
            CODE    4DACH     0014H     UNIT         ?PR?DUST_DEVICEINIT?DUST
            CODE    4DC0H     0013H     UNIT         ?PR?INT_TIMER0?IT
            CODE    4DD3H     0012H     UNIT         ?PR?_BUZ_ONOFF?BSP_INIT
            CODE    4DE5H     0012H     UNIT         ?PR?BUZZ_DEVICEINIT?BUZZER
            CODE    4DF7H     0010H     UNIT         ?PR?HUMIDITY_DEVICEINIT?HUMIDITY
            CODE    4E07H     0010H     UNIT         ?PR?HOURDEC?STATE_CLOCKSETTING
            CODE    4E17H     0010H     UNIT         ?PR?MINDEC?STATE_CLOCKSETTING
            CODE    4E27H     000FH     UNIT         ?PR?_ADC_START?BSP_INIT
            CODE    4E36H     000FH     UNIT         ?PR?HOURINC?STATE_CLOCKSETTING
            CODE    4E45H     000FH     UNIT         ?PR?MININC?STATE_CLOCKSETTING
            CODE    4E54H     000EH     UNIT         ?PR?_INITQUEUE?FIFO
            CODE    4E62H     000EH     UNIT         ?PR?_ENTEREVENTDEAL?STATE_STARTUP
            CODE    4E70H     000DH     UNIT         ?PR?TIMER0_INIT?BSP_INIT
            CODE    4E7DH     000DH     UNIT         ?PR?WT_INIT?BSP_INIT
            CODE    4E8AH     000CH     UNIT         ?PR?_ENTEREVENTDEAL?STATE_TIMERSETTING
            CODE    4E96H     000AH     UNIT         ?PR?MOTOR_STOP?MOTOR
            CODE    4EA0H     000AH     UNIT         ?PR?_DISPLAYCONTROL?STATE_STARTUP
            CODE    4EAAH     000AH     UNIT         ?PR?_ENTEREVENTDEAL?STATE_CLOCKSETTING
            CODE    4EB4H     0009H     UNIT         ?PR?WDT_INIT?BSP_INIT
            CODE    4EBDH     0009H     UNIT         ?PR?UART_RXDATSDEAL?UART
            CODE    4EC6H     0008H     UNIT         ?PR?LCD_INIT?BSP_INIT
            CODE    4ECEH     0008H     UNIT         ?PR?PROTOCOL_INIT?PROTOCOL
            CODE    4ED6H     0008H     UNIT         ?PR?_ENTEREVENTDEAL?STATE_ECHECK
            CODE    4EDEH     0007H     UNIT         ?PR?ADC_INIT?BSP_INIT
            CODE    4EE5H     0007H     UNIT         ?PR?BUZ_INIT?BSP_INIT
            CODE    4EECH     0007H     UNIT         ?PR?CLOCK_INIT?BSP_INIT
            CODE    4EF3H     0006H     UNIT         ?PR?_ENTEREVENTDEAL?STATE_TIMERFNSETTING
            CODE    4EF9H     0004H     UNIT         ?PR?WDT_CLEAR?BSP_INIT
            CODE    4EFDH     0003H     UNIT         ?PR?_MOTORCTR?STATE_STARTUP
            CODE    4F00H     0003H     UNIT         ?PR?_MOTORCTR?STATE_STANDBY
            CODE    4F03H     0003H     UNIT         ?PR?_MOTORCTR?STATE_CLOCKSETTING
            CODE    4F06H     0003H     UNIT         ?PR?_MOTORCTR?STATE_ECHECK
            CODE    4F09H     0003H     UNIT         ?PR?_MOTORCTR?STATE_TIMERSETTING
            CODE    4F0CH     0003H     UNIT         ?PR?_MOTORCTR?STATE_TIMERFNSETTING
            CODE    4F0FH     0003H     UNIT         ?PR?_MOTORCTR?STATE_TIMERLOOKUP
            CODE    4F12H     0001H     UNIT         ?PR?_KEYACTIONDEAL?STATE_TEST
            CODE    4F13H     0001H     UNIT         ?PR?_TASKEXE?STATE_TEST
            CODE    4F14H     0001H     UNIT         ?PR?_TIMETICK?STATE_TEST
            CODE    4F15H     0001H     UNIT         ?PR?_MOTORCTR?STATE_TEST
            CODE    4F16H     0001H     UNIT         ?PR?_IRDATADEAL?STATE_TEST
BL51 BANKED LINKER/LOCATER V6.22                                                      10/13/2015  15:22:36  PAGE 6


            CODE    4F17H     0001H     UNIT         ?PR?_RXDATADEAL?STATE_TEST
            CODE    4F18H     0001H     UNIT         ?PR?_ENTEREVENTDEAL?STATE_TEST
            CODE    4F19H     0001H     UNIT         ?PR?_EXITEVENTDEAL?STATE_TEST
            CODE    4F1AH     0001H     UNIT         ?PR?_KEYACTIONDEAL?STATE_STARTUP
            CODE    4F1BH     0001H     UNIT         ?PR?_TASKEXE?STATE_STARTUP
            CODE    4F1CH     0001H     UNIT         ?PR?_IRDATADEAL?STATE_STARTUP
            CODE    4F1DH     0001H     UNIT         ?PR?_RXDATADEAL?STATE_STARTUP
            CODE    4F1EH     0001H     UNIT         ?PR?_EXITEVENTDEAL?STATE_STARTUP
            CODE    4F1FH     0001H     UNIT         ?PR?_TASKEXE?STATE_STANDBY
            CODE    4F20H     0001H     UNIT         ?PR?_RXDATADEAL?STATE_STANDBY
            CODE    4F21H     0001H     UNIT         ?PR?_EXITEVENTDEAL?STATE_STANDBY
            CODE    4F22H     0001H     UNIT         ?PR?_TASKEXE?STATE_CLOCKSETTING
            CODE    4F23H     0001H     UNIT         ?PR?_IRDATADEAL?STATE_CLOCKSETTING
            CODE    4F24H     0001H     UNIT         ?PR?_RXDATADEAL?STATE_CLOCKSETTING
            CODE    4F25H     0001H     UNIT         ?PR?_EXITEVENTDEAL?STATE_CLOCKSETTING
            CODE    4F26H     0001H     UNIT         ?PR?_TASKEXE?STATE_ECHECK
            CODE    4F27H     0001H     UNIT         ?PR?_IRDATADEAL?STATE_ECHECK
            CODE    4F28H     0001H     UNIT         ?PR?_RXDATADEAL?STATE_ECHECK
            CODE    4F29H     0001H     UNIT         ?PR?_EXITEVENTDEAL?STATE_ECHECK
            CODE    4F2AH     0001H     UNIT         ?PR?_TASKEXE?STATE_TIMERSETTING
            CODE    4F2BH     0001H     UNIT         ?PR?_IRDATADEAL?STATE_TIMERSETTING
            CODE    4F2CH     0001H     UNIT         ?PR?_RXDATADEAL?STATE_TIMERSETTING
            CODE    4F2DH     0001H     UNIT         ?PR?_EXITEVENTDEAL?STATE_TIMERSETTING
            CODE    4F2EH     0001H     UNIT         ?PR?_TASKEXE?STATE_TIMERFNSETTING
            CODE    4F2FH     0001H     UNIT         ?PR?_IRDATADEAL?STATE_TIMERFNSETTING
            CODE    4F30H     0001H     UNIT         ?PR?_RXDATADEAL?STATE_TIMERFNSETTING
            CODE    4F31H     0001H     UNIT         ?PR?_EXITEVENTDEAL?STATE_TIMERFNSETTING
            CODE    4F32H     0001H     UNIT         ?PR?_TASKEXE?STATE_TIMERLOOKUP
            CODE    4F33H     0001H     UNIT         ?PR?_IRDATADEAL?STATE_TIMERLOOKUP
            CODE    4F34H     0001H     UNIT         ?PR?_RXDATADEAL?STATE_TIMERLOOKUP
            CODE    4F35H     0001H     UNIT         ?PR?_EXITEVENTDEAL?STATE_TIMERLOOKUP
            CODE    4F36H     0001H     UNIT         ?PR?_RXDATADEAL?STATE_WORK
            CODE    4F37H     0001H     UNIT         ?PR?_EXITEVENTDEAL?STATE_WORK



OVERLAY MAP OF MODULE:   YTN-E608-WIFI-6432 (IT)


SEGMENT                                             BIT_GROUP          XDATA_GROUP
  +--> CALLED SEGMENT                            START    LENGTH     START    LENGTH
------------------------------------------------------------------------------------
?PR?INT_WT?IT                                    -----    -----      -----    -----
  +--> ?PR?INITALL?MAIN

?PR?INITALL?MAIN                                 -----    -----      -----    -----
  +--> ?PR?BSP_INIT?BSP_INIT
  +--> ?PR?BUZZ_DEVICEINIT?BUZZER
  +--> ?PR?UART_MEMORYINIT?UART
  +--> ?PR?PROTOCOL_INIT?PROTOCOL
  +--> ?PR?HUMIDITY_DEVICEINIT?HUMIDITY
  +--> ?PR?DUST_DEVICEINIT?DUST
  +--> ?CO?STATE_STARTUP
  +--> ?PR?_STATE_TRANSITIONTO?FSM
  +--> ?PR?_BUZZ_SET?BUZZER

?PR?BSP_INIT?BSP_INIT                            -----    -----      -----    -----
BL51 BANKED LINKER/LOCATER V6.22                                                      10/13/2015  15:22:36  PAGE 7


  +--> ?PR?PORT_INIT?BSP_INIT
  +--> ?PR?CLOCK_INIT?BSP_INIT
  +--> ?PR?WT_INIT?BSP_INIT
  +--> ?PR?ADC_INIT?BSP_INIT
  +--> ?PR?BIT_INIT?BSP_INIT
  +--> ?PR?BUZ_INIT?BSP_INIT
  +--> ?PR?LCD_INIT?BSP_INIT
  +--> ?PR?TIMER0_INIT?BSP_INIT
  +--> ?PR?TIMER1_INIT?BSP_INIT
  +--> ?PR?UART_INIT?BSP_INIT

?PR?UART_MEMORYINIT?UART                         -----    -----      -----    -----
  +--> ?PR?_INITQUEUE?FIFO

?PR?HUMIDITY_DEVICEINIT?HUMIDITY                 -----    -----      -----    -----
  +--> ?PR?_UTILS_GETADVALUE?HUMIDITY
  +--> ?PR?_HUMIDITY_AD2T?HUMIDITY
  +--> ?PR?_HUMIDITY_AD2H?HUMIDITY

?PR?_HUMIDITY_AD2T?HUMIDITY                      -----    -----      -----    -----
  +--> ?CO?HUMIDITY

?PR?_HUMIDITY_AD2H?HUMIDITY                      -----    -----      019AH    0003H
  +--> ?PR?_HUMIDITY_GETH?HUMIDITY

?PR?_HUMIDITY_GETH?HUMIDITY                      -----    -----      019DH    0003H
  +--> ?CO?HUMIDITY

?CO?STATE_STARTUP                                -----    -----      -----    -----
  +--> ?PR?_KEYACTIONDEAL?STATE_STARTUP
  +--> ?PR?_DISPLAYCONTROL?STATE_STARTUP
  +--> ?PR?_TASKEXE?STATE_STARTUP
  +--> ?PR?_TIMETICK?STATE_STARTUP
  +--> ?PR?_MOTORCTR?STATE_STARTUP
  +--> ?PR?_IRDATADEAL?STATE_STARTUP
  +--> ?PR?_RXDATADEAL?STATE_STARTUP
  +--> ?PR?_ENTEREVENTDEAL?STATE_STARTUP
  +--> ?PR?_EXITEVENTDEAL?STATE_STARTUP

?PR?_DISPLAYCONTROL?STATE_STARTUP                -----    -----      -----    -----
  +--> ?PR?_DISPLAY_SETALL?DISPLAY

?PR?_TIMETICK?STATE_STARTUP                      -----    -----      -----    -----
  +--> ?CO?STATE_STANDBY
  +--> ?PR?_STATE_TRANSITIONTO?FSM

?CO?STATE_STANDBY                                -----    -----      -----    -----
  +--> ?PR?_KEYACTIONDEAL?STATE_STANDBY
  +--> ?PR?_DISPLAYCONTROL?STATE_STANDBY
  +--> ?PR?_TASKEXE?STATE_STANDBY
  +--> ?PR?_TIMETICK?STATE_STANDBY
  +--> ?PR?_MOTORCTR?STATE_STANDBY
  +--> ?PR?_IRDATADEAL?STATE_STANDBY
  +--> ?PR?_RXDATADEAL?STATE_STANDBY
  +--> ?PR?_ENTEREVENTDEAL?STATE_STANDBY
  +--> ?PR?_EXITEVENTDEAL?STATE_STANDBY

BL51 BANKED LINKER/LOCATER V6.22                                                      10/13/2015  15:22:36  PAGE 8


?PR?_KEYACTIONDEAL?STATE_STANDBY                 -----    -----      -----    -----
  +--> ?PR?_BUZZ_SET?BUZZER
  +--> ?CO?STATE_WORK
  +--> ?CO?STATE_ECHECK
  +--> ?CO?STATE_TIMERLOOKUP
  +--> ?CO?STATE_CLOCKSETTING
  +--> ?CO?STATE_TIMERSETTING
  +--> ?CO?STATE_TIMERFNSETTING
  +--> ?PR?_STATE_TRANSITIONTO?FSM
  +--> ?PR?PROTOCOL_ENTERATMODE?PROTOCOL

?CO?STATE_WORK                                   -----    -----      -----    -----
  +--> ?PR?_KEYACTIONDEAL?STATE_WORK
  +--> ?PR?_DISPLAYCONTROL?STATE_WORK
  +--> ?PR?_TASKEXE?STATE_WORK
  +--> ?PR?_TIMETICK?STATE_WORK
  +--> ?PR?_MOTORCTR?STATE_WORK
  +--> ?PR?_IRDATADEAL?STATE_WORK
  +--> ?PR?_RXDATADEAL?STATE_WORK
  +--> ?PR?_ENTEREVENTDEAL?STATE_WORK
  +--> ?PR?_EXITEVENTDEAL?STATE_WORK

?PR?_KEYACTIONDEAL?STATE_WORK                    -----    -----      -----    -----
  +--> ?PR?_STATE_TRANSITIONTO?FSM
  +--> ?PR?_BUZZ_SET?BUZZER

?PR?_STATE_TRANSITIONTO?FSM                      0020H.4  0000H.2    019EH    0002H

?PR?_DISPLAYCONTROL?STATE_WORK                   -----    -----      -----    -----
  +--> ?PR?_DISPLAY_SPLEVEL?DISPLAY
  +--> ?PR?DISPLAY_SETLINE?DISPLAY
  +--> ?PR?_DISPLAY_DUSTDATA?DISPLAY
  +--> ?PR?_DISPLAY_DUSTLEVEL?DISPLAY
  +--> ?PR?_DISPLAY_SHOWTEMPERATURE?DISPLAY
  +--> ?PR?_DISPLAY_SHOWHUMIDITY?DISPLAY
  +--> ?PR?_DISPLAY_SHOWRT?DISPLAY
  +--> ?PR?_DISPLAY_CIRCLERUN?DISPLAY
  +--> ?CO?SYSTEM

?PR?_DISPLAY_DUSTDATA?DISPLAY                    -----    -----      019DH    0003H
  +--> ?CO?DISPLAY

?PR?_DISPLAY_SHOWTEMPERATURE?DISPLAY             -----    -----      -----    -----
  +--> ?CO?DISPLAY

?PR?_DISPLAY_SHOWHUMIDITY?DISPLAY                -----    -----      -----    -----
  +--> ?CO?DISPLAY

?PR?_DISPLAY_SHOWRT?DISPLAY                      0020H.5  0000H.2    -----    -----
  +--> ?CO?DISPLAY

?PR?_TIMETICK?STATE_WORK                         -----    -----      019DH    0001H
  +--> ?PR?_STATE_TRANSITIONTO?FSM
  +--> ?PR?_BUZZ_SET?BUZZER
  +--> ?CO?SYSTEM

?PR?_MOTORCTR?STATE_WORK                         -----    -----      -----    -----
BL51 BANKED LINKER/LOCATER V6.22                                                      10/13/2015  15:22:36  PAGE 9


  +--> ?PR?MOTOR_STOP?MOTOR
  +--> ?PR?_MOTOR_RUN?MOTOR

?PR?_IRDATADEAL?STATE_WORK                       -----    -----      -----    -----
  +--> ?PR?_BUZZ_SET?BUZZER
  +--> ?PR?_STATE_TRANSITIONTO?FSM

?PR?_ENTEREVENTDEAL?STATE_WORK                   -----    -----      -----    -----
  +--> ?PR?DUST_DEVICEINIT?DUST

?CO?STATE_ECHECK                                 -----    -----      -----    -----
  +--> ?PR?_KEYACTIONDEAL?STATE_ECHECK
  +--> ?PR?_DISPLAYCONTROL?STATE_ECHECK
  +--> ?PR?_TASKEXE?STATE_ECHECK
  +--> ?PR?_TIMETICK?STATE_ECHECK
  +--> ?PR?_MOTORCTR?STATE_ECHECK
  +--> ?PR?_IRDATADEAL?STATE_ECHECK
  +--> ?PR?_RXDATADEAL?STATE_ECHECK
  +--> ?PR?_ENTEREVENTDEAL?STATE_ECHECK
  +--> ?PR?_EXITEVENTDEAL?STATE_ECHECK

?PR?_KEYACTIONDEAL?STATE_ECHECK                  -----    -----      -----    -----
  +--> ?PR?_BUZZ_SET?BUZZER

?PR?_DISPLAYCONTROL?STATE_ECHECK                 -----    -----      -----    -----
  +--> ?PR?_DISPLAY_SHOWNUMINRTCAREA?DISPLAY

?PR?_DISPLAY_SHOWNUMINRTCAREA?DISPLAY            -----    -----      019DH    0003H
  +--> ?CO?DISPLAY

?PR?_TIMETICK?STATE_ECHECK                       -----    -----      -----    -----
  +--> ?PR?_STATE_TRANSITIONTO?FSM

?PR?_MOTORCTR?STATE_ECHECK                       -----    -----      -----    -----
  +--> ?PR?MOTOR_STOP?MOTOR

?CO?STATE_TIMERLOOKUP                            -----    -----      -----    -----
  +--> ?PR?_KEYACTIONDEAL?STATE_TIMERLOOKUP
  +--> ?PR?_DISPLAYCONTROL?STATE_TIMERLOOKUP
  +--> ?PR?_TASKEXE?STATE_TIMERLOOKUP
  +--> ?PR?_TIMETICK?STATE_TIMERLOOKUP
  +--> ?PR?_MOTORCTR?STATE_TIMERLOOKUP
  +--> ?PR?_IRDATADEAL?STATE_TIMERLOOKUP
  +--> ?PR?_RXDATADEAL?STATE_TIMERLOOKUP
  +--> ?PR?_ENTEREVENTDEAL?STATE_TIMERLOOKUP
  +--> ?PR?_EXITEVENTDEAL?STATE_TIMERLOOKUP

?PR?_KEYACTIONDEAL?STATE_TIMERLOOKUP             -----    -----      -----    -----
  +--> ?PR?GETNEXTACTIVETIMERINDEX?STATE_TIM...
  +--> ?PR?_BUZZ_SET?BUZZER

?PR?GETNEXTACTIVETIMERINDEX?STATE_TIM...         -----    -----      -----    -----
  +--> ?CO?SYSTEM

?PR?_DISPLAYCONTROL?STATE_TIMERLOOKUP            -----    -----      -----    -----
  +--> ?PR?_DISPLAY_SHOWNUMINRTCAREA?DISPLAY
  +--> ?CO?SYSTEM
BL51 BANKED LINKER/LOCATER V6.22                                                      10/13/2015  15:22:36  PAGE 10


  +--> ?PR?_DISPLAY_SHOWRT?DISPLAY

?PR?_TIMETICK?STATE_TIMERLOOKUP                  -----    -----      -----    -----
  +--> ?PR?_STATE_TRANSITIONTO?FSM

?PR?_MOTORCTR?STATE_TIMERLOOKUP                  -----    -----      -----    -----
  +--> ?PR?MOTOR_STOP?MOTOR

?PR?_ENTEREVENTDEAL?STATE_TIMERLOOKUP            -----    -----      -----    -----
  +--> ?PR?GETNEXTACTIVETIMERINDEX?STATE_TIM...

?CO?STATE_CLOCKSETTING                           -----    -----      -----    -----
  +--> ?PR?_KEYACTIONDEAL?STATE_CLOCKSETTING
  +--> ?PR?_DISPLAYCONTROL?STATE_CLOCKSETTING
  +--> ?PR?_TASKEXE?STATE_CLOCKSETTING
  +--> ?PR?_TIMETICK?STATE_CLOCKSETTING
  +--> ?PR?_MOTORCTR?STATE_CLOCKSETTING
  +--> ?PR?_IRDATADEAL?STATE_CLOCKSETTING
  +--> ?PR?_RXDATADEAL?STATE_CLOCKSETTING
  +--> ?PR?_ENTEREVENTDEAL?STATE_CLOCKSETTING
  +--> ?PR?_EXITEVENTDEAL?STATE_CLOCKSETTING

?PR?_KEYACTIONDEAL?STATE_CLOCKSETTING            -----    -----      -----    -----
  +--> ?PR?HOURINC?STATE_CLOCKSETTING
  +--> ?PR?MININC?STATE_CLOCKSETTING
  +--> ?PR?HOURDEC?STATE_CLOCKSETTING
  +--> ?PR?MINDEC?STATE_CLOCKSETTING
  +--> ?PR?_BUZZ_SET?BUZZER

?PR?_DISPLAYCONTROL?STATE_CLOCKSETTING           -----    -----      -----    -----
  +--> ?PR?_DISPLAY_SHOWRT?DISPLAY

?PR?_TIMETICK?STATE_CLOCKSETTING                 -----    -----      -----    -----
  +--> ?PR?_STATE_TRANSITIONTO?FSM

?PR?_MOTORCTR?STATE_CLOCKSETTING                 -----    -----      -----    -----
  +--> ?PR?MOTOR_STOP?MOTOR

?CO?STATE_TIMERSETTING                           -----    -----      -----    -----
  +--> ?PR?_KEYACTIONDEAL?STATE_TIMERSETTING
  +--> ?PR?_DISPLAYCONTROL?STATE_TIMERSETTING
  +--> ?PR?_TASKEXE?STATE_TIMERSETTING
  +--> ?PR?_TIMETICK?STATE_TIMERSETTING
  +--> ?PR?_MOTORCTR?STATE_TIMERSETTING
  +--> ?PR?_IRDATADEAL?STATE_TIMERSETTING
  +--> ?PR?_RXDATADEAL?STATE_TIMERSETTING
  +--> ?PR?_ENTEREVENTDEAL?STATE_TIMERSETTING
  +--> ?PR?_EXITEVENTDEAL?STATE_TIMERSETTING

?PR?_KEYACTIONDEAL?STATE_TIMERSETTING            0020H.4  0000H.1    019DH    0003H
  +--> ?CO?SYSTEM
  +--> ?PR?_BUZZ_SET?BUZZER

?PR?_DISPLAYCONTROL?STATE_TIMERSETTING           0020H.4  0000H.1    -----    -----
  +--> ?PR?_DISPLAY_SHOWNUMINRTCAREA?DISPLAY
  +--> ?CO?SYSTEM
  +--> ?PR?_DISPLAY_SHOWRT?DISPLAY
BL51 BANKED LINKER/LOCATER V6.22                                                      10/13/2015  15:22:36  PAGE 11



?PR?_TIMETICK?STATE_TIMERSETTING                 -----    -----      -----    -----
  +--> ?PR?_STATE_TRANSITIONTO?FSM

?PR?_MOTORCTR?STATE_TIMERSETTING                 -----    -----      -----    -----
  +--> ?PR?MOTOR_STOP?MOTOR

?CO?STATE_TIMERFNSETTING                         -----    -----      -----    -----
  +--> ?PR?_KEYACTIONDEAL?STATE_TIMERFNSETTING
  +--> ?PR?_DISPLAYCONTROL?STATE_TIMERFNSETTING
  +--> ?PR?_TASKEXE?STATE_TIMERFNSETTING
  +--> ?PR?_TIMETICK?STATE_TIMERFNSETTING
  +--> ?PR?_MOTORCTR?STATE_TIMERFNSETTING
  +--> ?PR?_IRDATADEAL?STATE_TIMERFNSETTING
  +--> ?PR?_RXDATADEAL?STATE_TIMERFNSETTING
  +--> ?PR?_ENTEREVENTDEAL?STATE_TIMERFNSETTING
  +--> ?PR?_EXITEVENTDEAL?STATE_TIMERFNSETTING

?PR?_KEYACTIONDEAL?STATE_TIMERFNSETTING          -----    -----      -----    -----
  +--> ?PR?_BUZZ_SET?BUZZER

?PR?_TIMETICK?STATE_TIMERFNSETTING               -----    -----      -----    -----
  +--> ?PR?_STATE_TRANSITIONTO?FSM

?PR?_MOTORCTR?STATE_TIMERFNSETTING               -----    -----      -----    -----
  +--> ?PR?MOTOR_STOP?MOTOR

?PR?PROTOCOL_ENTERATMODE?PROTOCOL                -----    -----      -----    -----
  +--> ?PR?_ENQUEUE?FIFO
  +--> ?PR?UART_SENDSTARTUP?UART

?PR?_ENQUEUE?FIFO                                -----    -----      01A2H    0004H
  +--> ?PR?_QUEUEISFULL?FIFO

?PR?_QUEUEISFULL?FIFO                            -----    -----      01A6H    0003H

?PR?UART_SENDSTARTUP?UART                        -----    -----      -----    -----
  +--> ?PR?_QUEUELEN?FIFO
  +--> ?PR?_DEQUEUE?FIFO

?PR?_DEQUEUE?FIFO                                -----    -----      01A2H    0004H
  +--> ?PR?_QUEUEISEMPTY?FIFO

?PR?_DISPLAYCONTROL?STATE_STANDBY                -----    -----      -----    -----
  +--> ?PR?_DISPLAY_DUSTDATA?DISPLAY
  +--> ?PR?_DISPLAY_SHOWRT?DISPLAY

?PR?_TIMETICK?STATE_STANDBY                      -----    -----      -----    -----
  +--> ?PR?PROTOCOL_RESETWIFIMODE?PROTOCOL
  +--> ?CO?SYSTEM
  +--> ?PR?_BUZZ_SET?BUZZER
  +--> ?CO?STATE_WORK
  +--> ?PR?_STATE_TRANSITIONTO?FSM

?PR?PROTOCOL_RESETWIFIMODE?PROTOCOL              -----    -----      -----    -----
  +--> ?PR?_ENQUEUE?FIFO
  +--> ?PR?UART_SENDSTARTUP?UART
BL51 BANKED LINKER/LOCATER V6.22                                                      10/13/2015  15:22:36  PAGE 12



?PR?_MOTORCTR?STATE_STANDBY                      -----    -----      -----    -----
  +--> ?PR?MOTOR_STOP?MOTOR

?PR?_IRDATADEAL?STATE_STANDBY                    -----    -----      -----    -----
  +--> ?PR?_BUZZ_SET?BUZZER
  +--> ?CO?STATE_WORK
  +--> ?PR?_STATE_TRANSITIONTO?FSM

?PR?_ENTEREVENTDEAL?STATE_STANDBY                -----    -----      -----    -----
  +--> ?PR?SYS_UPDATETIMERONINDEX?SYSTEM

?PR?SYS_UPDATETIMERONINDEX?SYSTEM                -----    -----      019DH    0005H
  +--> ?CO?SYSTEM

?PR?_MOTORCTR?STATE_STARTUP                      -----    -----      -----    -----
  +--> ?PR?MOTOR_STOP?MOTOR

*** NEW ROOT ***************************************************

?PR?INT_BIT?IT                                   -----    -----      -----    -----
  +--> ?PR?DISPLAY_LEDDRIVE?DISPLAY

?PR?DISPLAY_LEDDRIVE?DISPLAY                     0020H.4  0000H.1    -----    -----

*** NEW ROOT ***************************************************

?C_C51STARTUP                                    -----    -----      -----    -----
  +--> ?PR?MAIN?MAIN
  +--> ?C_INITSEG

?PR?MAIN?MAIN                                    -----    -----      -----    -----
  +--> ?PR?INITALL?MAIN
  +--> ?PR?UART_RXDATSDEAL?UART
  +--> ?PR?_UTILS_GETADVALUE?HUMIDITY
  +--> ?PR?KEY_ACTIONDETECT?KEY
  +--> ?PR?DISPLAY_LEDDRIVE?DISPLAY
  +--> ?PR?BUZZ_CTR?BUZZER
  +--> ?PR?DUST_DATAUPDATE?DUST
  +--> ?PR?MOTOR_CTR?MOTOR
  +--> ?PR?SYS_LOADCTR?SYSTEM
  +--> ?PR?SYS_ENTERSTOPMODE?SYSTEM
  +--> ?PR?DISPLAY_CTR?DISPLAY
  +--> ?PR?HUMIDITY_GETCURRENTT?HUMIDITY
  +--> ?PR?HUMIDITY_GETCURRENTH?HUMIDITY
  +--> ?PR?DUST_LEVELUPDATE?DUST

?PR?UART_RXDATSDEAL?UART                         -----    -----      -----    -----
  +--> ?PR?PROTOCOL_TASK?PROTOCOL

?PR?PROTOCOL_TASK?PROTOCOL                       -----    -----      0199H    0004H
  +--> ?PR?CMD_DUMMY_DEAL?PROTOCOL
  +--> ?CO?PROTOCOL

?CO?PROTOCOL                                     -----    -----      -----    -----
  +--> ?PR?CMD_GET_SYS_STA_DEAL?PROTOCOL
  +--> ?PR?CMD_POWER_CTR_DEAL?PROTOCOL
BL51 BANKED LINKER/LOCATER V6.22                                                      10/13/2015  15:22:36  PAGE 13


  +--> ?PR?CMD_FAN_CTR_DEAL?PROTOCOL
  +--> ?PR?CMD_FIX_CTR_DEAL?PROTOCOL
  +--> ?PR?CMD_CLEAN_CTR_DEAL?PROTOCOL
  +--> ?PR?CMD_AION_CTR_DEAL?PROTOCOL
  +--> ?PR?CMD_UV_CTR_DEAL?PROTOCOL
  +--> ?PR?CMD_TIMER_CTR_DEAL?PROTOCOL
  +--> ?PR?CMD_GET_PM_DATAS_DEAL?PROTOCOL
  +--> ?PR?CMD_GET_ENE_DATAS_DEAL?PROTOCOL
  +--> ?PR?CMD_RT_SET_DEAL?PROTOCOL
  +--> ?PR?CMD_MEM_SET_DEAL?PROTOCOL
  +--> ?PR?CMD_REST_DEAL?PROTOCOL
  +--> ?PR?CMD_GET_DEVICE_INFO_DEAL?PROTOCOL
  +--> ?PR?CMD_WIFI_STA_CHANGE_DEAL?PROTOCOL

?PR?CMD_GET_SYS_STA_DEAL?PROTOCOL                -----    -----      -----    -----
  +--> ?PR?_PROTOCOL_STARESP?PROTOCOL

?PR?_PROTOCOL_STARESP?PROTOCOL                   -----    -----      019DH    0002H
  +--> ?PR?_ENQUEUE?FIFO
  +--> ?PR?UART_SENDSTARTUP?UART

?PR?CMD_POWER_CTR_DEAL?PROTOCOL                  -----    -----      -----    -----
  +--> ?CO?STATE_WORK
  +--> ?CO?STATE_STANDBY
  +--> ?PR?_STATE_TRANSITIONTO?FSM
  +--> ?PR?_BUZZ_SET?BUZZER
  +--> ?PR?_PROTOCOL_STARESP?PROTOCOL

?PR?CMD_FAN_CTR_DEAL?PROTOCOL                    -----    -----      -----    -----
  +--> ?PR?_BUZZ_SET?BUZZER
  +--> ?PR?_PROTOCOL_STARESP?PROTOCOL

?PR?CMD_FIX_CTR_DEAL?PROTOCOL                    -----    -----      -----    -----
  +--> ?PR?_BUZZ_SET?BUZZER
  +--> ?PR?_PROTOCOL_STARESP?PROTOCOL

?PR?CMD_CLEAN_CTR_DEAL?PROTOCOL                  -----    -----      -----    -----
  +--> ?PR?_BUZZ_SET?BUZZER
  +--> ?PR?_PROTOCOL_STARESP?PROTOCOL

?PR?CMD_AION_CTR_DEAL?PROTOCOL                   -----    -----      -----    -----
  +--> ?PR?_BUZZ_SET?BUZZER
  +--> ?PR?_PROTOCOL_STARESP?PROTOCOL

?PR?CMD_UV_CTR_DEAL?PROTOCOL                     -----    -----      -----    -----
  +--> ?PR?_BUZZ_SET?BUZZER
  +--> ?PR?_PROTOCOL_STARESP?PROTOCOL

?PR?CMD_TIMER_CTR_DEAL?PROTOCOL                  -----    -----      -----    -----
  +--> ?PR?SYS_UPDATETIMERONINDEX?SYSTEM
  +--> ?PR?_BUZZ_SET?BUZZER
  +--> ?PR?_PROTOCOL_STARESP?PROTOCOL

?PR?CMD_GET_PM_DATAS_DEAL?PROTOCOL               -----    -----      019DH    0005H
  +--> ?PR?_ENQUEUE?FIFO
  +--> ?PR?_BUZZ_SET?BUZZER
  +--> ?PR?UART_SENDSTARTUP?UART
BL51 BANKED LINKER/LOCATER V6.22                                                      10/13/2015  15:22:36  PAGE 14



?PR?CMD_GET_ENE_DATAS_DEAL?PROTOCOL              -----    -----      019DH    0002H
  +--> ?PR?_ENQUEUE?FIFO
  +--> ?PR?_BUZZ_SET?BUZZER
  +--> ?PR?UART_SENDSTARTUP?UART

?PR?CMD_RT_SET_DEAL?PROTOCOL                     -----    -----      -----    -----
  +--> ?PR?_BUZZ_SET?BUZZER
  +--> ?PR?_PROTOCOL_STARESP?PROTOCOL

?PR?CMD_MEM_SET_DEAL?PROTOCOL                    -----    -----      -----    -----
  +--> ?CO?STATE_STANDBY
  +--> ?PR?_STATE_TRANSITIONTO?FSM
  +--> ?PR?_BUZZ_SET?BUZZER
  +--> ?PR?_PROTOCOL_STARESP?PROTOCOL

?PR?CMD_REST_DEAL?PROTOCOL                       -----    -----      -----    -----
  +--> ?CO?STATE_STANDBY
  +--> ?PR?_STATE_TRANSITIONTO?FSM
  +--> ?PR?_BUZZ_SET?BUZZER
  +--> ?PR?_PROTOCOL_STARESP?PROTOCOL

?PR?CMD_GET_DEVICE_INFO_DEAL?PROTOCOL            -----    -----      019DH    0001H
  +--> ?PR?_ENQUEUE?FIFO
  +--> ?PR?UART_SENDSTARTUP?UART

?PR?KEY_ACTIONDETECT?KEY                         -----    -----      0199H    0001H
  +--> ?PR?KEY_READ?KEY

?PR?DUST_DATAUPDATE?DUST                         -----    -----      -----    -----
  +--> ?PR?DUST_GETRTLEVEL?DUST

?PR?MOTOR_CTR?MOTOR                              -----    -----      0199H    0006H

?PR?DISPLAY_CTR?DISPLAY                          -----    -----      -----    -----
  +--> ?PR?_DISPLAY_SETALL?DISPLAY
  +--> ?PR?_AIP1944_WRITEDISPDATAS?AIP1944

?PR?_AIP1944_WRITEDISPDATAS?AIP1944              -----    -----      0199H    0005H
  +--> ?PR?_AIP1944_WRITEBYTE?AIP1944

?PR?HUMIDITY_GETCURRENTT?HUMIDITY                -----    -----      -----    -----
  +--> ?PR?_UTILS_GETADVALUE?HUMIDITY
  +--> ?PR?_HUMIDITY_AD2T?HUMIDITY

?PR?HUMIDITY_GETCURRENTH?HUMIDITY                -----    -----      0199H    0001H
  +--> ?PR?_HUMIDITY_AD2H?HUMIDITY

?PR?DUST_LEVELUPDATE?DUST                        -----    -----      -----    -----
  +--> ?PR?DUST_GETRTLEVEL?DUST

?C_INITSEG                                       -----    -----      -----    -----
  +--> ?CO?FSM

?CO?FSM                                          -----    -----      -----    -----
  +--> ?PR?TASK_DONOTHING?FSM

BL51 BANKED LINKER/LOCATER V6.22                                                      10/13/2015  15:22:36  PAGE 15




SYMBOL TABLE OF MODULE:  YTN-E608-WIFI-6432 (IT)

  VALUE           TYPE          NAME
  ----------------------------------

  -------         MODULE        IT
  C:0000H         SYMBOL        _ICE_DUMMY_
  D:0080H         PUBLIC        P0
  C:4DC0H         PUBLIC        INT_Timer0
  D:0088H         PUBLIC        P1
  D:0090H         PUBLIC        P2
  D:0098H         PUBLIC        P3
  D:00A0H         PUBLIC        P4
  D:00B0H         PUBLIC        P5
  D:008DH         PUBLIC        WDTCR
  D:00A8H         PUBLIC        IE
  D:00B2H         PUBLIC        T0CR
  C:3B71H         PUBLIC        INT_USI1_Rx
  C:3E8AH         PUBLIC        INT_USI1_Tx
  C:2284H         PUBLIC        INT_BIT
  D:0087H         PUBLIC        PCON
  B:0090H.2       PUBLIC        P22
  B:0090H.3       PUBLIC        P23
  D:00F5H         PUBLIC        USI1DR
  D:00ABH         PUBLIC        IE3
  X:01EAH         PUBLIC        SysTick_4ms
  X:01EBH         SYMBOL        pgCntH
  I:0011H         PUBLIC        SquGen_Cnt
  D:00B3H         PUBLIC        T0CNT
  I:0012H         SYMBOL        IR_Flags
  D:00EAH         PUBLIC        USI1CR2
  C:2D8DH         PUBLIC        INT_WT
  -------         PROC          INT_USI1_RX
  -------         DO            
  D:0007H         SYMBOL        len
  -------         ENDDO         
  C:3B71H         LINE#         7
  C:3B8EH         LINE#         12
  C:3B94H         LINE#         15
  C:3BAFH         LINE#         16
  C:3BD6H         LINE#         19
  C:3BFAH         LINE#         20
  C:3C00H         LINE#         21
  C:3C00H         LINE#         22
  C:3C02H         LINE#         23
  C:3C02H         LINE#         24
  -------         ENDPROC       INT_USI1_RX
  -------         PROC          INT_USI1_TX
  C:3E8AH         LINE#         26
  C:3EA7H         LINE#         31
  C:3EC2H         LINE#         32
  C:3EE9H         LINE#         35
  C:3EF9H         LINE#         36
  C:3EF9H         LINE#         37
  C:3EFBH         LINE#         38
BL51 BANKED LINKER/LOCATER V6.22                                                      10/13/2015  15:22:36  PAGE 16


  C:3EFEH         LINE#         39
  C:3EFEH         LINE#         40
  -------         ENDPROC       INT_USI1_TX
  -------         PROC          INT_TIMER0
  C:4DC0H         LINE#         43
  C:4DC6H         LINE#         46
  C:4DCCH         LINE#         47
  -------         ENDPROC       INT_TIMER0
  -------         PROC          INT_WT
  -------         DO            
  X:01E8H         SYMBOL        rt_05sCnt
  X:01E9H         SYMBOL        clearMemoryDataCnt
  -------         ENDDO         
  C:2D8DH         LINE#         51
  C:2DAAH         LINE#         58
  C:2DBFH         LINE#         59
  C:2DC2H         LINE#         60
  C:2DC7H         LINE#         62
  C:2DD1H         LINE#         63
  C:2DD1H         LINE#         64
  C:2DD3H         LINE#         65
  C:2DD5H         LINE#         66
  C:2DE4H         LINE#         67
  C:2DE4H         LINE#         68
  C:2DE6H         LINE#         69
  C:2DE6H         LINE#         71
  C:2DE8H         LINE#         74
  C:2DEAH         LINE#         77
  C:2DF0H         LINE#         78
  C:2DF6H         LINE#         79
  C:2DF6H         LINE#         80
  C:2DF8H         LINE#         82
  C:2DFEH         LINE#         84
  C:2E04H         LINE#         85
  C:2E09H         LINE#         86
  C:2E09H         LINE#         87
  C:2E0BH         LINE#         89
  C:2E0DH         LINE#         91
  C:2E13H         LINE#         92
  C:2E18H         LINE#         93
  C:2E18H         LINE#         94
  C:2E1AH         LINE#         96
  C:2E20H         LINE#         97
  C:2E25H         LINE#         98
  C:2E25H         LINE#         99
  C:2E27H         LINE#         100
  C:2E27H         LINE#         101
  C:2E27H         LINE#         102
  C:2E27H         LINE#         103
  C:2E27H         LINE#         106
  C:2E2AH         LINE#         108
  C:2E2FH         LINE#         109
  C:2E2FH         LINE#         111
  C:2E32H         LINE#         112
  C:2E36H         LINE#         113
  C:2E3AH         LINE#         115
  C:2E3DH         LINE#         116
BL51 BANKED LINKER/LOCATER V6.22                                                      10/13/2015  15:22:36  PAGE 17


  C:2E40H         LINE#         117
  C:2E43H         LINE#         119
  C:2E46H         LINE#         120
  C:2E49H         LINE#         121
  C:2E4CH         LINE#         122
  C:2E4FH         LINE#         123
  C:2E52H         LINE#         124
  C:2E55H         LINE#         128
  C:2E5BH         LINE#         129
  C:2E61H         LINE#         130
  C:2E61H         LINE#         131
  C:2E64H         LINE#         132
  C:2E66H         LINE#         133
  C:2E66H         LINE#         134
  C:2E68H         LINE#         136
  C:2E68H         LINE#         137
  C:2E6EH         LINE#         138
  C:2E6EH         LINE#         139
  C:2E71H         LINE#         140
  C:2E71H         LINE#         142
  C:2E76H         LINE#         143
  C:2E76H         LINE#         144
  -------         ENDPROC       INT_WT
  -------         PROC          INT_BIT
  -------         DO            
  I:0008H         SYMBOL        t_128usCnt
  I:0009H         SYMBOL        rx_mode
  I:000AH         SYMBOL        rxCount
  I:000CH         SYMBOL        dataCount
  I:000DH         SYMBOL        rxData
  I:000FH         SYMBOL        Dust_SignalLowHoldCnt
  -------         ENDDO         
  C:2284H         LINE#         172
  C:22A1H         LINE#         185
  C:22A6H         LINE#         186
  C:22A6H         LINE#         187
  C:22ACH         LINE#         188
  C:22AFH         LINE#         190
  C:22B8H         LINE#         191
  C:22B8H         LINE#         192
  C:22BBH         LINE#         193
  C:22BEH         LINE#         196
  C:22C4H         LINE#         197
  C:22C4H         LINE#         199
  C:22D3H         LINE#         200
  C:22D3H         LINE#         201
  C:22D6H         LINE#         202
  C:22DAH         LINE#         203
  C:22E0H         LINE#         204
  C:22E7H         LINE#         205
  C:22E7H         LINE#         206
  C:22E9H         LINE#         208
  C:22EEH         LINE#         209
  C:22EEH         LINE#         210
  C:22FBH         LINE#         212
  C:2307H         LINE#         213
  C:2307H         LINE#         214
BL51 BANKED LINKER/LOCATER V6.22                                                      10/13/2015  15:22:36  PAGE 18


  C:230DH         LINE#         215
  C:230DH         LINE#         216
  C:2314H         LINE#         218
  C:2316H         LINE#         220
  C:231CH         LINE#         221
  C:231CH         LINE#         222
  C:2329H         LINE#         224
  C:232DH         LINE#         225
  C:2333H         LINE#         226
  C:2336H         LINE#         228
  C:2338H         LINE#         229
  C:2338H         LINE#         230
  C:233AH         LINE#         232
  C:2340H         LINE#         233
  C:2340H         LINE#         234
  C:234CH         LINE#         235
  C:234CH         LINE#         236
  C:234FH         LINE#         237
  C:2355H         LINE#         238
  C:2358H         LINE#         239
  C:2358H         LINE#         240
  C:2358H         LINE#         241
  C:2358H         LINE#         243
  C:235FH         LINE#         244
  C:235FH         LINE#         245
  C:2367H         LINE#         247
  C:2373H         LINE#         248
  C:2373H         LINE#         249
  C:2378H         LINE#         250
  C:237EH         LINE#         251
  C:2382H         LINE#         252
  C:2387H         LINE#         253
  C:2387H         LINE#         254
  C:2387H         LINE#         257
  C:238AH         LINE#         258
  C:2390H         LINE#         259
  C:2390H         LINE#         260
  C:2392H         LINE#         261
  C:2394H         LINE#         262
  C:2396H         LINE#         263
  C:239EH         LINE#         264
  C:239EH         LINE#         265
  C:23A0H         LINE#         266
  C:23A2H         LINE#         267
  C:23A6H         LINE#         268
  C:23A6H         LINE#         269
  C:23A8H         LINE#         270
  C:23A8H         LINE#         271
  C:23A8H         LINE#         274
  C:23ADH         LINE#         275
  C:23ADH         LINE#         276
  C:23B7H         LINE#         277
  C:23B7H         LINE#         278
  C:23BFH         LINE#         279
  C:23C1H         LINE#         280
  C:23C1H         LINE#         281
  C:23C8H         LINE#         282
BL51 BANKED LINKER/LOCATER V6.22                                                      10/13/2015  15:22:36  PAGE 19


  C:23CAH         LINE#         284
  C:23CAH         LINE#         285
  C:23D2H         LINE#         286
  C:23D2H         LINE#         291
  C:23D5H         LINE#         292
  C:23DBH         LINE#         293
  C:23DBH         LINE#         294
  C:23DDH         LINE#         296
  C:23E3H         LINE#         298
  C:23E8H         LINE#         300
  C:23EEH         LINE#         301
  C:23EEH         LINE#         302
  C:23F1H         LINE#         303
  C:23F4H         LINE#         304
  C:23F4H         LINE#         305
  C:23F6H         LINE#         306
  C:23F6H         LINE#         307
  C:23F6H         LINE#         308
  C:23F6H         LINE#         310
  C:23F9H         LINE#         311
  C:23F9H         LINE#         312
  C:2401H         LINE#         313
  C:2401H         LINE#         314
  C:2404H         LINE#         315
  C:2404H         LINE#         316
  C:2404H         LINE#         317
  -------         ENDPROC       INT_BIT
  -------         ENDMOD        IT

  -------         MODULE        ?C_STARTUP
  C:3D60H         SEGMENT       ?C_C51STARTUP
  I:0024H         SEGMENT       ?STACK
  C:0000H         PUBLIC        ?C_STARTUP
  D:00E0H         SYMBOL        ACC
  D:00F0H         SYMBOL        B
  D:0083H         SYMBOL        DPH
  D:0082H         SYMBOL        DPL
  N:0000H         SYMBOL        IBPSTACK
  N:0100H         SYMBOL        IBPSTACKTOP
  N:0100H         SYMBOL        IDATALEN
  C:3D63H         SYMBOL        IDATALOOP
  N:0000H         SYMBOL        PBPSTACK
  N:0000H         SYMBOL        PBPSTACKTOP
  N:0000H         SYMBOL        PDATALEN
  N:0000H         SYMBOL        PDATASTART
  N:0000H         SYMBOL        PPAGE
  N:0000H         SYMBOL        PPAGEENABLE
  D:00A0H         SYMBOL        PPAGE_SFR
  D:0081H         SYMBOL        SP
  C:3D60H         SYMBOL        STARTUP1
  N:0000H         SYMBOL        XBPSTACK
  N:0000H         SYMBOL        XBPSTACKTOP
  N:02E5H         SYMBOL        XDATALEN
  C:3D6EH         SYMBOL        XDATALOOP
  N:001BH         SYMBOL        XDATASTART
  C:0000H         LINE#         94
  C:3D60H         LINE#         101
BL51 BANKED LINKER/LOCATER V6.22                                                      10/13/2015  15:22:36  PAGE 20


  C:3D62H         LINE#         102
  C:3D63H         LINE#         103
  C:3D64H         LINE#         104
  C:3D66H         LINE#         108
  C:3D69H         LINE#         109
  C:3D6BH         LINE#         111
  C:3D6DH         LINE#         115
  C:3D6EH         LINE#         116
  C:3D6FH         LINE#         117
  C:3D70H         LINE#         118
  C:3D72H         LINE#         119
  C:3D74H         LINE#         153
  C:3D77H         LINE#         157
  -------         ENDMOD        ?C_STARTUP

  -------         MODULE        MAIN
  C:0000H         SYMBOL        _ICE_DUMMY_
  D:008DH         PUBLIC        WDTCR
  D:00A8H         PUBLIC        IE
  C:3640H         PUBLIC        main
  C:48BDH         PUBLIC        initAll
  -------         PROC          INITALL
  C:48BDH         LINE#         3
  C:48BDH         LINE#         4
  C:48BDH         LINE#         5
  C:48C0H         LINE#         6
  C:48C3H         LINE#         7
  C:48C6H         LINE#         8
  C:48C9H         LINE#         9
  C:48CCH         LINE#         10
  C:48CFH         LINE#         12
  C:48D5H         LINE#         14
  C:48E0H         LINE#         17
  C:48E9H         LINE#         19
  C:48ECH         LINE#         20
  -------         ENDPROC       INITALL
  -------         PROC          MAIN
  -------         DO            
  I:0013H         SYMBOL        taskIndex
  I:0014H         SYMBOL        taskIndexExt
  I:0015H         SYMBOL        HSampleT_Cnt
  -------         ENDDO         
  C:3640H         LINE#         22
  C:3640H         LINE#         23
  C:3640H         LINE#         29
  C:3643H         LINE#         31
  C:3643H         LINE#         32
  C:3643H         LINE#         33
  C:3646H         LINE#         35
  C:3649H         LINE#         37
  C:3651H         LINE#         38
  C:3651H         LINE#         39
  C:3658H         LINE#         40
  C:3658H         LINE#         41
  C:3661H         LINE#         42
  C:3665H         LINE#         43
  C:3665H         LINE#         44
BL51 BANKED LINKER/LOCATER V6.22                                                      10/13/2015  15:22:36  PAGE 21


  C:3665H         LINE#         46
  C:366BH         LINE#         47
  C:366BH         LINE#         48
  C:366DH         LINE#         50
  C:3670H         LINE#         51
  C:3670H         LINE#         52
  C:3672H         LINE#         54
  C:368CH         LINE#         55
  C:368CH         LINE#         57
  C:368FH         LINE#         58
  C:3691H         LINE#         60
  C:3693H         LINE#         62
  C:36A7H         LINE#         63
  C:36A7H         LINE#         64
  C:36A7H         LINE#         65
  C:36AAH         LINE#         66
  C:36AFH         LINE#         67
  C:36B1H         LINE#         68
  C:36B1H         LINE#         69
  C:36B4H         LINE#         70
  C:36B6H         LINE#         71
  C:36B6H         LINE#         72
  C:36B9H         LINE#         73
  C:36BBH         LINE#         74
  C:36BBH         LINE#         75
  C:36BEH         LINE#         76
  C:36C0H         LINE#         77
  C:36C0H         LINE#         78
  C:36C3H         LINE#         79
  C:36C6H         LINE#         80
  C:36C6H         LINE#         81
  C:36CAH         LINE#         83
  C:36CAH         LINE#         84
  C:36CAH         LINE#         86
  C:36D5H         LINE#         87
  C:36D5H         LINE#         88
  C:36D7H         LINE#         90
  C:36DAH         LINE#         92
  C:36DDH         LINE#         93
  C:36E0H         LINE#         94
  C:36E3H         LINE#         96
  C:36FDH         LINE#         98
  C:3703H         LINE#         99
  C:3703H         LINE#         100
  C:3706H         LINE#         101
  C:3706H         LINE#         103
  C:370CH         LINE#         104
  C:370CH         LINE#         105
  C:370EH         LINE#         106
  C:370EH         LINE#         107
  C:370EH         LINE#         108
  C:370EH         LINE#         109
  -------         ENDPROC       MAIN
  -------         ENDMOD        MAIN

  -------         MODULE        BSP_INIT
  C:0000H         SYMBOL        _ICE_DUMMY_
BL51 BANKED LINKER/LOCATER V6.22                                                      10/13/2015  15:22:36  PAGE 22


  D:0080H         PUBLIC        P0
  D:0088H         PUBLIC        P1
  D:0090H         PUBLIC        P2
  D:0098H         PUBLIC        P3
  D:00A0H         PUBLIC        P4
  D:00B0H         PUBLIC        P5
  D:008DH         PUBLIC        WDTCR
  C:4EB4H         SYMBOL        WDT_init
  D:008EH         PUBLIC        WDTDR
  D:00DEH         PUBLIC        P0DB
  D:0097H         PUBLIC        BUZCR
  C:4EE5H         SYMBOL        BUZ_init
  D:008FH         PUBLIC        BUZDR
  D:00D8H         PUBLIC        LVRCR
  D:00A8H         PUBLIC        IE
  D:0091H         PUBLIC        P0OD
  D:0092H         PUBLIC        P1OD
  D:0093H         PUBLIC        P2OD
  D:0094H         PUBLIC        P4OD
  D:00A1H         PUBLIC        P0IO
  D:00B2H         PUBLIC        T0CR
  D:00B1H         PUBLIC        P1IO
  D:00B4H         PUBLIC        T0DR
  D:00B9H         PUBLIC        P2IO
  D:00C1H         PUBLIC        P3IO
  D:00C9H         PUBLIC        P4IO
  D:00D1H         PUBLIC        P5IO
  C:4EECH         SYMBOL        clock_init
  D:00BDH         PUBLIC        T1ADRH
  D:00ACH         PUBLIC        P0PU
  D:009DH         PUBLIC        ADCCRH
  D:00BFH         PUBLIC        T1BDRH
  D:00ADH         PUBLIC        P1PU
  D:00AEH         PUBLIC        P2PU
  D:00AFH         PUBLIC        P3PU
  D:00F3H         PUBLIC        USI1BD
  D:00BCH         PUBLIC        T1ADRL
  D:00A3H         PUBLIC        P4PU
  D:009CH         PUBLIC        ADCCRL
  D:00BEH         PUBLIC        T1BDRL
  D:0095H         PUBLIC        P5PU
  D:008AH         PUBLIC        SCCR
  C:4DD3H         SYMBOL        _BUZ_OnOff
  D:009BH         PUBLIC        LCDCCR
  D:009AH         PUBLIC        LCDCRH
  D:00D3H         PUBLIC        P0FSRH
  D:0099H         PUBLIC        LCDCRL
  D:00D5H         PUBLIC        P1FSRH
  D:00D7H         PUBLIC        P2FSRH
  D:00D2H         PUBLIC        P0FSRL
  D:00D4H         PUBLIC        P1FSRL
  D:00D6H         PUBLIC        P2FSRL
  D:00DFH         PUBLIC        P15DB
  D:00AAH         PUBLIC        IE2
  D:00ABH         PUBLIC        IE3
  D:0096H         PUBLIC        WTCR
  C:4E7DH         SYMBOL        WT_init
BL51 BANKED LINKER/LOCATER V6.22                                                      10/13/2015  15:22:36  PAGE 23


  D:0089H         PUBLIC        WTDR
  C:4E70H         SYMBOL        Timer0_init
  C:0003H         SYMBOL        Timer1_init
  C:4D17H         SYMBOL        UART_init
  C:4EF9H         SYMBOL        WDT_clear
  C:4E27H         SYMBOL        _ADC_start
  C:491CH         PUBLIC        BSP_Init
  C:4474H         SYMBOL        port_init
  C:4EDEH         SYMBOL        ADC_init
  D:00BBH         PUBLIC        T1CRH
  D:00BAH         PUBLIC        T1CRL
  C:4EC6H         SYMBOL        LCD_init
  D:00E9H         PUBLIC        USI1CR1
  D:00EAH         PUBLIC        USI1CR2
  D:00EBH         PUBLIC        USI1CR3
  D:00EEH         PUBLIC        P3FSR
  D:00EFH         PUBLIC        P4FSR
  D:00FFH         PUBLIC        P5FSR
  D:008BH         PUBLIC        BITCR
  C:00A6H         SYMBOL        BIT_init
  D:00C8H         PUBLIC        OSCCR
  -------         PROC          ADC_INIT
  C:4EDEH         LINE#         4
  C:4EDEH         LINE#         5
  C:4EDEH         LINE#         7
  C:4EE1H         LINE#         8
  C:4EE4H         LINE#         9
  -------         ENDPROC       ADC_INIT
  -------         PROC          _ADC_START
  D:0007H         SYMBOL        ch
  C:4E27H         LINE#         11
  C:4E27H         LINE#         12
  C:4E27H         LINE#         14
  C:4E32H         LINE#         15
  C:4E35H         LINE#         16
  -------         ENDPROC       _ADC_START
  -------         PROC          BIT_INIT
  C:00A6H         LINE#         18
  C:00A6H         LINE#         19
  C:00A6H         LINE#         21
  C:00A9H         LINE#         22
  C:00ACH         LINE#         23
  C:00AFH         LINE#         24
  C:00B2H         LINE#         25
  -------         ENDPROC       BIT_INIT
  -------         PROC          _BUZ_ONOFF
  D:0007H         SYMBOL        On
  C:4DD3H         LINE#         27
  C:4DD3H         LINE#         28
  C:4DD3H         LINE#         30
  C:4DE4H         LINE#         31
  -------         ENDPROC       _BUZ_ONOFF
  -------         PROC          BUZ_INIT
  C:4EE5H         LINE#         33
  C:4EE5H         LINE#         34
  C:4EE5H         LINE#         37
  C:4EE8H         LINE#         38
BL51 BANKED LINKER/LOCATER V6.22                                                      10/13/2015  15:22:36  PAGE 24


  C:4EEBH         LINE#         39
  -------         ENDPROC       BUZ_INIT
  -------         PROC          LCD_INIT
  C:4EC6H         LINE#         41
  C:4EC6H         LINE#         42
  C:4EC6H         LINE#         45
  C:4EC9H         LINE#         46
  C:4ECBH         LINE#         47
  C:4ECDH         LINE#         48
  -------         ENDPROC       LCD_INIT
  -------         PROC          TIMER0_INIT
  C:4E70H         LINE#         50
  C:4E70H         LINE#         51
  C:4E70H         LINE#         54
  C:4E73H         LINE#         55
  C:4E76H         LINE#         56
  C:4E79H         LINE#         57
  C:4E7CH         LINE#         58
  -------         ENDPROC       TIMER0_INIT
  -------         PROC          TIMER1_INIT
  C:0003H         LINE#         60
  C:0003H         LINE#         61
  C:0003H         LINE#         65
  C:0006H         LINE#         66
  C:0009H         LINE#         67
  C:000CH         LINE#         70
  C:000FH         LINE#         71
  C:0011H         LINE#         72
  C:0014H         LINE#         73
  C:0017H         LINE#         74
  C:001AH         LINE#         75
  -------         ENDPROC       TIMER1_INIT
  -------         PROC          UART_INIT
  C:4D17H         LINE#         77
  C:4D17H         LINE#         78
  C:4D17H         LINE#         81
  C:4D1AH         LINE#         82
  C:4D1DH         LINE#         83
  C:4D20H         LINE#         84
  C:4D23H         LINE#         85
  C:4D26H         LINE#         86
  C:4D29H         LINE#         87
  C:4D2CH         LINE#         88
  -------         ENDPROC       UART_INIT
  -------         PROC          WDT_CLEAR
  C:4EF9H         LINE#         90
  C:4EF9H         LINE#         91
  C:4EF9H         LINE#         92
  C:4EFCH         LINE#         93
  -------         ENDPROC       WDT_CLEAR
  -------         PROC          WDT_INIT
  C:4EB4H         LINE#         95
  C:4EB4H         LINE#         96
  C:4EB4H         LINE#         98
  C:4EB7H         LINE#         99
  C:4EBAH         LINE#         101
  -------         ENDPROC       WDT_INIT
BL51 BANKED LINKER/LOCATER V6.22                                                      10/13/2015  15:22:36  PAGE 25


  -------         PROC          WT_INIT
  C:4E7DH         LINE#         104
  C:4E7DH         LINE#         105
  C:4E7DH         LINE#         107
  C:4E80H         LINE#         108
  C:4E83H         LINE#         109
  C:4E86H         LINE#         110
  C:4E89H         LINE#         111
  -------         ENDPROC       WT_INIT
  -------         PROC          CLOCK_INIT
  C:4EECH         LINE#         113
  C:4EECH         LINE#         114
  C:4EECH         LINE#         116
  C:4EEFH         LINE#         117
  C:4EF2H         LINE#         118
  -------         ENDPROC       CLOCK_INIT
  -------         PROC          PORT_INIT
  C:4474H         LINE#         120
  C:4474H         LINE#         121
  C:4474H         LINE#         158
  C:4477H         LINE#         159
  C:447AH         LINE#         160
  C:447DH         LINE#         161
  C:447FH         LINE#         162
  C:4481H         LINE#         164
  C:4484H         LINE#         165
  C:4486H         LINE#         166
  C:4488H         LINE#         167
  C:448AH         LINE#         168
  C:448CH         LINE#         170
  C:448FH         LINE#         171
  C:4492H         LINE#         172
  C:4494H         LINE#         173
  C:4496H         LINE#         175
  C:4499H         LINE#         176
  C:449BH         LINE#         177
  C:449DH         LINE#         179
  C:44A0H         LINE#         180
  C:44A3H         LINE#         181
  C:44A5H         LINE#         182
  C:44A7H         LINE#         184
  C:44AAH         LINE#         185
  C:44ACH         LINE#         186
  C:44AEH         LINE#         189
  C:44B0H         LINE#         190
  C:44B3H         LINE#         191
  C:44B5H         LINE#         192
  C:44B8H         LINE#         193
  C:44BAH         LINE#         194
  C:44BDH         LINE#         195
  C:44BFH         LINE#         196
  C:44C1H         LINE#         197
  C:44C4H         LINE#         198
  -------         ENDPROC       PORT_INIT
  -------         PROC          BSP_INIT
  C:491CH         LINE#         200
  C:491CH         LINE#         201
BL51 BANKED LINKER/LOCATER V6.22                                                      10/13/2015  15:22:36  PAGE 26


  C:491CH         LINE#         202
  C:491FH         LINE#         204
  C:4922H         LINE#         205
  C:4925H         LINE#         206
  C:4928H         LINE#         207
  C:492BH         LINE#         208
  C:492BH         LINE#         209
  C:492BH         LINE#         210
  C:4930H         LINE#         211
  C:4930H         LINE#         212
  C:4933H         LINE#         213
  C:4935H         LINE#         215
  C:4935H         LINE#         216
  C:4935H         LINE#         217
  C:4935H         LINE#         218
  C:4935H         LINE#         220
  C:4938H         LINE#         221
  C:493BH         LINE#         222
  C:493EH         LINE#         223
  C:4941H         LINE#         224
  C:4944H         LINE#         225
  C:4947H         LINE#         226
  -------         ENDPROC       BSP_INIT
  -------         ENDMOD        BSP_INIT

  -------         MODULE        AIP1944
  C:0000H         SYMBOL        _ICE_DUMMY_
  C:4C3AH         PUBLIC        _AIP1944_WriteByte
  B:00A0H.0       PUBLIC        P40
  B:00A0H.1       PUBLIC        P41
  B:00A0H.2       PUBLIC        P42
  C:44C5H         PUBLIC        _Aip1944_WriteDispDatas
  X:01FEH         PUBLIC        Aip1944_BrightnessLevel
  -------         PROC          _AIP1944_WRITEBYTE
  D:0007H         SYMBOL        _byte
  -------         DO            
  D:0006H         SYMBOL        i
  -------         ENDDO         
  C:4C3AH         LINE#         36
  C:4C3AH         LINE#         37
  C:4C3AH         LINE#         40
  C:4C3CH         LINE#         41
  C:4C3CH         LINE#         42
  C:4C40H         LINE#         43
  C:4C40H         LINE#         44
  C:4C42H         LINE#         45
  C:4C44H         LINE#         47
  C:4C44H         LINE#         48
  C:4C46H         LINE#         49
  C:4C46H         LINE#         51
  C:4C48H         LINE#         53
  C:4C4CH         LINE#         55
  C:4C4EH         LINE#         56
  C:4C53H         LINE#         57
  -------         ENDPROC       _AIP1944_WRITEBYTE
  -------         PROC          _AIP1944_WRITEDISPDATAS
  X:0199H         SYMBOL        dats
BL51 BANKED LINKER/LOCATER V6.22                                                      10/13/2015  15:22:36  PAGE 27


  D:0005H         SYMBOL        len
  X:019DH         SYMBOL        addr
  -------         DO            
  D:0004H         SYMBOL        i
  -------         ENDDO         
  C:44C5H         LINE#         59
  C:44D0H         LINE#         60
  C:44D0H         LINE#         63
  C:44D2H         LINE#         64
  C:44D7H         LINE#         65
  C:44D9H         LINE#         66
  C:44DBH         LINE#         67
  C:44E5H         LINE#         68
  C:44ECH         LINE#         69
  C:44ECH         LINE#         70
  C:4503H         LINE#         71
  C:4506H         LINE#         72
  C:4508H         LINE#         74
  C:450AH         LINE#         75
  C:4512H         LINE#         76
  C:4514H         LINE#         77
  -------         ENDPROC       _AIP1944_WRITEDISPDATAS
  -------         ENDMOD        AIP1944

  -------         MODULE        DISPLAY
  C:0000H         SYMBOL        _ICE_DUMMY_
  D:0090H         PUBLIC        P2
  D:0098H         PUBLIC        P3
  C:4D84H         PUBLIC        _Display_SetAll
  C:3711H         PUBLIC        _Display_ShowRT
  C:29DEH         PUBLIC        PM_COM10_E_nums
  C:2A27H         PUBLIC        RT_COM_H1_E_nums
  C:29F2H         PUBLIC        PM_COM1_E1_nums
  C:29FCH         PUBLIC        PM_COM1_E2_nums
  C:297AH         PUBLIC        H_COM10_nums
  C:2A5EH         PUBLIC        RT_COM_M1_E_nums
  C:29B6H         PUBLIC        PM_COM100_nums
  C:2A06H         PUBLIC        RT_COM_H10_nums
  D:00B9H         PUBLIC        P2IO
  C:2A32H         PUBLIC        RT_COM_M10_nums
  C:2952H         PUBLIC        T_COM10_nums
  D:00C1H         PUBLIC        P3IO
  B:0021H.6       PUBLIC        Display_IsLowLight
  X:0152H         PUBLIC        Display_Datas
  C:2F93H         PUBLIC        _Display_ShowNumInRTCArea
  C:2998H         PUBLIC        H_COM1_EXT_nums
  C:42C0H         PUBLIC        _Display_ShowHumidity
  C:29E8H         PUBLIC        PM_COM1_nums
  C:2A11H         PUBLIC        RT_COM_H10_E_nums
  C:2970H         PUBLIC        T_COM1_EXT_nums
  C:29A2H         PUBLIC        PM_COM1000_nums
  C:45ABH         PUBLIC        _Display_CircleRun
  C:3965H         PUBLIC        Display_LedDrive
  C:4702H         PUBLIC        _Display_DustLevel
  C:2E91H         PUBLIC        _Display_DustData
  C:298EH         PUBLIC        H_COM1_nums
  C:2984H         PUBLIC        H_COM10_EXT_nums
BL51 BANKED LINKER/LOCATER V6.22                                                      10/13/2015  15:22:36  PAGE 28


  C:29D4H         PUBLIC        PM_COM10_nums
  C:4857H         PUBLIC        Display_Ctr
  C:2A1CH         PUBLIC        RT_COM_H1_nums
  B:0021H.7       PUBLIC        Display_FlashOn
  C:2A53H         PUBLIC        RT_COM_M1_nums
  C:29ACH         PUBLIC        PM_COM1000_E_nums
  C:2966H         PUBLIC        T_COM1_nums
  C:29C0H         PUBLIC        PM_COM100_E1_nums
  C:29CAH         PUBLIC        PM_COM100_E2_nums
  C:295CH         PUBLIC        T_COM10_EXT_nums
  C:2A3DH         PUBLIC        RT_COM_M10_E1_nums
  C:2A48H         PUBLIC        RT_COM_M10_E2_nums
  C:4A27H         PUBLIC        Display_SetLine
  C:4261H         PUBLIC        _Display_ShowTemperature
  X:0191H         PUBLIC        Display_LedsEn
  C:006EH         PUBLIC        _Display_SpLevel
  -------         PROC          _DISPLAY_SETALL
  D:0007H         SYMBOL        sta
  -------         DO            
  D:0006H         SYMBOL        i
  -------         ENDDO         
  C:4D84H         LINE#         11
  C:4D84H         LINE#         12
  C:4D84H         LINE#         15
  C:4D86H         LINE#         16
  C:4D86H         LINE#         17
  C:4D92H         LINE#         18
  C:4D97H         LINE#         19
  -------         ENDPROC       _DISPLAY_SETALL
  -------         PROC          DISPLAY_SETLINE
  C:4A27H         LINE#         22
  C:4A27H         LINE#         23
  C:4A27H         LINE#         24
  C:4A2DH         LINE#         25
  C:4A2FH         LINE#         26
  C:4A31H         LINE#         28
  C:4A35H         LINE#         29
  C:4A37H         LINE#         30
  C:4A39H         LINE#         32
  C:4A40H         LINE#         33
  C:4A44H         LINE#         34
  C:4A46H         LINE#         35
  -------         ENDPROC       DISPLAY_SETLINE
  -------         PROC          _DISPLAY_CIRCLERUN
  D:0007H         SYMBOL        sp
  -------         DO            
  X:0150H         SYMBOL        cnt
  B:0021H.5       SYMBOL        disIndex
  -------         ENDDO         
  C:45ABH         LINE#         37
  C:45ABH         LINE#         38
  C:45ABH         LINE#         41
  C:45B1H         LINE#         42
  C:45B6H         LINE#         43
  C:45B6H         LINE#         44
  C:45B8H         LINE#         46
  C:45BAH         LINE#         47
BL51 BANKED LINKER/LOCATER V6.22                                                      10/13/2015  15:22:36  PAGE 29


  C:45BAH         LINE#         49
  C:45C1H         LINE#         51
  C:45C4H         LINE#         52
  C:45C4H         LINE#         53
  C:45CBH         LINE#         54
  C:45D2H         LINE#         55
  C:45D9H         LINE#         56
  C:45DAH         LINE#         58
  C:45DAH         LINE#         59
  C:45E6H         LINE#         60
  C:45EDH         LINE#         61
  C:45F4H         LINE#         62
  C:45F4H         LINE#         88
  -------         ENDPROC       _DISPLAY_CIRCLERUN
  -------         PROC          _DISPLAY_DUSTLEVEL
  D:0007H         SYMBOL        level
  C:4702H         LINE#         90
  C:4702H         LINE#         91
  C:4702H         LINE#         92
  C:4715H         LINE#         93
  C:4715H         LINE#         94
  C:4715H         LINE#         95
  C:471CH         LINE#         96
  C:471CH         LINE#         97
  C:4723H         LINE#         98
  C:4723H         LINE#         99
  C:472AH         LINE#         100
  C:472AH         LINE#         101
  C:4731H         LINE#         102
  C:4731H         LINE#         103
  C:4738H         LINE#         104
  C:4738H         LINE#         105
  C:473FH         LINE#         106
  C:473FH         LINE#         107
  C:473FH         LINE#         108
  C:473FH         LINE#         109
  C:473FH         LINE#         110
  -------         ENDPROC       _DISPLAY_DUSTLEVEL
  -------         PROC          _DISPLAY_SPLEVEL
  D:0007H         SYMBOL        level
  C:006EH         LINE#         112
  C:006EH         LINE#         113
  C:006EH         LINE#         114
  C:007EH         LINE#         115
  C:007EH         LINE#         116
  C:007EH         LINE#         117
  C:0085H         LINE#         118
  C:0085H         LINE#         119
  C:008CH         LINE#         120
  C:008CH         LINE#         121
  C:0093H         LINE#         122
  C:0093H         LINE#         123
  C:009AH         LINE#         124
  C:009AH         LINE#         125
  C:00A1H         LINE#         126
  C:00A1H         LINE#         127
  C:00A1H         LINE#         128
BL51 BANKED LINKER/LOCATER V6.22                                                      10/13/2015  15:22:36  PAGE 30


  C:00A1H         LINE#         129
  C:00A1H         LINE#         130
  -------         ENDPROC       _DISPLAY_SPLEVEL
  -------         PROC          _DISPLAY_SHOWTEMPERATURE
  D:0007H         SYMBOL        t
  -------         DO            
  D:0005H         SYMBOL        v10
  D:0004H         SYMBOL        v1
  -------         ENDDO         
  C:4261H         LINE#         225
  C:4261H         LINE#         226
  C:4261H         LINE#         230
  C:4267H         LINE#         231
  C:4267H         LINE#         232
  C:4269H         LINE#         233
  C:4269H         LINE#         235
  C:426FH         LINE#         236
  C:4276H         LINE#         238
  C:4279H         LINE#         239
  C:4279H         LINE#         240
  C:428AH         LINE#         241
  C:429DH         LINE#         242
  C:429DH         LINE#         243
  C:42AEH         LINE#         244
  C:42BFH         LINE#         245
  -------         ENDPROC       _DISPLAY_SHOWTEMPERATURE
  -------         PROC          _DISPLAY_SHOWHUMIDITY
  D:0007H         SYMBOL        h
  -------         DO            
  D:0005H         SYMBOL        v10
  D:0004H         SYMBOL        v1
  -------         ENDDO         
  C:42C0H         LINE#         328
  C:42C0H         LINE#         329
  C:42C0H         LINE#         333
  C:42C6H         LINE#         334
  C:42C6H         LINE#         335
  C:42C8H         LINE#         336
  C:42C8H         LINE#         338
  C:42CEH         LINE#         339
  C:42D5H         LINE#         341
  C:42D8H         LINE#         342
  C:42D8H         LINE#         343
  C:42E9H         LINE#         344
  C:42FCH         LINE#         345
  C:42FCH         LINE#         346
  C:430DH         LINE#         347
  C:431EH         LINE#         348
  -------         ENDPROC       _DISPLAY_SHOWHUMIDITY
  -------         PROC          _DISPLAY_DUSTDATA
  D:0002H         SYMBOL        pm
  -------         DO            
  X:019DH         SYMBOL        v1000
  X:019EH         SYMBOL        v100
  X:019FH         SYMBOL        v10
  D:0003H         SYMBOL        v1
  -------         ENDDO         
BL51 BANKED LINKER/LOCATER V6.22                                                      10/13/2015  15:22:36  PAGE 31


  C:2E91H         LINE#         553
  C:2E95H         LINE#         554
  C:2E95H         LINE#         560
  C:2E9EH         LINE#         561
  C:2E9EH         LINE#         562
  C:2EA2H         LINE#         563
  C:2EA2H         LINE#         565
  C:2EB2H         LINE#         566
  C:2EC7H         LINE#         567
  C:2EDCH         LINE#         568
  C:2EE9H         LINE#         571
  C:2EFEH         LINE#         572
  C:2F10H         LINE#         574
  C:2F1EH         LINE#         575
  C:2F2FH         LINE#         576
  C:2F44H         LINE#         578
  C:2F52H         LINE#         579
  C:2F64H         LINE#         582
  C:2F6EH         LINE#         583
  C:2F7FH         LINE#         584
  C:2F92H         LINE#         585
  -------         ENDPROC       _DISPLAY_DUSTDATA
  -------         PROC          _DISPLAY_SHOWRT
  D:0007H         SYMBOL        h
  D:0005H         SYMBOL        m
  B:0020H.5       SYMBOL        hFlashEn
  B:0020H.6       SYMBOL        mFlashEn
  -------         DO            
  D:0001H         SYMBOL        h10
  D:0006H         SYMBOL        h1
  D:0004H         SYMBOL        m10
  D:0003H         SYMBOL        m1
  -------         ENDDO         
  C:3711H         LINE#         787
  C:3711H         LINE#         788
  C:3711H         LINE#         795
  C:3717H         LINE#         796
  C:371EH         LINE#         797
  C:3724H         LINE#         798
  C:372BH         LINE#         800
  C:3731H         LINE#         801
  C:3731H         LINE#         802
  C:3733H         LINE#         803
  C:3735H         LINE#         804
  C:3735H         LINE#         806
  C:373BH         LINE#         807
  C:373BH         LINE#         808
  C:373DH         LINE#         809
  C:373FH         LINE#         810
  C:373FH         LINE#         811
  C:3745H         LINE#         812
  C:3745H         LINE#         813
  C:3756H         LINE#         814
  C:3767H         LINE#         816
  C:3778H         LINE#         817
  C:3789H         LINE#         818
  C:3789H         LINE#         821
BL51 BANKED LINKER/LOCATER V6.22                                                      10/13/2015  15:22:36  PAGE 32


  C:378FH         LINE#         822
  C:378FH         LINE#         823
  C:37A0H         LINE#         824
  C:37B1H         LINE#         825
  C:37C3H         LINE#         827
  C:37CDH         LINE#         828
  C:37DEH         LINE#         829
  C:37DEH         LINE#         830
  -------         ENDPROC       _DISPLAY_SHOWRT
  -------         PROC          _DISPLAY_SHOWNUMINRTCAREA
  D:0002H         SYMBOL        num
  -------         DO            
  X:019DH         SYMBOL        v1000
  X:019EH         SYMBOL        v100
  X:019FH         SYMBOL        v10
  D:0001H         SYMBOL        v1
  -------         ENDDO         
  C:2F93H         LINE#         833
  C:2F97H         LINE#         834
  C:2F97H         LINE#         840
  C:2FA3H         LINE#         841
  C:2FB8H         LINE#         842
  C:2FCDH         LINE#         843
  C:2FDAH         LINE#         846
  C:2FE3H         LINE#         847
  C:2FE3H         LINE#         848
[...]
  C:1BC6H         LINE#         318
  C:1BC6H         LINE#         319
  C:1BC6H         LINE#         320
  C:1BC6H         LINE#         323
  C:1BCFH         LINE#         324
  C:1BCFH         LINE#         325
  C:1BD2H         LINE#         326
  C:1BD6H         LINE#         327
  C:1BDAH         LINE#         328
  C:1BDBH         LINE#         330
  C:1BDBH         LINE#         331
  C:1BDFH         LINE#         332
  C:1BDFH         LINE#         333
  -------         ENDPROC       _DISPLAYCONTROL
  -------         PROC          _TASKEXE
  C:46C1H         LINE#         335
  C:46C1H         LINE#         336
  C:46C1H         LINE#         337
  C:46C8H         LINE#         340
  C:46CBH         LINE#         341
  C:46CBH         LINE#         343
  C:46CBH         LINE#         345
  C:46D5H         LINE#         346
  C:46D5H         LINE#         347
  C:46D9H         LINE#         348
  C:46DBH         LINE#         350
  C:46DBH         LINE#         351
  C:46DFH         LINE#         352
BL51 BANKED LINKER/LOCATER V6.22                                                      10/13/2015  15:22:36  PAGE 86


  C:46DFH         LINE#         354
  C:46E9H         LINE#         355
  C:46E9H         LINE#         356
  C:46EDH         LINE#         357
  C:46EFH         LINE#         359
  C:46EFH         LINE#         360
  C:46F3H         LINE#         361
  C:46F3H         LINE#         363
  C:46FAH         LINE#         364
  C:46FAH         LINE#         365
  C:46FDH         LINE#         366
  C:46FEH         LINE#         368
  C:46FEH         LINE#         369
  C:4701H         LINE#         370
  C:4701H         LINE#         371
  -------         ENDPROC       _TASKEXE
  -------         PROC          _TIMETICK
  -------         DO            
  X:019DH         SYMBOL        index
  D:0006H         SYMBOL        t
  -------         ENDDO         
  C:0B9DH         LINE#         374
  C:0B9DH         LINE#         375
  C:0B9DH         LINE#         379
  C:0BA3H         LINE#         380
  C:0BA3H         LINE#         381
  C:0BA5H         LINE#         382
  C:0BA8H         LINE#         383
  C:0BA8H         LINE#         384
  C:0BB3H         LINE#         385
  C:0BBCH         LINE#         386
  C:0BBCH         LINE#         387
  C:0BBCH         LINE#         389
  C:0BC5H         LINE#         390
  C:0BC5H         LINE#         392
  C:0BC8H         LINE#         393
  C:0BC8H         LINE#         394
  C:0BCFH         LINE#         395
  C:0BCFH         LINE#         396
  C:0BDDH         LINE#         397
  C:0BECH         LINE#         398
  C:0BECH         LINE#         399
  C:0BEEH         LINE#         400
  C:0BEEH         LINE#         401
  C:0BF0H         LINE#         403
  C:0BF0H         LINE#         404
  C:0BF0H         LINE#         405
  C:0BF0H         LINE#         406
  C:0BF0H         LINE#         407
  C:0BF2H         LINE#         409
  C:0BF2H         LINE#         410
  C:0BF4H         LINE#         411
  C:0BFBH         LINE#         412
  C:0BFBH         LINE#         415
  C:0C01H         LINE#         416
  C:0C01H         LINE#         417
  C:0C03H         LINE#         418
BL51 BANKED LINKER/LOCATER V6.22                                                      10/13/2015  15:22:36  PAGE 87


  C:0C06H         LINE#         419
  C:0C06H         LINE#         420
  C:0C08H         LINE#         421
  C:0C0EH         LINE#         422
  C:0C0EH         LINE#         423
  C:0C0EH         LINE#         426
  C:0C14H         LINE#         428
  C:0C28H         LINE#         430
  C:0C34H         LINE#         431
  C:0C34H         LINE#         432
  C:0C36H         LINE#         434
  C:0C3CH         LINE#         435
  C:0C41H         LINE#         436
  C:0C41H         LINE#         437
  C:0C43H         LINE#         439
  C:0C49H         LINE#         440
  C:0C49H         LINE#         442
  C:0C4FH         LINE#         443
  C:0C55H         LINE#         444
  C:0C55H         LINE#         445
  C:0C57H         LINE#         447
  C:0C65H         LINE#         448
  C:0C65H         LINE#         450
  C:0C73H         LINE#         451
  C:0C73H         LINE#         452
  C:0C78H         LINE#         453
  C:0C78H         LINE#         454
  C:0C87H         LINE#         455
  C:0C87H         LINE#         456
  C:0C87H         LINE#         457
  C:0C89H         LINE#         459
  C:0C89H         LINE#         460
  C:0C98H         LINE#         461
  C:0CA5H         LINE#         462
  C:0CA5H         LINE#         463
  C:0CBBH         LINE#         464
  C:0CBBH         LINE#         465
  C:0CC3H         LINE#         466
  C:0CCAH         LINE#         467
  C:0CCAH         LINE#         468
  C:0CCAH         LINE#         469
  C:0CCAH         LINE#         471
  C:0CD0H         LINE#         472
  C:0CD0H         LINE#         474
  C:0CD9H         LINE#         475
  C:0CD9H         LINE#         476
  C:0CE9H         LINE#         477
  C:0CE9H         LINE#         478
  C:0D13H         LINE#         479
  C:0D1BH         LINE#         480
  C:0D2AH         LINE#         481
  C:0D2CH         LINE#         483
  C:0D2CH         LINE#         484
  C:0D3DH         LINE#         485
  C:0D3DH         LINE#         486
  C:0D60H         LINE#         487
  C:0D68H         LINE#         488
BL51 BANKED LINKER/LOCATER V6.22                                                      10/13/2015  15:22:36  PAGE 88


  C:0D68H         LINE#         490
  C:0D6EH         LINE#         491
  C:0D74H         LINE#         492
  C:0D74H         LINE#         493
  C:0D77H         LINE#         494
  C:0D77H         LINE#         498
  C:0D80H         LINE#         499
  C:0D80H         LINE#         500
  C:0D90H         LINE#         501
  C:0D90H         LINE#         502
  C:0DBAH         LINE#         503
  C:0DC2H         LINE#         504
  C:0DD1H         LINE#         505
  C:0DD3H         LINE#         507
  C:0DD3H         LINE#         508
  C:0DE4H         LINE#         509
  C:0DE4H         LINE#         510
  C:0E07H         LINE#         511
  C:0E0FH         LINE#         512
  C:0E0FH         LINE#         514
  C:0E16H         LINE#         515
  C:0E16H         LINE#         516
  C:0E1CH         LINE#         517
  C:0E1CH         LINE#         519
  C:0E25H         LINE#         520
  C:0E25H         LINE#         521
  C:0E28H         LINE#         522
  C:0E28H         LINE#         526
  C:0E2FH         LINE#         527
  C:0E2FH         LINE#         528
  C:0E3BH         LINE#         529
  C:0E3BH         LINE#         530
  C:0E7CH         LINE#         532
  C:0E7CH         LINE#         533
  C:0E7CH         LINE#         534
  C:0E7CH         LINE#         535
  C:0E7CH         LINE#         536
  C:0E7CH         LINE#         537
  C:0E7FH         LINE#         539
  C:0E7FH         LINE#         540
  C:0E8AH         LINE#         541
  C:0E8AH         LINE#         542
  C:0E90H         LINE#         543
  C:0EB4H         LINE#         544
  C:0EB4H         LINE#         545
  C:0EBAH         LINE#         546
  C:0EBAH         LINE#         548
  C:0EC1H         LINE#         549
  C:0EC1H         LINE#         551
  C:0ECCH         LINE#         552
  C:0ECCH         LINE#         553
  C:0ED7H         LINE#         554
  C:0EE0H         LINE#         555
  C:0EE0H         LINE#         556
  C:0EE2H         LINE#         558
  C:0EE2H         LINE#         559
  C:0F3DH         LINE#         561
BL51 BANKED LINKER/LOCATER V6.22                                                      10/13/2015  15:22:36  PAGE 89


  C:0F3DH         LINE#         562
  C:0F46H         LINE#         563
  C:0F51H         LINE#         564
  C:0F51H         LINE#         565
  C:0F51H         LINE#         566
  C:0F51H         LINE#         567
  C:0F51H         LINE#         569
  C:0F57H         LINE#         570
  C:0F57H         LINE#         571
  C:0F76H         LINE#         573
  C:0F91H         LINE#         574
  C:0F91H         LINE#         575
  C:0F98H         LINE#         577
  C:0FC2H         LINE#         578
  C:0FC2H         LINE#         579
  C:0FC4H         LINE#         580
  C:0FC4H         LINE#         581
  C:0FC6H         LINE#         583
  C:0FC6H         LINE#         584
  C:0FF9H         LINE#         585
  C:0FF9H         LINE#         586
  C:0FF9H         LINE#         589
  C:1017H         LINE#         590
  C:1017H         LINE#         591
  C:1017H         LINE#         592
  C:101DH         LINE#         593
  C:1026H         LINE#         594
  C:1026H         LINE#         595
  C:1028H         LINE#         597
  C:1036H         LINE#         598
  C:1044H         LINE#         599
  C:1044H         LINE#         601
  C:1045H         LINE#         602
  C:1045H         LINE#         603
  C:104BH         LINE#         604
  C:1054H         LINE#         605
  C:1054H         LINE#         606
  C:1056H         LINE#         608
  C:1064H         LINE#         609
  C:1072H         LINE#         610
  C:1072H         LINE#         611
  C:1073H         LINE#         612
  C:1073H         LINE#         613
  C:1079H         LINE#         614
  C:107FH         LINE#         615
  C:107FH         LINE#         616
  C:1081H         LINE#         618
  C:108FH         LINE#         619
  C:109DH         LINE#         620
  C:109DH         LINE#         621
  C:109EH         LINE#         622
  C:109EH         LINE#         623
  C:10A4H         LINE#         624
  C:10AAH         LINE#         625
  C:10AAH         LINE#         626
  C:10ACH         LINE#         628
  C:10BAH         LINE#         629
BL51 BANKED LINKER/LOCATER V6.22                                                      10/13/2015  15:22:36  PAGE 90


  C:10C8H         LINE#         630
  C:10C8H         LINE#         631
  C:10C9H         LINE#         632
  C:10C9H         LINE#         633
  C:10CFH         LINE#         634
  C:10D5H         LINE#         635
  C:10D5H         LINE#         636
  C:10D7H         LINE#         638
  C:10E5H         LINE#         639
  C:10F3H         LINE#         640
  C:10F3H         LINE#         641
  C:10F3H         LINE#         642
  C:10F3H         LINE#         643
  C:10F3H         LINE#         644
  -------         ENDPROC       _TIMETICK
  -------         PROC          _MOTORCTR
  C:419CH         LINE#         647
  C:419CH         LINE#         648
  C:419CH         LINE#         650
  C:419FH         LINE#         651
  C:419FH         LINE#         652
  C:41A2H         LINE#         653
  C:41A2H         LINE#         655
  C:41A2H         LINE#         656
  C:41A5H         LINE#         657
  C:41A5H         LINE#         658
  C:41A8H         LINE#         659
  C:41A8H         LINE#         660
  C:41B1H         LINE#         661
  C:41B1H         LINE#         662
  C:41B1H         LINE#         663
  C:41B3H         LINE#         664
  C:41BCH         LINE#         665
  C:41BCH         LINE#         666
  C:41BCH         LINE#         667
  C:41BEH         LINE#         668
  C:41C7H         LINE#         669
  C:41C7H         LINE#         670
  C:41C7H         LINE#         671
  C:41C9H         LINE#         678
  C:41C9H         LINE#         679
  C:41C9H         LINE#         680
  C:41C9H         LINE#         681
  C:41CBH         LINE#         683
  C:41CBH         LINE#         684
  C:41E0H         LINE#         685
  C:41E0H         LINE#         686
  C:41E0H         LINE#         687
  C:41E4H         LINE#         688
  C:41E6H         LINE#         689
  C:41E6H         LINE#         690
  C:41EAH         LINE#         691
  C:41ECH         LINE#         692
  C:41ECH         LINE#         693
  C:41F0H         LINE#         694
  C:41F2H         LINE#         695
  C:41F2H         LINE#         696
BL51 BANKED LINKER/LOCATER V6.22                                                      10/13/2015  15:22:36  PAGE 91


  C:41F6H         LINE#         697
  C:41F8H         LINE#         698
  C:41F8H         LINE#         699
  C:41FFH         LINE#         700
  C:41FFH         LINE#         701
  C:41FFH         LINE#         702
  C:41FFH         LINE#         703
  C:41FFH         LINE#         704
  C:41FFH         LINE#         705
  C:41FFH         LINE#         706
  -------         ENDPROC       _MOTORCTR
  -------         PROC          _IRDATADEAL
  C:241FH         LINE#         709
  C:241FH         LINE#         710
  C:241FH         LINE#         712
  C:2425H         LINE#         713
  C:2425H         LINE#         714
  C:2427H         LINE#         715
  C:242DH         LINE#         717
  C:2434H         LINE#         719
  C:2434H         LINE#         720
  C:243AH         LINE#         723
  C:2445H         LINE#         724
  C:2445H         LINE#         725
  C:244EH         LINE#         726
  C:2459H         LINE#         727
  C:2459H         LINE#         729
  C:2467H         LINE#         730
  C:2467H         LINE#         731
  C:246DH         LINE#         732
  C:246FH         LINE#         734
  C:2471H         LINE#         735
  C:247BH         LINE#         736
  C:247BH         LINE#         737
  C:247DH         LINE#         738
  C:247DH         LINE#         739
  C:247DH         LINE#         740
  C:2480H         LINE#         741
  C:248CH         LINE#         742
  C:248CH         LINE#         743
  C:2493H         LINE#         744
  C:2495H         LINE#         746
  C:249AH         LINE#         748
  C:249CH         LINE#         750
  C:24A1H         LINE#         751
  C:24A5H         LINE#         753
  C:24A5H         LINE#         755
  C:24A8H         LINE#         756
  C:24B4H         LINE#         757
  C:24B4H         LINE#         758
  C:24BBH         LINE#         759
  C:24BDH         LINE#         761
  C:24C3H         LINE#         763
  C:24C5H         LINE#         765
  C:24C9H         LINE#         766
  C:24C9H         LINE#         768
  C:24C9H         LINE#         769
BL51 BANKED LINKER/LOCATER V6.22                                                      10/13/2015  15:22:36  PAGE 92


  C:24CBH         LINE#         770
  C:24D7H         LINE#         771
  C:24D7H         LINE#         772
  C:24DEH         LINE#         773
  C:24E0H         LINE#         775
  C:24E6H         LINE#         777
  C:24E8H         LINE#         779
  C:24EDH         LINE#         780
  C:24EDH         LINE#         782
  C:24EDH         LINE#         783
  C:24EFH         LINE#         784
  C:24FBH         LINE#         785
  C:24FBH         LINE#         786
  C:2502H         LINE#         787
  C:2504H         LINE#         789
  C:250AH         LINE#         791
  C:250CH         LINE#         793
  C:2511H         LINE#         794
  C:2511H         LINE#         796
  C:2511H         LINE#         797
  C:2513H         LINE#         798
  C:251FH         LINE#         799
  C:251FH         LINE#         800
  C:2526H         LINE#         801
  C:2528H         LINE#         803
  C:252EH         LINE#         805
  C:2530H         LINE#         807
  C:2536H         LINE#         808
  C:253AH         LINE#         810
  C:253FH         LINE#         811
  C:2541H         LINE#         812
  C:254DH         LINE#         813
  C:254DH         LINE#         814
  C:255EH         LINE#         815
  C:2564H         LINE#         816
  C:2566H         LINE#         817
  C:2572H         LINE#         818
  C:2572H         LINE#         819
  C:2583H         LINE#         820
  C:258CH         LINE#         821
  C:258CH         LINE#         822
  -------         ENDPROC       _IRDATADEAL
  -------         PROC          _RXDATADEAL
  C:4F36H         LINE#         825
  C:4F36H         LINE#         826
  C:4F36H         LINE#         828
  -------         ENDPROC       _RXDATADEAL
  -------         PROC          _ENTEREVENTDEAL
  C:3F19H         LINE#         830
  C:3F19H         LINE#         831
  C:3F19H         LINE#         832
  C:3F1FH         LINE#         834
  C:3F21H         LINE#         835
  C:3F23H         LINE#         836
  C:3F28H         LINE#         838
  C:3F2EH         LINE#         840
  C:3F32H         LINE#         841
BL51 BANKED LINKER/LOCATER V6.22                                                      10/13/2015  15:22:36  PAGE 93


  C:3F34H         LINE#         843
  C:3F3AH         LINE#         845
  C:3F40H         LINE#         846
  C:3F43H         LINE#         849
  C:3F46H         LINE#         850
  C:3F46H         LINE#         851
  C:3F4CH         LINE#         852
  C:3F52H         LINE#         853
  C:3F56H         LINE#         854
  C:3F56H         LINE#         856
  C:3F5BH         LINE#         858
  C:3F61H         LINE#         860
  C:3F65H         LINE#         861
  C:3F67H         LINE#         863
  C:3F74H         LINE#         864
  C:3F74H         LINE#         865
  C:3F79H         LINE#         867
  C:3F80H         LINE#         868
  C:3F86H         LINE#         869
  C:3F8CH         LINE#         870
  C:3F92H         LINE#         871
  C:3F98H         LINE#         872
  C:3F98H         LINE#         874
  C:3F9FH         LINE#         875
  C:3FA5H         LINE#         876
  -------         ENDPROC       _ENTEREVENTDEAL
  -------         PROC          _EXITEVENTDEAL
  C:4F37H         LINE#         878
  C:4F37H         LINE#         879
  C:4F37H         LINE#         881
  -------         ENDPROC       _EXITEVENTDEAL
  -------         ENDMOD        STATE_WORK

  -------         MODULE        ?C?FPMUL
  C:150BH         PUBLIC        ?C?FPMUL
  -------         ENDMOD        ?C?FPMUL

  -------         MODULE        ?C?FCAST
  C:161BH         PUBLIC        ?C?FCASTC
  C:1616H         PUBLIC        ?C?FCASTI
  C:1611H         PUBLIC        ?C?FCASTL
  -------         ENDMOD        ?C?FCAST

  -------         MODULE        ?C?CASTF
  C:164FH         PUBLIC        ?C?CASTF
  -------         ENDMOD        ?C?CASTF

  -------         MODULE        ?C?CLDPTR
  C:16D0H         PUBLIC        ?C?CLDPTR
  -------         ENDMOD        ?C?CLDPTR

  -------         MODULE        ?C?CLDOPTR
  C:16E9H         PUBLIC        ?C?CLDOPTR
  -------         ENDMOD        ?C?CLDOPTR

  -------         MODULE        ?C?CSTPTR
  C:1716H         PUBLIC        ?C?CSTPTR
BL51 BANKED LINKER/LOCATER V6.22                                                      10/13/2015  15:22:36  PAGE 94


  -------         ENDMOD        ?C?CSTPTR

  -------         MODULE        ?C?CSTOPTR
  C:1728H         PUBLIC        ?C?CSTOPTR
  -------         ENDMOD        ?C?CSTOPTR

  -------         MODULE        ?C?UIDIV
  C:174AH         PUBLIC        ?C?UIDIV
  -------         ENDMOD        ?C?UIDIV

  -------         MODULE        ?C?ILDOPTR
  C:179FH         PUBLIC        ?C?ILDOPTR
  -------         ENDMOD        ?C?ILDOPTR

  -------         MODULE        ?C?ULDIV
  C:1813H         PUBLIC        ?C?ULDIV
  -------         ENDMOD        ?C?ULDIV

  -------         MODULE        ?C?LNEG
  C:18A5H         PUBLIC        ?C?LNEG
  -------         ENDMOD        ?C?LNEG

  -------         MODULE        ?C?ULCMP
  C:18B3H         PUBLIC        ?C?ULCMP
  -------         ENDMOD        ?C?ULCMP

  -------         MODULE        ?C?LSTXDATA
  C:18C4H         PUBLIC        ?C?LSTXDATA
  -------         ENDMOD        ?C?LSTXDATA

  -------         MODULE        ?C?LSTKXDATA
  C:18D0H         PUBLIC        ?C?LSTKXDATA
  -------         ENDMOD        ?C?LSTKXDATA

  -------         MODULE        ?C?OFFXADD
  C:1901H         PUBLIC        ?C?OFFXADD
  -------         ENDMOD        ?C?OFFXADD

  -------         MODULE        ?C?ICALL
  C:190DH         PUBLIC        ?C?ICALL
  C:1911H         PUBLIC        ?C?ICALL2
  -------         ENDMOD        ?C?ICALL

Program Size: data=29.7 xdata=514 code=20280
LINK/LOCATE RUN COMPLETE.  0 WARNING(S),  0 ERROR(S)
