BL51 BANKED LINKER/LOCATER V6.22                                                        10/08/2015  17:26:50  PAGE 1


BL51 BANKED LINKER/LOCATER V6.22, INVOKED BY:
C:\KEIL_V5\C51\BIN\BL51.EXE .\it.obj, startup.obj, .\main.obj, .\bsp_init.obj, .\aip1944.obj, .\display.obj, .\buzzer.ob
>> j, .\ir.obj, .\humidity.obj, .\dust.obj, .\motor.obj, .\system.obj, .\key.obj, .\fifo.obj, .\protocol.obj, .\uart.obj
>> , .\fsm.obj, .\state_test.obj, .\state_startup.obj, .\state_standby.obj, .\state_clockSetting.obj, .\state_echeck.obj
>> , .\state_timerSetting.obj, .\state_timerFnSetting.obj, .\state_timerLookup.obj, .\state_work.obj TO YTN-E608-WIFI-64
>> 32 RAMSIZE (256) DISABLEWARNING (16, 15, 13) CODE (0X0000-0X7FFF) XDATA (0X0000-0X02FF)




PROGRAM RECURSIONS REMOVED FROM CALL TREE
=========================================
+--> ?CO?STATE_STANDBY
|  | ?PR?_KEYACTIONDEAL?STATE_STANDBY
|  | ?CO?STATE_WORK
<--+ ?PR?_TIMETICK?STATE_WORK



MEMORY MODEL: LARGE WITH FLOATING POINT ARITHMETIC


INPUT MODULES INCLUDED:
  .\it.obj (IT)
  startup.obj (?C_STARTUP)
  .\main.obj (MAIN)
  .\bsp_init.obj (BSP_INIT)
  .\aip1944.obj (AIP1944)
  .\display.obj (DISPLAY)
  .\buzzer.obj (BUZZER)
  .\ir.obj (IR)
  .\humidity.obj (HUMIDITY)
  .\dust.obj (DUST)
  .\motor.obj (MOTOR)
  .\system.obj (SYSTEM)
  .\key.obj (KEY)
  .\fifo.obj (FIFO)
  .\protocol.obj (PROTOCOL)
  .\uart.obj (UART)
  .\fsm.obj (FSM)
  .\state_test.obj (STATE_TEST)
  .\state_startup.obj (STATE_STARTUP)
  .\state_standby.obj (STATE_STANDBY)
  .\state_clockSetting.obj (STATE_CLOCKSETTING)
  .\state_echeck.obj (STATE_ECHECK)
  .\state_timerSetting.obj (STATE_TIMERSETTING)
  .\state_timerFnSetting.obj (STATE_TIMERFNSETTING)
  .\state_timerLookup.obj (STATE_TIMERLOOKUP)
  .\state_work.obj (STATE_WORK)
  C:\KEIL_V5\C51\LIB\C51FPL.LIB (?C?FPMUL)
  C:\KEIL_V5\C51\LIB\C51FPL.LIB (?C?FCAST)
  C:\KEIL_V5\C51\LIB\C51FPL.LIB (?C?CASTF)
  C:\KEIL_V5\C51\LIB\C51FPL.LIB (?C?FPGETOPN)
  C:\KEIL_V5\C51\LIB\C51L.LIB (?C_INIT)
  C:\KEIL_V5\C51\LIB\C51L.LIB (?C?CLDPTR)
  C:\KEIL_V5\C51\LIB\C51L.LIB (?C?CLDOPTR)
  C:\KEIL_V5\C51\LIB\C51L.LIB (?C?CSTPTR)
  C:\KEIL_V5\C51\LIB\C51L.LIB (?C?CSTOPTR)
BL51 BANKED LINKER/LOCATER V6.22                                                      10/08/2015  17:26:50  PAGE 2


  C:\KEIL_V5\C51\LIB\C51L.LIB (?C?UIDIV)
  C:\KEIL_V5\C51\LIB\C51L.LIB (?C?ILDOPTR)
  C:\KEIL_V5\C51\LIB\C51L.LIB (?C?ULDIV)
  C:\KEIL_V5\C51\LIB\C51L.LIB (?C?LNEG)
  C:\KEIL_V5\C51\LIB\C51L.LIB (?C?ULCMP)
  C:\KEIL_V5\C51\LIB\C51L.LIB (?C?LSTXDATA)
  C:\KEIL_V5\C51\LIB\C51L.LIB (?C?OFFXADD)
  C:\KEIL_V5\C51\LIB\C51L.LIB (?C?ICALL)


LINK MAP OF MODULE:  YTN-E608-WIFI-6432 (IT)


            TYPE    BASE      LENGTH    RELOCATION   SEGMENT NAME
            -----------------------------------------------------

            * * * * * * *   D A T A   M E M O R Y   * * * * * * *
            REG     0000H     0008H     ABSOLUTE     "REG BANK 0"
            IDATA   0008H     000BH     UNIT         ?ID?IT
            IDATA   0013H     0003H     UNIT         ?ID?MAIN
            IDATA   0016H     0003H     UNIT         ?ID?HUMIDITY
                    0019H     0007H                  *** GAP ***
            BIT     0020H.0   0000H.6   UNIT         ?BI?SYSTEM
            BIT     0020H.6   0000H.4   UNIT         _BIT_GROUP_
            BIT     0021H.2   0000H.3   UNIT         ?BI?DISPLAY
            BIT     0021H.5   0000H.3   UNIT         ?BI?MOTOR
            BIT     0022H.0   0000H.2   UNIT         ?BI?DUST
            BIT     0022H.2   0000H.2   UNIT         ?BI?UART
            BIT     0022H.4   0000H.1   UNIT         ?BI?BUZZER
            BIT     0022H.5   0000H.1   UNIT         ?BI?IR
            BIT     0022H.6   0000H.1   UNIT         ?BI?HUMIDITY
            BIT     0022H.7   0000H.1   UNIT         ?BI?KEY
            BIT     0023H.0   0000H.1   UNIT         ?BI?PROTOCOL
            BIT     0023H.1   0000H.1   UNIT         ?BI?STATE_ECHECK
            BIT     0023H.2   0000H.1   UNIT         ?BI?STATE_WORK
                    0023H.3   0000H.5                *** GAP ***
            IDATA   0024H     0001H     UNIT         ?STACK

            * * * * * * *  X D A T A   M E M O R Y  * * * * * * *
            XDATA   0000H     00D8H     UNIT         ?XD?UART
            XDATA   00D8H     0075H     UNIT         ?XD?SYSTEM
            XDATA   014DH     0042H     UNIT         ?XD?DISPLAY
            XDATA   018FH     0015H     UNIT         ?XD?DUST
            XDATA   01A4H     0011H     UNIT         ?XD?HUMIDITY
            XDATA   01B5H     0010H     UNIT         _XDATA_GROUP_
            XDATA   01C5H     0008H     UNIT         ?XD?MOTOR
            XDATA   01CDH     0006H     UNIT         ?XD?STATE_WORK
            XDATA   01D3H     0004H     UNIT         ?XD?IT
            XDATA   01D7H     0004H     UNIT         ?XD?BUZZER
            XDATA   01DBH     0004H     UNIT         ?XD?KEY
            XDATA   01DFH     0004H     UNIT         ?XD?PROTOCOL
            XDATA   01E3H     0002H     UNIT         ?XD?IR
            XDATA   01E5H     0002H     UNIT         ?XD?FSM
            XDATA   01E7H     0002H     UNIT         ?XD?STATE_STANDBY
            XDATA   01E9H     0001H     UNIT         ?XD?AIP1944
            XDATA   01EAH     0001H     UNIT         ?XD?STATE_CLOCKSETTING
            XDATA   01EBH     0001H     UNIT         ?XD?STATE_TIMERSETTING
BL51 BANKED LINKER/LOCATER V6.22                                                      10/08/2015  17:26:50  PAGE 3


            XDATA   01ECH     0001H     UNIT         ?XD?STATE_TIMERLOOKUP

            * * * * * * *   C O D E   M E M O R Y   * * * * * * *
            CODE    0000H     0003H     ABSOLUTE     
            CODE    0003H     0018H     UNIT         ?PR?TIMER1_INIT?BSP_INIT
            CODE    001BH     0003H     ABSOLUTE     
            CODE    001EH     0005H     UNIT         ?PR?CMD_GET_SYS_STA_DEAL?PROTOCOL
            CODE    0023H     0003H     ABSOLUTE     
            CODE    0026H     0044H     UNIT         ?PR?UART_SENDSTARTUP?UART
            CODE    006AH     0001H     UNIT         ?PR?CMD_DUMMY_DEAL?PROTOCOL
            CODE    006BH     0003H     ABSOLUTE     
            CODE    006EH     0034H     UNIT         ?PR?_DISPLAY_SPLEVEL?DISPLAY
            CODE    00A2H     0001H     UNIT         ?PR?TASK_DONOTHING?FSM
            CODE    00A3H     0003H     ABSOLUTE     
            CODE    00A6H     000DH     UNIT         ?PR?BIT_INIT?BSP_INIT
            CODE    00B3H     0003H     ABSOLUTE     
            CODE    00B6H     0AE7H     UNIT         ?CO?HUMIDITY
            CODE    0B9DH     0416H     UNIT         ?PR?_PROTOCOL_STARESP?PROTOCOL
            CODE    0FB3H     03D7H     UNIT         ?C?LIB_CODE
            CODE    138AH     03BAH     UNIT         ?PR?_TIMETICK?STATE_WORK
            CODE    1744H     02BDH     UNIT         ?PR?_DISPLAYCONTROL?STATE_WORK
            CODE    1A01H     01BDH     UNIT         ?PR?_KEYACTIONDEAL?STATE_TIMERSETTING
            CODE    1BBEH     01ABH     UNIT         ?PR?CMD_GET_DEVICE_INFO_DEAL?PROTOCOL
            CODE    1D69H     01A5H     UNIT         ?PR?MOTOR_CTR?MOTOR
            CODE    1F0EH     01A1H     UNIT         ?PR?PROTOCOL_TASK?PROTOCOL
            CODE    20AFH     019BH     UNIT         ?PR?INT_BIT?IT
            CODE    224AH     016EH     UNIT         ?PR?_IRDATADEAL?STATE_WORK
            CODE    23B8H     015FH     UNIT         ?PR?CMD_GET_PM_DATAS_DEAL?PROTOCOL
            CODE    2517H     0142H     UNIT         ?PR?_DISPLAYCONTROL?STATE_TIMERSETTING
            CODE    2659H     0120H     UNIT         ?PR?_DISPLAYCONTROL?STATE_TEST
            CODE    2779H     0120H     UNIT         ?PR?_DISPLAYCONTROL?STATE_TIMERLOOKUP
            CODE    2899H     0117H     UNIT         ?CO?DISPLAY
            CODE    29B0H     010BH     UNIT         ?PR?_TIMETICK?STATE_STANDBY
            CODE    2ABBH     0108H     UNIT         ?PR?_IRDATADEAL?STATE_STANDBY
            CODE    2BC3H     0107H     UNIT         ?PR?_DISPLAYCONTROL?STATE_STANDBY
            CODE    2CCAH     0102H     UNIT         ?PR?_DISPLAY_DUSTDATA?DISPLAY
            CODE    2DCCH     00FEH     UNIT         ?PR?_DISPLAY_SHOWNUMINRTCAREA?DISPLAY
            CODE    2ECAH     00FEH     UNIT         ?PR?_HUMIDITY_AD2H?HUMIDITY
            CODE    2FC8H     00FCH     UNIT         ?PR?MAIN?MAIN
            CODE    30C4H     00FAH     UNIT         ?PR?_KEYACTIONDEAL?STATE_WORK
            CODE    31BEH     00EEH     UNIT         ?PR?SYS_UPDATETIMERONINDEX?SYSTEM
            CODE    32ACH     00E7H     UNIT         ?PR?_KEYACTIONDEAL?STATE_STANDBY
            CODE    3393H     00E3H     UNIT         ?PR?PROTOCOL_RESETWIFIMODE?PROTOCOL
            CODE    3476H     00D5H     UNIT         ?PR?INT_WT?IT
            CODE    354BH     00CEH     UNIT         ?PR?_DISPLAY_SHOWRT?DISPLAY
            CODE    3619H     00CCH     UNIT         ?PR?KEY_ACTIONDETECT?KEY
            CODE    36E5H     00BAH     UNIT         ?PR?DUST_LEVELUPDATE?DUST
            CODE    379FH     00B2H     UNIT         ?PR?DISPLAY_LEDDRIVE?DISPLAY
            CODE    3851H     00ADH     UNIT         ?PR?DUST_DATAUPDATE?DUST
            CODE    38FEH     00ADH     UNIT         ?PR?CMD_GET_ENE_DATAS_DEAL?PROTOCOL
            CODE    39ABH     00ACH     UNIT         ?PR?INT_USI1_RX?IT
            CODE    3A57H     00A3H     UNIT         ?PR?PROTOCOL_ENTERATMODE?PROTOCOL
            CODE    3AFAH     00A0H     UNIT         ?PR?HUMIDITY_GETCURRENTH?HUMIDITY
            CODE    3B9AH     009AH     UNIT         ?C_C51STARTUP
            CODE    3C34H     008FH     UNIT         ?PR?INT_USI1_TX?IT
            CODE    3CC3H     0089H     UNIT         ?PR?HUMIDITY_GETCURRENTT?HUMIDITY
            CODE    3D4CH     007EH     UNIT         ?PR?_KEYACTIONDEAL?STATE_CLOCKSETTING
BL51 BANKED LINKER/LOCATER V6.22                                                      10/08/2015  17:26:50  PAGE 4


            CODE    3DCAH     007AH     UNIT         ?PR?CMD_TIMER_CTR_DEAL?PROTOCOL
            CODE    3E44H     0075H     UNIT         ?PR?_HUMIDITY_GETH?HUMIDITY
            CODE    3EB9H     0064H     UNIT         ?PR?_MOTORCTR?STATE_WORK
            CODE    3F1DH     0061H     UNIT         ?PR?_ENQUEUE?FIFO
            CODE    3F7EH     005FH     UNIT         ?PR?_DISPLAY_SHOWTEMPERATURE?DISPLAY
            CODE    3FDDH     005FH     UNIT         ?PR?_DISPLAY_SHOWHUMIDITY?DISPLAY
            CODE    403CH     005DH     UNIT         ?PR?_DEQUEUE?FIFO
            CODE    4099H     0053H     UNIT         ?PR?SYS_LOADCTR?SYSTEM
            CODE    40ECH     0053H     UNIT         ?PR?KEY_READ?KEY
            CODE    413FH     0052H     UNIT         ?PR?_STATE_TRANSITIONTO?FSM
            CODE    4191H     0051H     UNIT         ?PR?PORT_INIT?BSP_INIT
            CODE    41E2H     0050H     UNIT         ?PR?_AIP1944_WRITEDISPDATAS?AIP1944
            CODE    4232H     004FH     UNIT         ?PR?_ENTEREVENTDEAL?STATE_WORK
            CODE    4281H     004BH     UNIT         ?PR?DUST_GETRTLEVEL?DUST
            CODE    42CCH     004BH     UNIT         ?CO?PROTOCOL
            CODE    4317H     004AH     UNIT         ?PR?_DISPLAY_CIRCLERUN?DISPLAY
            CODE    4361H     0046H     UNIT         ?PR?CMD_FAN_CTR_DEAL?PROTOCOL
            CODE    43A7H     0043H     UNIT         ?PR?BUZZ_CTR?BUZZER
            CODE    43EAH     0043H     UNIT         ?PR?CMD_RT_SET_DEAL?PROTOCOL
            CODE    442DH     0041H     UNIT         ?PR?_TASKEXE?STATE_WORK
            CODE    446EH     003EH     UNIT         ?PR?_DISPLAY_DUSTLEVEL?DISPLAY
            CODE    44ACH     003CH     UNIT         ?PR?_KEYACTIONDEAL?STATE_ECHECK
            CODE    44E8H     003AH     UNIT         ?PR?_KEYACTIONDEAL?STATE_TIMERLOOKUP
            CODE    4522H     0039H     UNIT         ?PR?_QUEUEISFULL?FIFO
            CODE    455BH     0034H     UNIT         ?PR?UART_MEMORYINIT?UART
            CODE    458FH     0034H     UNIT         ?PR?_DISPLAYCONTROL?STATE_TIMERFNSETTING
            CODE    45C3H     0033H     UNIT         ?PR?DISPLAY_CTR?DISPLAY
            CODE    45F6H     002DH     UNIT         ?PR?_ENTEREVENTDEAL?STATE_STANDBY
            CODE    4623H     002DH     UNIT         ?PR?GETNEXTACTIVETIMERINDEX?STATE_TIMERLOOKUP
            CODE    4650H     002CH     UNIT         ?PR?_DISPLAYCONTROL?STATE_CLOCKSETTING
            CODE    467CH     002BH     UNIT         ?PR?CMD_POWER_CTR_DEAL?PROTOCOL
            CODE    46A7H     002BH     UNIT         ?PR?_DISPLAYCONTROL?STATE_ECHECK
            CODE    46D2H     0027H     UNIT         ?PR?BSP_INIT?BSP_INIT
            CODE    46F9H     0024H     UNIT         ?C_INITSEG
            CODE    471DH     0020H     UNIT         ?PR?DISPLAY_SETLINE?DISPLAY
            CODE    473DH     001FH     UNIT         ?PR?_KEYACTIONDEAL?STATE_TIMERFNSETTING
            CODE    475CH     001EH     UNIT         ?CO?SYSTEM
            CODE    477AH     001DH     UNIT         ?PR?_MOTOR_RUN?MOTOR
            CODE    4797H     001DH     UNIT         ?PR?CMD_AION_CTR_DEAL?PROTOCOL
            CODE    47B4H     001DH     UNIT         ?PR?CMD_UV_CTR_DEAL?PROTOCOL
            CODE    47D1H     001BH     UNIT         ?PR?_BUZZ_SET?BUZZER
            CODE    47ECH     001BH     UNIT         ?PR?CMD_MEM_SET_DEAL?PROTOCOL
            CODE    4807H     001BH     UNIT         ?CO?FSM
            CODE    4822H     001BH     UNIT         ?CO?STATE_TEST
            CODE    483DH     001BH     UNIT         ?CO?STATE_STARTUP
            CODE    4858H     001BH     UNIT         ?CO?STATE_STANDBY
            CODE    4873H     001BH     UNIT         ?CO?STATE_CLOCKSETTING
            CODE    488EH     001BH     UNIT         ?CO?STATE_ECHECK
            CODE    48A9H     001BH     UNIT         ?CO?STATE_TIMERSETTING
            CODE    48C4H     001BH     UNIT         ?CO?STATE_TIMERFNSETTING
            CODE    48DFH     001BH     UNIT         ?PR?_ENTEREVENTDEAL?STATE_TIMERLOOKUP
            CODE    48FAH     001BH     UNIT         ?CO?STATE_TIMERLOOKUP
            CODE    4915H     001BH     UNIT         ?CO?STATE_WORK
            CODE    4930H     001AH     UNIT         ?PR?_AIP1944_WRITEBYTE?AIP1944
            CODE    494AH     001AH     UNIT         ?PR?_QUEUELEN?FIFO
            CODE    4964H     0019H     UNIT         ?PR?CMD_WIFI_STA_CHANGE_DEAL?PROTOCOL
            CODE    497DH     0018H     UNIT         ?PR?_TIMETICK?STATE_STARTUP
BL51 BANKED LINKER/LOCATER V6.22                                                      10/08/2015  17:26:50  PAGE 5


            CODE    4995H     0018H     UNIT         ?PR?_TIMETICK?STATE_CLOCKSETTING
            CODE    49ADH     0018H     UNIT         ?PR?_TIMETICK?STATE_ECHECK
            CODE    49C5H     0018H     UNIT         ?PR?_TIMETICK?STATE_TIMERSETTING
            CODE    49DDH     0018H     UNIT         ?PR?_TIMETICK?STATE_TIMERFNSETTING
            CODE    49F5H     0018H     UNIT         ?PR?_TIMETICK?STATE_TIMERLOOKUP
            CODE    4A0DH     0016H     UNIT         ?PR?UART_INIT?BSP_INIT
            CODE    4A23H     0016H     UNIT         ?PR?_UTILS_GETADVALUE?HUMIDITY
            CODE    4A39H     0016H     UNIT         ?PR?CMD_FIX_CTR_DEAL?PROTOCOL
            CODE    4A4FH     0016H     UNIT         ?PR?CMD_CLEAN_CTR_DEAL?PROTOCOL
            CODE    4A65H     0015H     UNIT         ?PR?_QUEUEISEMPTY?FIFO
            CODE    4A7AH     0014H     UNIT         ?PR?_DISPLAY_SETALL?DISPLAY
            CODE    4A8EH     0014H     UNIT         ?PR?_HUMIDITY_AD2T?HUMIDITY
            CODE    4AA2H     0014H     UNIT         ?PR?DUST_DEVICEINIT?DUST
            CODE    4AB6H     0013H     UNIT         ?PR?INT_TIMER0?IT
            CODE    4AC9H     0012H     UNIT         ?PR?_BUZ_ONOFF?BSP_INIT
            CODE    4ADBH     0012H     UNIT         ?PR?BUZZ_DEVICEINIT?BUZZER
            CODE    4AEDH     0010H     UNIT         ?PR?HUMIDITY_DEVICEINIT?HUMIDITY
            CODE    4AFDH     0010H     UNIT         ?PR?HOURDEC?STATE_CLOCKSETTING
            CODE    4B0DH     0010H     UNIT         ?PR?MINDEC?STATE_CLOCKSETTING
            CODE    4B1DH     000FH     UNIT         ?PR?_ADC_START?BSP_INIT
            CODE    4B2CH     000FH     UNIT         ?PR?HOURINC?STATE_CLOCKSETTING
            CODE    4B3BH     000FH     UNIT         ?PR?MININC?STATE_CLOCKSETTING
            CODE    4B4AH     000EH     UNIT         ?PR?_INITQUEUE?FIFO
            CODE    4B58H     000EH     UNIT         ?PR?CMD_REST_DEAL?PROTOCOL
            CODE    4B66H     000EH     UNIT         ?PR?_ENTEREVENTDEAL?STATE_STARTUP
            CODE    4B74H     000DH     UNIT         ?PR?TIMER0_INIT?BSP_INIT
            CODE    4B81H     000DH     UNIT         ?PR?WT_INIT?BSP_INIT
            CODE    4B8EH     000CH     UNIT         ?PR?_IRDATADEAL?STATE_TEST
            CODE    4B9AH     000CH     UNIT         ?PR?_ENTEREVENTDEAL?STATE_TIMERSETTING
            CODE    4BA6H     000AH     UNIT         ?PR?MOTOR_STOP?MOTOR
            CODE    4BB0H     000AH     UNIT         ?PR?_DISPLAYCONTROL?STATE_STARTUP
            CODE    4BBAH     000AH     UNIT         ?PR?_ENTEREVENTDEAL?STATE_CLOCKSETTING
            CODE    4BC4H     0009H     UNIT         ?PR?WDT_INIT?BSP_INIT
            CODE    4BCDH     0009H     UNIT         ?PR?UART_RXDATSDEAL?UART
            CODE    4BD6H     0009H     UNIT         ?PR?_KEYACTIONDEAL?STATE_TEST
            CODE    4BDFH     0008H     UNIT         ?PR?LCD_INIT?BSP_INIT
            CODE    4BE7H     0008H     UNIT         ?PR?PROTOCOL_INIT?PROTOCOL
            CODE    4BEFH     0008H     UNIT         ?PR?_ENTEREVENTDEAL?STATE_ECHECK
            CODE    4BF7H     0007H     UNIT         ?PR?ADC_INIT?BSP_INIT
            CODE    4BFEH     0007H     UNIT         ?PR?BUZ_INIT?BSP_INIT
            CODE    4C05H     0007H     UNIT         ?PR?CLOCK_INIT?BSP_INIT
            CODE    4C0CH     0006H     UNIT         ?PR?_ENTEREVENTDEAL?STATE_TIMERFNSETTING
            CODE    4C12H     0004H     UNIT         ?PR?WDT_CLEAR?BSP_INIT
            CODE    4C16H     0003H     UNIT         ?PR?_MOTORCTR?STATE_STARTUP
            CODE    4C19H     0003H     UNIT         ?PR?_MOTORCTR?STATE_STANDBY
            CODE    4C1CH     0003H     UNIT         ?PR?_MOTORCTR?STATE_CLOCKSETTING
            CODE    4C1FH     0003H     UNIT         ?PR?_MOTORCTR?STATE_ECHECK
            CODE    4C22H     0003H     UNIT         ?PR?_MOTORCTR?STATE_TIMERSETTING
            CODE    4C25H     0003H     UNIT         ?PR?_MOTORCTR?STATE_TIMERFNSETTING
            CODE    4C28H     0003H     UNIT         ?PR?_MOTORCTR?STATE_TIMERLOOKUP
            CODE    4C2BH     0001H     UNIT         ?PR?_TASKEXE?STATE_TEST
            CODE    4C2CH     0001H     UNIT         ?PR?_TIMETICK?STATE_TEST
            CODE    4C2DH     0001H     UNIT         ?PR?_MOTORCTR?STATE_TEST
            CODE    4C2EH     0001H     UNIT         ?PR?_RXDATADEAL?STATE_TEST
            CODE    4C2FH     0001H     UNIT         ?PR?_ENTEREVENTDEAL?STATE_TEST
            CODE    4C30H     0001H     UNIT         ?PR?_EXITEVENTDEAL?STATE_TEST
            CODE    4C31H     0001H     UNIT         ?PR?_KEYACTIONDEAL?STATE_STARTUP
BL51 BANKED LINKER/LOCATER V6.22                                                      10/08/2015  17:26:50  PAGE 6


            CODE    4C32H     0001H     UNIT         ?PR?_TASKEXE?STATE_STARTUP
            CODE    4C33H     0001H     UNIT         ?PR?_IRDATADEAL?STATE_STARTUP
            CODE    4C34H     0001H     UNIT         ?PR?_RXDATADEAL?STATE_STARTUP
            CODE    4C35H     0001H     UNIT         ?PR?_EXITEVENTDEAL?STATE_STARTUP
            CODE    4C36H     0001H     UNIT         ?PR?_TASKEXE?STATE_STANDBY
            CODE    4C37H     0001H     UNIT         ?PR?_RXDATADEAL?STATE_STANDBY
            CODE    4C38H     0001H     UNIT         ?PR?_EXITEVENTDEAL?STATE_STANDBY
            CODE    4C39H     0001H     UNIT         ?PR?_TASKEXE?STATE_CLOCKSETTING
            CODE    4C3AH     0001H     UNIT         ?PR?_IRDATADEAL?STATE_CLOCKSETTING
            CODE    4C3BH     0001H     UNIT         ?PR?_RXDATADEAL?STATE_CLOCKSETTING
            CODE    4C3CH     0001H     UNIT         ?PR?_EXITEVENTDEAL?STATE_CLOCKSETTING
            CODE    4C3DH     0001H     UNIT         ?PR?_TASKEXE?STATE_ECHECK
            CODE    4C3EH     0001H     UNIT         ?PR?_IRDATADEAL?STATE_ECHECK
            CODE    4C3FH     0001H     UNIT         ?PR?_RXDATADEAL?STATE_ECHECK
            CODE    4C40H     0001H     UNIT         ?PR?_EXITEVENTDEAL?STATE_ECHECK
            CODE    4C41H     0001H     UNIT         ?PR?_TASKEXE?STATE_TIMERSETTING
            CODE    4C42H     0001H     UNIT         ?PR?_IRDATADEAL?STATE_TIMERSETTING
            CODE    4C43H     0001H     UNIT         ?PR?_RXDATADEAL?STATE_TIMERSETTING
            CODE    4C44H     0001H     UNIT         ?PR?_EXITEVENTDEAL?STATE_TIMERSETTING
            CODE    4C45H     0001H     UNIT         ?PR?_TASKEXE?STATE_TIMERFNSETTING
            CODE    4C46H     0001H     UNIT         ?PR?_IRDATADEAL?STATE_TIMERFNSETTING
            CODE    4C47H     0001H     UNIT         ?PR?_RXDATADEAL?STATE_TIMERFNSETTING
            CODE    4C48H     0001H     UNIT         ?PR?_EXITEVENTDEAL?STATE_TIMERFNSETTING
            CODE    4C49H     0001H     UNIT         ?PR?_TASKEXE?STATE_TIMERLOOKUP
            CODE    4C4AH     0001H     UNIT         ?PR?_IRDATADEAL?STATE_TIMERLOOKUP
            CODE    4C4BH     0001H     UNIT         ?PR?_RXDATADEAL?STATE_TIMERLOOKUP
            CODE    4C4CH     0001H     UNIT         ?PR?_EXITEVENTDEAL?STATE_TIMERLOOKUP
            CODE    4C4DH     0001H     UNIT         ?PR?_RXDATADEAL?STATE_WORK
            CODE    4C4EH     0001H     UNIT         ?PR?_EXITEVENTDEAL?STATE_WORK



OVERLAY MAP OF MODULE:   YTN-E608-WIFI-6432 (IT)


SEGMENT                                             BIT_GROUP          XDATA_GROUP
  +--> CALLED SEGMENT                            START    LENGTH     START    LENGTH
------------------------------------------------------------------------------------
?PR?INT_BIT?IT                                   -----    -----      -----    -----
  +--> ?PR?DISPLAY_LEDDRIVE?DISPLAY

?PR?DISPLAY_LEDDRIVE?DISPLAY                     0020H.7  0000H.1    -----    -----

*** NEW ROOT ***************************************************

?C_C51STARTUP                                    -----    -----      -----    -----
  +--> ?PR?MAIN?MAIN
  +--> ?C_INITSEG

?PR?MAIN?MAIN                                    -----    -----      -----    -----
  +--> ?PR?BSP_INIT?BSP_INIT
  +--> ?PR?BUZZ_DEVICEINIT?BUZZER
  +--> ?PR?UART_MEMORYINIT?UART
  +--> ?PR?PROTOCOL_INIT?PROTOCOL
  +--> ?PR?HUMIDITY_DEVICEINIT?HUMIDITY
  +--> ?PR?DUST_DEVICEINIT?DUST
  +--> ?CO?STATE_STARTUP
BL51 BANKED LINKER/LOCATER V6.22                                                      10/08/2015  17:26:50  PAGE 7


  +--> ?PR?_STATE_TRANSITIONTO?FSM
  +--> ?PR?_BUZZ_SET?BUZZER
  +--> ?PR?UART_RXDATSDEAL?UART
  +--> ?PR?_UTILS_GETADVALUE?HUMIDITY
  +--> ?PR?KEY_ACTIONDETECT?KEY
  +--> ?PR?DISPLAY_LEDDRIVE?DISPLAY
  +--> ?PR?BUZZ_CTR?BUZZER
  +--> ?PR?DUST_DATAUPDATE?DUST
  +--> ?PR?MOTOR_CTR?MOTOR
  +--> ?PR?SYS_LOADCTR?SYSTEM
  +--> ?PR?DISPLAY_CTR?DISPLAY
  +--> ?PR?HUMIDITY_GETCURRENTT?HUMIDITY
  +--> ?PR?HUMIDITY_GETCURRENTH?HUMIDITY
  +--> ?PR?DUST_LEVELUPDATE?DUST

?PR?BSP_INIT?BSP_INIT                            -----    -----      -----    -----
  +--> ?PR?PORT_INIT?BSP_INIT
  +--> ?PR?CLOCK_INIT?BSP_INIT
  +--> ?PR?ADC_INIT?BSP_INIT
  +--> ?PR?BIT_INIT?BSP_INIT
  +--> ?PR?BUZ_INIT?BSP_INIT
  +--> ?PR?LCD_INIT?BSP_INIT
  +--> ?PR?TIMER0_INIT?BSP_INIT
  +--> ?PR?TIMER1_INIT?BSP_INIT
  +--> ?PR?UART_INIT?BSP_INIT
  +--> ?PR?WDT_INIT?BSP_INIT
  +--> ?PR?WT_INIT?BSP_INIT

?PR?WDT_INIT?BSP_INIT                            -----    -----      -----    -----
  +--> ?PR?WDT_CLEAR?BSP_INIT

?PR?UART_MEMORYINIT?UART                         -----    -----      -----    -----
  +--> ?PR?_INITQUEUE?FIFO

?PR?HUMIDITY_DEVICEINIT?HUMIDITY                 -----    -----      -----    -----
  +--> ?PR?_UTILS_GETADVALUE?HUMIDITY
  +--> ?PR?_HUMIDITY_AD2T?HUMIDITY
  +--> ?PR?_HUMIDITY_AD2H?HUMIDITY

?PR?_HUMIDITY_AD2T?HUMIDITY                      -----    -----      -----    -----
  +--> ?CO?HUMIDITY

?PR?_HUMIDITY_AD2H?HUMIDITY                      -----    -----      01B6H    0003H
  +--> ?PR?_HUMIDITY_GETH?HUMIDITY

?PR?_HUMIDITY_GETH?HUMIDITY                      -----    -----      01B9H    0003H
  +--> ?CO?HUMIDITY

?CO?STATE_STARTUP                                -----    -----      -----    -----
  +--> ?PR?_KEYACTIONDEAL?STATE_STARTUP
  +--> ?PR?_DISPLAYCONTROL?STATE_STARTUP
  +--> ?PR?_TASKEXE?STATE_STARTUP
  +--> ?PR?_TIMETICK?STATE_STARTUP
  +--> ?PR?_MOTORCTR?STATE_STARTUP
  +--> ?PR?_IRDATADEAL?STATE_STARTUP
  +--> ?PR?_RXDATADEAL?STATE_STARTUP
  +--> ?PR?_ENTEREVENTDEAL?STATE_STARTUP
BL51 BANKED LINKER/LOCATER V6.22                                                      10/08/2015  17:26:50  PAGE 8


  +--> ?PR?_EXITEVENTDEAL?STATE_STARTUP

?PR?_DISPLAYCONTROL?STATE_STARTUP                -----    -----      -----    -----
  +--> ?PR?_DISPLAY_SETALL?DISPLAY

?PR?_TIMETICK?STATE_STARTUP                      -----    -----      -----    -----
  +--> ?CO?STATE_STANDBY
  +--> ?PR?_STATE_TRANSITIONTO?FSM

?CO?STATE_STANDBY                                -----    -----      -----    -----
  +--> ?PR?_KEYACTIONDEAL?STATE_STANDBY
  +--> ?PR?_DISPLAYCONTROL?STATE_STANDBY
  +--> ?PR?_TASKEXE?STATE_STANDBY
  +--> ?PR?_TIMETICK?STATE_STANDBY
  +--> ?PR?_MOTORCTR?STATE_STANDBY
  +--> ?PR?_IRDATADEAL?STATE_STANDBY
  +--> ?PR?_RXDATADEAL?STATE_STANDBY
  +--> ?PR?_ENTEREVENTDEAL?STATE_STANDBY
  +--> ?PR?_EXITEVENTDEAL?STATE_STANDBY

?PR?_KEYACTIONDEAL?STATE_STANDBY                 -----    -----      -----    -----
  +--> ?PR?_BUZZ_SET?BUZZER
  +--> ?CO?STATE_WORK
  +--> ?CO?STATE_ECHECK
  +--> ?CO?STATE_TIMERLOOKUP
  +--> ?CO?STATE_CLOCKSETTING
  +--> ?CO?STATE_TIMERSETTING
  +--> ?CO?STATE_TIMERFNSETTING
  +--> ?PR?_STATE_TRANSITIONTO?FSM
  +--> ?PR?PROTOCOL_ENTERATMODE?PROTOCOL

?CO?STATE_WORK                                   -----    -----      -----    -----
  +--> ?PR?_KEYACTIONDEAL?STATE_WORK
  +--> ?PR?_DISPLAYCONTROL?STATE_WORK
  +--> ?PR?_TASKEXE?STATE_WORK
  +--> ?PR?_TIMETICK?STATE_WORK
  +--> ?PR?_MOTORCTR?STATE_WORK
  +--> ?PR?_IRDATADEAL?STATE_WORK
  +--> ?PR?_RXDATADEAL?STATE_WORK
  +--> ?PR?_ENTEREVENTDEAL?STATE_WORK
  +--> ?PR?_EXITEVENTDEAL?STATE_WORK

?PR?_KEYACTIONDEAL?STATE_WORK                    -----    -----      -----    -----
  +--> ?PR?_STATE_TRANSITIONTO?FSM
  +--> ?PR?_BUZZ_SET?BUZZER

?PR?_STATE_TRANSITIONTO?FSM                      0020H.7  0000H.2    01BAH    0002H

?PR?_DISPLAYCONTROL?STATE_WORK                   -----    -----      -----    -----
  +--> ?PR?_DISPLAY_SPLEVEL?DISPLAY
  +--> ?PR?DISPLAY_SETLINE?DISPLAY
  +--> ?PR?_DISPLAY_DUSTDATA?DISPLAY
  +--> ?PR?_DISPLAY_DUSTLEVEL?DISPLAY
  +--> ?PR?_DISPLAY_SHOWTEMPERATURE?DISPLAY
  +--> ?PR?_DISPLAY_SHOWHUMIDITY?DISPLAY
  +--> ?PR?_DISPLAY_SHOWRT?DISPLAY
  +--> ?PR?_DISPLAY_CIRCLERUN?DISPLAY
BL51 BANKED LINKER/LOCATER V6.22                                                      10/08/2015  17:26:50  PAGE 9


  +--> ?CO?SYSTEM

?PR?_DISPLAY_DUSTDATA?DISPLAY                    -----    -----      01B9H    0003H
  +--> ?CO?DISPLAY

?PR?_DISPLAY_SHOWTEMPERATURE?DISPLAY             -----    -----      -----    -----
  +--> ?CO?DISPLAY

?PR?_DISPLAY_SHOWHUMIDITY?DISPLAY                -----    -----      -----    -----
  +--> ?CO?DISPLAY

?PR?_DISPLAY_SHOWRT?DISPLAY                      0021H.0  0000H.2    -----    -----
  +--> ?CO?DISPLAY

?PR?_TIMETICK?STATE_WORK                         -----    -----      01B9H    0001H
  +--> ?PR?_STATE_TRANSITIONTO?FSM
  +--> ?PR?_BUZZ_SET?BUZZER
  +--> ?CO?SYSTEM

?PR?_MOTORCTR?STATE_WORK                         -----    -----      -----    -----
  +--> ?PR?MOTOR_STOP?MOTOR
  +--> ?PR?_MOTOR_RUN?MOTOR

?PR?_IRDATADEAL?STATE_WORK                       -----    -----      -----    -----
  +--> ?PR?_BUZZ_SET?BUZZER
  +--> ?PR?_STATE_TRANSITIONTO?FSM

?PR?_ENTEREVENTDEAL?STATE_WORK                   -----    -----      -----    -----
  +--> ?PR?DUST_DEVICEINIT?DUST

?CO?STATE_ECHECK                                 -----    -----      -----    -----
  +--> ?PR?_KEYACTIONDEAL?STATE_ECHECK
  +--> ?PR?_DISPLAYCONTROL?STATE_ECHECK
  +--> ?PR?_TASKEXE?STATE_ECHECK
  +--> ?PR?_TIMETICK?STATE_ECHECK
  +--> ?PR?_MOTORCTR?STATE_ECHECK
  +--> ?PR?_IRDATADEAL?STATE_ECHECK
  +--> ?PR?_RXDATADEAL?STATE_ECHECK
  +--> ?PR?_ENTEREVENTDEAL?STATE_ECHECK
  +--> ?PR?_EXITEVENTDEAL?STATE_ECHECK

?PR?_KEYACTIONDEAL?STATE_ECHECK                  -----    -----      -----    -----
  +--> ?PR?_BUZZ_SET?BUZZER

?PR?_DISPLAYCONTROL?STATE_ECHECK                 -----    -----      -----    -----
  +--> ?PR?_DISPLAY_SHOWNUMINRTCAREA?DISPLAY

?PR?_DISPLAY_SHOWNUMINRTCAREA?DISPLAY            -----    -----      01B9H    0003H
  +--> ?CO?DISPLAY

?PR?_TIMETICK?STATE_ECHECK                       -----    -----      -----    -----
  +--> ?PR?_STATE_TRANSITIONTO?FSM

?PR?_MOTORCTR?STATE_ECHECK                       -----    -----      -----    -----
  +--> ?PR?MOTOR_STOP?MOTOR

?CO?STATE_TIMERLOOKUP                            -----    -----      -----    -----
BL51 BANKED LINKER/LOCATER V6.22                                                      10/08/2015  17:26:50  PAGE 10


  +--> ?PR?_KEYACTIONDEAL?STATE_TIMERLOOKUP
  +--> ?PR?_DISPLAYCONTROL?STATE_TIMERLOOKUP
  +--> ?PR?_TASKEXE?STATE_TIMERLOOKUP
  +--> ?PR?_TIMETICK?STATE_TIMERLOOKUP
  +--> ?PR?_MOTORCTR?STATE_TIMERLOOKUP
  +--> ?PR?_IRDATADEAL?STATE_TIMERLOOKUP
  +--> ?PR?_RXDATADEAL?STATE_TIMERLOOKUP
  +--> ?PR?_ENTEREVENTDEAL?STATE_TIMERLOOKUP
  +--> ?PR?_EXITEVENTDEAL?STATE_TIMERLOOKUP

?PR?_KEYACTIONDEAL?STATE_TIMERLOOKUP             -----    -----      -----    -----
  +--> ?PR?GETNEXTACTIVETIMERINDEX?STATE_TIM...
  +--> ?PR?_BUZZ_SET?BUZZER

?PR?GETNEXTACTIVETIMERINDEX?STATE_TIM...         -----    -----      -----    -----
  +--> ?CO?SYSTEM

?PR?_DISPLAYCONTROL?STATE_TIMERLOOKUP            -----    -----      -----    -----
  +--> ?PR?_DISPLAY_SHOWNUMINRTCAREA?DISPLAY
  +--> ?CO?SYSTEM
  +--> ?PR?_DISPLAY_SHOWRT?DISPLAY

?PR?_TIMETICK?STATE_TIMERLOOKUP                  -----    -----      -----    -----
  +--> ?PR?_STATE_TRANSITIONTO?FSM

?PR?_MOTORCTR?STATE_TIMERLOOKUP                  -----    -----      -----    -----
  +--> ?PR?MOTOR_STOP?MOTOR

?PR?_ENTEREVENTDEAL?STATE_TIMERLOOKUP            -----    -----      -----    -----
  +--> ?PR?GETNEXTACTIVETIMERINDEX?STATE_TIM...

?CO?STATE_CLOCKSETTING                           -----    -----      -----    -----
  +--> ?PR?_KEYACTIONDEAL?STATE_CLOCKSETTING
  +--> ?PR?_DISPLAYCONTROL?STATE_CLOCKSETTING
  +--> ?PR?_TASKEXE?STATE_CLOCKSETTING
  +--> ?PR?_TIMETICK?STATE_CLOCKSETTING
  +--> ?PR?_MOTORCTR?STATE_CLOCKSETTING
  +--> ?PR?_IRDATADEAL?STATE_CLOCKSETTING
  +--> ?PR?_RXDATADEAL?STATE_CLOCKSETTING
  +--> ?PR?_ENTEREVENTDEAL?STATE_CLOCKSETTING
  +--> ?PR?_EXITEVENTDEAL?STATE_CLOCKSETTING

?PR?_KEYACTIONDEAL?STATE_CLOCKSETTING            -----    -----      -----    -----
  +--> ?PR?HOURINC?STATE_CLOCKSETTING
  +--> ?PR?MININC?STATE_CLOCKSETTING
  +--> ?PR?HOURDEC?STATE_CLOCKSETTING
  +--> ?PR?MINDEC?STATE_CLOCKSETTING
  +--> ?PR?_BUZZ_SET?BUZZER

?PR?_DISPLAYCONTROL?STATE_CLOCKSETTING           -----    -----      -----    -----
  +--> ?PR?_DISPLAY_SHOWRT?DISPLAY

?PR?_TIMETICK?STATE_CLOCKSETTING                 -----    -----      -----    -----
  +--> ?PR?_STATE_TRANSITIONTO?FSM

?PR?_MOTORCTR?STATE_CLOCKSETTING                 -----    -----      -----    -----
  +--> ?PR?MOTOR_STOP?MOTOR
BL51 BANKED LINKER/LOCATER V6.22                                                      10/08/2015  17:26:50  PAGE 11



?CO?STATE_TIMERSETTING                           -----    -----      -----    -----
  +--> ?PR?_KEYACTIONDEAL?STATE_TIMERSETTING
  +--> ?PR?_DISPLAYCONTROL?STATE_TIMERSETTING
  +--> ?PR?_TASKEXE?STATE_TIMERSETTING
  +--> ?PR?_TIMETICK?STATE_TIMERSETTING
  +--> ?PR?_MOTORCTR?STATE_TIMERSETTING
  +--> ?PR?_IRDATADEAL?STATE_TIMERSETTING
  +--> ?PR?_RXDATADEAL?STATE_TIMERSETTING
  +--> ?PR?_ENTEREVENTDEAL?STATE_TIMERSETTING
  +--> ?PR?_EXITEVENTDEAL?STATE_TIMERSETTING

?PR?_KEYACTIONDEAL?STATE_TIMERSETTING            0020H.7  0000H.1    01B9H    0003H
  +--> ?CO?SYSTEM
  +--> ?PR?_BUZZ_SET?BUZZER

?PR?_DISPLAYCONTROL?STATE_TIMERSETTING           0020H.7  0000H.1    -----    -----
  +--> ?PR?_DISPLAY_SHOWNUMINRTCAREA?DISPLAY
  +--> ?CO?SYSTEM
  +--> ?PR?_DISPLAY_SHOWRT?DISPLAY

?PR?_TIMETICK?STATE_TIMERSETTING                 -----    -----      -----    -----
  +--> ?PR?_STATE_TRANSITIONTO?FSM

?PR?_MOTORCTR?STATE_TIMERSETTING                 -----    -----      -----    -----
  +--> ?PR?MOTOR_STOP?MOTOR

?CO?STATE_TIMERFNSETTING                         -----    -----      -----    -----
  +--> ?PR?_KEYACTIONDEAL?STATE_TIMERFNSETTING
  +--> ?PR?_DISPLAYCONTROL?STATE_TIMERFNSETTING
  +--> ?PR?_TASKEXE?STATE_TIMERFNSETTING
  +--> ?PR?_TIMETICK?STATE_TIMERFNSETTING
  +--> ?PR?_MOTORCTR?STATE_TIMERFNSETTING
  +--> ?PR?_IRDATADEAL?STATE_TIMERFNSETTING
  +--> ?PR?_RXDATADEAL?STATE_TIMERFNSETTING
  +--> ?PR?_ENTEREVENTDEAL?STATE_TIMERFNSETTING
  +--> ?PR?_EXITEVENTDEAL?STATE_TIMERFNSETTING

?PR?_KEYACTIONDEAL?STATE_TIMERFNSETTING          -----    -----      -----    -----
  +--> ?PR?_BUZZ_SET?BUZZER

?PR?_TIMETICK?STATE_TIMERFNSETTING               -----    -----      -----    -----
  +--> ?PR?_STATE_TRANSITIONTO?FSM

?PR?_MOTORCTR?STATE_TIMERFNSETTING               -----    -----      -----    -----
  +--> ?PR?MOTOR_STOP?MOTOR

?PR?PROTOCOL_ENTERATMODE?PROTOCOL                -----    -----      -----    -----
  +--> ?PR?_ENQUEUE?FIFO
  +--> ?PR?UART_SENDSTARTUP?UART

?PR?_ENQUEUE?FIFO                                -----    -----      01BEH    0004H
  +--> ?PR?_QUEUEISFULL?FIFO

?PR?_QUEUEISFULL?FIFO                            -----    -----      01C2H    0003H

?PR?UART_SENDSTARTUP?UART                        -----    -----      -----    -----
BL51 BANKED LINKER/LOCATER V6.22                                                      10/08/2015  17:26:50  PAGE 12


  +--> ?PR?_QUEUELEN?FIFO
  +--> ?PR?_DEQUEUE?FIFO

?PR?_DEQUEUE?FIFO                                -----    -----      01BEH    0004H
  +--> ?PR?_QUEUEISEMPTY?FIFO

?PR?_DISPLAYCONTROL?STATE_STANDBY                -----    -----      -----    -----
  +--> ?PR?_DISPLAY_DUSTDATA?DISPLAY
  +--> ?PR?_DISPLAY_SHOWRT?DISPLAY

?PR?_TIMETICK?STATE_STANDBY                      -----    -----      -----    -----
  +--> ?PR?PROTOCOL_RESETWIFIMODE?PROTOCOL
  +--> ?CO?SYSTEM
  +--> ?PR?_BUZZ_SET?BUZZER
  +--> ?CO?STATE_WORK
  +--> ?PR?_STATE_TRANSITIONTO?FSM

?PR?PROTOCOL_RESETWIFIMODE?PROTOCOL              -----    -----      -----    -----
  +--> ?PR?_ENQUEUE?FIFO
  +--> ?PR?UART_SENDSTARTUP?UART

?PR?_MOTORCTR?STATE_STANDBY                      -----    -----      -----    -----
  +--> ?PR?MOTOR_STOP?MOTOR

?PR?_IRDATADEAL?STATE_STANDBY                    -----    -----      -----    -----
  +--> ?PR?_BUZZ_SET?BUZZER
  +--> ?CO?STATE_WORK
  +--> ?PR?_STATE_TRANSITIONTO?FSM

?PR?_ENTEREVENTDEAL?STATE_STANDBY                -----    -----      -----    -----
  +--> ?PR?SYS_UPDATETIMERONINDEX?SYSTEM

?PR?SYS_UPDATETIMERONINDEX?SYSTEM                -----    -----      01B9H    0005H
  +--> ?CO?SYSTEM

?PR?_MOTORCTR?STATE_STARTUP                      -----    -----      -----    -----
  +--> ?PR?MOTOR_STOP?MOTOR

?PR?UART_RXDATSDEAL?UART                         -----    -----      -----    -----
  +--> ?PR?PROTOCOL_TASK?PROTOCOL

?PR?PROTOCOL_TASK?PROTOCOL                       -----    -----      01B5H    0004H
  +--> ?PR?CMD_DUMMY_DEAL?PROTOCOL
  +--> ?CO?PROTOCOL

?CO?PROTOCOL                                     -----    -----      -----    -----
  +--> ?PR?CMD_GET_SYS_STA_DEAL?PROTOCOL
  +--> ?PR?CMD_POWER_CTR_DEAL?PROTOCOL
  +--> ?PR?CMD_FAN_CTR_DEAL?PROTOCOL
  +--> ?PR?CMD_FIX_CTR_DEAL?PROTOCOL
  +--> ?PR?CMD_CLEAN_CTR_DEAL?PROTOCOL
  +--> ?PR?CMD_AION_CTR_DEAL?PROTOCOL
  +--> ?PR?CMD_UV_CTR_DEAL?PROTOCOL
  +--> ?PR?CMD_TIMER_CTR_DEAL?PROTOCOL
  +--> ?PR?CMD_GET_PM_DATAS_DEAL?PROTOCOL
  +--> ?PR?CMD_GET_ENE_DATAS_DEAL?PROTOCOL
  +--> ?PR?CMD_RT_SET_DEAL?PROTOCOL
BL51 BANKED LINKER/LOCATER V6.22                                                      10/08/2015  17:26:50  PAGE 13


  +--> ?PR?CMD_MEM_SET_DEAL?PROTOCOL
  +--> ?PR?CMD_REST_DEAL?PROTOCOL
  +--> ?PR?CMD_GET_DEVICE_INFO_DEAL?PROTOCOL
  +--> ?PR?CMD_WIFI_STA_CHANGE_DEAL?PROTOCOL

?PR?CMD_GET_SYS_STA_DEAL?PROTOCOL                -----    -----      -----    -----
  +--> ?PR?_PROTOCOL_STARESP?PROTOCOL

?PR?_PROTOCOL_STARESP?PROTOCOL                   -----    -----      01B9H    0002H
  +--> ?PR?_ENQUEUE?FIFO
  +--> ?PR?UART_SENDSTARTUP?UART

?PR?CMD_POWER_CTR_DEAL?PROTOCOL                  -----    -----      -----    -----
  +--> ?CO?STATE_WORK
  +--> ?CO?STATE_STANDBY
  +--> ?PR?_STATE_TRANSITIONTO?FSM
  +--> ?PR?_BUZZ_SET?BUZZER
  +--> ?PR?_PROTOCOL_STARESP?PROTOCOL

?PR?CMD_FAN_CTR_DEAL?PROTOCOL                    -----    -----      -----    -----
  +--> ?PR?_BUZZ_SET?BUZZER
  +--> ?PR?_PROTOCOL_STARESP?PROTOCOL

?PR?CMD_FIX_CTR_DEAL?PROTOCOL                    -----    -----      -----    -----
  +--> ?PR?_BUZZ_SET?BUZZER
  +--> ?PR?_PROTOCOL_STARESP?PROTOCOL

?PR?CMD_CLEAN_CTR_DEAL?PROTOCOL                  -----    -----      -----    -----
  +--> ?PR?_BUZZ_SET?BUZZER
  +--> ?PR?_PROTOCOL_STARESP?PROTOCOL

?PR?CMD_AION_CTR_DEAL?PROTOCOL                   -----    -----      -----    -----
  +--> ?PR?_BUZZ_SET?BUZZER
  +--> ?PR?_PROTOCOL_STARESP?PROTOCOL

?PR?CMD_UV_CTR_DEAL?PROTOCOL                     -----    -----      -----    -----
  +--> ?PR?_BUZZ_SET?BUZZER
  +--> ?PR?_PROTOCOL_STARESP?PROTOCOL

?PR?CMD_TIMER_CTR_DEAL?PROTOCOL                  -----    -----      -----    -----
  +--> ?PR?SYS_UPDATETIMERONINDEX?SYSTEM
  +--> ?PR?_BUZZ_SET?BUZZER
  +--> ?PR?_PROTOCOL_STARESP?PROTOCOL

?PR?CMD_GET_PM_DATAS_DEAL?PROTOCOL               -----    -----      01B9H    0005H
  +--> ?PR?_ENQUEUE?FIFO
  +--> ?PR?_BUZZ_SET?BUZZER
  +--> ?PR?UART_SENDSTARTUP?UART

?PR?CMD_GET_ENE_DATAS_DEAL?PROTOCOL              -----    -----      01B9H    0002H
  +--> ?PR?_ENQUEUE?FIFO
  +--> ?PR?_BUZZ_SET?BUZZER
  +--> ?PR?UART_SENDSTARTUP?UART

?PR?CMD_RT_SET_DEAL?PROTOCOL                     -----    -----      -----    -----
  +--> ?PR?_BUZZ_SET?BUZZER
  +--> ?PR?_PROTOCOL_STARESP?PROTOCOL
BL51 BANKED LINKER/LOCATER V6.22                                                      10/08/2015  17:26:50  PAGE 14



?PR?CMD_MEM_SET_DEAL?PROTOCOL                    -----    -----      -----    -----
  +--> ?CO?STATE_STANDBY
  +--> ?PR?_STATE_TRANSITIONTO?FSM
  +--> ?PR?_BUZZ_SET?BUZZER
  +--> ?PR?_PROTOCOL_STARESP?PROTOCOL

?PR?CMD_REST_DEAL?PROTOCOL                       -----    -----      -----    -----
  +--> ?PR?_BUZZ_SET?BUZZER
  +--> ?PR?_PROTOCOL_STARESP?PROTOCOL

?PR?CMD_GET_DEVICE_INFO_DEAL?PROTOCOL            -----    -----      01B9H    0001H
  +--> ?PR?_ENQUEUE?FIFO
  +--> ?PR?UART_SENDSTARTUP?UART

?PR?KEY_ACTIONDETECT?KEY                         -----    -----      01B5H    0001H
  +--> ?PR?KEY_READ?KEY

?PR?DUST_DATAUPDATE?DUST                         -----    -----      -----    -----
  +--> ?PR?DUST_GETRTLEVEL?DUST

?PR?MOTOR_CTR?MOTOR                              -----    -----      01B5H    0006H

?PR?DISPLAY_CTR?DISPLAY                          -----    -----      -----    -----
  +--> ?PR?_DISPLAY_SETALL?DISPLAY
  +--> ?PR?_AIP1944_WRITEDISPDATAS?AIP1944

?PR?_AIP1944_WRITEDISPDATAS?AIP1944              -----    -----      01B5H    0005H
  +--> ?PR?_AIP1944_WRITEBYTE?AIP1944

?PR?HUMIDITY_GETCURRENTT?HUMIDITY                -----    -----      -----    -----
  +--> ?PR?_UTILS_GETADVALUE?HUMIDITY
  +--> ?PR?_HUMIDITY_AD2T?HUMIDITY

?PR?HUMIDITY_GETCURRENTH?HUMIDITY                -----    -----      01B5H    0001H
  +--> ?PR?_HUMIDITY_AD2H?HUMIDITY

?PR?DUST_LEVELUPDATE?DUST                        -----    -----      -----    -----
  +--> ?PR?DUST_GETRTLEVEL?DUST

?C_INITSEG                                       -----    -----      -----    -----
  +--> ?CO?FSM

?CO?FSM                                          -----    -----      -----    -----
  +--> ?PR?TASK_DONOTHING?FSM



SYMBOL TABLE OF MODULE:  YTN-E608-WIFI-6432 (IT)

  VALUE           TYPE          NAME
  ----------------------------------

  -------         MODULE        IT
  C:0000H         SYMBOL        _ICE_DUMMY_
  C:4AB6H         PUBLIC        INT_Timer0
  D:0088H         PUBLIC        P1
BL51 BANKED LINKER/LOCATER V6.22                                                      10/08/2015  17:26:50  PAGE 15


  D:0090H         PUBLIC        P2
  D:0098H         PUBLIC        P3
  D:008DH         PUBLIC        WDTCR
  D:00A8H         PUBLIC        IE
  D:00B2H         PUBLIC        T0CR
  C:39ABH         PUBLIC        INT_USI1_Rx
  C:3C34H         PUBLIC        INT_USI1_Tx
  C:20AFH         PUBLIC        INT_BIT
  D:0087H         PUBLIC        PCON
  B:0090H.2       PUBLIC        P22
  B:0090H.3       PUBLIC        P23
  D:00F5H         PUBLIC        USI1DR
  D:00ABH         PUBLIC        IE3
  X:01D5H         PUBLIC        SysTick_4ms
  X:01D6H         SYMBOL        pgCntH
  I:0011H         PUBLIC        SquGen_Cnt
  D:00B3H         PUBLIC        T0CNT
  I:0012H         SYMBOL        IR_Flags
  D:00EAH         PUBLIC        USI1CR2
  C:3476H         PUBLIC        INT_WT
  -------         PROC          INT_USI1_RX
  -------         DO            
  D:0007H         SYMBOL        len
  -------         ENDDO         
  C:39ABH         LINE#         7
  C:39C8H         LINE#         12
  C:39CEH         LINE#         15
  C:39E9H         LINE#         16
  C:3A10H         LINE#         19
  C:3A34H         LINE#         20
  C:3A3AH         LINE#         21
  C:3A3AH         LINE#         22
  C:3A3CH         LINE#         23
  C:3A3CH         LINE#         24
  -------         ENDPROC       INT_USI1_RX
  -------         PROC          INT_USI1_TX
  C:3C34H         LINE#         26
  C:3C51H         LINE#         31
  C:3C6CH         LINE#         32
  C:3C93H         LINE#         35
  C:3CA3H         LINE#         36
  C:3CA3H         LINE#         37
  C:3CA5H         LINE#         38
  C:3CA8H         LINE#         39
  C:3CA8H         LINE#         40
  -------         ENDPROC       INT_USI1_TX
  -------         PROC          INT_TIMER0
  C:4AB6H         LINE#         43
  C:4ABCH         LINE#         46
  C:4AC2H         LINE#         47
  -------         ENDPROC       INT_TIMER0
  -------         PROC          INT_WT
  -------         DO            
  X:01D3H         SYMBOL        rt_05sCnt
  X:01D4H         SYMBOL        clearMemoryDataCnt
  -------         ENDDO         
  C:3476H         LINE#         50
BL51 BANKED LINKER/LOCATER V6.22                                                      10/08/2015  17:26:50  PAGE 16


  C:3489H         LINE#         57
  C:349EH         LINE#         58
  C:34A1H         LINE#         59
  C:34A6H         LINE#         61
  C:34B0H         LINE#         62
  C:34B0H         LINE#         63
  C:34B2H         LINE#         64
  C:34B4H         LINE#         65
  C:34C3H         LINE#         66
  C:34C3H         LINE#         67
  C:34C5H         LINE#         68
  C:34C5H         LINE#         70
  C:34C7H         LINE#         73
  C:34C9H         LINE#         76
  C:34CFH         LINE#         77
  C:34D5H         LINE#         78
  C:34D5H         LINE#         79
  C:34D7H         LINE#         81
  C:34DDH         LINE#         83
  C:34E3H         LINE#         84
  C:34E8H         LINE#         85
  C:34E8H         LINE#         86
  C:34EAH         LINE#         88
  C:34ECH         LINE#         90
  C:34F2H         LINE#         91
  C:34F7H         LINE#         92
  C:34F7H         LINE#         93
  C:34F9H         LINE#         95
  C:34FFH         LINE#         96
  C:3504H         LINE#         97
  C:3504H         LINE#         98
  C:3506H         LINE#         99
  C:3506H         LINE#         100
  C:3506H         LINE#         101
  C:3506H         LINE#         102
  C:3506H         LINE#         105
  C:3509H         LINE#         107
  C:350EH         LINE#         108
  C:350EH         LINE#         110
  C:3511H         LINE#         111
  C:3515H         LINE#         112
  C:3519H         LINE#         114
  C:351CH         LINE#         115
  C:351FH         LINE#         116
  C:3522H         LINE#         118
  C:3528H         LINE#         119
  C:352EH         LINE#         120
  C:352EH         LINE#         121
  C:3530H         LINE#         122
  C:3530H         LINE#         123
  C:3532H         LINE#         125
  C:3532H         LINE#         127
  C:3535H         LINE#         129
  C:353AH         LINE#         130
  C:353AH         LINE#         131
  -------         ENDPROC       INT_WT
  -------         PROC          INT_BIT
BL51 BANKED LINKER/LOCATER V6.22                                                      10/08/2015  17:26:50  PAGE 17


  -------         DO            
  I:0008H         SYMBOL        t_128usCnt
  I:0009H         SYMBOL        rx_mode
  I:000AH         SYMBOL        rxCount
  I:000CH         SYMBOL        dataCount
  I:000DH         SYMBOL        rxData
  I:000FH         SYMBOL        Dust_SignalLowHoldCnt
  -------         ENDDO         
  C:20AFH         LINE#         158
  C:20CCH         LINE#         171
  C:20D1H         LINE#         172
  C:20D1H         LINE#         173
  C:20D7H         LINE#         174
  C:20DAH         LINE#         176
  C:20E3H         LINE#         177
  C:20E3H         LINE#         178
  C:20E6H         LINE#         179
  C:20E9H         LINE#         182
  C:20EFH         LINE#         183
  C:20EFH         LINE#         185
  C:20FEH         LINE#         186
  C:20FEH         LINE#         187
  C:2101H         LINE#         188
  C:2105H         LINE#         189
  C:210BH         LINE#         190
  C:2112H         LINE#         191
  C:2112H         LINE#         192
  C:2114H         LINE#         194
  C:2119H         LINE#         195
  C:2119H         LINE#         196
  C:2126H         LINE#         198
  C:2132H         LINE#         199
  C:2132H         LINE#         200
  C:2138H         LINE#         201
  C:2138H         LINE#         202
  C:213FH         LINE#         204
  C:2141H         LINE#         206
  C:2147H         LINE#         207
  C:2147H         LINE#         208
  C:2154H         LINE#         210
  C:2158H         LINE#         211
  C:215EH         LINE#         212
  C:2161H         LINE#         214
  C:2163H         LINE#         215
  C:2163H         LINE#         216
  C:2165H         LINE#         218
  C:216BH         LINE#         219
  C:216BH         LINE#         220
  C:2177H         LINE#         221
  C:2177H         LINE#         222
  C:217AH         LINE#         223
  C:2180H         LINE#         224
  C:2183H         LINE#         225
  C:2183H         LINE#         226
  C:2183H         LINE#         227
  C:2183H         LINE#         229
  C:218AH         LINE#         230
BL51 BANKED LINKER/LOCATER V6.22                                                      10/08/2015  17:26:50  PAGE 18


  C:218AH         LINE#         231
  C:2192H         LINE#         233
  C:219EH         LINE#         234
  C:219EH         LINE#         235
  C:21A3H         LINE#         236
  C:21A9H         LINE#         237
  C:21ADH         LINE#         238
  C:21B2H         LINE#         239
  C:21B2H         LINE#         240
  C:21B2H         LINE#         243
  C:21B5H         LINE#         244
  C:21BBH         LINE#         245
  C:21BBH         LINE#         246
  C:21BDH         LINE#         247
  C:21BFH         LINE#         248
  C:21C1H         LINE#         249
  C:21C9H         LINE#         250
  C:21C9H         LINE#         251
  C:21CBH         LINE#         252
  C:21CDH         LINE#         253
  C:21D1H         LINE#         254
  C:21D1H         LINE#         255
  C:21D3H         LINE#         256
  C:21D3H         LINE#         257
  C:21D3H         LINE#         260
  C:21D8H         LINE#         261
  C:21D8H         LINE#         262
  C:21E2H         LINE#         263
  C:21E2H         LINE#         264
  C:21EAH         LINE#         265
  C:21ECH         LINE#         266
  C:21ECH         LINE#         267
  C:21F3H         LINE#         268
  C:21F5H         LINE#         270
  C:21F5H         LINE#         271
  C:21FDH         LINE#         272
  C:21FDH         LINE#         277
  C:2200H         LINE#         278
  C:2206H         LINE#         279
  C:2206H         LINE#         280
  C:2208H         LINE#         282
  C:220EH         LINE#         284
  C:2213H         LINE#         286
  C:2219H         LINE#         287
  C:2219H         LINE#         288
  C:221CH         LINE#         289
  C:221FH         LINE#         290
  C:221FH         LINE#         291
  C:2221H         LINE#         292
  C:2221H         LINE#         293
  C:2221H         LINE#         294
  C:2221H         LINE#         296
  C:2224H         LINE#         297
  C:2224H         LINE#         298
  C:222CH         LINE#         299
  C:222CH         LINE#         300
  C:222FH         LINE#         301
BL51 BANKED LINKER/LOCATER V6.22                                                      10/08/2015  17:26:50  PAGE 19


  C:222FH         LINE#         302
  C:222FH         LINE#         303
  -------         ENDPROC       INT_BIT
  -------         ENDMOD        IT

  -------         MODULE        ?C_STARTUP
  C:3B9AH         SEGMENT       ?C_C51STARTUP
  I:0024H         SEGMENT       ?STACK
  C:0000H         PUBLIC        ?C_STARTUP
  D:00E0H         SYMBOL        ACC
  D:00F0H         SYMBOL        B
  D:0083H         SYMBOL        DPH
  D:0082H         SYMBOL        DPL
  N:0000H         SYMBOL        IBPSTACK
  N:0100H         SYMBOL        IBPSTACKTOP
  N:0100H         SYMBOL        IDATALEN
  C:3B9DH         SYMBOL        IDATALOOP
  N:0000H         SYMBOL        PBPSTACK
  N:0000H         SYMBOL        PBPSTACKTOP
  N:0000H         SYMBOL        PDATALEN
  N:0000H         SYMBOL        PDATASTART
  N:0000H         SYMBOL        PPAGE
  N:0000H         SYMBOL        PPAGEENABLE
  D:00A0H         SYMBOL        PPAGE_SFR
  D:0081H         SYMBOL        SP
  C:3B9AH         SYMBOL        STARTUP1
  N:0000H         SYMBOL        XBPSTACK
  N:0000H         SYMBOL        XBPSTACKTOP
  N:02E5H         SYMBOL        XDATALEN
  C:3BA8H         SYMBOL        XDATALOOP
  N:001BH         SYMBOL        XDATASTART
  C:0000H         LINE#         94
  C:3B9AH         LINE#         101
  C:3B9CH         LINE#         102
  C:3B9DH         LINE#         103
  C:3B9EH         LINE#         104
  C:3BA0H         LINE#         108
  C:3BA3H         LINE#         109
  C:3BA5H         LINE#         111
  C:3BA7H         LINE#         115
  C:3BA8H         LINE#         116
  C:3BA9H         LINE#         117
  C:3BAAH         LINE#         118
  C:3BACH         LINE#         119
  C:3BAEH         LINE#         153
  C:3BB1H         LINE#         157
  -------         ENDMOD        ?C_STARTUP

  -------         MODULE        MAIN
  C:0000H         SYMBOL        _ICE_DUMMY_
  D:008DH         PUBLIC        WDTCR
  D:00A8H         PUBLIC        IE
  C:2FC8H         PUBLIC        main
  B:00A0H.3       PUBLIC        P43
  -------         PROC          MAIN
  -------         DO            
  I:0013H         SYMBOL        taskIndex
BL51 BANKED LINKER/LOCATER V6.22                                                      10/08/2015  17:26:50  PAGE 20


  I:0014H         SYMBOL        taskIndexExt
  I:0015H         SYMBOL        HSampleT_Cnt
  -------         ENDDO         
  C:2FC8H         LINE#         3
  C:2FC8H         LINE#         4
  C:2FC8H         LINE#         10
  C:2FCBH         LINE#         11
  C:2FCEH         LINE#         12
  C:2FD1H         LINE#         13
  C:2FD4H         LINE#         14
  C:2FD7H         LINE#         15
  C:2FDAH         LINE#         17
  C:2FE0H         LINE#         18
  C:2FE2H         LINE#         20
  C:2FEDH         LINE#         22
  C:2FF6H         LINE#         24
  C:2FF9H         LINE#         26
  C:2FF9H         LINE#         27
  C:2FF9H         LINE#         28
  C:2FFCH         LINE#         30
  C:2FFFH         LINE#         32
  C:3007H         LINE#         33
  C:3007H         LINE#         34
  C:300EH         LINE#         35
  C:300EH         LINE#         36
  C:3017H         LINE#         37
  C:301BH         LINE#         38
  C:301BH         LINE#         39
  C:301BH         LINE#         41
  C:3021H         LINE#         42
  C:3021H         LINE#         43
  C:3023H         LINE#         45
  C:3026H         LINE#         46
  C:3026H         LINE#         47
  C:3028H         LINE#         49
  C:3042H         LINE#         50
  C:3042H         LINE#         52
  C:3045H         LINE#         53
  C:3047H         LINE#         55
  C:3049H         LINE#         57
  C:305DH         LINE#         58
  C:305DH         LINE#         59
  C:305DH         LINE#         60
  C:3060H         LINE#         61
  C:3065H         LINE#         62
  C:3067H         LINE#         63
  C:3067H         LINE#         64
  C:306AH         LINE#         65
  C:306CH         LINE#         66
  C:306CH         LINE#         67
  C:306FH         LINE#         68
  C:3071H         LINE#         69
  C:3071H         LINE#         70
  C:3074H         LINE#         71
  C:3076H         LINE#         72
  C:3076H         LINE#         73
  C:3079H         LINE#         74
BL51 BANKED LINKER/LOCATER V6.22                                                      10/08/2015  17:26:50  PAGE 21


  C:3079H         LINE#         76
  C:307DH         LINE#         78
  C:307DH         LINE#         79
  C:307DH         LINE#         81
  C:3088H         LINE#         82
  C:3088H         LINE#         83
  C:308AH         LINE#         85
  C:308DH         LINE#         87
  C:3090H         LINE#         88
  C:3093H         LINE#         89
  C:3096H         LINE#         91
  C:30B0H         LINE#         93
  C:30B6H         LINE#         94
  C:30B6H         LINE#         95
  C:30B9H         LINE#         96
  C:30B9H         LINE#         98
  C:30BFH         LINE#         99
  C:30BFH         LINE#         100
  C:30C1H         LINE#         101
  C:30C1H         LINE#         102
  C:30C1H         LINE#         103
  C:30C1H         LINE#         104
  -------         ENDPROC       MAIN
  -------         ENDMOD        MAIN

  -------         MODULE        BSP_INIT
  C:0000H         SYMBOL        _ICE_DUMMY_
  D:0080H         PUBLIC        P0
  D:0088H         PUBLIC        P1
  D:0090H         PUBLIC        P2
  D:0098H         PUBLIC        P3
  D:00A0H         PUBLIC        P4
  D:00B0H         PUBLIC        P5
  D:008DH         PUBLIC        WDTCR
  C:4BC4H         SYMBOL        WDT_init
  D:008EH         PUBLIC        WDTDR
  D:00DEH         PUBLIC        P0DB
  D:0097H         PUBLIC        BUZCR
  C:4BFEH         SYMBOL        BUZ_init
  D:008FH         PUBLIC        BUZDR
  D:00D8H         PUBLIC        LVRCR
  D:00A8H         PUBLIC        IE
  D:0091H         PUBLIC        P0OD
  D:0092H         PUBLIC        P1OD
  D:0093H         PUBLIC        P2OD
  D:0094H         PUBLIC        P4OD
  D:00A1H         PUBLIC        P0IO
  D:00B2H         PUBLIC        T0CR
  D:00B1H         PUBLIC        P1IO
  D:00B4H         PUBLIC        T0DR
  D:00B9H         PUBLIC        P2IO
  D:00C1H         PUBLIC        P3IO
  D:00C9H         PUBLIC        P4IO
  D:00D1H         PUBLIC        P5IO
  C:4C05H         SYMBOL        clock_init
  D:00BDH         PUBLIC        T1ADRH
  D:00ACH         PUBLIC        P0PU
BL51 BANKED LINKER/LOCATER V6.22                                                      10/08/2015  17:26:50  PAGE 22


  D:009DH         PUBLIC        ADCCRH
  D:00BFH         PUBLIC        T1BDRH
  D:00ADH         PUBLIC        P1PU
  D:00AEH         PUBLIC        P2PU
  D:00AFH         PUBLIC        P3PU
  D:00F3H         PUBLIC        USI1BD
  D:00BCH         PUBLIC        T1ADRL
  D:00A3H         PUBLIC        P4PU
  D:009CH         PUBLIC        ADCCRL
  D:00BEH         PUBLIC        T1BDRL
  D:0095H         PUBLIC        P5PU
  D:008AH         PUBLIC        SCCR
  C:4AC9H         SYMBOL        _BUZ_OnOff
  D:009BH         PUBLIC        LCDCCR
  D:009AH         PUBLIC        LCDCRH
  D:00D3H         PUBLIC        P0FSRH
  D:0099H         PUBLIC        LCDCRL
  D:00D5H         PUBLIC        P1FSRH
  D:00D7H         PUBLIC        P2FSRH
  D:00D2H         PUBLIC        P0FSRL
  D:00D4H         PUBLIC        P1FSRL
  D:00D6H         PUBLIC        P2FSRL
  D:00DFH         PUBLIC        P15DB
  D:00AAH         PUBLIC        IE2
  D:00ABH         PUBLIC        IE3
  D:0096H         PUBLIC        WTCR
  C:4B81H         SYMBOL        WT_init
  D:0089H         PUBLIC        WTDR
  C:4B74H         SYMBOL        Timer0_init
  C:0003H         SYMBOL        Timer1_init
  C:4A0DH         SYMBOL        UART_init
  C:4C12H         SYMBOL        WDT_clear
  C:4B1DH         SYMBOL        _ADC_start
  C:46D2H         PUBLIC        BSP_Init
  C:4191H         SYMBOL        port_init
  C:4BF7H         SYMBOL        ADC_init
  D:00BBH         PUBLIC        T1CRH
  D:00BAH         PUBLIC        T1CRL
  C:4BDFH         SYMBOL        LCD_init
  D:00E9H         PUBLIC        USI1CR1
  D:00EAH         PUBLIC        USI1CR2
  D:00EBH         PUBLIC        USI1CR3
  D:00EEH         PUBLIC        P3FSR
  D:00EFH         PUBLIC        P4FSR
  D:00FFH         PUBLIC        P5FSR
  D:008BH         PUBLIC        BITCR
  C:00A6H         SYMBOL        BIT_init
  D:00C8H         PUBLIC        OSCCR
  -------         PROC          ADC_INIT
  C:4BF7H         LINE#         4
  C:4BF7H         LINE#         5
  C:4BF7H         LINE#         7
  C:4BFAH         LINE#         8
  C:4BFDH         LINE#         9
  -------         ENDPROC       ADC_INIT
  -------         PROC          _ADC_START
  D:0007H         SYMBOL        ch
BL51 BANKED LINKER/LOCATER V6.22                                                      10/08/2015  17:26:50  PAGE 23


  C:4B1DH         LINE#         11
  C:4B1DH         LINE#         12
  C:4B1DH         LINE#         14
  C:4B28H         LINE#         15
  C:4B2BH         LINE#         16
  -------         ENDPROC       _ADC_START
  -------         PROC          BIT_INIT
  C:00A6H         LINE#         18
  C:00A6H         LINE#         19
  C:00A6H         LINE#         21
  C:00A9H         LINE#         22
  C:00ACH         LINE#         23
  C:00AFH         LINE#         24
  C:00B2H         LINE#         25
  -------         ENDPROC       BIT_INIT
  -------         PROC          _BUZ_ONOFF
  D:0007H         SYMBOL        On
  C:4AC9H         LINE#         27
  C:4AC9H         LINE#         28
  C:4AC9H         LINE#         30
  C:4ADAH         LINE#         31
  -------         ENDPROC       _BUZ_ONOFF
  -------         PROC          BUZ_INIT
  C:4BFEH         LINE#         33
  C:4BFEH         LINE#         34
  C:4BFEH         LINE#         37
  C:4C01H         LINE#         38
  C:4C04H         LINE#         39
  -------         ENDPROC       BUZ_INIT
  -------         PROC          LCD_INIT
  C:4BDFH         LINE#         41
  C:4BDFH         LINE#         42
  C:4BDFH         LINE#         45
  C:4BE2H         LINE#         46
  C:4BE4H         LINE#         47
  C:4BE6H         LINE#         48
  -------         ENDPROC       LCD_INIT
  -------         PROC          TIMER0_INIT
  C:4B74H         LINE#         50
  C:4B74H         LINE#         51
  C:4B74H         LINE#         54
  C:4B77H         LINE#         55
  C:4B7AH         LINE#         56
  C:4B7DH         LINE#         57
  C:4B80H         LINE#         58
  -------         ENDPROC       TIMER0_INIT
  -------         PROC          TIMER1_INIT
  C:0003H         LINE#         60
  C:0003H         LINE#         61
  C:0003H         LINE#         65
  C:0006H         LINE#         66
  C:0009H         LINE#         67
  C:000CH         LINE#         70
  C:000FH         LINE#         71
  C:0011H         LINE#         72
  C:0014H         LINE#         73
  C:0017H         LINE#         74
BL51 BANKED LINKER/LOCATER V6.22                                                      10/08/2015  17:26:50  PAGE 24


  C:001AH         LINE#         75
  -------         ENDPROC       TIMER1_INIT
  -------         PROC          UART_INIT
  C:4A0DH         LINE#         77
  C:4A0DH         LINE#         78
  C:4A0DH         LINE#         81
  C:4A10H         LINE#         82
  C:4A13H         LINE#         83
  C:4A16H         LINE#         84
  C:4A19H         LINE#         85
  C:4A1CH         LINE#         86
  C:4A1FH         LINE#         87
  C:4A22H         LINE#         88
  -------         ENDPROC       UART_INIT
  -------         PROC          WDT_CLEAR
  C:4C12H         LINE#         90
  C:4C12H         LINE#         91
  C:4C12H         LINE#         92
  C:4C15H         LINE#         93
  -------         ENDPROC       WDT_CLEAR
  -------         PROC          WDT_INIT
  C:4BC4H         LINE#         95
  C:4BC4H         LINE#         96
  C:4BC4H         LINE#         98
  C:4BC7H         LINE#         99
  C:4BCAH         LINE#         101
  -------         ENDPROC       WDT_INIT
  -------         PROC          WT_INIT
  C:4B81H         LINE#         104
  C:4B81H         LINE#         105
  C:4B81H         LINE#         107
  C:4B84H         LINE#         108
  C:4B87H         LINE#         109
  C:4B8AH         LINE#         110
  C:4B8DH         LINE#         111
  -------         ENDPROC       WT_INIT
  -------         PROC          CLOCK_INIT
  C:4C05H         LINE#         113
  C:4C05H         LINE#         114
  C:4C05H         LINE#         116
  C:4C08H         LINE#         117
  C:4C0BH         LINE#         118
  -------         ENDPROC       CLOCK_INIT
  -------         PROC          PORT_INIT
  C:4191H         LINE#         120
  C:4191H         LINE#         121
  C:4191H         LINE#         158
  C:4194H         LINE#         159
  C:4197H         LINE#         160
  C:419AH         LINE#         161
  C:419CH         LINE#         162
  C:419EH         LINE#         164
  C:41A1H         LINE#         165
  C:41A3H         LINE#         166
  C:41A5H         LINE#         167
  C:41A7H         LINE#         168
  C:41A9H         LINE#         170
BL51 BANKED LINKER/LOCATER V6.22                                                      10/08/2015  17:26:50  PAGE 25


  C:41ACH         LINE#         171
  C:41AFH         LINE#         172
  C:41B1H         LINE#         173
  C:41B3H         LINE#         175
  C:41B6H         LINE#         176
  C:41B8H         LINE#         177
  C:41BAH         LINE#         179
  C:41BDH         LINE#         180
  C:41C0H         LINE#         181
  C:41C2H         LINE#         182
  C:41C4H         LINE#         184
  C:41C7H         LINE#         185
  C:41C9H         LINE#         186
  C:41CBH         LINE#         189
  C:41CDH         LINE#         190
  C:41D0H         LINE#         191
  C:41D2H         LINE#         192
  C:41D5H         LINE#         193
  C:41D7H         LINE#         194
  C:41DAH         LINE#         195
  C:41DCH         LINE#         196
  C:41DEH         LINE#         197
  C:41E1H         LINE#         198
  -------         ENDPROC       PORT_INIT
  -------         PROC          BSP_INIT
  C:46D2H         LINE#         200
  C:46D2H         LINE#         201
  C:46D2H         LINE#         202
  C:46D5H         LINE#         204
  C:46D8H         LINE#         205
  C:46DBH         LINE#         206
  C:46DEH         LINE#         207
  C:46E1H         LINE#         208
  C:46E4H         LINE#         209
  C:46E7H         LINE#         210
  C:46EAH         LINE#         211
  C:46EDH         LINE#         212
  C:46F0H         LINE#         213
  C:46F3H         LINE#         214
  C:46F6H         LINE#         215
  -------         ENDPROC       BSP_INIT
  -------         ENDMOD        BSP_INIT

  -------         MODULE        AIP1944
  C:0000H         SYMBOL        _ICE_DUMMY_
  C:4930H         PUBLIC        _AIP1944_WriteByte
  B:00A0H.0       PUBLIC        P40
  B:00A0H.1       PUBLIC        P41
  B:00A0H.2       PUBLIC        P42
  C:41E2H         PUBLIC        _Aip1944_WriteDispDatas
  X:01E9H         PUBLIC        Aip1944_BrightnessLevel
  -------         PROC          _AIP1944_WRITEBYTE
  D:0007H         SYMBOL        _byte
  -------         DO            
  D:0006H         SYMBOL        i
  -------         ENDDO         
  C:4930H         LINE#         36
BL51 BANKED LINKER/LOCATER V6.22                                                      10/08/2015  17:26:50  PAGE 26


  C:4930H         LINE#         37
  C:4930H         LINE#         40
  C:4932H         LINE#         41
  C:4932H         LINE#         42
  C:4936H         LINE#         43
  C:4936H         LINE#         44
  C:4938H         LINE#         45
  C:493AH         LINE#         47
  C:493AH         LINE#         48
  C:493CH         LINE#         49
  C:493CH         LINE#         51
  C:493EH         LINE#         53
  C:4942H         LINE#         55
  C:4944H         LINE#         56
  C:4949H         LINE#         57
  -------         ENDPROC       _AIP1944_WRITEBYTE
  -------         PROC          _AIP1944_WRITEDISPDATAS
  X:01B5H         SYMBOL        dats
  D:0005H         SYMBOL        len
  X:01B9H         SYMBOL        addr
  -------         DO            
  D:0004H         SYMBOL        i
  -------         ENDDO         
  C:41E2H         LINE#         59
  C:41EDH         LINE#         60
  C:41EDH         LINE#         63
  C:41EFH         LINE#         64
  C:41F4H         LINE#         65
  C:41F6H         LINE#         66
  C:41F8H         LINE#         67
  C:4202H         LINE#         68
  C:4209H         LINE#         69
  C:4209H         LINE#         70
  C:4220H         LINE#         71
  C:4223H         LINE#         72
  C:4225H         LINE#         74
  C:4227H         LINE#         75
  C:422FH         LINE#         76
  C:4231H         LINE#         77
  -------         ENDPROC       _AIP1944_WRITEDISPDATAS
  -------         ENDMOD        AIP1944

  -------         MODULE        DISPLAY
  C:0000H         SYMBOL        _ICE_DUMMY_
  D:0090H         PUBLIC        P2
  D:0098H         PUBLIC        P3
  C:4A7AH         PUBLIC        _Display_SetAll
  C:354BH         PUBLIC        _Display_ShowRT
  C:2925H         PUBLIC        PM_COM10_E_nums
  C:296EH         PUBLIC        RT_COM_H1_E_nums
  C:2939H         PUBLIC        PM_COM1_E1_nums
  C:2943H         PUBLIC        PM_COM1_E2_nums
  C:28C1H         PUBLIC        H_COM10_nums
  C:29A5H         PUBLIC        RT_COM_M1_E_nums
  C:28FDH         PUBLIC        PM_COM100_nums
  C:294DH         PUBLIC        RT_COM_H10_nums
  D:00B9H         PUBLIC        P2IO
BL51 BANKED LINKER/LOCATER V6.22                                                      10/08/2015  17:26:50  PAGE 27


  C:2979H         PUBLIC        RT_COM_M10_nums
  C:2899H         PUBLIC        T_COM10_nums
  D:00C1H         PUBLIC        P3IO
  B:0021H.3       PUBLIC        Display_IsLowLight
  X:014FH         PUBLIC        Display_Datas
  C:2DCCH         PUBLIC        _Display_ShowNumInRTCArea
  C:28DFH         PUBLIC        H_COM1_EXT_nums
  C:3FDDH         PUBLIC        _Display_ShowHumidity
  C:292FH         PUBLIC        PM_COM1_nums
  C:2958H         PUBLIC        RT_COM_H10_E_nums
  C:28B7H         PUBLIC        T_COM1_EXT_nums
  C:28E9H         PUBLIC        PM_COM1000_nums
  C:4317H         PUBLIC        _Display_CircleRun
  C:379FH         PUBLIC        Display_LedDrive
  C:446EH         PUBLIC        _Display_DustLevel
  C:2CCAH         PUBLIC        _Display_DustData
  C:28D5H         PUBLIC        H_COM1_nums
  C:28CBH         PUBLIC        H_COM10_EXT_nums
  C:291BH         PUBLIC        PM_COM10_nums
  C:45C3H         PUBLIC        Display_Ctr
  C:2963H         PUBLIC        RT_COM_H1_nums
  B:0021H.4       PUBLIC        Display_FlashOn
  C:299AH         PUBLIC        RT_COM_M1_nums
  C:28F3H         PUBLIC        PM_COM1000_E_nums
  C:28ADH         PUBLIC        T_COM1_nums
  C:2907H         PUBLIC        PM_COM100_E1_nums
  C:2911H         PUBLIC        PM_COM100_E2_nums
  C:28A3H         PUBLIC        T_COM10_EXT_nums
  C:2984H         PUBLIC        RT_COM_M10_E1_nums
  C:298FH         PUBLIC        RT_COM_M10_E2_nums
  C:471DH         PUBLIC        Display_SetLine
  C:3F7EH         PUBLIC        _Display_ShowTemperature
  X:018EH         PUBLIC        Display_LedsEn
  C:006EH         PUBLIC        _Display_SpLevel
  -------         PROC          _DISPLAY_SETALL
  D:0007H         SYMBOL        sta
  -------         DO            
  D:0006H         SYMBOL        i
  -------         ENDDO         
  C:4A7AH         LINE#         11
  C:4A7AH         LINE#         12
  C:4A7AH         LINE#         15
  C:4A7CH         LINE#         16
  C:4A7CH         LINE#         17
  C:4A88H         LINE#         18
  C:4A8DH         LINE#         19
  -------         ENDPROC       _DISPLAY_SETALL
  -------         PROC          DISPLAY_SETLINE
  C:471DH         LINE#         22
  C:471DH         LINE#         23
  C:471DH         LINE#         24
  C:4723H         LINE#         25
  C:4725H         LINE#         26
  C:4727H         LINE#         28
  C:472BH         LINE#         29
  C:472DH         LINE#         30
  C:472FH         LINE#         32
BL51 BANKED LINKER/LOCATER V6.22                                                      10/08/2015  17:26:50  PAGE 28


  C:4736H         LINE#         33
  C:473AH         LINE#         34
  C:473CH         LINE#         35
  -------         ENDPROC       DISPLAY_SETLINE
  -------         PROC          _DISPLAY_CIRCLERUN
  D:0007H         SYMBOL        sp
  -------         DO            
  X:014DH         SYMBOL        cnt
  B:0021H.2       SYMBOL        disIndex
  -------         ENDDO         
  C:4317H         LINE#         37
  C:4317H         LINE#         38
  C:4317H         LINE#         41
  C:431DH         LINE#         42
  C:4322H         LINE#         43
  C:4322H         LINE#         44
  C:4324H         LINE#         46
  C:4326H         LINE#         47
  C:4326H         LINE#         49
  C:432DH         LINE#         51
  C:4330H         LINE#         52
  C:4330H         LINE#         53
  C:4337H         LINE#         54
  C:433EH         LINE#         55
  C:4345H         LINE#         56
  C:4346H         LINE#         58
  C:4346H         LINE#         59
  C:4352H         LINE#         60
  C:4359H         LINE#         61
  C:4360H         LINE#         62
  C:4360H         LINE#         88
  -------         ENDPROC       _DISPLAY_CIRCLERUN
  -------         PROC          _DISPLAY_DUSTLEVEL
  D:0007H         SYMBOL        level
  C:446EH         LINE#         90
  C:446EH         LINE#         91
  C:446EH         LINE#         92
  C:4481H         LINE#         93
  C:4481H         LINE#         94
  C:4481H         LINE#         95
  C:4488H         LINE#         96
  C:4488H         LINE#         97
  C:448FH         LINE#         98
  C:448FH         LINE#         99
  C:4496H         LINE#         100
  C:4496H         LINE#         101
  C:449DH         LINE#         102
  C:449DH         LINE#         103
  C:44A4H         LINE#         104
  C:44A4H         LINE#         105
  C:44ABH         LINE#         106
  C:44ABH         LINE#         107
  C:44ABH         LINE#         108
  C:44ABH         LINE#         109
  C:44ABH         LINE#         110
  -------         ENDPROC       _DISPLAY_DUSTLEVEL
  -------         PROC          _DISPLAY_SPLEVEL
BL51 BANKED LINKER/LOCATER V6.22                                                      10/08/2015  17:26:50  PAGE 29


  D:0007H         SYMBOL        level
  C:006EH         LINE#         112
  C:006EH         LINE#         113
  C:006EH         LINE#         114
  C:007EH         LINE#         115
  C:007EH         LINE#         116
  C:007EH         LINE#         117
  C:0085H         LINE#         118
  C:0085H         LINE#         119
  C:008CH         LINE#         120
  C:008CH         LINE#         121
  C:0093H         LINE#         122
  C:0093H         LINE#         123
  C:009AH         LINE#         124
  C:009AH         LINE#         125
  C:00A1H         LINE#         126
  C:00A1H         LINE#         127
  C:00A1H         LINE#         128
  C:00A1H         LINE#         129
  C:00A1H         LINE#         130
  -------         ENDPROC       _DISPLAY_SPLEVEL
  -------         PROC          _DISPLAY_SHOWTEMPERATURE
  D:0007H         SYMBOL        t
  -------         DO            
  D:0005H         SYMBOL        v10
  D:0004H         SYMBOL        v1
  -------         ENDDO         
  C:3F7EH         LINE#         225
  C:3F7EH         LINE#         226
  C:3F7EH         LINE#         230
  C:3F84H         LINE#         231
  C:3F84H         LINE#         232
  C:3F86H         LINE#         233
  C:3F86H         LINE#         235
  C:3F8CH         LINE#         236
  C:3F93H         LINE#         238
  C:3F96H         LINE#         239
  C:3F96H         LINE#         240
  C:3FA7H         LINE#         241
  C:3FBAH         LINE#         242
  C:3FBAH         LINE#         243
  C:3FCBH         LINE#         244
  C:3FDCH         LINE#         245
  -------         ENDPROC       _DISPLAY_SHOWTEMPERATURE
  -------         PROC          _DISPLAY_SHOWHUMIDITY
  D:0007H         SYMBOL        h
  -------         DO            
  D:0005H         SYMBOL        v10
  D:0004H         SYMBOL        v1
  -------         ENDDO         
  C:3FDDH         LINE#         328
  C:3FDDH         LINE#         329
  C:3FDDH         LINE#         333
  C:3FE3H         LINE#         334
  C:3FE3H         LINE#         335
  C:3FE5H         LINE#         336
  C:3FE5H         LINE#         338
BL51 BANKED LINKER/LOCATER V6.22                                                      10/08/2015  17:26:50  PAGE 30


  C:3FEBH         LINE#         339
  C:3FF2H         LINE#         341
  C:3FF5H         LINE#         342
  C:3FF5H         LINE#         343
  C:4006H         LINE#         344
  C:4019H         LINE#         345
  C:4019H         LINE#         346
  C:402AH         LINE#         347
  C:403BH         LINE#         348
  -------         ENDPROC       _DISPLAY_SHOWHUMIDITY
  -------         PROC          _DISPLAY_DUSTDATA
  D:0002H         SYMBOL        pm
  -------         DO            
  X:01B9H         SYMBOL        v1000
  X:01BAH         SYMBOL        v100
  X:01BBH         SYMBOL        v10
  D:0003H         SYMBOL        v1
  -------         ENDDO         
  C:2CCAH         LINE#         553
  C:2CCEH         LINE#         554
  C:2CCEH         LINE#         560
  C:2CD7H         LINE#         561
  C:2CD7H         LINE#         562
  C:2CDBH         LINE#         563
  C:2CDBH         LINE#         565
  C:2CEBH         LINE#         566
  C:2D00H         LINE#         567
  C:2D15H         LINE#         568
  C:2D22H         LINE#         571
  C:2D37H         LINE#         572
  C:2D49H         LINE#         574
  C:2D57H         LINE#         575
  C:2D68H         LINE#         576
  C:2D7DH         LINE#         578
  C:2D8BH         LINE#         579
  C:2D9DH         LINE#         582
  C:2DA7H         LINE#         583
  C:2DB8H         LINE#         584
  C:2DCBH         LINE#         585
  -------         ENDPROC       _DISPLAY_DUSTDATA
  -------         PROC          _DISPLAY_SHOWRT
  D:0007H         SYMBOL        h
  D:0005H         SYMBOL        m
  B:0021H.0       SYMBOL        hFlashEn
  B:0021H.1       SYMBOL        mFlashEn
  -------         DO            
  D:0001H         SYMBOL        h10
  D:0006H         SYMBOL        h1
  D:0004H         SYMBOL        m10
  D:0003H         SYMBOL        m1
  -------         ENDDO         
  C:354BH         LINE#         787
  C:354BH         LINE#         788
  C:354BH         LINE#         795
  C:3551H         LINE#         796
  C:3558H         LINE#         797
  C:355EH         LINE#         798
BL51 BANKED LINKER/LOCATER V6.22                                                      10/08/2015  17:26:50  PAGE 31


  C:3565H         LINE#         800
  C:356BH         LINE#         801
  C:356BH         LINE#         802
  C:356DH         LINE#         803
  C:356FH         LINE#         804
  C:356FH         LINE#         806
  C:3575H         LINE#         807
  C:3575H         LINE#         808
  C:3577H         LINE#         809
  C:3579H         LINE#         810
  C:3579H         LINE#         811
  C:357FH         LINE#         812
  C:357FH         LINE#         813
  C:3590H         LINE#         814
  C:35A1H         LINE#         816
  C:35B2H         LINE#         817
  C:35C3H         LINE#         818
  C:35C3H         LINE#         821
  C:35C9H         LINE#         822
  C:35C9H         LINE#         823
  C:35DAH         LINE#         824
  C:35EBH         LINE#         825
  C:35FDH         LINE#         827
  C:3607H         LINE#         828
  C:3618H         LINE#         829
  C:3618H         LINE#         830
  -------         ENDPROC       _DISPLAY_SHOWRT
  -------         PROC          _DISPLAY_SHOWNUMINRTCAREA
  D:0002H         SYMBOL        num
  -------         DO            
  X:01B9H         SYMBOL        v1000
  X:01BAH         SYMBOL        v100
  X:01BBH         SYMBOL        v10
  D:0001H         SYMBOL        v1
  -------         ENDDO         
  C:2DCCH         LINE#         833
  C:2DD0H         LINE#         834
  C:2DD0H         LINE#         840
  C:2DDCH         LINE#         841
  C:2DF1H         LINE#         842
  C:2E06H         LINE#         843
  C:2E13H         LINE#         846
  C:2E1CH         LINE#         847
  C:2E1CH         LINE#         848
  C:2E22H         LINE#         849
  C:2E24H         LINE#         850
  C:2E26H         LINE#         851
  C:2E27H         LINE#         852
  C:2E27H         LINE#         855
  C:2E3CH         LINE#         856
  C:2E4DH         LINE#         858
  C:2E62H         LINE#         859
  C:2E73H         LINE#         861
  C:2E88H         LINE#         862
  C:2E99H         LINE#         863
  C:2EAEH         LINE#         865
  C:2EB8H         LINE#         866
BL51 BANKED LINKER/LOCATER V6.22                                                      10/08/2015  17:26:50  PAGE 32


  C:2EC9H         LINE#         867
  -------         ENDPROC       _DISPLAY_SHOWNUMINRTCAREA
  -------         PROC          DISPLAY_LEDDRIVE
  B:0020H.7       SYMBOL        comChangeEn
  -------         DO            
  X:014EH         SYMBOL        scanCnt
  -------         ENDDO         
  C:379FH         LINE#         889
  C:379FH         LINE#         890
  C:379FH         LINE#         893
  C:37A2H         LINE#         894
  C:37A2H         LINE#         895
  C:37A8H         LINE#         896
  C:37A8H         LINE#         898
  C:37AEH         LINE#         899
  C:37B4H         LINE#         900
  C:37BFH         LINE#         901
  C:37BFH         LINE#         902
  C:37BFH         LINE#         903
  C:37C6H         LINE#         904
  C:37C6H         LINE#         905
  C:37C9H         LINE#         906
  C:37CBH         LINE#         908
  C:37CBH         LINE#         909
  C:37CEH         LINE#         910
  C:37CEH         LINE#         911
  C:37D5H         LINE#         912
  C:37D5H         LINE#         913
[...]
  C:18AEH         LINE#         200
  C:18B0H         LINE#         201
  C:18B2H         LINE#         202
  C:18BBH         LINE#         203
  C:18BBH         LINE#         204
  C:18C0H         LINE#         205
  C:18C2H         LINE#         206
  C:18C4H         LINE#         208
  C:18C4H         LINE#         209
  C:18C9H         LINE#         210
  C:18CBH         LINE#         211
  C:18CBH         LINE#         212
  C:18CDH         LINE#         214
  C:18CDH         LINE#         215
  C:18D2H         LINE#         216
  C:18D4H         LINE#         217
  C:18D4H         LINE#         218
  C:18D6H         LINE#         220
  C:18D6H         LINE#         221
  C:18E3H         LINE#         222
  C:18E3H         LINE#         224
  C:18E6H         LINE#         225
  C:18E6H         LINE#         227
  C:18EDH         LINE#         228
  C:18EDH         LINE#         229
  C:18FBH         LINE#         230
  C:18FBH         LINE#         233
  C:1902H         LINE#         234
  C:1902H         LINE#         235
  C:1909H         LINE#         236
  C:1909H         LINE#         237
  C:1909H         LINE#         240
  C:190CH         LINE#         241
  C:190CH         LINE#         242
  C:191AH         LINE#         243
  C:191AH         LINE#         246
  C:1922H         LINE#         247
  C:1922H         LINE#         248
  C:192EH         LINE#         249
  C:1935H         LINE#         250
  C:1944H         LINE#         251
  C:1944H         LINE#         252
  C:1944H         LINE#         253
  C:194BH         LINE#         254
  C:194BH         LINE#         255
  C:194DH         LINE#         256
  C:194DH         LINE#         257
  C:1954H         LINE#         258
  C:1954H         LINE#         259
  C:1956H         LINE#         260
  C:1956H         LINE#         261
  C:195AH         LINE#         262
BL51 BANKED LINKER/LOCATER V6.22                                                      10/08/2015  17:26:50  PAGE 83


  C:195AH         LINE#         263
  C:195CH         LINE#         264
  C:195CH         LINE#         265
  C:195CH         LINE#         266
  C:1963H         LINE#         267
  C:196AH         LINE#         268
  C:196DH         LINE#         269
  C:1970H         LINE#         270
  C:1973H         LINE#         271
  C:1973H         LINE#         272
  C:1975H         LINE#         273
  C:1975H         LINE#         274
  C:1975H         LINE#         276
  C:1975H         LINE#         277
  C:197DH         LINE#         278
  C:197DH         LINE#         279
  C:1984H         LINE#         280
  C:1987H         LINE#         281
  C:1987H         LINE#         282
  C:199AH         LINE#         283
  C:199AH         LINE#         284
  C:19A1H         LINE#         285
  C:19A1H         LINE#         286
  C:19A3H         LINE#         287
  C:19ABH         LINE#         288
  C:19ABH         LINE#         289
  C:19BFH         LINE#         290
  C:19BFH         LINE#         291
  C:19C6H         LINE#         292
  C:19C6H         LINE#         293
  C:19C8H         LINE#         294
  C:19CCH         LINE#         295
  C:19CCH         LINE#         296
  C:19E0H         LINE#         297
  C:19E0H         LINE#         298
  C:19E7H         LINE#         299
  C:19E7H         LINE#         300
  C:19E7H         LINE#         301
  C:19E7H         LINE#         302
  C:19E7H         LINE#         305
  C:19F0H         LINE#         306
  C:19F0H         LINE#         307
  C:19F3H         LINE#         308
  C:19F7H         LINE#         309
  C:19FBH         LINE#         310
  C:19FCH         LINE#         312
  C:19FCH         LINE#         313
  C:1A00H         LINE#         314
  C:1A00H         LINE#         315
  -------         ENDPROC       _DISPLAYCONTROL
  -------         PROC          _TASKEXE
  C:442DH         LINE#         317
  C:442DH         LINE#         318
  C:442DH         LINE#         319
  C:4434H         LINE#         322
  C:4437H         LINE#         323
  C:4437H         LINE#         325
BL51 BANKED LINKER/LOCATER V6.22                                                      10/08/2015  17:26:50  PAGE 84


  C:4437H         LINE#         327
  C:4441H         LINE#         328
  C:4441H         LINE#         329
  C:4445H         LINE#         330
  C:4447H         LINE#         332
  C:4447H         LINE#         333
  C:444BH         LINE#         334
  C:444BH         LINE#         336
  C:4455H         LINE#         337
  C:4455H         LINE#         338
  C:4459H         LINE#         339
  C:445BH         LINE#         341
  C:445BH         LINE#         342
  C:445FH         LINE#         343
  C:445FH         LINE#         345
  C:4466H         LINE#         346
  C:4466H         LINE#         347
  C:4469H         LINE#         348
  C:446AH         LINE#         350
  C:446AH         LINE#         351
  C:446DH         LINE#         352
  C:446DH         LINE#         353
  -------         ENDPROC       _TASKEXE
  -------         PROC          _TIMETICK
  -------         DO            
  X:01B9H         SYMBOL        index
  -------         ENDDO         
  C:138AH         LINE#         356
  C:138AH         LINE#         357
  C:138AH         LINE#         360
  C:1390H         LINE#         361
  C:1390H         LINE#         362
  C:1392H         LINE#         363
  C:1395H         LINE#         364
  C:1395H         LINE#         365
  C:13A0H         LINE#         366
  C:13A9H         LINE#         367
  C:13A9H         LINE#         368
  C:13A9H         LINE#         370
  C:13AFH         LINE#         371
  C:13AFH         LINE#         373
  C:13B2H         LINE#         374
  C:13B2H         LINE#         375
  C:13B9H         LINE#         376
  C:13B9H         LINE#         377
  C:13C7H         LINE#         378
  C:13D6H         LINE#         379
  C:13D6H         LINE#         380
  C:13D8H         LINE#         381
  C:13D8H         LINE#         382
  C:13DAH         LINE#         384
  C:13DAH         LINE#         385
  C:13DAH         LINE#         386
  C:13DAH         LINE#         387
  C:13DAH         LINE#         388
  C:13DCH         LINE#         390
  C:13DCH         LINE#         391
BL51 BANKED LINKER/LOCATER V6.22                                                      10/08/2015  17:26:50  PAGE 85


  C:13DEH         LINE#         392
  C:13E5H         LINE#         393
  C:13E5H         LINE#         396
  C:13EBH         LINE#         397
  C:13EBH         LINE#         398
  C:13EDH         LINE#         399
  C:13F0H         LINE#         400
  C:13F0H         LINE#         401
  C:13F2H         LINE#         402
  C:13F8H         LINE#         403
  C:13F8H         LINE#         404
  C:13F8H         LINE#         407
  C:13FEH         LINE#         408
  C:1404H         LINE#         409
  C:1404H         LINE#         410
  C:1406H         LINE#         412
  C:140CH         LINE#         413
  C:1411H         LINE#         414
  C:1411H         LINE#         415
  C:1413H         LINE#         417
  C:1419H         LINE#         418
  C:1419H         LINE#         419
  C:1419H         LINE#         420
  C:1419H         LINE#         422
  C:141FH         LINE#         423
  C:141FH         LINE#         425
  C:1428H         LINE#         426
  C:1428H         LINE#         427
  C:1438H         LINE#         428
  C:1438H         LINE#         429
  C:1462H         LINE#         430
  C:146AH         LINE#         431
  C:1479H         LINE#         432
  C:147BH         LINE#         434
  C:147BH         LINE#         435
  C:148CH         LINE#         436
  C:148CH         LINE#         437
  C:14AFH         LINE#         438
  C:14B7H         LINE#         439
  C:14B7H         LINE#         441
  C:14BDH         LINE#         442
  C:14C3H         LINE#         443
  C:14C3H         LINE#         444
  C:14C6H         LINE#         445
  C:14C6H         LINE#         449
  C:14CFH         LINE#         450
  C:14CFH         LINE#         451
  C:14DFH         LINE#         452
  C:14DFH         LINE#         453
  C:1509H         LINE#         454
  C:1511H         LINE#         455
  C:1520H         LINE#         456
  C:1522H         LINE#         458
  C:1522H         LINE#         459
  C:1533H         LINE#         460
  C:1533H         LINE#         461
  C:1556H         LINE#         462
BL51 BANKED LINKER/LOCATER V6.22                                                      10/08/2015  17:26:50  PAGE 86


  C:155EH         LINE#         463
  C:155EH         LINE#         465
  C:1565H         LINE#         466
  C:1565H         LINE#         467
  C:156BH         LINE#         468
  C:156BH         LINE#         470
  C:1574H         LINE#         471
  C:1574H         LINE#         472
  C:1577H         LINE#         473
  C:1577H         LINE#         477
  C:157EH         LINE#         478
  C:157EH         LINE#         479
  C:158AH         LINE#         480
  C:158AH         LINE#         481
  C:15CBH         LINE#         483
  C:15CBH         LINE#         484
  C:15CBH         LINE#         485
  C:15CBH         LINE#         486
  C:15CBH         LINE#         487
  C:15CBH         LINE#         488
  C:15CEH         LINE#         490
  C:15CEH         LINE#         491
  C:15D9H         LINE#         492
  C:15D9H         LINE#         493
  C:15DFH         LINE#         494
  C:15FDH         LINE#         495
  C:15FDH         LINE#         496
  C:1603H         LINE#         497
  C:1603H         LINE#         499
  C:160AH         LINE#         500
  C:160AH         LINE#         502
  C:1615H         LINE#         503
  C:1615H         LINE#         504
  C:1620H         LINE#         505
  C:1629H         LINE#         506
  C:1629H         LINE#         507
  C:162BH         LINE#         509
  C:162BH         LINE#         510
  C:1688H         LINE#         512
  C:1688H         LINE#         513
  C:1691H         LINE#         514
  C:169CH         LINE#         515
  C:169CH         LINE#         516
  C:169CH         LINE#         517
  C:169CH         LINE#         518
  C:169CH         LINE#         520
  C:16A2H         LINE#         521
  C:16A2H         LINE#         522
  C:16C1H         LINE#         524
  C:16DCH         LINE#         525
  C:16DCH         LINE#         526
  C:16E3H         LINE#         528
  C:170DH         LINE#         529
  C:170DH         LINE#         530
  C:170FH         LINE#         531
  C:170FH         LINE#         532
  C:1710H         LINE#         534
BL51 BANKED LINKER/LOCATER V6.22                                                      10/08/2015  17:26:50  PAGE 87


  C:1710H         LINE#         535
  C:1743H         LINE#         536
  C:1743H         LINE#         537
  C:1743H         LINE#         538
  C:1743H         LINE#         539
  -------         ENDPROC       _TIMETICK
  -------         PROC          _MOTORCTR
  C:3EB9H         LINE#         542
  C:3EB9H         LINE#         543
  C:3EB9H         LINE#         545
  C:3EBCH         LINE#         546
  C:3EBCH         LINE#         547
  C:3EBFH         LINE#         548
  C:3EBFH         LINE#         550
  C:3EBFH         LINE#         551
  C:3EC2H         LINE#         552
  C:3EC2H         LINE#         553
  C:3EC5H         LINE#         554
  C:3EC5H         LINE#         555
  C:3ECEH         LINE#         556
  C:3ECEH         LINE#         557
  C:3ECEH         LINE#         558
  C:3ED0H         LINE#         559
  C:3ED9H         LINE#         560
  C:3ED9H         LINE#         561
  C:3ED9H         LINE#         562
  C:3EDBH         LINE#         563
  C:3EE4H         LINE#         564
  C:3EE4H         LINE#         565
  C:3EE4H         LINE#         566
  C:3EE6H         LINE#         573
  C:3EE6H         LINE#         574
  C:3EE6H         LINE#         575
  C:3EE6H         LINE#         576
  C:3EE8H         LINE#         578
  C:3EE8H         LINE#         579
  C:3EFDH         LINE#         580
  C:3EFDH         LINE#         581
  C:3EFDH         LINE#         582
  C:3F01H         LINE#         583
  C:3F03H         LINE#         584
  C:3F03H         LINE#         585
  C:3F07H         LINE#         586
  C:3F09H         LINE#         587
  C:3F09H         LINE#         588
  C:3F0DH         LINE#         589
  C:3F0FH         LINE#         590
  C:3F0FH         LINE#         591
  C:3F13H         LINE#         592
  C:3F15H         LINE#         593
  C:3F15H         LINE#         594
  C:3F1CH         LINE#         595
  C:3F1CH         LINE#         596
  C:3F1CH         LINE#         597
  C:3F1CH         LINE#         598
  C:3F1CH         LINE#         599
  C:3F1CH         LINE#         600
BL51 BANKED LINKER/LOCATER V6.22                                                      10/08/2015  17:26:50  PAGE 88


  C:3F1CH         LINE#         601
  -------         ENDPROC       _MOTORCTR
  -------         PROC          _IRDATADEAL
  C:224AH         LINE#         604
  C:224AH         LINE#         605
  C:224AH         LINE#         607
  C:2250H         LINE#         608
  C:2250H         LINE#         609
  C:2252H         LINE#         610
  C:2258H         LINE#         612
  C:225FH         LINE#         614
  C:225FH         LINE#         615
  C:2265H         LINE#         618
  C:2270H         LINE#         619
  C:2270H         LINE#         620
  C:2279H         LINE#         621
  C:2284H         LINE#         622
  C:2284H         LINE#         624
  C:2292H         LINE#         625
  C:2292H         LINE#         626
  C:2298H         LINE#         627
  C:229AH         LINE#         629
  C:229CH         LINE#         630
  C:22A6H         LINE#         631
  C:22A6H         LINE#         632
  C:22A8H         LINE#         633
  C:22A8H         LINE#         634
  C:22A8H         LINE#         635
  C:22ABH         LINE#         636
  C:22B7H         LINE#         637
  C:22B7H         LINE#         638
  C:22BEH         LINE#         639
  C:22C0H         LINE#         641
  C:22C5H         LINE#         643
  C:22C7H         LINE#         645
  C:22CCH         LINE#         646
  C:22D0H         LINE#         648
  C:22D0H         LINE#         650
  C:22D3H         LINE#         651
  C:22DFH         LINE#         652
  C:22DFH         LINE#         653
  C:22E6H         LINE#         654
  C:22E8H         LINE#         656
  C:22EEH         LINE#         658
  C:22F0H         LINE#         660
  C:22F4H         LINE#         661
  C:22F4H         LINE#         663
  C:22F4H         LINE#         664
  C:22F6H         LINE#         665
  C:2302H         LINE#         666
  C:2302H         LINE#         667
  C:2309H         LINE#         668
  C:230BH         LINE#         670
  C:2311H         LINE#         672
  C:2313H         LINE#         674
  C:2318H         LINE#         675
  C:2318H         LINE#         677
BL51 BANKED LINKER/LOCATER V6.22                                                      10/08/2015  17:26:50  PAGE 89


  C:2318H         LINE#         678
  C:231AH         LINE#         679
  C:2326H         LINE#         680
  C:2326H         LINE#         681
  C:232DH         LINE#         682
  C:232FH         LINE#         684
  C:2335H         LINE#         686
  C:2337H         LINE#         688
  C:233CH         LINE#         689
  C:233CH         LINE#         691
  C:233CH         LINE#         692
  C:233EH         LINE#         693
  C:234AH         LINE#         694
  C:234AH         LINE#         695
  C:2351H         LINE#         696
  C:2353H         LINE#         698
  C:2359H         LINE#         700
  C:235BH         LINE#         702
  C:2361H         LINE#         703
  C:2365H         LINE#         705
  C:236AH         LINE#         706
  C:236CH         LINE#         707
  C:2378H         LINE#         708
  C:2378H         LINE#         709
  C:2389H         LINE#         710
  C:238FH         LINE#         711
  C:2391H         LINE#         712
  C:239DH         LINE#         713
  C:239DH         LINE#         714
  C:23AEH         LINE#         715
  C:23B7H         LINE#         716
  C:23B7H         LINE#         717
  -------         ENDPROC       _IRDATADEAL
  -------         PROC          _RXDATADEAL
  C:4C4DH         LINE#         720
  C:4C4DH         LINE#         721
  C:4C4DH         LINE#         723
  -------         ENDPROC       _RXDATADEAL
  -------         PROC          _ENTEREVENTDEAL
  C:4232H         LINE#         725
  C:4232H         LINE#         726
  C:4232H         LINE#         727
  C:4238H         LINE#         729
  C:423AH         LINE#         730
  C:423CH         LINE#         731
  C:4241H         LINE#         733
  C:4247H         LINE#         735
  C:424BH         LINE#         736
  C:424DH         LINE#         738
  C:4253H         LINE#         740
  C:4259H         LINE#         741
  C:425CH         LINE#         744
  C:425FH         LINE#         745
  C:425FH         LINE#         746
  C:4265H         LINE#         747
  C:426BH         LINE#         748
  C:426FH         LINE#         749
BL51 BANKED LINKER/LOCATER V6.22                                                      10/08/2015  17:26:50  PAGE 90


  C:426FH         LINE#         751
  C:4274H         LINE#         753
  C:427AH         LINE#         755
  C:427EH         LINE#         756
  C:4280H         LINE#         757
  -------         ENDPROC       _ENTEREVENTDEAL
  -------         PROC          _EXITEVENTDEAL
  C:4C4EH         LINE#         759
  C:4C4EH         LINE#         760
  C:4C4EH         LINE#         762
  -------         ENDPROC       _EXITEVENTDEAL
  -------         ENDMOD        STATE_WORK

  -------         MODULE        ?C?FPMUL
  C:0FB3H         PUBLIC        ?C?FPMUL
  -------         ENDMOD        ?C?FPMUL

  -------         MODULE        ?C?FCAST
  C:10C3H         PUBLIC        ?C?FCASTC
  C:10BEH         PUBLIC        ?C?FCASTI
  C:10B9H         PUBLIC        ?C?FCASTL
  -------         ENDMOD        ?C?FCAST

  -------         MODULE        ?C?CASTF
  C:10F7H         PUBLIC        ?C?CASTF
  -------         ENDMOD        ?C?CASTF

  -------         MODULE        ?C?CLDPTR
  C:1178H         PUBLIC        ?C?CLDPTR
  -------         ENDMOD        ?C?CLDPTR

  -------         MODULE        ?C?CLDOPTR
  C:1191H         PUBLIC        ?C?CLDOPTR
  -------         ENDMOD        ?C?CLDOPTR

  -------         MODULE        ?C?CSTPTR
  C:11BEH         PUBLIC        ?C?CSTPTR
  -------         ENDMOD        ?C?CSTPTR

  -------         MODULE        ?C?CSTOPTR
  C:11D0H         PUBLIC        ?C?CSTOPTR
  -------         ENDMOD        ?C?CSTOPTR

  -------         MODULE        ?C?UIDIV
  C:11F2H         PUBLIC        ?C?UIDIV
  -------         ENDMOD        ?C?UIDIV

  -------         MODULE        ?C?ILDOPTR
  C:1247H         PUBLIC        ?C?ILDOPTR
  -------         ENDMOD        ?C?ILDOPTR

  -------         MODULE        ?C?ULDIV
  C:12BBH         PUBLIC        ?C?ULDIV
  -------         ENDMOD        ?C?ULDIV

  -------         MODULE        ?C?LNEG
  C:134DH         PUBLIC        ?C?LNEG
BL51 BANKED LINKER/LOCATER V6.22                                                      10/08/2015  17:26:50  PAGE 91


  -------         ENDMOD        ?C?LNEG

  -------         MODULE        ?C?ULCMP
  C:135BH         PUBLIC        ?C?ULCMP
  -------         ENDMOD        ?C?ULCMP

  -------         MODULE        ?C?LSTXDATA
  C:136CH         PUBLIC        ?C?LSTXDATA
  -------         ENDMOD        ?C?LSTXDATA

  -------         MODULE        ?C?OFFXADD
  C:1378H         PUBLIC        ?C?OFFXADD
  -------         ENDMOD        ?C?OFFXADD

  -------         MODULE        ?C?ICALL
  C:1384H         PUBLIC        ?C?ICALL
  C:1388H         PUBLIC        ?C?ICALL2
  -------         ENDMOD        ?C?ICALL

Program Size: data=29.3 xdata=493 code=19535
LINK/LOCATE RUN COMPLETE.  0 WARNING(S),  0 ERROR(S)
